ARM GAS  C:\Users\LUKASC~1\AppData\Local\Temp\ccxjPAd4.s 			page 1


   1              		.cpu cortex-m0
   2              		.fpu softvfp
   3              		.eabi_attribute 20, 1
   4              		.eabi_attribute 21, 1
   5              		.eabi_attribute 23, 3
   6              		.eabi_attribute 24, 1
   7              		.eabi_attribute 25, 1
   8              		.eabi_attribute 26, 1
   9              		.eabi_attribute 30, 6
  10              		.eabi_attribute 34, 0
  11              		.eabi_attribute 18, 4
  12              		.code	16
  13              		.file	"CapSense_CSD_TunerHelper.c"
  14              		.text
  15              	.Ltext0:
  16              		.cfi_sections	.debug_frame
  17              		.section	.text.CapSense_CSD_TunerStart,"ax",%progbits
  18              		.align	2
  19              		.global	CapSense_CSD_TunerStart
  20              		.code	16
  21              		.thumb_func
  22              		.type	CapSense_CSD_TunerStart, %function
  23              	CapSense_CSD_TunerStart:
  24              	.LFB34:
  25              		.file 1 ".\\Generated_Source\\PSoC4\\CapSense_CSD_TunerHelper.c"
   1:.\Generated_Source\PSoC4/CapSense_CSD_TunerHelper.c **** /*******************************************************************************
   2:.\Generated_Source\PSoC4/CapSense_CSD_TunerHelper.c **** * File Name: CapSense_CSD_TunerHelper.c
   3:.\Generated_Source\PSoC4/CapSense_CSD_TunerHelper.c **** * Version 2.40
   4:.\Generated_Source\PSoC4/CapSense_CSD_TunerHelper.c **** *
   5:.\Generated_Source\PSoC4/CapSense_CSD_TunerHelper.c **** * Description:
   6:.\Generated_Source\PSoC4/CapSense_CSD_TunerHelper.c **** *  This file provides the source code of the Tuner helper APIs for the CapSense CSD
   7:.\Generated_Source\PSoC4/CapSense_CSD_TunerHelper.c **** *  component.
   8:.\Generated_Source\PSoC4/CapSense_CSD_TunerHelper.c **** *
   9:.\Generated_Source\PSoC4/CapSense_CSD_TunerHelper.c **** * Note:
  10:.\Generated_Source\PSoC4/CapSense_CSD_TunerHelper.c **** *
  11:.\Generated_Source\PSoC4/CapSense_CSD_TunerHelper.c **** ********************************************************************************
  12:.\Generated_Source\PSoC4/CapSense_CSD_TunerHelper.c **** * Copyright 2013-2015, Cypress Semiconductor Corporation.  All rights reserved.
  13:.\Generated_Source\PSoC4/CapSense_CSD_TunerHelper.c **** * You may use this file only in accordance with the license, terms, conditions,
  14:.\Generated_Source\PSoC4/CapSense_CSD_TunerHelper.c **** * disclaimers, and limitations in the end user license agreement accompanying
  15:.\Generated_Source\PSoC4/CapSense_CSD_TunerHelper.c **** * the software package with which this file was provided.
  16:.\Generated_Source\PSoC4/CapSense_CSD_TunerHelper.c **** *******************************************************************************/
  17:.\Generated_Source\PSoC4/CapSense_CSD_TunerHelper.c **** 
  18:.\Generated_Source\PSoC4/CapSense_CSD_TunerHelper.c **** #include "CapSense_CSD_TunerHelper.h"
  19:.\Generated_Source\PSoC4/CapSense_CSD_TunerHelper.c **** #include "cyapicallbacks.h"
  20:.\Generated_Source\PSoC4/CapSense_CSD_TunerHelper.c **** 
  21:.\Generated_Source\PSoC4/CapSense_CSD_TunerHelper.c **** #if (CapSense_CSD_TUNER_API_GENERATE)
  22:.\Generated_Source\PSoC4/CapSense_CSD_TunerHelper.c ****     #include "SCB.h"
  23:.\Generated_Source\PSoC4/CapSense_CSD_TunerHelper.c ****     #include "SCB_EZI2C.h"
  24:.\Generated_Source\PSoC4/CapSense_CSD_TunerHelper.c ****     volatile CapSense_CSD_MAILBOXES CapSense_CSD_mailboxesComm;
  25:.\Generated_Source\PSoC4/CapSense_CSD_TunerHelper.c **** #endif  /* (CapSense_CSD_TUNER_API_GENERATE) */
  26:.\Generated_Source\PSoC4/CapSense_CSD_TunerHelper.c **** 
  27:.\Generated_Source\PSoC4/CapSense_CSD_TunerHelper.c **** /* `#START CapSense_CSD_TunerHelper_HEADER` */
  28:.\Generated_Source\PSoC4/CapSense_CSD_TunerHelper.c **** 
  29:.\Generated_Source\PSoC4/CapSense_CSD_TunerHelper.c **** /* `#END` */
  30:.\Generated_Source\PSoC4/CapSense_CSD_TunerHelper.c **** 
  31:.\Generated_Source\PSoC4/CapSense_CSD_TunerHelper.c **** /*******************************************************************************
  32:.\Generated_Source\PSoC4/CapSense_CSD_TunerHelper.c **** * Function Name: CapSense_CSD_TunerStart
ARM GAS  C:\Users\LUKASC~1\AppData\Local\Temp\ccxjPAd4.s 			page 2


  33:.\Generated_Source\PSoC4/CapSense_CSD_TunerHelper.c **** ********************************************************************************
  34:.\Generated_Source\PSoC4/CapSense_CSD_TunerHelper.c **** *
  35:.\Generated_Source\PSoC4/CapSense_CSD_TunerHelper.c **** * Summary:
  36:.\Generated_Source\PSoC4/CapSense_CSD_TunerHelper.c **** *  Initializes the CapSense CSD component and EzI2C communication component to use
  37:.\Generated_Source\PSoC4/CapSense_CSD_TunerHelper.c **** *  a mailbox data structure for communication with the Tuner GUI.
  38:.\Generated_Source\PSoC4/CapSense_CSD_TunerHelper.c **** *  Start the scanning, after initialization is complete.
  39:.\Generated_Source\PSoC4/CapSense_CSD_TunerHelper.c **** *
  40:.\Generated_Source\PSoC4/CapSense_CSD_TunerHelper.c **** * Parameters:
  41:.\Generated_Source\PSoC4/CapSense_CSD_TunerHelper.c **** *  None
  42:.\Generated_Source\PSoC4/CapSense_CSD_TunerHelper.c **** *
  43:.\Generated_Source\PSoC4/CapSense_CSD_TunerHelper.c **** * Return:
  44:.\Generated_Source\PSoC4/CapSense_CSD_TunerHelper.c **** *  None
  45:.\Generated_Source\PSoC4/CapSense_CSD_TunerHelper.c **** *
  46:.\Generated_Source\PSoC4/CapSense_CSD_TunerHelper.c **** * Global Variables:
  47:.\Generated_Source\PSoC4/CapSense_CSD_TunerHelper.c **** *  None
  48:.\Generated_Source\PSoC4/CapSense_CSD_TunerHelper.c **** *
  49:.\Generated_Source\PSoC4/CapSense_CSD_TunerHelper.c **** *******************************************************************************/
  50:.\Generated_Source\PSoC4/CapSense_CSD_TunerHelper.c **** void CapSense_CSD_TunerStart(void)
  51:.\Generated_Source\PSoC4/CapSense_CSD_TunerHelper.c **** {
  26              		.loc 1 51 0
  27              		.cfi_startproc
  28 0000 80B5     		push	{r7, lr}
  29              		.cfi_def_cfa_offset 8
  30              		.cfi_offset 7, -8
  31              		.cfi_offset 14, -4
  32 0002 00AF     		add	r7, sp, #0
  33              		.cfi_def_cfa_register 7
  52:.\Generated_Source\PSoC4/CapSense_CSD_TunerHelper.c ****     #if (0u != CapSense_CSD_TUNER_API_GENERATE)
  53:.\Generated_Source\PSoC4/CapSense_CSD_TunerHelper.c **** 
  54:.\Generated_Source\PSoC4/CapSense_CSD_TunerHelper.c ****         /* Init mbx and quick check */
  55:.\Generated_Source\PSoC4/CapSense_CSD_TunerHelper.c ****         CapSense_CSD_InitMailbox(&CapSense_CSD_mailboxesComm.csdMailbox);
  56:.\Generated_Source\PSoC4/CapSense_CSD_TunerHelper.c ****         CapSense_CSD_mailboxesComm.numMailBoxes = CapSense_CSD_DEFAULT_MAILBOXES_NUMBER;
  57:.\Generated_Source\PSoC4/CapSense_CSD_TunerHelper.c **** 
  58:.\Generated_Source\PSoC4/CapSense_CSD_TunerHelper.c ****         /* Start CapSense and baselines */
  59:.\Generated_Source\PSoC4/CapSense_CSD_TunerHelper.c ****         CapSense_CSD_Start();
  60:.\Generated_Source\PSoC4/CapSense_CSD_TunerHelper.c **** 
  61:.\Generated_Source\PSoC4/CapSense_CSD_TunerHelper.c ****         /* Initialize baselines */
  62:.\Generated_Source\PSoC4/CapSense_CSD_TunerHelper.c ****         #if(0u != CapSense_CSD_CSHL_API_GENERATE)
  63:.\Generated_Source\PSoC4/CapSense_CSD_TunerHelper.c ****             CapSense_CSD_InitializeEnabledBaselines();
  64:.\Generated_Source\PSoC4/CapSense_CSD_TunerHelper.c ****         #endif /* (0u != CapSense_CSD_CSHL_API_GENERATE) */
  65:.\Generated_Source\PSoC4/CapSense_CSD_TunerHelper.c **** 
  66:.\Generated_Source\PSoC4/CapSense_CSD_TunerHelper.c ****         /* Start EzI2C, clears buf pointers */
  67:.\Generated_Source\PSoC4/CapSense_CSD_TunerHelper.c ****         SCB_Start();
  68:.\Generated_Source\PSoC4/CapSense_CSD_TunerHelper.c **** 
  69:.\Generated_Source\PSoC4/CapSense_CSD_TunerHelper.c ****         /* Setup EzI2C buffers */
  70:.\Generated_Source\PSoC4/CapSense_CSD_TunerHelper.c ****         SCB_EzI2CSetBuffer1(sizeof(CapSense_CSD_mailboxesComm), sizeof(CapSense_CSD_mailboxesComm),
  71:.\Generated_Source\PSoC4/CapSense_CSD_TunerHelper.c ****                                                    (volatile uint8 *) &CapSense_CSD_mailboxesComm);
  72:.\Generated_Source\PSoC4/CapSense_CSD_TunerHelper.c **** 
  73:.\Generated_Source\PSoC4/CapSense_CSD_TunerHelper.c ****         /* Starts scan all enabled sensors */
  74:.\Generated_Source\PSoC4/CapSense_CSD_TunerHelper.c ****         CapSense_CSD_ScanEnabledWidgets();
  75:.\Generated_Source\PSoC4/CapSense_CSD_TunerHelper.c **** 
  76:.\Generated_Source\PSoC4/CapSense_CSD_TunerHelper.c ****     #endif  /* (0u != CapSense_CSD_TUNER_API_GENERATE) */
  77:.\Generated_Source\PSoC4/CapSense_CSD_TunerHelper.c **** }
  34              		.loc 1 77 0
  35 0004 BD46     		mov	sp, r7
  36              		@ sp needed
  37 0006 80BD     		pop	{r7, pc}
ARM GAS  C:\Users\LUKASC~1\AppData\Local\Temp\ccxjPAd4.s 			page 3


  38              		.cfi_endproc
  39              	.LFE34:
  40              		.size	CapSense_CSD_TunerStart, .-CapSense_CSD_TunerStart
  41              		.section	.text.CapSense_CSD_TunerComm,"ax",%progbits
  42              		.align	2
  43              		.global	CapSense_CSD_TunerComm
  44              		.code	16
  45              		.thumb_func
  46              		.type	CapSense_CSD_TunerComm, %function
  47              	CapSense_CSD_TunerComm:
  48              	.LFB35:
  78:.\Generated_Source\PSoC4/CapSense_CSD_TunerHelper.c **** 
  79:.\Generated_Source\PSoC4/CapSense_CSD_TunerHelper.c **** 
  80:.\Generated_Source\PSoC4/CapSense_CSD_TunerHelper.c **** /*******************************************************************************
  81:.\Generated_Source\PSoC4/CapSense_CSD_TunerHelper.c **** * Function Name: CapSense_CSD_TunerComm
  82:.\Generated_Source\PSoC4/CapSense_CSD_TunerHelper.c **** ********************************************************************************
  83:.\Generated_Source\PSoC4/CapSense_CSD_TunerHelper.c **** *
  84:.\Generated_Source\PSoC4/CapSense_CSD_TunerHelper.c **** * Summary:
  85:.\Generated_Source\PSoC4/CapSense_CSD_TunerHelper.c **** *  This function is blocking. It waits till scanning loop is completed and applies
  86:.\Generated_Source\PSoC4/CapSense_CSD_TunerHelper.c **** *  the new parameters from the Tuner GUI if available (the manual tuning mode only). Updates
  87:.\Generated_Source\PSoC4/CapSense_CSD_TunerHelper.c **** *  the enabled baselines and state of widgets. Waits while the Tuner GUI reports that
  88:.\Generated_Source\PSoC4/CapSense_CSD_TunerHelper.c **** *  the mailbox content  could be modified. Then loads the report data into the outbox
  89:.\Generated_Source\PSoC4/CapSense_CSD_TunerHelper.c **** *  and sets a busy flag. Starts a new scanning loop.
  90:.\Generated_Source\PSoC4/CapSense_CSD_TunerHelper.c **** *
  91:.\Generated_Source\PSoC4/CapSense_CSD_TunerHelper.c **** * Parameters:
  92:.\Generated_Source\PSoC4/CapSense_CSD_TunerHelper.c **** *  None
  93:.\Generated_Source\PSoC4/CapSense_CSD_TunerHelper.c **** *
  94:.\Generated_Source\PSoC4/CapSense_CSD_TunerHelper.c **** * Return:
  95:.\Generated_Source\PSoC4/CapSense_CSD_TunerHelper.c **** *  None
  96:.\Generated_Source\PSoC4/CapSense_CSD_TunerHelper.c **** *
  97:.\Generated_Source\PSoC4/CapSense_CSD_TunerHelper.c **** * Global Variables:
  98:.\Generated_Source\PSoC4/CapSense_CSD_TunerHelper.c **** *  None
  99:.\Generated_Source\PSoC4/CapSense_CSD_TunerHelper.c **** *
 100:.\Generated_Source\PSoC4/CapSense_CSD_TunerHelper.c **** *******************************************************************************/
 101:.\Generated_Source\PSoC4/CapSense_CSD_TunerHelper.c **** void CapSense_CSD_TunerComm(void)
 102:.\Generated_Source\PSoC4/CapSense_CSD_TunerHelper.c **** {
  49              		.loc 1 102 0
  50              		.cfi_startproc
  51 0000 80B5     		push	{r7, lr}
  52              		.cfi_def_cfa_offset 8
  53              		.cfi_offset 7, -8
  54              		.cfi_offset 14, -4
  55 0002 00AF     		add	r7, sp, #0
  56              		.cfi_def_cfa_register 7
 103:.\Generated_Source\PSoC4/CapSense_CSD_TunerHelper.c ****     #if (0u != CapSense_CSD_TUNER_API_GENERATE)
 104:.\Generated_Source\PSoC4/CapSense_CSD_TunerHelper.c ****         if (0u == CapSense_CSD_IsBusy())
 105:.\Generated_Source\PSoC4/CapSense_CSD_TunerHelper.c ****         {
 106:.\Generated_Source\PSoC4/CapSense_CSD_TunerHelper.c ****             /* Apply new settings */
 107:.\Generated_Source\PSoC4/CapSense_CSD_TunerHelper.c ****             #if((CapSense_CSD_TUNING_METHOD != CapSense_CSD__TUNING_NONE) &&\
 108:.\Generated_Source\PSoC4/CapSense_CSD_TunerHelper.c ****                 (0u != CapSense_CSD_TOTAL_TRACKPAD_GESTURES_COUNT) ||\
 109:.\Generated_Source\PSoC4/CapSense_CSD_TunerHelper.c ****                 (CapSense_CSD_TUNING_METHOD == CapSense_CSD__TUNING_MANUAL))
 110:.\Generated_Source\PSoC4/CapSense_CSD_TunerHelper.c **** 
 111:.\Generated_Source\PSoC4/CapSense_CSD_TunerHelper.c ****                 CapSense_CSD_ReadMessage(&CapSense_CSD_mailboxesComm.csdMailbox);
 112:.\Generated_Source\PSoC4/CapSense_CSD_TunerHelper.c **** 
 113:.\Generated_Source\PSoC4/CapSense_CSD_TunerHelper.c ****             #endif  /* ((CapSense_CSD_TUNING_METHOD != CapSense_CSD__TUNING_NONE) &&\
 114:.\Generated_Source\PSoC4/CapSense_CSD_TunerHelper.c ****                         (0u != CapSense_CSD_TOTAL_TRACKPAD_GESTURES_COUNT) ||\
 115:.\Generated_Source\PSoC4/CapSense_CSD_TunerHelper.c ****                         (CapSense_CSD_TUNING_METHOD == CapSense_CSD__TUNING_MANUAL)) */
ARM GAS  C:\Users\LUKASC~1\AppData\Local\Temp\ccxjPAd4.s 			page 4


 116:.\Generated_Source\PSoC4/CapSense_CSD_TunerHelper.c **** 
 117:.\Generated_Source\PSoC4/CapSense_CSD_TunerHelper.c ****             #if(0u != CapSense_CSD_CSHL_API_GENERATE)
 118:.\Generated_Source\PSoC4/CapSense_CSD_TunerHelper.c ****                 /* Update all baselines and process all widgets */
 119:.\Generated_Source\PSoC4/CapSense_CSD_TunerHelper.c ****                 CapSense_CSD_UpdateEnabledBaselines();
 120:.\Generated_Source\PSoC4/CapSense_CSD_TunerHelper.c ****                 CapSense_CSD_ProcessAllWidgets(&CapSense_CSD_mailboxesComm.csdMailbox.outbox);
 121:.\Generated_Source\PSoC4/CapSense_CSD_TunerHelper.c ****             #endif /* (0u != CapSense_CSD_CSHL_API_GENERATE) */
 122:.\Generated_Source\PSoC4/CapSense_CSD_TunerHelper.c **** 
 123:.\Generated_Source\PSoC4/CapSense_CSD_TunerHelper.c ****             CapSense_CSD_PostMessage(&CapSense_CSD_mailboxesComm.csdMailbox);
 124:.\Generated_Source\PSoC4/CapSense_CSD_TunerHelper.c **** 
 125:.\Generated_Source\PSoC4/CapSense_CSD_TunerHelper.c ****             /* Enable EZI2C interrupts, after scan complete */
 126:.\Generated_Source\PSoC4/CapSense_CSD_TunerHelper.c ****             SCB_EnableInt();
 127:.\Generated_Source\PSoC4/CapSense_CSD_TunerHelper.c **** 
 128:.\Generated_Source\PSoC4/CapSense_CSD_TunerHelper.c ****             while((CapSense_CSD_mailboxesComm.csdMailbox.type != CapSense_CSD_TYPE_ID) ||
 129:.\Generated_Source\PSoC4/CapSense_CSD_TunerHelper.c ****                   (0u != (SCB_EzI2CGetActivity() & SCB_EZI2C_STATUS_BUSY))){}
 130:.\Generated_Source\PSoC4/CapSense_CSD_TunerHelper.c **** 
 131:.\Generated_Source\PSoC4/CapSense_CSD_TunerHelper.c ****             /* Disable EZI2C interrupts, while scanning */
 132:.\Generated_Source\PSoC4/CapSense_CSD_TunerHelper.c ****             SCB_DisableInt();
 133:.\Generated_Source\PSoC4/CapSense_CSD_TunerHelper.c **** 
 134:.\Generated_Source\PSoC4/CapSense_CSD_TunerHelper.c ****             /* Start scan all sensors */
 135:.\Generated_Source\PSoC4/CapSense_CSD_TunerHelper.c ****             CapSense_CSD_ScanEnabledWidgets();
 136:.\Generated_Source\PSoC4/CapSense_CSD_TunerHelper.c ****         }
 137:.\Generated_Source\PSoC4/CapSense_CSD_TunerHelper.c ****     #endif /* (0u != CapSense_CSD_TUNER_API_GENERATE) */
 138:.\Generated_Source\PSoC4/CapSense_CSD_TunerHelper.c **** }
  57              		.loc 1 138 0
  58 0004 BD46     		mov	sp, r7
  59              		@ sp needed
  60 0006 80BD     		pop	{r7, pc}
  61              		.cfi_endproc
  62              	.LFE35:
  63              		.size	CapSense_CSD_TunerComm, .-CapSense_CSD_TunerComm
  64              		.text
  65              	.Letext0:
  66              		.section	.debug_info,"",%progbits
  67              	.Ldebug_info0:
  68 0000 A6000000 		.4byte	0xa6
  69 0004 0400     		.2byte	0x4
  70 0006 00000000 		.4byte	.Ldebug_abbrev0
  71 000a 04       		.byte	0x4
  72 000b 01       		.uleb128 0x1
  73 000c 0E000000 		.4byte	.LASF15
  74 0010 01       		.byte	0x1
  75 0011 BB000000 		.4byte	.LASF16
  76 0015 87010000 		.4byte	.LASF17
  77 0019 00000000 		.4byte	.Ldebug_ranges0+0
  78 001d 00000000 		.4byte	0
  79 0021 00000000 		.4byte	.Ldebug_line0
  80 0025 02       		.uleb128 0x2
  81 0026 01       		.byte	0x1
  82 0027 06       		.byte	0x6
  83 0028 54010000 		.4byte	.LASF0
  84 002c 02       		.uleb128 0x2
  85 002d 01       		.byte	0x1
  86 002e 08       		.byte	0x8
  87 002f 1E010000 		.4byte	.LASF1
  88 0033 02       		.uleb128 0x2
  89 0034 02       		.byte	0x2
  90 0035 05       		.byte	0x5
ARM GAS  C:\Users\LUKASC~1\AppData\Local\Temp\ccxjPAd4.s 			page 5


  91 0036 66010000 		.4byte	.LASF2
  92 003a 02       		.uleb128 0x2
  93 003b 02       		.byte	0x2
  94 003c 07       		.byte	0x7
  95 003d 41010000 		.4byte	.LASF3
  96 0041 02       		.uleb128 0x2
  97 0042 04       		.byte	0x4
  98 0043 05       		.byte	0x5
  99 0044 31010000 		.4byte	.LASF4
 100 0048 02       		.uleb128 0x2
 101 0049 04       		.byte	0x4
 102 004a 07       		.byte	0x7
 103 004b A9000000 		.4byte	.LASF5
 104 004f 02       		.uleb128 0x2
 105 0050 08       		.byte	0x8
 106 0051 05       		.byte	0x5
 107 0052 00000000 		.4byte	.LASF6
 108 0056 02       		.uleb128 0x2
 109 0057 08       		.byte	0x8
 110 0058 07       		.byte	0x7
 111 0059 EF000000 		.4byte	.LASF7
 112 005d 03       		.uleb128 0x3
 113 005e 04       		.byte	0x4
 114 005f 05       		.byte	0x5
 115 0060 696E7400 		.ascii	"int\000"
 116 0064 02       		.uleb128 0x2
 117 0065 04       		.byte	0x4
 118 0066 07       		.byte	0x7
 119 0067 9C000000 		.4byte	.LASF8
 120 006b 02       		.uleb128 0x2
 121 006c 04       		.byte	0x4
 122 006d 04       		.byte	0x4
 123 006e 60010000 		.4byte	.LASF9
 124 0072 02       		.uleb128 0x2
 125 0073 08       		.byte	0x8
 126 0074 04       		.byte	0x4
 127 0075 3A010000 		.4byte	.LASF10
 128 0079 02       		.uleb128 0x2
 129 007a 01       		.byte	0x1
 130 007b 08       		.byte	0x8
 131 007c 2C010000 		.4byte	.LASF11
 132 0080 02       		.uleb128 0x2
 133 0081 04       		.byte	0x4
 134 0082 07       		.byte	0x7
 135 0083 EB010000 		.4byte	.LASF12
 136 0087 04       		.uleb128 0x4
 137 0088 06010000 		.4byte	.LASF13
 138 008c 01       		.byte	0x1
 139 008d 32       		.byte	0x32
 140 008e 00000000 		.4byte	.LFB34
 141 0092 08000000 		.4byte	.LFE34-.LFB34
 142 0096 01       		.uleb128 0x1
 143 0097 9C       		.byte	0x9c
 144 0098 04       		.uleb128 0x4
 145 0099 70010000 		.4byte	.LASF14
 146 009d 01       		.byte	0x1
 147 009e 65       		.byte	0x65
ARM GAS  C:\Users\LUKASC~1\AppData\Local\Temp\ccxjPAd4.s 			page 6


 148 009f 00000000 		.4byte	.LFB35
 149 00a3 08000000 		.4byte	.LFE35-.LFB35
 150 00a7 01       		.uleb128 0x1
 151 00a8 9C       		.byte	0x9c
 152 00a9 00       		.byte	0
 153              		.section	.debug_abbrev,"",%progbits
 154              	.Ldebug_abbrev0:
 155 0000 01       		.uleb128 0x1
 156 0001 11       		.uleb128 0x11
 157 0002 01       		.byte	0x1
 158 0003 25       		.uleb128 0x25
 159 0004 0E       		.uleb128 0xe
 160 0005 13       		.uleb128 0x13
 161 0006 0B       		.uleb128 0xb
 162 0007 03       		.uleb128 0x3
 163 0008 0E       		.uleb128 0xe
 164 0009 1B       		.uleb128 0x1b
 165 000a 0E       		.uleb128 0xe
 166 000b 55       		.uleb128 0x55
 167 000c 17       		.uleb128 0x17
 168 000d 11       		.uleb128 0x11
 169 000e 01       		.uleb128 0x1
 170 000f 10       		.uleb128 0x10
 171 0010 17       		.uleb128 0x17
 172 0011 00       		.byte	0
 173 0012 00       		.byte	0
 174 0013 02       		.uleb128 0x2
 175 0014 24       		.uleb128 0x24
 176 0015 00       		.byte	0
 177 0016 0B       		.uleb128 0xb
 178 0017 0B       		.uleb128 0xb
 179 0018 3E       		.uleb128 0x3e
 180 0019 0B       		.uleb128 0xb
 181 001a 03       		.uleb128 0x3
 182 001b 0E       		.uleb128 0xe
 183 001c 00       		.byte	0
 184 001d 00       		.byte	0
 185 001e 03       		.uleb128 0x3
 186 001f 24       		.uleb128 0x24
 187 0020 00       		.byte	0
 188 0021 0B       		.uleb128 0xb
 189 0022 0B       		.uleb128 0xb
 190 0023 3E       		.uleb128 0x3e
 191 0024 0B       		.uleb128 0xb
 192 0025 03       		.uleb128 0x3
 193 0026 08       		.uleb128 0x8
 194 0027 00       		.byte	0
 195 0028 00       		.byte	0
 196 0029 04       		.uleb128 0x4
 197 002a 2E       		.uleb128 0x2e
 198 002b 00       		.byte	0
 199 002c 3F       		.uleb128 0x3f
 200 002d 19       		.uleb128 0x19
 201 002e 03       		.uleb128 0x3
 202 002f 0E       		.uleb128 0xe
 203 0030 3A       		.uleb128 0x3a
 204 0031 0B       		.uleb128 0xb
ARM GAS  C:\Users\LUKASC~1\AppData\Local\Temp\ccxjPAd4.s 			page 7


 205 0032 3B       		.uleb128 0x3b
 206 0033 0B       		.uleb128 0xb
 207 0034 27       		.uleb128 0x27
 208 0035 19       		.uleb128 0x19
 209 0036 11       		.uleb128 0x11
 210 0037 01       		.uleb128 0x1
 211 0038 12       		.uleb128 0x12
 212 0039 06       		.uleb128 0x6
 213 003a 40       		.uleb128 0x40
 214 003b 18       		.uleb128 0x18
 215 003c 9742     		.uleb128 0x2117
 216 003e 19       		.uleb128 0x19
 217 003f 00       		.byte	0
 218 0040 00       		.byte	0
 219 0041 00       		.byte	0
 220              		.section	.debug_aranges,"",%progbits
 221 0000 24000000 		.4byte	0x24
 222 0004 0200     		.2byte	0x2
 223 0006 00000000 		.4byte	.Ldebug_info0
 224 000a 04       		.byte	0x4
 225 000b 00       		.byte	0
 226 000c 0000     		.2byte	0
 227 000e 0000     		.2byte	0
 228 0010 00000000 		.4byte	.LFB34
 229 0014 08000000 		.4byte	.LFE34-.LFB34
 230 0018 00000000 		.4byte	.LFB35
 231 001c 08000000 		.4byte	.LFE35-.LFB35
 232 0020 00000000 		.4byte	0
 233 0024 00000000 		.4byte	0
 234              		.section	.debug_ranges,"",%progbits
 235              	.Ldebug_ranges0:
 236 0000 00000000 		.4byte	.LFB34
 237 0004 08000000 		.4byte	.LFE34
 238 0008 00000000 		.4byte	.LFB35
 239 000c 08000000 		.4byte	.LFE35
 240 0010 00000000 		.4byte	0
 241 0014 00000000 		.4byte	0
 242              		.section	.debug_line,"",%progbits
 243              	.Ldebug_line0:
 244 0000 75000000 		.section	.debug_str,"MS",%progbits,1
 244      02004A00 
 244      00000201 
 244      FB0E0D00 
 244      01010101 
 245              	.LASF6:
 246 0000 6C6F6E67 		.ascii	"long long int\000"
 246      206C6F6E 
 246      6720696E 
 246      7400
 247              	.LASF15:
 248 000e 474E5520 		.ascii	"GNU C 4.9.3 20150303 (release) [ARM/embedded-4_9-br"
 248      4320342E 
 248      392E3320 
 248      32303135 
 248      30333033 
 249 0041 616E6368 		.ascii	"anch revision 221220] -mcpu=cortex-m0 -mthumb -g -O"
 249      20726576 
ARM GAS  C:\Users\LUKASC~1\AppData\Local\Temp\ccxjPAd4.s 			page 8


 249      6973696F 
 249      6E203232 
 249      31323230 
 250 0074 30202D66 		.ascii	"0 -ffunction-sections -ffat-lto-objects\000"
 250      66756E63 
 250      74696F6E 
 250      2D736563 
 250      74696F6E 
 251              	.LASF8:
 252 009c 756E7369 		.ascii	"unsigned int\000"
 252      676E6564 
 252      20696E74 
 252      00
 253              	.LASF5:
 254 00a9 6C6F6E67 		.ascii	"long unsigned int\000"
 254      20756E73 
 254      69676E65 
 254      6420696E 
 254      7400
 255              	.LASF16:
 256 00bb 2E5C4765 		.ascii	".\\Generated_Source\\PSoC4\\CapSense_CSD_TunerHelpe"
 256      6E657261 
 256      7465645F 
 256      536F7572 
 256      63655C50 
 257 00eb 722E6300 		.ascii	"r.c\000"
 258              	.LASF7:
 259 00ef 6C6F6E67 		.ascii	"long long unsigned int\000"
 259      206C6F6E 
 259      6720756E 
 259      7369676E 
 259      65642069 
 260              	.LASF13:
 261 0106 43617053 		.ascii	"CapSense_CSD_TunerStart\000"
 261      656E7365 
 261      5F435344 
 261      5F54756E 
 261      65725374 
 262              	.LASF1:
 263 011e 756E7369 		.ascii	"unsigned char\000"
 263      676E6564 
 263      20636861 
 263      7200
 264              	.LASF11:
 265 012c 63686172 		.ascii	"char\000"
 265      00
 266              	.LASF4:
 267 0131 6C6F6E67 		.ascii	"long int\000"
 267      20696E74 
 267      00
 268              	.LASF10:
 269 013a 646F7562 		.ascii	"double\000"
 269      6C6500
 270              	.LASF3:
 271 0141 73686F72 		.ascii	"short unsigned int\000"
 271      7420756E 
 271      7369676E 
ARM GAS  C:\Users\LUKASC~1\AppData\Local\Temp\ccxjPAd4.s 			page 9


 271      65642069 
 271      6E7400
 272              	.LASF0:
 273 0154 7369676E 		.ascii	"signed char\000"
 273      65642063 
 273      68617200 
 274              	.LASF9:
 275 0160 666C6F61 		.ascii	"float\000"
 275      7400
 276              	.LASF2:
 277 0166 73686F72 		.ascii	"short int\000"
 277      7420696E 
 277      7400
 278              	.LASF14:
 279 0170 43617053 		.ascii	"CapSense_CSD_TunerComm\000"
 279      656E7365 
 279      5F435344 
 279      5F54756E 
 279      6572436F 
 280              	.LASF17:
 281 0187 433A5C55 		.ascii	"C:\\Users\\Lukas Creutzburg\\Google Drive\\Virtuell"
 281      73657273 
 281      5C4C756B 
 281      61732043 
 281      72657574 
 282 01b6 65205265 		.ascii	"e Realitaeten\\PSoCWorkspace\\VRProject\\CapSense.c"
 282      616C6974 
 282      61657465 
 282      6E5C5053 
 282      6F43576F 
 283 01e6 7964736E 		.ascii	"ydsn\000"
 283      00
 284              	.LASF12:
 285 01eb 73697A65 		.ascii	"sizetype\000"
 285      74797065 
 285      00
 286              		.ident	"GCC: (GNU Tools for ARM Embedded Processors) 4.9.3 20150303 (release) [ARM/embedded-4_9-br
