Archive member included because of file (symbol)

.\CortexM3\ARM_GCC_493\Debug\SAR_SPIM_USB01.a(cyfitter_cfg.o)
                              .\CortexM3\ARM_GCC_493\Debug\Cm3Start.o (cyfitter_cfg)
.\CortexM3\ARM_GCC_493\Debug\SAR_SPIM_USB01.a(IDAC8.o)
                              .\CortexM3\ARM_GCC_493\Debug\main.o (IDAC8_Start)
.\CortexM3\ARM_GCC_493\Debug\SAR_SPIM_USB01.a(ADC_SAR_1.o)
                              .\CortexM3\ARM_GCC_493\Debug\main.o (ADC_SAR_1_Start)
.\CortexM3\ARM_GCC_493\Debug\SAR_SPIM_USB01.a(ADC_SAR_1_INT.o)
                              .\CortexM3\ARM_GCC_493\Debug\SAR_SPIM_USB01.a(ADC_SAR_1.o) (ADC_SAR_1_ISR)
.\CortexM3\ARM_GCC_493\Debug\SAR_SPIM_USB01.a(AMux_1.o)
                              .\CortexM3\ARM_GCC_493\Debug\main.o (AMux_1_Start)
.\CortexM3\ARM_GCC_493\Debug\SAR_SPIM_USB01.a(SPIM.o)
                              .\CortexM3\ARM_GCC_493\Debug\main.o (SPIM_ReadTxStatus)
.\CortexM3\ARM_GCC_493\Debug\SAR_SPIM_USB01.a(USBUART_1.o)
                              .\CortexM3\ARM_GCC_493\Debug\main.o (USBUART_1_Start)
.\CortexM3\ARM_GCC_493\Debug\SAR_SPIM_USB01.a(USBUART_1_cdc.o)
                              .\CortexM3\ARM_GCC_493\Debug\main.o (USBUART_1_CDC_Init)
.\CortexM3\ARM_GCC_493\Debug\SAR_SPIM_USB01.a(USBUART_1_drv.o)
                              .\CortexM3\ARM_GCC_493\Debug\SAR_SPIM_USB01.a(USBUART_1.o) (USBUART_1_EP)
.\CortexM3\ARM_GCC_493\Debug\SAR_SPIM_USB01.a(USBUART_1_episr.o)
                              .\CortexM3\ARM_GCC_493\Debug\SAR_SPIM_USB01.a(USBUART_1.o) (USBUART_1_EP_1_ISR)
.\CortexM3\ARM_GCC_493\Debug\SAR_SPIM_USB01.a(USBUART_1_hid.o)
                              .\CortexM3\ARM_GCC_493\Debug\SAR_SPIM_USB01.a(USBUART_1.o) (USBUART_1_hidProtocol)
.\CortexM3\ARM_GCC_493\Debug\SAR_SPIM_USB01.a(USBUART_1_pm.o)
                              .\CortexM3\ARM_GCC_493\Debug\SAR_SPIM_USB01.a(USBUART_1.o) (USBUART_1_DP_ISR)
.\CortexM3\ARM_GCC_493\Debug\SAR_SPIM_USB01.a(USBUART_1_std.o)
                              .\CortexM3\ARM_GCC_493\Debug\SAR_SPIM_USB01.a(USBUART_1_drv.o) (USBUART_1_HandleStandardRqst)
.\CortexM3\ARM_GCC_493\Debug\SAR_SPIM_USB01.a(USBUART_1_vnd.o)
                              .\CortexM3\ARM_GCC_493\Debug\SAR_SPIM_USB01.a(USBUART_1_drv.o) (USBUART_1_HandleVendorRqst)
.\CortexM3\ARM_GCC_493\Debug\SAR_SPIM_USB01.a(LCD_Char.o)
                              .\CortexM3\ARM_GCC_493\Debug\main.o (LCD_Char_WriteControl)
.\CortexM3\ARM_GCC_493\Debug\SAR_SPIM_USB01.a(ADC_SAR_0.o)
                              .\CortexM3\ARM_GCC_493\Debug\main.o (ADC_SAR_0_Start)
.\CortexM3\ARM_GCC_493\Debug\SAR_SPIM_USB01.a(ADC_SAR_0_INT.o)
                              .\CortexM3\ARM_GCC_493\Debug\SAR_SPIM_USB01.a(ADC_SAR_0.o) (ADC_SAR_0_ISR)
.\CortexM3\ARM_GCC_493\Debug\SAR_SPIM_USB01.a(AMux_0.o)
                              .\CortexM3\ARM_GCC_493\Debug\main.o (AMux_0_Start)
.\CortexM3\ARM_GCC_493\Debug\SAR_SPIM_USB01.a(ADC_SAR_1_theACLK.o)
                              .\CortexM3\ARM_GCC_493\Debug\SAR_SPIM_USB01.a(ADC_SAR_1.o) (ADC_SAR_1_theACLK_SetModeRegister)
.\CortexM3\ARM_GCC_493\Debug\SAR_SPIM_USB01.a(USBUART_1_Dp.o)
                              .\CortexM3\ARM_GCC_493\Debug\SAR_SPIM_USB01.a(USBUART_1_pm.o) (USBUART_1_Dp_ClearInterrupt)
.\CortexM3\ARM_GCC_493\Debug\SAR_SPIM_USB01.a(ADC_SAR_0_theACLK.o)
                              .\CortexM3\ARM_GCC_493\Debug\SAR_SPIM_USB01.a(ADC_SAR_0.o) (ADC_SAR_0_theACLK_SetModeRegister)
.\CortexM3\ARM_GCC_493\Debug\SAR_SPIM_USB01.a(CyBootAsmGnu.o)
                              .\CortexM3\ARM_GCC_493\Debug\SAR_SPIM_USB01.a(cyfitter_cfg.o) (CyDelayCycles)
.\CortexM3\ARM_GCC_493\Debug\SAR_SPIM_USB01.a(CyLib.o)
                              .\CortexM3\ARM_GCC_493\Debug\Cm3Start.o (CyResetStatus)
.\CortexM3\ARM_GCC_493\Debug\SAR_SPIM_USB01.a(cyPm.o)
                              .\CortexM3\ARM_GCC_493\Debug\SAR_SPIM_USB01.a(CyLib.o) (CyPmReadStatus)
.\CortexM3\ARM_GCC_493\Debug\SAR_SPIM_USB01.a(USBUART_1_cls.o)
                              .\CortexM3\ARM_GCC_493\Debug\SAR_SPIM_USB01.a(USBUART_1_drv.o) (USBUART_1_DispatchClassRqst)
.\CortexM3\ARM_GCC_493\Debug\SAR_SPIM_USB01.a(USBUART_1_descr.o)
                              .\CortexM3\ARM_GCC_493\Debug\SAR_SPIM_USB01.a(USBUART_1_std.o) (USBUART_1_DEVICE0_DESCR)
.\CortexM3\ARM_GCC_493\Debug\SAR_SPIM_USB01.a(CyFlash.o)
                              .\CortexM3\ARM_GCC_493\Debug\SAR_SPIM_USB01.a(cyPm.o) (CyFlash_SetWaitCycles)
.\CortexM3\ARM_GCC_493\Debug\SAR_SPIM_USB01.a(CySpc.o)
                              .\CortexM3\ARM_GCC_493\Debug\SAR_SPIM_USB01.a(CyFlash.o) (CySpcStart)
c:/program files (x86)/cypress/psoc creator/3.3/psoc creator/import/gnu/arm/4.9.3/bin/../lib/gcc/arm-none-eabi/4.9.3/armv7-m\libgcc.a(_arm_addsubsf3.o)
                              .\CortexM3\ARM_GCC_493\Debug\SAR_SPIM_USB01.a(ADC_SAR_1.o) (__aeabi_i2f)
[...]
Memory Configuration

Name             Origin             Length             Attributes
rom              0x00000000         0x00040000         xr
ram              0x1fff8000         0x00010000         xrw
*default*        0x00000000         0xffffffff

Linker script and memory map

LOAD c:/program files (x86)/cypress/psoc creator/3.3/psoc creator/import/gnu/arm/4.9.3/bin/../lib/gcc/arm-none-eabi/4.9.3/armv7-m/crti.o
LOAD c:/program files (x86)/cypress/psoc creator/3.3/psoc creator/import/gnu/arm/4.9.3/bin/../lib/gcc/arm-none-eabi/4.9.3/armv7-m/crtbegin.o
LOAD c:/program files (x86)/cypress/psoc creator/3.3/psoc creator/import/gnu/arm/4.9.3/bin/../lib/gcc/arm-none-eabi/4.9.3/../../../../arm-none-eabi/lib/armv7-m/crt0.o
START GROUP
LOAD .\CortexM3\ARM_GCC_493\Debug\main.o
LOAD .\CortexM3\ARM_GCC_493\Debug\cymetadata.o
LOAD .\CortexM3\ARM_GCC_493\Debug\Cm3Start.o
LOAD .\CortexM3\ARM_GCC_493\Debug\SAR_SPIM_USB01.a
LOAD C:\Program Files (x86)\Cypress\PSoC Creator\3.3\PSoC Creator\psoc\content\cycomponentlibrary\CyComponentLibrary.cylib\CortexM3\ARM_GCC_493\Debug\CyComponentLibrary.a
END GROUP
START GROUP
LOAD c:/program files (x86)/cypress/psoc creator/3.3/psoc creator/import/gnu/arm/4.9.3/bin/../lib/gcc/arm-none-eabi/4.9.3/armv7-m\libgcc.a
LOAD c:/program files (x86)/cypress/psoc creator/3.3/psoc creator/import/gnu/arm/4.9.3/bin/../lib/gcc/arm-none-eabi/4.9.3/../../../../arm-none-eabi/lib/armv7-m\libg_nano.a
LOAD c:/program files (x86)/cypress/psoc creator/3.3/psoc creator/import/gnu/arm/4.9.3/bin/../lib/gcc/arm-none-eabi/4.9.3/../../../../arm-none-eabi/lib/armv7-m\libc_nano.a
END GROUP
START GROUP
LOAD c:/program files (x86)/cypress/psoc creator/3.3/psoc creator/import/gnu/arm/4.9.3/bin/../lib/gcc/arm-none-eabi/4.9.3/armv7-m\libgcc.a
LOAD c:/program files (x86)/cypress/psoc creator/3.3/psoc creator/import/gnu/arm/4.9.3/bin/../lib/gcc/arm-none-eabi/4.9.3/../../../../arm-none-eabi/lib/armv7-m\libc_nano.a
END GROUP
LOAD c:/program files (x86)/cypress/psoc creator/3.3/psoc creator/import/gnu/arm/4.9.3/bin/../lib/gcc/arm-none-eabi/4.9.3/armv7-m/crtend.o
LOAD c:/program files (x86)/cypress/psoc creator/3.3/psoc creator/import/gnu/arm/4.9.3/bin/../lib/gcc/arm-none-eabi/4.9.3/armv7-m/crtn.o
START GROUP
LOAD c:/program files (x86)/cypress/psoc creator/3.3/psoc creator/import/gnu/arm/4.9.3/bin/../lib/gcc/arm-none-eabi/4.9.3/armv7-m\libgcc.a
LOAD c:/program files (x86)/cypress/psoc creator/3.3/psoc creator/import/gnu/arm/4.9.3/bin/../lib/gcc/arm-none-eabi/4.9.3/../../../../arm-none-eabi/lib/armv7-m\libc.a
LOAD c:/program files (x86)/cypress/psoc creator/3.3/psoc creator/import/gnu/arm/4.9.3/bin/../lib/gcc/arm-none-eabi/4.9.3/../../../../arm-none-eabi/lib/armv7-m\libnosys.a
END GROUP
                0x00000000                CY_APPL_ORIGIN = 0x0
                0x00000100                CY_FLASH_ROW_SIZE = 0x100
                0x00000020                CY_ECC_ROW_SIZE = 0x20
                0x00000000                CY_EE_IN_BTLDR = 0x0
                0x00000000                CY_APPL_LOADABLE = 0x0
                0x00000800                CY_EE_SIZE = 0x800
                0x00000001                CY_APPL_NUM = 0x1
                0x00000001                CY_APPL_MAX = 0x1
                0x00000040                CY_METADATA_SIZE = 0x40
                0x00000000                CY_APPL_LOADABLE = 0x0
                0x00000000                CY_CHECKSUM_EXCLUDE_SIZE = ALIGN (0x0, CY_FLASH_ROW_SIZE)
                0x1fff8320                PROVIDE (__cy_heap_start, _end)
                0x00000001                PROVIDE (__cy_region_num, ((__cy_regions_end - __cy_regions) / 0x10))
                0x20008000                PROVIDE (__cy_stack, (ORIGIN (ram) + 0x10000))
                0x20004000                PROVIDE (__cy_heap_end, (__cy_stack - 0x4000))

.cybootloader   0x00000000        0x0
 *(.cybootloader)
                0x00000000                appl1_start = CY_APPL_ORIGIN?CY_APPL_ORIGIN:ALIGN (CY_FLASH_ROW_SIZE)
                0x0001ff00                appl2_start = (appl1_start + ALIGN ((((0x40000 - appl1_start) - (0x2 * CY_FLASH_ROW_SIZE)) / 0x2), CY_FLASH_ROW_SIZE))
                0x00000000                appl_start = (CY_APPL_NUM == 0x1)?appl1_start:appl2_start
                0x00000000                ecc_offset = ((appl_start / CY_FLASH_ROW_SIZE) * CY_ECC_ROW_SIZE)
                0x00000000                ee_offset = (CY_APPL_LOADABLE && ! (CY_EE_IN_BTLDR))?((CY_EE_SIZE / CY_APPL_MAX) * (CY_APPL_NUM - 0x1)):0x0
                0x00000800                ee_size = (CY_APPL_LOADABLE && ! (CY_EE_IN_BTLDR))?(CY_EE_SIZE / CY_APPL_MAX):CY_EE_SIZE
                0x00000000                PROVIDE (CY_ECC_OFFSET, ecc_offset)

.text           0x00000000     0x6d6c
 CREATE_OBJECT_SYMBOLS
                0x00000000                PROVIDE (__cy_interrupt_vector, RomVectors)
 *(.romvectors)
 .romvectors    0x00000000       0x10 .\CortexM3\ARM_GCC_493\Debug\Cm3Start.o
                0x00000000                RomVectors
                0x00000001                ASSERT ((. != __cy_interrupt_vector), No interrupt vector)
                0x00000001                ASSERT (CY_APPL_ORIGIN?(SIZEOF (.cybootloader) <= CY_APPL_ORIGIN):0x1, Wrong image location)
                0x00000010                PROVIDE (__cy_reset, Reset)
 *(.text.Reset)
 .text.Reset    0x00000010       0x18 .\CortexM3\ARM_GCC_493\Debug\Cm3Start.o
                0x00000010                Reset
                0x00000001                ASSERT ((. != __cy_reset), No reset code)
 *(.dma_init)
 .dma_init      0x00000028      0x248 .\CortexM3\ARM_GCC_493\Debug\SAR_SPIM_USB01.a(cyfitter_cfg.o)
                0x00000001                ASSERT ((((appl_start + .) <= 0x10000) || 0x0), DMA Init must be within the first 64k of flash)
 *(.text .text.* .gnu.linkonce.t.*)
 .text          0x00000270       0x5c c:/program files (x86)/cypress/psoc creator/3.3/psoc creator/import/gnu/arm/4.9.3/bin/../lib/gcc/arm-none-eabi/4.9.3/armv7-m/crtbegin.o
 .text.main     0x000002cc      0x158 .\CortexM3\ARM_GCC_493\Debug\main.o
                0x000002cc                main
 .text.PrintToUSBUART
                0x00000424       0x2c .\CortexM3\ARM_GCC_493\Debug\main.o
                0x00000424                PrintToUSBUART
 .text.IntDefaultHandler
                0x00000450        0x8 .\CortexM3\ARM_GCC_493\Debug\Cm3Start.o
                0x00000450                IntDefaultHandler
 .text._sbrk    0x00000458       0x54 .\CortexM3\ARM_GCC_493\Debug\Cm3Start.o
                0x00000458                _sbrk
 .text.Start_c  0x000004ac       0x98 .\CortexM3\ARM_GCC_493\Debug\Cm3Start.o
                0x000004ac                Start_c
 .text.initialize_psoc
                0x00000544       0x8c .\CortexM3\ARM_GCC_493\Debug\Cm3Start.o
                0x00000544                initialize_psoc
 .text.CYCONFIGCPY
                0x000005d0       0x1c .\CortexM3\ARM_GCC_493\Debug\SAR_SPIM_USB01.a(cyfitter_cfg.o)
 .text.CyClockStartupError
                0x000005ec        0xc .\CortexM3\ARM_GCC_493\Debug\SAR_SPIM_USB01.a(cyfitter_cfg.o)
 .text.cfg_dma_init
                0x000005f8      0x174 .\CortexM3\ARM_GCC_493\Debug\SAR_SPIM_USB01.a(cyfitter_cfg.o)
 .text.ClockSetup
                0x0000076c      0x12c .\CortexM3\ARM_GCC_493\Debug\SAR_SPIM_USB01.a(cyfitter_cfg.o)
 .text.AnalogSetDefault
                0x00000898       0xcc .\CortexM3\ARM_GCC_493\Debug\SAR_SPIM_USB01.a(cyfitter_cfg.o)
 .text.AMux_0_CYAMUXSIDE_A_Set
                0x00000964       0x6c .\CortexM3\ARM_GCC_493\Debug\SAR_SPIM_USB01.a(cyfitter_cfg.o)
                0x00000964                AMux_0_CYAMUXSIDE_A_Set
 .text.AMux_0_CYAMUXSIDE_A_Unset
                0x000009d0       0x74 .\CortexM3\ARM_GCC_493\Debug\SAR_SPIM_USB01.a(cyfitter_cfg.o)
                0x000009d0                AMux_0_CYAMUXSIDE_A_Unset
 .text.AMux_0_CYAMUXSIDE_B_Set
                0x00000a44       0x6c .\CortexM3\ARM_GCC_493\Debug\SAR_SPIM_USB01.a(cyfitter_cfg.o)
                0x00000a44                AMux_0_CYAMUXSIDE_B_Set
 .text.AMux_0_CYAMUXSIDE_B_Unset
                0x00000ab0       0x74 .\CortexM3\ARM_GCC_493\Debug\SAR_SPIM_USB01.a(cyfitter_cfg.o)
                0x00000ab0                AMux_0_CYAMUXSIDE_B_Unset
 .text.AMux_1_CYAMUXSIDE_A_Set
                0x00000b24       0x6c .\CortexM3\ARM_GCC_493\Debug\SAR_SPIM_USB01.a(cyfitter_cfg.o)
                0x00000b24                AMux_1_CYAMUXSIDE_A_Set
 .text.AMux_1_CYAMUXSIDE_A_Unset
                0x00000b90       0x74 .\CortexM3\ARM_GCC_493\Debug\SAR_SPIM_USB01.a(cyfitter_cfg.o)
                0x00000b90                AMux_1_CYAMUXSIDE_A_Unset
 .text.AMux_1_CYAMUXSIDE_B_Set
                0x00000c04       0x40 .\CortexM3\ARM_GCC_493\Debug\SAR_SPIM_USB01.a(cyfitter_cfg.o)
                0x00000c04                AMux_1_CYAMUXSIDE_B_Set
 .text.AMux_1_CYAMUXSIDE_B_Unset
                0x00000c44       0x44 .\CortexM3\ARM_GCC_493\Debug\SAR_SPIM_USB01.a(cyfitter_cfg.o)
                0x00000c44                AMux_1_CYAMUXSIDE_B_Unset
 .text.cyfitter_cfg
                0x00000c88      0x104 .\CortexM3\ARM_GCC_493\Debug\SAR_SPIM_USB01.a(cyfitter_cfg.o)
                0x00000c88                cyfitter_cfg
 .text.IDAC8_Init
                0x00000d8c       0x30 .\CortexM3\ARM_GCC_493\Debug\SAR_SPIM_USB01.a(IDAC8.o)
                0x00000d8c                IDAC8_Init
 .text.IDAC8_Enable
                0x00000dbc       0x34 .\CortexM3\ARM_GCC_493\Debug\SAR_SPIM_USB01.a(IDAC8.o)
                0x00000dbc                IDAC8_Enable
 .text.IDAC8_Start
                0x00000df0       0x28 .\CortexM3\ARM_GCC_493\Debug\SAR_SPIM_USB01.a(IDAC8.o)
                0x00000df0                IDAC8_Start
 .text.IDAC8_SetSpeed
                0x00000e18       0x40 .\CortexM3\ARM_GCC_493\Debug\SAR_SPIM_USB01.a(IDAC8.o)
                0x00000e18                IDAC8_SetSpeed
 .text.IDAC8_SetValue
                0x00000e58       0x20 .\CortexM3\ARM_GCC_493\Debug\SAR_SPIM_USB01.a(IDAC8.o)
                0x00000e58                IDAC8_SetValue
 .text.IDAC8_DacTrim
                0x00000e78       0x54 .\CortexM3\ARM_GCC_493\Debug\SAR_SPIM_USB01.a(IDAC8.o)
                0x00000e78                IDAC8_DacTrim
 .text.ADC_SAR_1_Start
                0x00000ecc       0x20 .\CortexM3\ARM_GCC_493\Debug\SAR_SPIM_USB01.a(ADC_SAR_1.o)
                0x00000ecc                ADC_SAR_1_Start
 .text.ADC_SAR_1_Init
                0x00000eec       0x44 .\CortexM3\ARM_GCC_493\Debug\SAR_SPIM_USB01.a(ADC_SAR_1.o)
                0x00000eec                ADC_SAR_1_Init
 .text.ADC_SAR_1_Enable
                0x00000f30       0xf4 .\CortexM3\ARM_GCC_493\Debug\SAR_SPIM_USB01.a(ADC_SAR_1.o)
                0x00000f30                ADC_SAR_1_Enable
 .text.ADC_SAR_1_SetResolution
                0x00001024       0x50 .\CortexM3\ARM_GCC_493\Debug\SAR_SPIM_USB01.a(ADC_SAR_1.o)
                0x00001024                ADC_SAR_1_SetResolution
 .text.ADC_SAR_1_StartConvert
                0x00001074       0x30 .\CortexM3\ARM_GCC_493\Debug\SAR_SPIM_USB01.a(ADC_SAR_1.o)
                0x00001074                ADC_SAR_1_StartConvert
 .text.ADC_SAR_1_IsEndConversion
                0x000010a4       0x40 .\CortexM3\ARM_GCC_493\Debug\SAR_SPIM_USB01.a(ADC_SAR_1.o)
                0x000010a4                ADC_SAR_1_IsEndConversion
 .text.ADC_SAR_1_GetResult16
                0x000010e4       0x34 .\CortexM3\ARM_GCC_493\Debug\SAR_SPIM_USB01.a(ADC_SAR_1.o)
                0x000010e4                ADC_SAR_1_GetResult16
 .text.ADC_SAR_1_CalcGain
                0x00001118       0x94 .\CortexM3\ARM_GCC_493\Debug\SAR_SPIM_USB01.a(ADC_SAR_1.o)
 .text.ADC_SAR_1_ISR
                0x000011ac        0xc .\CortexM3\ARM_GCC_493\Debug\SAR_SPIM_USB01.a(ADC_SAR_1_INT.o)
                0x000011ac                ADC_SAR_1_ISR
 .text.AMux_1_Start
                0x000011b8       0x38 .\CortexM3\ARM_GCC_493\Debug\SAR_SPIM_USB01.a(AMux_1.o)
                0x000011b8                AMux_1_Start
 .text.AMux_1_FastSelect
                0x000011f0       0x3c .\CortexM3\ARM_GCC_493\Debug\SAR_SPIM_USB01.a(AMux_1.o)
                0x000011f0                AMux_1_FastSelect
 .text.AMux_1_Disconnect
                0x0000122c       0x20 .\CortexM3\ARM_GCC_493\Debug\SAR_SPIM_USB01.a(AMux_1.o)
                0x0000122c                AMux_1_Disconnect
 .text.SPIM_Init
                0x0000124c       0x30 .\CortexM3\ARM_GCC_493\Debug\SAR_SPIM_USB01.a(SPIM.o)
                0x0000124c                SPIM_Init
 .text.SPIM_Enable
                0x0000127c       0x60 .\CortexM3\ARM_GCC_493\Debug\SAR_SPIM_USB01.a(SPIM.o)
                0x0000127c                SPIM_Enable
 .text.SPIM_Start
                0x000012dc       0x20 .\CortexM3\ARM_GCC_493\Debug\SAR_SPIM_USB01.a(SPIM.o)
                0x000012dc                SPIM_Start
 .text.SPIM_EnableTxInt
                0x000012fc        0xc .\CortexM3\ARM_GCC_493\Debug\SAR_SPIM_USB01.a(SPIM.o)
                0x000012fc                SPIM_EnableTxInt
 .text.SPIM_EnableRxInt
                0x00001308        0xc .\CortexM3\ARM_GCC_493\Debug\SAR_SPIM_USB01.a(SPIM.o)
                0x00001308                SPIM_EnableRxInt
 .text.SPIM_ReadTxStatus
                0x00001314       0x20 .\CortexM3\ARM_GCC_493\Debug\SAR_SPIM_USB01.a(SPIM.o)
                0x00001314                SPIM_ReadTxStatus
 .text.SPIM_ReadRxStatus
                0x00001334       0x20 .\CortexM3\ARM_GCC_493\Debug\SAR_SPIM_USB01.a(SPIM.o)
                0x00001334                SPIM_ReadRxStatus
 .text.SPIM_WriteTxData
                0x00001354       0x34 .\CortexM3\ARM_GCC_493\Debug\SAR_SPIM_USB01.a(SPIM.o)
                0x00001354                SPIM_WriteTxData
 .text.SPIM_ClearTxBuffer
                0x00001388       0x64 .\CortexM3\ARM_GCC_493\Debug\SAR_SPIM_USB01.a(SPIM.o)
                0x00001388                SPIM_ClearTxBuffer
 .text.SPIM_ClearFIFO
                0x000013ec       0x80 .\CortexM3\ARM_GCC_493\Debug\SAR_SPIM_USB01.a(SPIM.o)
                0x000013ec                SPIM_ClearFIFO
 .text.USBUART_1_Start
                0x0000146c       0x38 .\CortexM3\ARM_GCC_493\Debug\SAR_SPIM_USB01.a(USBUART_1.o)
                0x0000146c                USBUART_1_Start
 .text.USBUART_1_Init
                0x000014a4      0x1a0 .\CortexM3\ARM_GCC_493\Debug\SAR_SPIM_USB01.a(USBUART_1.o)
                0x000014a4                USBUART_1_Init
 .text.USBUART_1_InitComponent
                0x00001644      0x11c .\CortexM3\ARM_GCC_493\Debug\SAR_SPIM_USB01.a(USBUART_1.o)
                0x00001644                USBUART_1_InitComponent
 .text.USBUART_1_ReInitComponent
                0x00001760       0x88 .\CortexM3\ARM_GCC_493\Debug\SAR_SPIM_USB01.a(USBUART_1.o)
                0x00001760                USBUART_1_ReInitComponent
 .text.USBUART_1_GetConfiguration
                0x000017e8       0x18 .\CortexM3\ARM_GCC_493\Debug\SAR_SPIM_USB01.a(USBUART_1.o)
                0x000017e8                USBUART_1_GetConfiguration
 .text.USBUART_1_GetEPState
                0x00001800       0x2c .\CortexM3\ARM_GCC_493\Debug\SAR_SPIM_USB01.a(USBUART_1.o)
                0x00001800                USBUART_1_GetEPState
 .text.USBUART_1_GetEPCount
                0x0000182c       0x60 .\CortexM3\ARM_GCC_493\Debug\SAR_SPIM_USB01.a(USBUART_1.o)
                0x0000182c                USBUART_1_GetEPCount
 .text.USBUART_1_LoadInEP
                0x0000188c       0xf8 .\CortexM3\ARM_GCC_493\Debug\SAR_SPIM_USB01.a(USBUART_1.o)
                0x0000188c                USBUART_1_LoadInEP
 .text.USBUART_1_ReadOutEP
                0x00001984       0x8c .\CortexM3\ARM_GCC_493\Debug\SAR_SPIM_USB01.a(USBUART_1.o)
                0x00001984                USBUART_1_ReadOutEP
 .text.USBUART_1_EnableOutEP
                0x00001a10       0x54 .\CortexM3\ARM_GCC_493\Debug\SAR_SPIM_USB01.a(USBUART_1.o)
                0x00001a10                USBUART_1_EnableOutEP
 .text.USBUART_1_DispatchCDCClassRqst
                0x00001a64       0xe8 .\CortexM3\ARM_GCC_493\Debug\SAR_SPIM_USB01.a(USBUART_1_cdc.o)
                0x00001a64                USBUART_1_DispatchCDCClassRqst
 .text.USBUART_1_GetInterfaceComPort
                0x00001b4c       0x60 .\CortexM3\ARM_GCC_493\Debug\SAR_SPIM_USB01.a(USBUART_1_cdc.o)
                0x00001b4c                USBUART_1_GetInterfaceComPort
 .text.USBUART_1_CDC_Init
                0x00001bac       0xa8 .\CortexM3\ARM_GCC_493\Debug\SAR_SPIM_USB01.a(USBUART_1_cdc.o)
                0x00001bac                USBUART_1_CDC_Init
 .text.USBUART_1_PutData
                0x00001c54       0x6c .\CortexM3\ARM_GCC_493\Debug\SAR_SPIM_USB01.a(USBUART_1_cdc.o)
                0x00001c54                USBUART_1_PutData
 .text.USBUART_1_DataIsReady
                0x00001cc0       0x24 .\CortexM3\ARM_GCC_493\Debug\SAR_SPIM_USB01.a(USBUART_1_cdc.o)
                0x00001cc0                USBUART_1_DataIsReady
 .text.USBUART_1_CDCIsReady
                0x00001ce4       0x24 .\CortexM3\ARM_GCC_493\Debug\SAR_SPIM_USB01.a(USBUART_1_cdc.o)
                0x00001ce4                USBUART_1_CDCIsReady
 .text.USBUART_1_GetAll
                0x00001d08       0x50 .\CortexM3\ARM_GCC_493\Debug\SAR_SPIM_USB01.a(USBUART_1_cdc.o)
                0x00001d08                USBUART_1_GetAll
 .text.USBUART_1_Cdc_EpInit
                0x00001d58       0x94 .\CortexM3\ARM_GCC_493\Debug\SAR_SPIM_USB01.a(USBUART_1_cdc.o)
                0x00001d58                USBUART_1_Cdc_EpInit
 .text.USBUART_1_EP_0_ISR
                0x00001dec       0xf8 .\CortexM3\ARM_GCC_493\Debug\SAR_SPIM_USB01.a(USBUART_1_drv.o)
                0x00001dec                USBUART_1_EP_0_ISR
 .text.USBUART_1_HandleSetup
                0x00001ee4       0x88 .\CortexM3\ARM_GCC_493\Debug\SAR_SPIM_USB01.a(USBUART_1_drv.o)
                0x00001ee4                USBUART_1_HandleSetup
 .text.USBUART_1_HandleIN
                0x00001f6c       0x4c .\CortexM3\ARM_GCC_493\Debug\SAR_SPIM_USB01.a(USBUART_1_drv.o)
                0x00001f6c                USBUART_1_HandleIN
 .text.USBUART_1_HandleOUT
                0x00001fb8       0x58 .\CortexM3\ARM_GCC_493\Debug\SAR_SPIM_USB01.a(USBUART_1_drv.o)
                0x00001fb8                USBUART_1_HandleOUT
 .text.USBUART_1_LoadEP0
                0x00002010       0xd0 .\CortexM3\ARM_GCC_493\Debug\SAR_SPIM_USB01.a(USBUART_1_drv.o)
                0x00002010                USBUART_1_LoadEP0
 .text.USBUART_1_InitControlRead
                0x000020e0       0x70 .\CortexM3\ARM_GCC_493\Debug\SAR_SPIM_USB01.a(USBUART_1_drv.o)
                0x000020e0                USBUART_1_InitControlRead
 .text.USBUART_1_InitZeroLengthControlTransfer
                0x00002150       0x44 .\CortexM3\ARM_GCC_493\Debug\SAR_SPIM_USB01.a(USBUART_1_drv.o)
                0x00002150                USBUART_1_InitZeroLengthControlTransfer
 .text.USBUART_1_ControlReadDataStage
                0x00002194        0xc .\CortexM3\ARM_GCC_493\Debug\SAR_SPIM_USB01.a(USBUART_1_drv.o)
                0x00002194                USBUART_1_ControlReadDataStage
 .text.USBUART_1_ControlReadStatusStage
                0x000021a0       0x40 .\CortexM3\ARM_GCC_493\Debug\SAR_SPIM_USB01.a(USBUART_1_drv.o)
                0x000021a0                USBUART_1_ControlReadStatusStage
 .text.USBUART_1_InitControlWrite
                0x000021e0       0x64 .\CortexM3\ARM_GCC_493\Debug\SAR_SPIM_USB01.a(USBUART_1_drv.o)
                0x000021e0                USBUART_1_InitControlWrite
 .text.USBUART_1_ControlWriteDataStage
                0x00002244       0xb4 .\CortexM3\ARM_GCC_493\Debug\SAR_SPIM_USB01.a(USBUART_1_drv.o)
                0x00002244                USBUART_1_ControlWriteDataStage
 .text.USBUART_1_ControlWriteStatusStage
                0x000022f8       0x20 .\CortexM3\ARM_GCC_493\Debug\SAR_SPIM_USB01.a(USBUART_1_drv.o)
                0x000022f8                USBUART_1_ControlWriteStatusStage
 .text.USBUART_1_InitNoDataControlTransfer
                0x00002318       0x38 .\CortexM3\ARM_GCC_493\Debug\SAR_SPIM_USB01.a(USBUART_1_drv.o)
                0x00002318                USBUART_1_InitNoDataControlTransfer
 .text.USBUART_1_NoDataControlStatusStage
                0x00002350       0x48 .\CortexM3\ARM_GCC_493\Debug\SAR_SPIM_USB01.a(USBUART_1_drv.o)
                0x00002350                USBUART_1_NoDataControlStatusStage
 .text.USBUART_1_UpdateStatusBlock
                0x00002398       0x40 .\CortexM3\ARM_GCC_493\Debug\SAR_SPIM_USB01.a(USBUART_1_drv.o)
                0x00002398                USBUART_1_UpdateStatusBlock
 .text.USBUART_1_InitializeStatusBlock
                0x000023d8       0x34 .\CortexM3\ARM_GCC_493\Debug\SAR_SPIM_USB01.a(USBUART_1_drv.o)
                0x000023d8                USBUART_1_InitializeStatusBlock
 .text.USBUART_1_EP_1_ISR
                0x0000240c       0x54 .\CortexM3\ARM_GCC_493\Debug\SAR_SPIM_USB01.a(USBUART_1_episr.o)
                0x0000240c                USBUART_1_EP_1_ISR
 .text.USBUART_1_EP_2_ISR
                0x00002460       0x54 .\CortexM3\ARM_GCC_493\Debug\SAR_SPIM_USB01.a(USBUART_1_episr.o)
                0x00002460                USBUART_1_EP_2_ISR
 .text.USBUART_1_EP_3_ISR
                0x000024b4       0x5c .\CortexM3\ARM_GCC_493\Debug\SAR_SPIM_USB01.a(USBUART_1_episr.o)
                0x000024b4                USBUART_1_EP_3_ISR
 .text.USBUART_1_SOF_ISR
                0x00002510        0xc .\CortexM3\ARM_GCC_493\Debug\SAR_SPIM_USB01.a(USBUART_1_episr.o)
                0x00002510                USBUART_1_SOF_ISR
 .text.USBUART_1_BUS_RESET_ISR
                0x0000251c        0xc .\CortexM3\ARM_GCC_493\Debug\SAR_SPIM_USB01.a(USBUART_1_episr.o)
                0x0000251c                USBUART_1_BUS_RESET_ISR
 .text.USBUART_1_DispatchHIDClassRqst
                0x00002528      0x1d0 .\CortexM3\ARM_GCC_493\Debug\SAR_SPIM_USB01.a(USBUART_1_hid.o)
                0x00002528                USBUART_1_DispatchHIDClassRqst
 .text.USBUART_1_FindHidClassDecriptor
                0x000026f8       0x7c .\CortexM3\ARM_GCC_493\Debug\SAR_SPIM_USB01.a(USBUART_1_hid.o)
                0x000026f8                USBUART_1_FindHidClassDecriptor
 .text.USBUART_1_FindReportDescriptor
                0x00002774       0x90 .\CortexM3\ARM_GCC_493\Debug\SAR_SPIM_USB01.a(USBUART_1_hid.o)
                0x00002774                USBUART_1_FindReportDescriptor
 .text.USBUART_1_FindReport
                0x00002804       0xcc .\CortexM3\ARM_GCC_493\Debug\SAR_SPIM_USB01.a(USBUART_1_hid.o)
                0x00002804                USBUART_1_FindReport
 .text.USBUART_1_DP_ISR
                0x000028d0        0xc .\CortexM3\ARM_GCC_493\Debug\SAR_SPIM_USB01.a(USBUART_1_pm.o)
                0x000028d0                USBUART_1_DP_ISR
 .text.USBUART_1_HandleStandardRqst
                0x000028dc      0x48c .\CortexM3\ARM_GCC_493\Debug\SAR_SPIM_USB01.a(USBUART_1_std.o)
                0x000028dc                USBUART_1_HandleStandardRqst
 .text.USBUART_1_ReadDieID
                0x00002d68       0xd4 .\CortexM3\ARM_GCC_493\Debug\SAR_SPIM_USB01.a(USBUART_1_std.o)
                0x00002d68                USBUART_1_ReadDieID
 .text.USBUART_1_ConfigReg
                0x00002e3c      0x11c .\CortexM3\ARM_GCC_493\Debug\SAR_SPIM_USB01.a(USBUART_1_std.o)
                0x00002e3c                USBUART_1_ConfigReg
 .text.USBUART_1_Config
                0x00002f58      0x3a4 .\CortexM3\ARM_GCC_493\Debug\SAR_SPIM_USB01.a(USBUART_1_std.o)
                0x00002f58                USBUART_1_Config
 .text.USBUART_1_ConfigAltChanged
                0x000032fc      0x23c .\CortexM3\ARM_GCC_493\Debug\SAR_SPIM_USB01.a(USBUART_1_std.o)
                0x000032fc                USBUART_1_ConfigAltChanged
 .text.USBUART_1_GetConfigTablePtr
                0x00003538       0x54 .\CortexM3\ARM_GCC_493\Debug\SAR_SPIM_USB01.a(USBUART_1_std.o)
                0x00003538                USBUART_1_GetConfigTablePtr
 .text.USBUART_1_GetDeviceTablePtr
                0x0000358c       0x24 .\CortexM3\ARM_GCC_493\Debug\SAR_SPIM_USB01.a(USBUART_1_std.o)
                0x0000358c                USBUART_1_GetDeviceTablePtr
 .text.USBUART_1_GetInterfaceClassTablePtr
                0x000035b0       0x4c .\CortexM3\ARM_GCC_493\Debug\SAR_SPIM_USB01.a(USBUART_1_std.o)
                0x000035b0                USBUART_1_GetInterfaceClassTablePtr
 .text.USBUART_1_SetEndpointHalt
                0x000035fc       0xdc .\CortexM3\ARM_GCC_493\Debug\SAR_SPIM_USB01.a(USBUART_1_std.o)
                0x000035fc                USBUART_1_SetEndpointHalt
 .text.USBUART_1_ClearEndpointHalt
                0x000036d8      0x130 .\CortexM3\ARM_GCC_493\Debug\SAR_SPIM_USB01.a(USBUART_1_std.o)
                0x000036d8                USBUART_1_ClearEndpointHalt
 .text.USBUART_1_ValidateAlternateSetting
                0x00003808       0x70 .\CortexM3\ARM_GCC_493\Debug\SAR_SPIM_USB01.a(USBUART_1_std.o)
                0x00003808                USBUART_1_ValidateAlternateSetting
 .text.USBUART_1_HandleVendorRqst
                0x00003878       0x54 .\CortexM3\ARM_GCC_493\Debug\SAR_SPIM_USB01.a(USBUART_1_vnd.o)
                0x00003878                USBUART_1_HandleVendorRqst
 .text.LCD_Char_Init
                0x000038cc       0x6c .\CortexM3\ARM_GCC_493\Debug\SAR_SPIM_USB01.a(LCD_Char.o)
                0x000038cc                LCD_Char_Init
 .text.LCD_Char_Enable
                0x00003938       0x18 .\CortexM3\ARM_GCC_493\Debug\SAR_SPIM_USB01.a(LCD_Char.o)
                0x00003938                LCD_Char_Enable
 .text.LCD_Char_Start
                0x00003950       0x20 .\CortexM3\ARM_GCC_493\Debug\SAR_SPIM_USB01.a(LCD_Char.o)
                0x00003950                LCD_Char_Start
 .text.LCD_Char_PrintString
                0x00003970       0x38 .\CortexM3\ARM_GCC_493\Debug\SAR_SPIM_USB01.a(LCD_Char.o)
                0x00003970                LCD_Char_PrintString
 .text.LCD_Char_PutChar
                0x000039a8       0x18 .\CortexM3\ARM_GCC_493\Debug\SAR_SPIM_USB01.a(LCD_Char.o)
                0x000039a8                LCD_Char_PutChar
 .text.LCD_Char_WriteData
                0x000039c0       0x34 .\CortexM3\ARM_GCC_493\Debug\SAR_SPIM_USB01.a(LCD_Char.o)
                0x000039c0                LCD_Char_WriteData
 .text.LCD_Char_WriteControl
                0x000039f4       0x34 .\CortexM3\ARM_GCC_493\Debug\SAR_SPIM_USB01.a(LCD_Char.o)
                0x000039f4                LCD_Char_WriteControl
 .text.LCD_Char_IsReady
                0x00003a28      0x178 .\CortexM3\ARM_GCC_493\Debug\SAR_SPIM_USB01.a(LCD_Char.o)
                0x00003a28                LCD_Char_IsReady
 .text.LCD_Char_WrDatNib
                0x00003ba0       0x78 .\CortexM3\ARM_GCC_493\Debug\SAR_SPIM_USB01.a(LCD_Char.o)
 .text.LCD_Char_WrCntrlNib
                0x00003c18       0x60 .\CortexM3\ARM_GCC_493\Debug\SAR_SPIM_USB01.a(LCD_Char.o)
 .text.LCD_Char_PrintInt8
                0x00003c78       0x38 .\CortexM3\ARM_GCC_493\Debug\SAR_SPIM_USB01.a(LCD_Char.o)
                0x00003c78                LCD_Char_PrintInt8
 .text.LCD_Char_PrintInt16
                0x00003cb0       0x28 .\CortexM3\ARM_GCC_493\Debug\SAR_SPIM_USB01.a(LCD_Char.o)
                0x00003cb0                LCD_Char_PrintInt16
 .text.ADC_SAR_0_Start
                0x00003cd8       0x20 .\CortexM3\ARM_GCC_493\Debug\SAR_SPIM_USB01.a(ADC_SAR_0.o)
                0x00003cd8                ADC_SAR_0_Start
 .text.ADC_SAR_0_Init
                0x00003cf8       0x44 .\CortexM3\ARM_GCC_493\Debug\SAR_SPIM_USB01.a(ADC_SAR_0.o)
                0x00003cf8                ADC_SAR_0_Init
 .text.ADC_SAR_0_Enable
                0x00003d3c       0xf4 .\CortexM3\ARM_GCC_493\Debug\SAR_SPIM_USB01.a(ADC_SAR_0.o)
                0x00003d3c                ADC_SAR_0_Enable
 .text.ADC_SAR_0_SetResolution
                0x00003e30       0x50 .\CortexM3\ARM_GCC_493\Debug\SAR_SPIM_USB01.a(ADC_SAR_0.o)
                0x00003e30                ADC_SAR_0_SetResolution
 .text.ADC_SAR_0_StartConvert
                0x00003e80       0x30 .\CortexM3\ARM_GCC_493\Debug\SAR_SPIM_USB01.a(ADC_SAR_0.o)
                0x00003e80                ADC_SAR_0_StartConvert
 .text.ADC_SAR_0_IsEndConversion
                0x00003eb0       0x40 .\CortexM3\ARM_GCC_493\Debug\SAR_SPIM_USB01.a(ADC_SAR_0.o)
                0x00003eb0                ADC_SAR_0_IsEndConversion
 .text.ADC_SAR_0_GetResult16
                0x00003ef0       0x34 .\CortexM3\ARM_GCC_493\Debug\SAR_SPIM_USB01.a(ADC_SAR_0.o)
                0x00003ef0                ADC_SAR_0_GetResult16
 .text.ADC_SAR_0_CalcGain
                0x00003f24       0x94 .\CortexM3\ARM_GCC_493\Debug\SAR_SPIM_USB01.a(ADC_SAR_0.o)
 .text.ADC_SAR_0_ISR
                0x00003fb8        0xc .\CortexM3\ARM_GCC_493\Debug\SAR_SPIM_USB01.a(ADC_SAR_0_INT.o)
                0x00003fb8                ADC_SAR_0_ISR
 .text.AMux_0_Start
                0x00003fc4       0x38 .\CortexM3\ARM_GCC_493\Debug\SAR_SPIM_USB01.a(AMux_0.o)
                0x00003fc4                AMux_0_Start
 .text.AMux_0_FastSelect
                0x00003ffc       0x3c .\CortexM3\ARM_GCC_493\Debug\SAR_SPIM_USB01.a(AMux_0.o)
                0x00003ffc                AMux_0_FastSelect
 .text.AMux_0_Disconnect
                0x00004038       0x20 .\CortexM3\ARM_GCC_493\Debug\SAR_SPIM_USB01.a(AMux_0.o)
                0x00004038                AMux_0_Disconnect
 .text.ADC_SAR_1_theACLK_SetModeRegister
                0x00004058       0x34 .\CortexM3\ARM_GCC_493\Debug\SAR_SPIM_USB01.a(ADC_SAR_1_theACLK.o)
                0x00004058                ADC_SAR_1_theACLK_SetModeRegister
 .text.USBUART_1_Dp_ClearInterrupt
                0x0000408c       0x20 .\CortexM3\ARM_GCC_493\Debug\SAR_SPIM_USB01.a(USBUART_1_Dp.o)
                0x0000408c                USBUART_1_Dp_ClearInterrupt
 .text.ADC_SAR_0_theACLK_SetModeRegister
                0x000040ac       0x34 .\CortexM3\ARM_GCC_493\Debug\SAR_SPIM_USB01.a(ADC_SAR_0_theACLK.o)
                0x000040ac                ADC_SAR_0_theACLK_SetModeRegister
 .text          0x000040e0       0x20 .\CortexM3\ARM_GCC_493\Debug\SAR_SPIM_USB01.a(CyBootAsmGnu.o)
                0x000040e0                CyDelayCycles
                0x000040f0                CyEnterCriticalSection
                0x000040f8                CyExitCriticalSection
 .text.CyHalt   0x00004100       0x18 .\CortexM3\ARM_GCC_493\Debug\SAR_SPIM_USB01.a(CyLib.o)
                0x00004100                CyHalt
 .text.CyDelay  0x00004118       0x44 .\CortexM3\ARM_GCC_493\Debug\SAR_SPIM_USB01.a(CyLib.o)
                0x00004118                CyDelay
 .text.CyDelayUs
                0x0000415c       0x24 .\CortexM3\ARM_GCC_493\Debug\SAR_SPIM_USB01.a(CyLib.o)
                0x0000415c                CyDelayUs
 .text.CyIntSetVector
                0x00004180       0x50 .\CortexM3\ARM_GCC_493\Debug\SAR_SPIM_USB01.a(CyLib.o)
                0x00004180                CyIntSetVector
 .text.CyIntSetPriority
                0x000041d0       0x44 .\CortexM3\ARM_GCC_493\Debug\SAR_SPIM_USB01.a(CyLib.o)
                0x000041d0                CyIntSetPriority
 .text.CyGetUniqueId
                0x00004214       0xc4 .\CortexM3\ARM_GCC_493\Debug\SAR_SPIM_USB01.a(CyLib.o)
                0x00004214                CyGetUniqueId
 .text.USBUART_1_DispatchClassRqst
                0x000042d8       0x88 .\CortexM3\ARM_GCC_493\Debug\SAR_SPIM_USB01.a(USBUART_1_cls.o)
                0x000042d8                USBUART_1_DispatchClassRqst
 .text.__errno  0x00004360        0xc c:/program files (x86)/cypress/psoc creator/3.3/psoc creator/import/gnu/arm/4.9.3/bin/../lib/gcc/arm-none-eabi/4.9.3/../../../../arm-none-eabi/lib/armv7-m\libg_nano.a(lib_a-errno.o)
                0x00004360                __errno
 .text.__libc_init_array
                0x0000436c       0x4c c:/program files (x86)/cypress/psoc creator/3.3/psoc creator/import/gnu/arm/4.9.3/bin/../lib/gcc/arm-none-eabi/4.9.3/../../../../arm-none-eabi/lib/armv7-m\libg_nano.a(lib_a-init.o)
                0x0000436c                __libc_init_array
 .text.memcpy   0x000043b8       0x16 c:/program files (x86)/cypress/psoc creator/3.3/psoc creator/import/gnu/arm/4.9.3/bin/../lib/gcc/arm-none-eabi/4.9.3/../../../../arm-none-eabi/lib/armv7-m\libg_nano.a(lib_a-memcpy.o)
                0x000043b8                memcpy
 .text.memset   0x000043ce       0x10 c:/program files (x86)/cypress/psoc creator/3.3/psoc creator/import/gnu/arm/4.9.3/bin/../lib/gcc/arm-none-eabi/4.9.3/../../../../arm-none-eabi/lib/armv7-m\libg_nano.a(lib_a-memset.o)
                0x000043ce                memset
 .text.__cvt    0x000043de       0xbc c:/program files (x86)/cypress/psoc creator/3.3/psoc creator/import/gnu/arm/4.9.3/bin/../lib/gcc/arm-none-eabi/4.9.3/../../../../arm-none-eabi/lib/armv7-m\libg_nano.a(lib_a-nano-vfprintf_float.o)
                0x000043de                __cvt
 .text.__exponent
                0x0000449a       0x62 c:/program files (x86)/cypress/psoc creator/3.3/psoc creator/import/gnu/arm/4.9.3/bin/../lib/gcc/arm-none-eabi/4.9.3/../../../../arm-none-eabi/lib/armv7-m\libg_nano.a(lib_a-nano-vfprintf_float.o)
                0x0000449a                __exponent
 .text._printf_float
                0x000044fc      0x48c c:/program files (x86)/cypress/psoc creator/3.3/psoc creator/import/gnu/arm/4.9.3/bin/../lib/gcc/arm-none-eabi/4.9.3/../../../../arm-none-eabi/lib/armv7-m\libg_nano.a(lib_a-nano-vfprintf_float.o)
                0x000044fc                _printf_float
 .text._printf_common
                0x00004988       0xea c:/program files (x86)/cypress/psoc creator/3.3/psoc creator/import/gnu/arm/4.9.3/bin/../lib/gcc/arm-none-eabi/4.9.3/../../../../arm-none-eabi/lib/armv7-m\libg_nano.a(lib_a-nano-vfprintf_i.o)
                0x00004988                _printf_common
 *fill*         0x00004a72        0x2 
 .text._printf_i
                0x00004a74      0x240 c:/program files (x86)/cypress/psoc creator/3.3/psoc creator/import/gnu/arm/4.9.3/bin/../lib/gcc/arm-none-eabi/4.9.3/../../../../arm-none-eabi/lib/armv7-m\libg_nano.a(lib_a-nano-vfprintf_i.o)
                0x00004a74                _printf_i
 .text.__fpclassifyd
                0x00004cb4       0x50 c:/program files (x86)/cypress/psoc creator/3.3/psoc creator/import/gnu/arm/4.9.3/bin/../lib/gcc/arm-none-eabi/4.9.3/../../../../arm-none-eabi/lib/armv7-m\libg_nano.a(lib_a-s_fpclassify.o)
                0x00004cb4                __fpclassifyd
 .text.sprintf  0x00004d04       0x48 c:/program files (x86)/cypress/psoc creator/3.3/psoc creator/import/gnu/arm/4.9.3/bin/../lib/gcc/arm-none-eabi/4.9.3/../../../../arm-none-eabi/lib/armv7-m\libg_nano.a(lib_a-sprintf.o)
                0x00004d04                siprintf
                0x00004d04                sprintf
 .text.strlen   0x00004d4c       0x10 c:/program files (x86)/cypress/psoc creator/3.3/psoc creator/import/gnu/arm/4.9.3/bin/../lib/gcc/arm-none-eabi/4.9.3/../../../../arm-none-eabi/lib/armv7-m\libg_nano.a(lib_a-strlen.o)
                0x00004d4c                strlen
 .text.quorem   0x00004d5c      0x114 c:/program files (x86)/cypress/psoc creator/3.3/psoc creator/import/gnu/arm/4.9.3/bin/../lib/gcc/arm-none-eabi/4.9.3/../../../../arm-none-eabi/lib/armv7-m\libg_nano.a(lib_a-dtoa.o)
 .text._dtoa_r  0x00004e70      0xb78 c:/program files (x86)/cypress/psoc creator/3.3/psoc creator/import/gnu/arm/4.9.3/bin/../lib/gcc/arm-none-eabi/4.9.3/../../../../arm-none-eabi/lib/armv7-m\libg_nano.a(lib_a-dtoa.o)
                0x00004e70                _dtoa_r
 .text._localeconv_r
                0x000059e8        0x8 c:/program files (x86)/cypress/psoc creator/3.3/psoc creator/import/gnu/arm/4.9.3/bin/../lib/gcc/arm-none-eabi/4.9.3/../../../../arm-none-eabi/lib/armv7-m\libg_nano.a(lib_a-locale.o)
                0x000059e8                _localeconv_r
 .text.malloc   0x000059f0       0x10 c:/program files (x86)/cypress/psoc creator/3.3/psoc creator/import/gnu/arm/4.9.3/bin/../lib/gcc/arm-none-eabi/4.9.3/../../../../arm-none-eabi/lib/armv7-m\libg_nano.a(lib_a-malloc.o)
                0x000059f0                malloc
 .text.memchr   0x00005a00       0x1c c:/program files (x86)/cypress/psoc creator/3.3/psoc creator/import/gnu/arm/4.9.3/bin/../lib/gcc/arm-none-eabi/4.9.3/../../../../arm-none-eabi/lib/armv7-m\libg_nano.a(lib_a-memchr.o)
                0x00005a00                memchr
 .text._Balloc  0x00005a1c       0x6a c:/program files (x86)/cypress/psoc creator/3.3/psoc creator/import/gnu/arm/4.9.3/bin/../lib/gcc/arm-none-eabi/4.9.3/../../../../arm-none-eabi/lib/armv7-m\libg_nano.a(lib_a-mprec.o)
                0x00005a1c                _Balloc
 .text._Bfree   0x00005a86       0x2e c:/program files (x86)/cypress/psoc creator/3.3/psoc creator/import/gnu/arm/4.9.3/bin/../lib/gcc/arm-none-eabi/4.9.3/../../../../arm-none-eabi/lib/armv7-m\libg_nano.a(lib_a-mprec.o)
                0x00005a86                _Bfree
 .text.__multadd
                0x00005ab4       0x7c c:/program files (x86)/cypress/psoc creator/3.3/psoc creator/import/gnu/arm/4.9.3/bin/../lib/gcc/arm-none-eabi/4.9.3/../../../../arm-none-eabi/lib/armv7-m\libg_nano.a(lib_a-mprec.o)
                0x00005ab4                __multadd
 .text.__hi0bits
                0x00005b30       0x40 c:/program files (x86)/cypress/psoc creator/3.3/psoc creator/import/gnu/arm/4.9.3/bin/../lib/gcc/arm-none-eabi/4.9.3/../../../../arm-none-eabi/lib/armv7-m\libg_nano.a(lib_a-mprec.o)
                0x00005b30                __hi0bits
 .text.__lo0bits
                0x00005b70       0x5a c:/program files (x86)/cypress/psoc creator/3.3/psoc creator/import/gnu/arm/4.9.3/bin/../lib/gcc/arm-none-eabi/4.9.3/../../../../arm-none-eabi/lib/armv7-m\libg_nano.a(lib_a-mprec.o)
                0x00005b70                __lo0bits
 .text.__i2b    0x00005bca       0x12 c:/program files (x86)/cypress/psoc creator/3.3/psoc creator/import/gnu/arm/4.9.3/bin/../lib/gcc/arm-none-eabi/4.9.3/../../../../arm-none-eabi/lib/armv7-m\libg_nano.a(lib_a-mprec.o)
                0x00005bca                __i2b
 .text.__multiply
                0x00005bdc      0x120 c:/program files (x86)/cypress/psoc creator/3.3/psoc creator/import/gnu/arm/4.9.3/bin/../lib/gcc/arm-none-eabi/4.9.3/../../../../arm-none-eabi/lib/armv7-m\libg_nano.a(lib_a-mprec.o)
                0x00005bdc                __multiply
 .text.__pow5mult
                0x00005cfc       0x9c c:/program files (x86)/cypress/psoc creator/3.3/psoc creator/import/gnu/arm/4.9.3/bin/../lib/gcc/arm-none-eabi/4.9.3/../../../../arm-none-eabi/lib/armv7-m\libg_nano.a(lib_a-mprec.o)
                0x00005cfc                __pow5mult
 .text.__lshift
                0x00005d98       0xa6 c:/program files (x86)/cypress/psoc creator/3.3/psoc creator/import/gnu/arm/4.9.3/bin/../lib/gcc/arm-none-eabi/4.9.3/../../../../arm-none-eabi/lib/armv7-m\libg_nano.a(lib_a-mprec.o)
                0x00005d98                __lshift
 .text.__mcmp   0x00005e3e       0x38 c:/program files (x86)/cypress/psoc creator/3.3/psoc creator/import/gnu/arm/4.9.3/bin/../lib/gcc/arm-none-eabi/4.9.3/../../../../arm-none-eabi/lib/armv7-m\libg_nano.a(lib_a-mprec.o)
                0x00005e3e                __mcmp
 .text.__mdiff  0x00005e76       0xbe c:/program files (x86)/cypress/psoc creator/3.3/psoc creator/import/gnu/arm/4.9.3/bin/../lib/gcc/arm-none-eabi/4.9.3/../../../../arm-none-eabi/lib/armv7-m\libg_nano.a(lib_a-mprec.o)
                0x00005e76                __mdiff
 .text.__d2b    0x00005f34       0xa4 c:/program files (x86)/cypress/psoc creator/3.3/psoc creator/import/gnu/arm/4.9.3/bin/../lib/gcc/arm-none-eabi/4.9.3/../../../../arm-none-eabi/lib/armv7-m\libg_nano.a(lib_a-mprec.o)
                0x00005f34                __d2b
 .text._calloc_r
                0x00005fd8       0x1c c:/program files (x86)/cypress/psoc creator/3.3/psoc creator/import/gnu/arm/4.9.3/bin/../lib/gcc/arm-none-eabi/4.9.3/../../../../arm-none-eabi/lib/armv7-m\libg_nano.a(lib_a-nano-callocr.o)
                0x00005fd8                _calloc_r
 .text._free_r  0x00005ff4       0x88 c:/program files (x86)/cypress/psoc creator/3.3/psoc creator/import/gnu/arm/4.9.3/bin/../lib/gcc/arm-none-eabi/4.9.3/../../../../arm-none-eabi/lib/armv7-m\libg_nano.a(lib_a-nano-freer.o)
                0x00005ff4                _free_r
 .text._malloc_r
                0x0000607c       0xac c:/program files (x86)/cypress/psoc creator/3.3/psoc creator/import/gnu/arm/4.9.3/bin/../lib/gcc/arm-none-eabi/4.9.3/../../../../arm-none-eabi/lib/armv7-m\libg_nano.a(lib_a-nano-mallocr.o)
                0x0000607c                _malloc_r
 .text.__ssputs_r
                0x00006128       0xb2 c:/program files (x86)/cypress/psoc creator/3.3/psoc creator/import/gnu/arm/4.9.3/bin/../lib/gcc/arm-none-eabi/4.9.3/../../../../arm-none-eabi/lib/armv7-m\libg_nano.a(lib_a-nano-svfprintf.o)
                0x00006128                __ssputs_r
 *fill*         0x000061da        0x2 
 .text._svfprintf_r
                0x000061dc      0x1e4 c:/program files (x86)/cypress/psoc creator/3.3/psoc creator/import/gnu/arm/4.9.3/bin/../lib/gcc/arm-none-eabi/4.9.3/../../../../arm-none-eabi/lib/armv7-m\libg_nano.a(lib_a-nano-svfprintf.o)
                0x000061dc                _svfiprintf_r
                0x000061dc                _svfprintf_r
 .text._sbrk_r  0x000063c0       0x20 c:/program files (x86)/cypress/psoc creator/3.3/psoc creator/import/gnu/arm/4.9.3/bin/../lib/gcc/arm-none-eabi/4.9.3/../../../../arm-none-eabi/lib/armv7-m\libg_nano.a(lib_a-sbrkr.o)
                0x000063c0                _sbrk_r
 .text.memmove  0x000063e0       0x36 c:/program files (x86)/cypress/psoc creator/3.3/psoc creator/import/gnu/arm/4.9.3/bin/../lib/gcc/arm-none-eabi/4.9.3/../../../../arm-none-eabi/lib/armv7-m\libg_nano.a(lib_a-memmove.o)
                0x000063e0                memmove
 .text._realloc_r
                0x00006416       0x4c c:/program files (x86)/cypress/psoc creator/3.3/psoc creator/import/gnu/arm/4.9.3/bin/../lib/gcc/arm-none-eabi/4.9.3/../../../../arm-none-eabi/lib/armv7-m\libg_nano.a(lib_a-nano-reallocr.o)
                0x00006416                _realloc_r
 .text._malloc_usable_size_r
                0x00006462       0x14 c:/program files (x86)/cypress/psoc creator/3.3/psoc creator/import/gnu/arm/4.9.3/bin/../lib/gcc/arm-none-eabi/4.9.3/../../../../arm-none-eabi/lib/armv7-m\libg_nano.a(lib_a-nano-msizer.o)
                0x00006462                _malloc_usable_size_r
 *fill*         0x00006476        0x2 
 .text          0x00006478      0x370 c:/program files (x86)/cypress/psoc creator/3.3/psoc creator/import/gnu/arm/4.9.3/bin/../lib/gcc/arm-none-eabi/4.9.3/armv7-m\libgcc.a(_arm_addsubdf3.o)
                0x00006478                __aeabi_drsub
                0x00006480                __aeabi_dsub
                0x00006480                __subdf3
                0x00006484                __aeabi_dadd
                0x00006484                __adddf3
                0x000066fc                __floatunsidf
                0x000066fc                __aeabi_ui2d
                0x0000671c                __floatsidf
                0x0000671c                __aeabi_i2d
                0x00006740                __aeabi_f2d
                0x00006740                __extendsfdf2
                0x0000677c                __floatundidf
                0x0000677c                __aeabi_ul2d
                0x0000678c                __floatdidf
                0x0000678c                __aeabi_l2d
 .text          0x000067e8      0x424 c:/program files (x86)/cypress/psoc creator/3.3/psoc creator/import/gnu/arm/4.9.3/bin/../lib/gcc/arm-none-eabi/4.9.3/armv7-m\libgcc.a(_arm_muldivdf3.o)
                0x000067e8                __aeabi_dmul
                0x000067e8                __muldf3
                0x00006a3c                __divdf3
                0x00006a3c                __aeabi_ddiv
 .text          0x00006c0c      0x110 c:/program files (x86)/cypress/psoc creator/3.3/psoc creator/import/gnu/arm/4.9.3/bin/../lib/gcc/arm-none-eabi/4.9.3/armv7-m\libgcc.a(_arm_cmpdf2.o)
                0x00006c0c                __gtdf2
                0x00006c0c                __gedf2
                0x00006c14                __ltdf2
                0x00006c14                __ledf2
                0x00006c1c                __nedf2
                0x00006c1c                __eqdf2
                0x00006c1c                __cmpdf2
                0x00006c98                __aeabi_cdrcmple
                0x00006ca8                __aeabi_cdcmpeq
                0x00006ca8                __aeabi_cdcmple
                0x00006cb8                __aeabi_dcmpeq
                0x00006ccc                __aeabi_dcmplt
                0x00006ce0                __aeabi_dcmple
                0x00006cf4                __aeabi_dcmpge
                0x00006d08                __aeabi_dcmpgt
 .text          0x00006d1c       0x50 c:/program files (x86)/cypress/psoc creator/3.3/psoc creator/import/gnu/arm/4.9.3/bin/../lib/gcc/arm-none-eabi/4.9.3/armv7-m\libgcc.a(_arm_fixdfsi.o)
                0x00006d1c                __aeabi_d2iz
                0x00006d1c                __fixdfsi
 *(.plt)
 *(.gnu.warning)
 *(.glue_7t)
 .glue_7t       0x00000000        0x0 linker stubs
 *(.glue_7)
 .glue_7        0x00000000        0x0 linker stubs
 *(.vfp11_veneer)
 .vfp11_veneer  0x00000000        0x0 linker stubs
 *(.bootloader)
 *(.ARM.extab* .gnu.linkonce.armextab.*)
 *(.gcc_except_table)

.v4_bx          0x00006d6c        0x0
 .v4_bx         0x00000000        0x0 linker stubs

.iplt           0x00006d6c        0x0
 .iplt          0x00000000        0x0 c:/program files (x86)/cypress/psoc creator/3.3/psoc creator/import/gnu/arm/4.9.3/bin/../lib/gcc/arm-none-eabi/4.9.3/armv7-m/crtbegin.o

.eh_frame_hdr
 *(.eh_frame_hdr)

.eh_frame       0x00006d6c        0x4
 *(.eh_frame)
 .eh_frame      0x00006d6c        0x0 c:/program files (x86)/cypress/psoc creator/3.3/psoc creator/import/gnu/arm/4.9.3/bin/../lib/gcc/arm-none-eabi/4.9.3/armv7-m/crtbegin.o
 .eh_frame      0x00006d6c        0x0 c:/program files (x86)/cypress/psoc creator/3.3/psoc creator/import/gnu/arm/4.9.3/bin/../lib/gcc/arm-none-eabi/4.9.3/../../../../arm-none-eabi/lib/armv7-m\libg_nano.a(lib_a-strcmp.o)
                                 0x28 (size before relaxing)
 .eh_frame      0x00006d6c        0x4 c:/program files (x86)/cypress/psoc creator/3.3/psoc creator/import/gnu/arm/4.9.3/bin/../lib/gcc/arm-none-eabi/4.9.3/armv7-m/crtend.o
                0x00006d70                PROVIDE (__exidx_start, .)

.ARM.exidx
 *(.ARM.exidx* .gnu.linkonce.armexidx.*)
                0x00006d70                __exidx_end = .

.rodata         0x00006d70      0x5d0
 *(.rodata .rodata.* .gnu.linkonce.r.*)
 .rodata        0x00006d70       0x98 .\CortexM3\ARM_GCC_493\Debug\main.o
 .rodata        0x00006e08      0x19c .\CortexM3\ARM_GCC_493\Debug\SAR_SPIM_USB01.a(cyfitter_cfg.o)
                0x00006e08                AMux_0_CYAMUXSIDE_A__addrTable
                0x00006e28                AMux_0_CYAMUXSIDE_A__maskTable
                0x00006e30                AMux_0_CYAMUXSIDE_B__addrTable
                0x00006e50                AMux_0_CYAMUXSIDE_B__maskTable
                0x00006e58                AMux_1_CYAMUXSIDE_A__addrTable
                0x00006e78                AMux_1_CYAMUXSIDE_A__maskTable
                0x00006e80                AMux_1_CYAMUXSIDE_B__addrTable
                0x00006e90                AMux_1_CYAMUXSIDE_B__maskTable
 .rodata        0x00006fa4       0x14 .\CortexM3\ARM_GCC_493\Debug\SAR_SPIM_USB01.a(USBUART_1_std.o)
 .rodata        0x00006fb8       0x10 .\CortexM3\ARM_GCC_493\Debug\SAR_SPIM_USB01.a(LCD_Char.o)
 .rodata        0x00006fc8      0x1e0 .\CortexM3\ARM_GCC_493\Debug\SAR_SPIM_USB01.a(USBUART_1_descr.o)
                0x00006fc8                USBUART_1_DEVICE0_DESCR
                0x00006fdc                USBUART_1_DEVICE0_CONFIGURATION0_DESCR
                0x00007020                USBUART_1_STRING_DESCRIPTORS
                0x000070cc                USBUART_1_SN_STRING_DESCRIPTOR
                0x000070d0                USBUART_1_HIDREPORT_DESCRIPTOR1
                0x00007108                USBUART_1_DEVICE0_CONFIGURATION0_EP_SETTINGS_TABLE
                0x00007120                USBUART_1_DEVICE0_CONFIGURATION0_INTERFACE_CLASS
                0x00007124                USBUART_1_DEVICE0_CONFIGURATION0_TABLE
                0x0000714c                USBUART_1_DEVICE0_TABLE
                0x00007164                USBUART_1_TABLE
                0x0000716c                USBUART_1_MSOS_DESCRIPTOR
                0x00007180                USBUART_1_MSOS_CONFIGURATION_DESCR
 .rodata.str1.1
                0x000071a8        0x2 c:/program files (x86)/cypress/psoc creator/3.3/psoc creator/import/gnu/arm/4.9.3/bin/../lib/gcc/arm-none-eabi/4.9.3/../../../../arm-none-eabi/lib/armv7-m\libg_nano.a(lib_a-impure.o)
 .rodata.str1.1
                0x000071aa       0x12 c:/program files (x86)/cypress/psoc creator/3.3/psoc creator/import/gnu/arm/4.9.3/bin/../lib/gcc/arm-none-eabi/4.9.3/../../../../arm-none-eabi/lib/armv7-m\libg_nano.a(lib_a-nano-vfprintf_float.o)
 .rodata.str1.1
                0x000071bc       0x22 c:/program files (x86)/cypress/psoc creator/3.3/psoc creator/import/gnu/arm/4.9.3/bin/../lib/gcc/arm-none-eabi/4.9.3/../../../../arm-none-eabi/lib/armv7-m\libg_nano.a(lib_a-nano-vfprintf_i.o)
 .rodata.str1.1
                0x000071de        0xd c:/program files (x86)/cypress/psoc creator/3.3/psoc creator/import/gnu/arm/4.9.3/bin/../lib/gcc/arm-none-eabi/4.9.3/../../../../arm-none-eabi/lib/armv7-m\libg_nano.a(lib_a-dtoa.o)
                                  0xf (size before relaxing)
 .rodata.str1.1
                0x000071eb        0x8 c:/program files (x86)/cypress/psoc creator/3.3/psoc creator/import/gnu/arm/4.9.3/bin/../lib/gcc/arm-none-eabi/4.9.3/../../../../arm-none-eabi/lib/armv7-m\libg_nano.a(lib_a-locale.o)
                                  0xb (size before relaxing)
 *fill*         0x000071f3        0x5 
 .rodata.__mprec_tens
                0x000071f8       0xc8 c:/program files (x86)/cypress/psoc creator/3.3/psoc creator/import/gnu/arm/4.9.3/bin/../lib/gcc/arm-none-eabi/4.9.3/../../../../arm-none-eabi/lib/armv7-m\libg_nano.a(lib_a-mprec.o)
                0x000071f8                __mprec_tens
 .rodata.__mprec_bigtens
                0x000072c0       0x28 c:/program files (x86)/cypress/psoc creator/3.3/psoc creator/import/gnu/arm/4.9.3/bin/../lib/gcc/arm-none-eabi/4.9.3/../../../../arm-none-eabi/lib/armv7-m\libg_nano.a(lib_a-mprec.o)
                0x000072c0                __mprec_bigtens
 .rodata.p05.5308
                0x000072e8        0xc c:/program files (x86)/cypress/psoc creator/3.3/psoc creator/import/gnu/arm/4.9.3/bin/../lib/gcc/arm-none-eabi/4.9.3/../../../../arm-none-eabi/lib/armv7-m\libg_nano.a(lib_a-mprec.o)
 .rodata.str1.1
                0x000072f4       0x11 c:/program files (x86)/cypress/psoc creator/3.3/psoc creator/import/gnu/arm/4.9.3/bin/../lib/gcc/arm-none-eabi/4.9.3/../../../../arm-none-eabi/lib/armv7-m\libg_nano.a(lib_a-nano-svfprintf.o)
                0x00007308                . = ALIGN (0x4)
 *fill*         0x00007305        0x3 
 *(.init)
 .init          0x00007308        0x4 c:/program files (x86)/cypress/psoc creator/3.3/psoc creator/import/gnu/arm/4.9.3/bin/../lib/gcc/arm-none-eabi/4.9.3/armv7-m/crti.o
                0x00007308                _init
 .init          0x0000730c        0x8 c:/program files (x86)/cypress/psoc creator/3.3/psoc creator/import/gnu/arm/4.9.3/bin/../lib/gcc/arm-none-eabi/4.9.3/armv7-m/crtn.o
                0x00007314                . = ALIGN (0x4)
                0x00007314                __preinit_array_start = .
 *(.preinit_array)
                0x00007314                __preinit_array_end = .
                0x00007314                . = ALIGN (0x4)
                0x00007314                __init_array_start = .
 *(SORT(.init_array.*))
 *(.init_array)
 .init_array    0x00007314        0x4 c:/program files (x86)/cypress/psoc creator/3.3/psoc creator/import/gnu/arm/4.9.3/bin/../lib/gcc/arm-none-eabi/4.9.3/armv7-m/crtbegin.o
 .init_array    0x00007318        0x4 .\CortexM3\ARM_GCC_493\Debug\Cm3Start.o
                0x0000731c                __init_array_end = .
                0x0000731c                . = ALIGN (0x4)
 *(.fini)
 .fini          0x0000731c        0x4 c:/program files (x86)/cypress/psoc creator/3.3/psoc creator/import/gnu/arm/4.9.3/bin/../lib/gcc/arm-none-eabi/4.9.3/armv7-m/crti.o
                0x0000731c                _fini
 .fini          0x00007320        0x8 c:/program files (x86)/cypress/psoc creator/3.3/psoc creator/import/gnu/arm/4.9.3/bin/../lib/gcc/arm-none-eabi/4.9.3/armv7-m/crtn.o
                0x00007328                . = ALIGN (0x4)
                0x00007328                __fini_array_start = .
 *(.fini_array)
 .fini_array    0x00007328        0x4 c:/program files (x86)/cypress/psoc creator/3.3/psoc creator/import/gnu/arm/4.9.3/bin/../lib/gcc/arm-none-eabi/4.9.3/armv7-m/crtbegin.o
 *(SORT(.fini_array.*))
                0x0000732c                __fini_array_end = .
                0x0000732c                . = ALIGN (0x4)
 *crtbegin.o(.ctors)
 *(EXCLUDE_FILE(*crtend.o) .ctors)
 *(SORT(.ctors.*))
 *crtend.o(.ctors)
                0x0000732c                . = ALIGN (0x4)
 *crtbegin.o(.dtors)
 *(EXCLUDE_FILE(*crtend.o) .dtors)
 *(SORT(.dtors.*))
 *crtend.o(.dtors)
                0x0000732c                . = ALIGN (0x4)
                0x0000732c                __cy_regions = .
                0x0000732c        0x4 LONG 0x7340 __cy_region_init_ram
                0x00007330        0x4 LONG 0x1fff8108 __cy_region_start_data
                0x00007334        0x4 LONG 0xd8 __cy_region_init_size_ram
                0x00007338        0x4 LONG 0x140 __cy_region_zero_size_ram
                0x0000733c                __cy_regions_end = .
                0x00007340                . = ALIGN (0x8)
 *fill*         0x0000733c        0x4 
                0x00007340                _etext = .

.cy_checksum_exclude
                0x00007340        0x0
 *(.cy_checksum_exclude)

.ramvectors     0x1fff8000      0x100
                0x1fff8000                __cy_region_start_ram = .
 *(.ramvectors)
 .ramvectors    0x1fff8000      0x100 .\CortexM3\ARM_GCC_493\Debug\Cm3Start.o
                0x1fff8000                CyRamVectors

.noinit         0x1fff8100        0x5
 *(.noinit)
 .noinit        0x1fff8100        0x4 .\CortexM3\ARM_GCC_493\Debug\Cm3Start.o
 .noinit        0x1fff8104        0x1 .\CortexM3\ARM_GCC_493\Debug\SAR_SPIM_USB01.a(CyLib.o)
                0x1fff8104                CyResetStatus

.data           0x1fff8108       0xd8 load address 0x00007340
                0x1fff8108                __cy_region_start_data = .
 *(.jcr)
 .jcr           0x1fff8108        0x0 c:/program files (x86)/cypress/psoc creator/3.3/psoc creator/import/gnu/arm/4.9.3/bin/../lib/gcc/arm-none-eabi/4.9.3/armv7-m/crtbegin.o
 .jcr           0x1fff8108        0x4 c:/program files (x86)/cypress/psoc creator/3.3/psoc creator/import/gnu/arm/4.9.3/bin/../lib/gcc/arm-none-eabi/4.9.3/armv7-m/crtend.o
 *(.got.plt)
 *(.got)
 *(.shdata)
 *(.data .data.* .gnu.linkonce.d.*)
 .data          0x1fff810c        0x4 .\CortexM3\ARM_GCC_493\Debug\Cm3Start.o
 .data          0x1fff8110        0x1 .\CortexM3\ARM_GCC_493\Debug\SAR_SPIM_USB01.a(AMux_1.o)
 *fill*         0x1fff8111        0x3 
 .data          0x1fff8114       0x1c .\CortexM3\ARM_GCC_493\Debug\SAR_SPIM_USB01.a(USBUART_1_cdc.o)
                0x1fff8114                USBUART_1_linesCoding
 .data          0x1fff8130        0x1 .\CortexM3\ARM_GCC_493\Debug\SAR_SPIM_USB01.a(AMux_0.o)
 *fill*         0x1fff8131        0x3 
 .data          0x1fff8134       0x10 .\CortexM3\ARM_GCC_493\Debug\SAR_SPIM_USB01.a(CyLib.o)
                0x1fff8134                cydelay_freq_hz
                0x1fff8138                cydelay_freq_khz
                0x1fff813c                cydelay_freq_mhz
                0x1fff8140                cydelay_32k_ms
 .data.impure_data
                0x1fff8144       0x60 c:/program files (x86)/cypress/psoc creator/3.3/psoc creator/import/gnu/arm/4.9.3/bin/../lib/gcc/arm-none-eabi/4.9.3/../../../../arm-none-eabi/lib/armv7-m\libg_nano.a(lib_a-impure.o)
 .data._impure_ptr
                0x1fff81a4        0x4 c:/program files (x86)/cypress/psoc creator/3.3/psoc creator/import/gnu/arm/4.9.3/bin/../lib/gcc/arm-none-eabi/4.9.3/../../../../arm-none-eabi/lib/armv7-m\libg_nano.a(lib_a-impure.o)
                0x1fff81a4                _impure_ptr
 .data.lconv    0x1fff81a8       0x38 c:/program files (x86)/cypress/psoc creator/3.3/psoc creator/import/gnu/arm/4.9.3/bin/../lib/gcc/arm-none-eabi/4.9.3/../../../../arm-none-eabi/lib/armv7-m\libg_nano.a(lib_a-locale.o)
                0x1fff81e0                . = ALIGN (0x8)
 *(.ram)
                0x1fff81e0                _edata = .

.igot.plt       0x1fff81e0        0x0 load address 0x00007418
 .igot.plt      0x00000000        0x0 c:/program files (x86)/cypress/psoc creator/3.3/psoc creator/import/gnu/arm/4.9.3/bin/../lib/gcc/arm-none-eabi/4.9.3/armv7-m/crtbegin.o

.bss            0x1fff81e0      0x140 load address 0x00007418
                0x1fff81e0                PROVIDE (__bss_start__, .)
 *(.shbss)
 *(.bss .bss.* .gnu.linkonce.b.*)
 .bss           0x1fff81e0       0x1c c:/program files (x86)/cypress/psoc creator/3.3/psoc creator/import/gnu/arm/4.9.3/bin/../lib/gcc/arm-none-eabi/4.9.3/armv7-m/crtbegin.o
 *fill*         0x1fff81fc        0x4 
 .bss           0x1fff8200        0x8 .\CortexM3\ARM_GCC_493\Debug\SAR_SPIM_USB01.a(cyfitter_cfg.o)
 .bss           0x1fff8208        0x1 .\CortexM3\ARM_GCC_493\Debug\SAR_SPIM_USB01.a(IDAC8.o)
                0x1fff8208                IDAC8_initVar
 .bss           0x1fff8209        0x1 .\CortexM3\ARM_GCC_493\Debug\SAR_SPIM_USB01.a(ADC_SAR_1.o)
                0x1fff8209                ADC_SAR_1_initVar
 .bss           0x1fff820a        0x1 .\CortexM3\ARM_GCC_493\Debug\SAR_SPIM_USB01.a(SPIM.o)
                0x1fff820a                SPIM_initVar
 .bss           0x1fff820b        0x1 .\CortexM3\ARM_GCC_493\Debug\SAR_SPIM_USB01.a(USBUART_1.o)
                0x1fff820b                USBUART_1_initVar
 .bss           0x1fff820c        0x1 .\CortexM3\ARM_GCC_493\Debug\SAR_SPIM_USB01.a(USBUART_1_cdc.o)
 *fill*         0x1fff820d        0x3 
 .bss           0x1fff8210        0x4 .\CortexM3\ARM_GCC_493\Debug\SAR_SPIM_USB01.a(USBUART_1_std.o)
 .bss           0x1fff8214        0x2 .\CortexM3\ARM_GCC_493\Debug\SAR_SPIM_USB01.a(LCD_Char.o)
                0x1fff8214                LCD_Char_enableState
                0x1fff8215                LCD_Char_initVar
 .bss           0x1fff8216        0x1 .\CortexM3\ARM_GCC_493\Debug\SAR_SPIM_USB01.a(ADC_SAR_0.o)
                0x1fff8216                ADC_SAR_0_initVar
 *fill*         0x1fff8217        0x1 
 .bss.__malloc_sbrk_start
                0x1fff8218        0x4 c:/program files (x86)/cypress/psoc creator/3.3/psoc creator/import/gnu/arm/4.9.3/bin/../lib/gcc/arm-none-eabi/4.9.3/../../../../arm-none-eabi/lib/armv7-m\libg_nano.a(lib_a-nano-mallocr.o)
                0x1fff8218                __malloc_sbrk_start
 .bss.__malloc_free_list
                0x1fff821c        0x4 c:/program files (x86)/cypress/psoc creator/3.3/psoc creator/import/gnu/arm/4.9.3/bin/../lib/gcc/arm-none-eabi/4.9.3/../../../../arm-none-eabi/lib/armv7-m\libg_nano.a(lib_a-nano-mallocr.o)
                0x1fff821c                __malloc_free_list
 *(COMMON)
 COMMON         0x1fff8220        0xa .\CortexM3\ARM_GCC_493\Debug\SAR_SPIM_USB01.a(ADC_SAR_1.o)
                0x1fff8220                ADC_SAR_1_countsPerVolt
                0x1fff8222                ADC_SAR_1_shift
                0x1fff8224                ADC_SAR_1_countsPer10Volt
                0x1fff8228                ADC_SAR_1_offset
 *fill*         0x1fff822a        0x2 
 COMMON         0x1fff822c       0x18 .\CortexM3\ARM_GCC_493\Debug\SAR_SPIM_USB01.a(USBUART_1_cdc.o)
                0x1fff822c                USBUART_1_cdcDataInEp
                0x1fff8230                USBUART_1_cdcDataOutEp
                0x1fff8234                USBUART_1_cdcCommInInterruptEp
                0x1fff8238                USBUART_1_serialStateBitmap
                0x1fff823c                USBUART_1_linesChanged
                0x1fff8240                USBUART_1_linesControlBitmap
 COMMON         0x1fff8244       0x97 .\CortexM3\ARM_GCC_493\Debug\SAR_SPIM_USB01.a(USBUART_1_drv.o)
                0x1fff8244                USBUART_1_interfaceSettingLast
                0x1fff8246                USBUART_1_ep0Mode
                0x1fff8247                USBUART_1_lastPacketSize
                0x1fff8248                USBUART_1_configurationChanged
                0x1fff8249                USBUART_1_configuration
                0x1fff824a                USBUART_1_interfaceNumber
                0x1fff824b                USBUART_1_deviceStatus
                0x1fff824c                USBUART_1_ep0Toggle
                0x1fff8250                USBUART_1_interfaceClass
                0x1fff8254                USBUART_1_interfaceSetting
                0x1fff8258                USBUART_1_currentTD
                0x1fff8264                USBUART_1_ep0Count
                0x1fff8268                USBUART_1_EP
                0x1fff82d4                USBUART_1_transferByteCount
                0x1fff82d6                USBUART_1_transferState
                0x1fff82d7                USBUART_1_device
                0x1fff82d8                USBUART_1_interfaceStatus
                0x1fff82da                USBUART_1_deviceAddress
 *fill*         0x1fff82db        0x1 
 COMMON         0x1fff82dc        0xa .\CortexM3\ARM_GCC_493\Debug\SAR_SPIM_USB01.a(USBUART_1_hid.o)
                0x1fff82dc                USBUART_1_hidProtocol
                0x1fff82e0                USBUART_1_hidIdleTimer
                0x1fff82e4                USBUART_1_hidIdleRate
 *fill*         0x1fff82e6        0x2 
 COMMON         0x1fff82e8        0xc .\CortexM3\ARM_GCC_493\Debug\SAR_SPIM_USB01.a(ADC_SAR_0.o)
                0x1fff82e8                ADC_SAR_0_shift
                0x1fff82ec                ADC_SAR_0_countsPer10Volt
                0x1fff82f0                ADC_SAR_0_countsPerVolt
                0x1fff82f2                ADC_SAR_0_offset
 COMMON         0x1fff82f4       0x22 .\CortexM3\ARM_GCC_493\Debug\SAR_SPIM_USB01.a(USBUART_1_descr.o)
                0x1fff82f4                USBUART_1_idSerialNumberStringDescriptor
 *fill*         0x1fff8316        0x2 
 COMMON         0x1fff8318        0x4 c:/program files (x86)/cypress/psoc creator/3.3/psoc creator/import/gnu/arm/4.9.3/bin/../lib/gcc/arm-none-eabi/4.9.3/../../../../arm-none-eabi/lib/armv7-m\libg_nano.a(lib_a-reent.o)
                0x1fff8318                errno
                0x1fff8320                . = ALIGN (0x8)
 *fill*         0x1fff831c        0x4 
 *(.ram.b)
                0x1fff8320                _end = .
                0x1fff8320                __end = .
                0x1fff8320                PROVIDE (end, .)
                0x1fff8320                PROVIDE (__bss_end__, .)
                0x00007340                __cy_region_init_ram = LOADADDR (.data)
                0x000000d8                __cy_region_init_size_ram = (_edata - ADDR (.data))
                0x00000140                __cy_region_zero_size_ram = (_end - _edata)

.heap           0x1fff8320     0x1000 load address 0x00007418
                0x1fff8320                . = _end
                0x1fff9320                . = (. + 0x1000)
 *fill*         0x1fff8320     0x1000 
                0x1fff9320                __cy_heap_limit = .

.stack          0x20004000     0x4000
                0x20004000                __cy_stack_limit = .
                0x20008000                . = (. + 0x4000)
 *fill*         0x20004000     0x4000 
                0x00000001                ASSERT ((__cy_stack_limit >= __cy_heap_limit), region RAM overflowed with stack)
                0x00000000                cy_checksum_exclude_size = (CY_APPL_LOADABLE == 0x1)?SIZEOF (.cy_checksum_exclude):0x0
                0x00000001                ASSERT ((cy_checksum_exclude_size <= CY_CHECKSUM_EXCLUDE_SIZE), CY_BOOT: Section .cy_checksum_exclude size exceedes specified limit.)

.cyloadermeta
 *(.cyloadermeta)

.cyloadablemeta
 *(.cyloadablemeta)

.cyconfigecc    0x80000000     0x1194
 *(.cyconfigecc)
 .cyconfigecc   0x80000000     0x1194 .\CortexM3\ARM_GCC_493\Debug\cymetadata.o
                0x80000000                cy_meta_configecc

.cycustnvl      0x90000000        0x4
 *(.cycustnvl)
 .cycustnvl     0x90000000        0x4 .\CortexM3\ARM_GCC_493\Debug\cymetadata.o
                0x90000000                cy_meta_custnvl

.cywolatch      0x90100000        0x4
 *(.cywolatch)
 .cywolatch     0x90100000        0x4 .\CortexM3\ARM_GCC_493\Debug\cymetadata.o
                0x90100000                cy_meta_wonvl

.cyeeprom       0x90200000        0x0
 *(.cyeeprom)
                0x00000001                ASSERT ((. <= ((0x90200000 + ee_offset) + ee_size)), .cyeeprom data will not fit in EEPROM)

.cyflashprotect
                0x90400000      0x100
 *(.cyflashprotect)
 .cyflashprotect
                0x90400000      0x100 .\CortexM3\ARM_GCC_493\Debug\cymetadata.o
                0x90400000                cy_meta_flashprotect

.cymeta         0x90500000        0xc
 *(.cymeta)
 .cymeta        0x90500000        0xc .\CortexM3\ARM_GCC_493\Debug\cymetadata.o
                0x90500000                cy_metadata

.rel.dyn        0x00007418        0x0 load address 0x9050000c
 .rel.iplt      0x00000000        0x0 c:/program files (x86)/cypress/psoc creator/3.3/psoc creator/import/gnu/arm/4.9.3/bin/../lib/gcc/arm-none-eabi/4.9.3/armv7-m/crtbegin.o

.stab
 *(.stab)

.stabstr
 *(.stabstr)

.debug
 *(.debug)

.line
 *(.line)

.debug_srcinfo
 *(.debug_srcinfo)

.debug_sfnames
 *(.debug_sfnames)

.debug_aranges  0x00000000      0xe60
 *(.debug_aranges)
 .debug_aranges
                0x00000000       0x28 .\CortexM3\ARM_GCC_493\Debug\main.o
 .debug_aranges
                0x00000028       0x18 .\CortexM3\ARM_GCC_493\Debug\cymetadata.o
 .debug_aranges
                0x00000040       0x48 .\CortexM3\ARM_GCC_493\Debug\Cm3Start.o
 .debug_aranges
                0x00000088       0xa0 .\CortexM3\ARM_GCC_493\Debug\SAR_SPIM_USB01.a(cyfitter_cfg.o)
 .debug_aranges
                0x00000128       0x60 .\CortexM3\ARM_GCC_493\Debug\SAR_SPIM_USB01.a(IDAC8.o)
 .debug_aranges
                0x00000188       0xa8 .\CortexM3\ARM_GCC_493\Debug\SAR_SPIM_USB01.a(ADC_SAR_1.o)
 .debug_aranges
                0x00000230       0x20 .\CortexM3\ARM_GCC_493\Debug\SAR_SPIM_USB01.a(ADC_SAR_1_INT.o)
 .debug_aranges
                0x00000250       0x40 .\CortexM3\ARM_GCC_493\Debug\SAR_SPIM_USB01.a(AMux_1.o)
 .debug_aranges
                0x00000290       0xd8 .\CortexM3\ARM_GCC_493\Debug\SAR_SPIM_USB01.a(SPIM.o)
 .debug_aranges
                0x00000368       0xc8 .\CortexM3\ARM_GCC_493\Debug\SAR_SPIM_USB01.a(USBUART_1.o)
 .debug_aranges
                0x00000430       0xe8 .\CortexM3\ARM_GCC_493\Debug\SAR_SPIM_USB01.a(USBUART_1_cdc.o)
 .debug_aranges
                0x00000518       0x98 .\CortexM3\ARM_GCC_493\Debug\SAR_SPIM_USB01.a(USBUART_1_drv.o)
 .debug_aranges
                0x000005b0       0x40 .\CortexM3\ARM_GCC_493\Debug\SAR_SPIM_USB01.a(USBUART_1_episr.o)
 .debug_aranges
                0x000005f0       0x48 .\CortexM3\ARM_GCC_493\Debug\SAR_SPIM_USB01.a(USBUART_1_hid.o)
 .debug_aranges
                0x00000638       0x40 .\CortexM3\ARM_GCC_493\Debug\SAR_SPIM_USB01.a(USBUART_1_pm.o)
 .debug_aranges
                0x00000678       0x80 .\CortexM3\ARM_GCC_493\Debug\SAR_SPIM_USB01.a(USBUART_1_std.o)
 .debug_aranges
                0x000006f8       0x20 .\CortexM3\ARM_GCC_493\Debug\SAR_SPIM_USB01.a(USBUART_1_vnd.o)
 .debug_aranges
                0x00000718       0x98 .\CortexM3\ARM_GCC_493\Debug\SAR_SPIM_USB01.a(LCD_Char.o)
 .debug_aranges
                0x000007b0       0xa8 .\CortexM3\ARM_GCC_493\Debug\SAR_SPIM_USB01.a(ADC_SAR_0.o)
 .debug_aranges
                0x00000858       0x20 .\CortexM3\ARM_GCC_493\Debug\SAR_SPIM_USB01.a(ADC_SAR_0_INT.o)
 .debug_aranges
                0x00000878       0x40 .\CortexM3\ARM_GCC_493\Debug\SAR_SPIM_USB01.a(AMux_0.o)
 .debug_aranges
                0x000008b8       0x70 .\CortexM3\ARM_GCC_493\Debug\SAR_SPIM_USB01.a(ADC_SAR_1_theACLK.o)
 .debug_aranges
                0x00000928       0x48 .\CortexM3\ARM_GCC_493\Debug\SAR_SPIM_USB01.a(USBUART_1_Dp.o)
 .debug_aranges
                0x00000970       0x70 .\CortexM3\ARM_GCC_493\Debug\SAR_SPIM_USB01.a(ADC_SAR_0_theACLK.o)
 .debug_aranges
                0x000009e0       0x20 .\CortexM3\ARM_GCC_493\Debug\SAR_SPIM_USB01.a(CyBootAsmGnu.o)
 .debug_aranges
                0x00000a00      0x298 .\CortexM3\ARM_GCC_493\Debug\SAR_SPIM_USB01.a(CyLib.o)
 .debug_aranges
                0x00000c98       0x98 .\CortexM3\ARM_GCC_493\Debug\SAR_SPIM_USB01.a(cyPm.o)
 .debug_aranges
                0x00000d30       0x20 .\CortexM3\ARM_GCC_493\Debug\SAR_SPIM_USB01.a(USBUART_1_cls.o)
 .debug_aranges
                0x00000d50       0x18 .\CortexM3\ARM_GCC_493\Debug\SAR_SPIM_USB01.a(USBUART_1_descr.o)
 .debug_aranges
                0x00000d68       0x80 .\CortexM3\ARM_GCC_493\Debug\SAR_SPIM_USB01.a(CyFlash.o)
 .debug_aranges
                0x00000de8       0x78 .\CortexM3\ARM_GCC_493\Debug\SAR_SPIM_USB01.a(CySpc.o)

.debug_pubnames
 *(.debug_pubnames)

.debug_info     0x00000000     0x705e
 *(.debug_info .gnu.linkonce.wi.*)
 .debug_info    0x00000000      0x16f .\CortexM3\ARM_GCC_493\Debug\main.o
 .debug_info    0x0000016f      0x13f .\CortexM3\ARM_GCC_493\Debug\cymetadata.o
 .debug_info    0x000002ae      0x319 .\CortexM3\ARM_GCC_493\Debug\Cm3Start.o
 .debug_info    0x000005c7      0x5f4 .\CortexM3\ARM_GCC_493\Debug\SAR_SPIM_USB01.a(cyfitter_cfg.o)
 .debug_info    0x00000bbb      0x1ad .\CortexM3\ARM_GCC_493\Debug\SAR_SPIM_USB01.a(IDAC8.o)
 .debug_info    0x00000d68      0x487 .\CortexM3\ARM_GCC_493\Debug\SAR_SPIM_USB01.a(ADC_SAR_1.o)
 .debug_info    0x000011ef       0x92 .\CortexM3\ARM_GCC_493\Debug\SAR_SPIM_USB01.a(ADC_SAR_1_INT.o)
 .debug_info    0x00001281      0x152 .\CortexM3\ARM_GCC_493\Debug\SAR_SPIM_USB01.a(AMux_1.o)
 .debug_info    0x000013d3      0x40a .\CortexM3\ARM_GCC_493\Debug\SAR_SPIM_USB01.a(SPIM.o)
 .debug_info    0x000017dd      0x73b .\CortexM3\ARM_GCC_493\Debug\SAR_SPIM_USB01.a(USBUART_1.o)
 .debug_info    0x00001f18      0x903 .\CortexM3\ARM_GCC_493\Debug\SAR_SPIM_USB01.a(USBUART_1_cdc.o)
 .debug_info    0x0000281b      0x521 .\CortexM3\ARM_GCC_493\Debug\SAR_SPIM_USB01.a(USBUART_1_drv.o)
 .debug_info    0x00002d3c      0x22f .\CortexM3\ARM_GCC_493\Debug\SAR_SPIM_USB01.a(USBUART_1_episr.o)
 .debug_info    0x00002f6b      0x374 .\CortexM3\ARM_GCC_493\Debug\SAR_SPIM_USB01.a(USBUART_1_hid.o)
 .debug_info    0x000032df      0x186 .\CortexM3\ARM_GCC_493\Debug\SAR_SPIM_USB01.a(USBUART_1_pm.o)
 .debug_info    0x00003465      0x950 .\CortexM3\ARM_GCC_493\Debug\SAR_SPIM_USB01.a(USBUART_1_std.o)
 .debug_info    0x00003db5      0x19d .\CortexM3\ARM_GCC_493\Debug\SAR_SPIM_USB01.a(USBUART_1_vnd.o)
 .debug_info    0x00003f52      0x3c8 .\CortexM3\ARM_GCC_493\Debug\SAR_SPIM_USB01.a(LCD_Char.o)
 .debug_info    0x0000431a      0x487 .\CortexM3\ARM_GCC_493\Debug\SAR_SPIM_USB01.a(ADC_SAR_0.o)
 .debug_info    0x000047a1       0x92 .\CortexM3\ARM_GCC_493\Debug\SAR_SPIM_USB01.a(ADC_SAR_0_INT.o)
 .debug_info    0x00004833      0x152 .\CortexM3\ARM_GCC_493\Debug\SAR_SPIM_USB01.a(AMux_0.o)
 .debug_info    0x00004985      0x25d .\CortexM3\ARM_GCC_493\Debug\SAR_SPIM_USB01.a(ADC_SAR_1_theACLK.o)
 .debug_info    0x00004be2      0x171 .\CortexM3\ARM_GCC_493\Debug\SAR_SPIM_USB01.a(USBUART_1_Dp.o)
 .debug_info    0x00004d53      0x25d .\CortexM3\ARM_GCC_493\Debug\SAR_SPIM_USB01.a(ADC_SAR_0_theACLK.o)
 .debug_info    0x00004fb0       0xa0 .\CortexM3\ARM_GCC_493\Debug\SAR_SPIM_USB01.a(CyBootAsmGnu.o)
 .debug_info    0x00005050      0xe36 .\CortexM3\ARM_GCC_493\Debug\SAR_SPIM_USB01.a(CyLib.o)
 .debug_info    0x00005e86      0x562 .\CortexM3\ARM_GCC_493\Debug\SAR_SPIM_USB01.a(cyPm.o)
 .debug_info    0x000063e8      0x1bc .\CortexM3\ARM_GCC_493\Debug\SAR_SPIM_USB01.a(USBUART_1_cls.o)
 .debug_info    0x000065a4      0x2f5 .\CortexM3\ARM_GCC_493\Debug\SAR_SPIM_USB01.a(USBUART_1_descr.o)
 .debug_info    0x00006899      0x36c .\CortexM3\ARM_GCC_493\Debug\SAR_SPIM_USB01.a(CyFlash.o)
 .debug_info    0x00006c05      0x459 .\CortexM3\ARM_GCC_493\Debug\SAR_SPIM_USB01.a(CySpc.o)

.debug_abbrev   0x00000000     0x21f1
 *(.debug_abbrev)
 .debug_abbrev  0x00000000       0xc9 .\CortexM3\ARM_GCC_493\Debug\main.o
 .debug_abbrev  0x000000c9       0x77 .\CortexM3\ARM_GCC_493\Debug\cymetadata.o
 .debug_abbrev  0x00000140      0x1b6 .\CortexM3\ARM_GCC_493\Debug\Cm3Start.o
 .debug_abbrev  0x000002f6      0x194 .\CortexM3\ARM_GCC_493\Debug\SAR_SPIM_USB01.a(cyfitter_cfg.o)
 .debug_abbrev  0x0000048a      0x114 .\CortexM3\ARM_GCC_493\Debug\SAR_SPIM_USB01.a(IDAC8.o)
 .debug_abbrev  0x0000059e      0x173 .\CortexM3\ARM_GCC_493\Debug\SAR_SPIM_USB01.a(ADC_SAR_1.o)
 .debug_abbrev  0x00000711       0x42 .\CortexM3\ARM_GCC_493\Debug\SAR_SPIM_USB01.a(ADC_SAR_1_INT.o)
 .debug_abbrev  0x00000753       0x6f .\CortexM3\ARM_GCC_493\Debug\SAR_SPIM_USB01.a(AMux_1.o)
 .debug_abbrev  0x000007c2      0x156 .\CortexM3\ARM_GCC_493\Debug\SAR_SPIM_USB01.a(SPIM.o)
 .debug_abbrev  0x00000918      0x1f3 .\CortexM3\ARM_GCC_493\Debug\SAR_SPIM_USB01.a(USBUART_1.o)
 .debug_abbrev  0x00000b0b      0x233 .\CortexM3\ARM_GCC_493\Debug\SAR_SPIM_USB01.a(USBUART_1_cdc.o)
 .debug_abbrev  0x00000d3e      0x161 .\CortexM3\ARM_GCC_493\Debug\SAR_SPIM_USB01.a(USBUART_1_drv.o)
 .debug_abbrev  0x00000e9f       0xfd .\CortexM3\ARM_GCC_493\Debug\SAR_SPIM_USB01.a(USBUART_1_episr.o)
 .debug_abbrev  0x00000f9c      0x15e .\CortexM3\ARM_GCC_493\Debug\SAR_SPIM_USB01.a(USBUART_1_hid.o)
 .debug_abbrev  0x000010fa       0xd1 .\CortexM3\ARM_GCC_493\Debug\SAR_SPIM_USB01.a(USBUART_1_pm.o)
 .debug_abbrev  0x000011cb      0x1c2 .\CortexM3\ARM_GCC_493\Debug\SAR_SPIM_USB01.a(USBUART_1_std.o)
 .debug_abbrev  0x0000138d       0xc5 .\CortexM3\ARM_GCC_493\Debug\SAR_SPIM_USB01.a(USBUART_1_vnd.o)
 .debug_abbrev  0x00001452      0x120 .\CortexM3\ARM_GCC_493\Debug\SAR_SPIM_USB01.a(LCD_Char.o)
 .debug_abbrev  0x00001572      0x173 .\CortexM3\ARM_GCC_493\Debug\SAR_SPIM_USB01.a(ADC_SAR_0.o)
 .debug_abbrev  0x000016e5       0x42 .\CortexM3\ARM_GCC_493\Debug\SAR_SPIM_USB01.a(ADC_SAR_0_INT.o)
 .debug_abbrev  0x00001727       0x6f .\CortexM3\ARM_GCC_493\Debug\SAR_SPIM_USB01.a(AMux_0.o)
 .debug_abbrev  0x00001796      0x11d .\CortexM3\ARM_GCC_493\Debug\SAR_SPIM_USB01.a(ADC_SAR_1_theACLK.o)
 .debug_abbrev  0x000018b3       0x90 .\CortexM3\ARM_GCC_493\Debug\SAR_SPIM_USB01.a(USBUART_1_Dp.o)
 .debug_abbrev  0x00001943      0x11d .\CortexM3\ARM_GCC_493\Debug\SAR_SPIM_USB01.a(ADC_SAR_0_theACLK.o)
 .debug_abbrev  0x00001a60       0x14 .\CortexM3\ARM_GCC_493\Debug\SAR_SPIM_USB01.a(CyBootAsmGnu.o)
 .debug_abbrev  0x00001a74      0x217 .\CortexM3\ARM_GCC_493\Debug\SAR_SPIM_USB01.a(CyLib.o)
 .debug_abbrev  0x00001c8b      0x161 .\CortexM3\ARM_GCC_493\Debug\SAR_SPIM_USB01.a(cyPm.o)
 .debug_abbrev  0x00001dec       0xc5 .\CortexM3\ARM_GCC_493\Debug\SAR_SPIM_USB01.a(USBUART_1_cls.o)
 .debug_abbrev  0x00001eb1       0xb4 .\CortexM3\ARM_GCC_493\Debug\SAR_SPIM_USB01.a(USBUART_1_descr.o)
 .debug_abbrev  0x00001f65      0x120 .\CortexM3\ARM_GCC_493\Debug\SAR_SPIM_USB01.a(CyFlash.o)
 .debug_abbrev  0x00002085      0x16c .\CortexM3\ARM_GCC_493\Debug\SAR_SPIM_USB01.a(CySpc.o)

.debug_line     0x00000000     0x3914
 *(.debug_line)
 .debug_line    0x00000000      0x1b4 .\CortexM3\ARM_GCC_493\Debug\main.o
 .debug_line    0x000001b4       0x53 .\CortexM3\ARM_GCC_493\Debug\cymetadata.o
 .debug_line    0x00000207      0x1d6 .\CortexM3\ARM_GCC_493\Debug\Cm3Start.o
 .debug_line    0x000003dd      0x2df .\CortexM3\ARM_GCC_493\Debug\SAR_SPIM_USB01.a(cyfitter_cfg.o)
 .debug_line    0x000006bc      0x107 .\CortexM3\ARM_GCC_493\Debug\SAR_SPIM_USB01.a(IDAC8.o)
 .debug_line    0x000007c3      0x213 .\CortexM3\ARM_GCC_493\Debug\SAR_SPIM_USB01.a(ADC_SAR_1.o)
 .debug_line    0x000009d6       0x5b .\CortexM3\ARM_GCC_493\Debug\SAR_SPIM_USB01.a(ADC_SAR_1_INT.o)
 .debug_line    0x00000a31       0xcb .\CortexM3\ARM_GCC_493\Debug\SAR_SPIM_USB01.a(AMux_1.o)
 .debug_line    0x00000afc      0x266 .\CortexM3\ARM_GCC_493\Debug\SAR_SPIM_USB01.a(SPIM.o)
 .debug_line    0x00000d62      0x32a .\CortexM3\ARM_GCC_493\Debug\SAR_SPIM_USB01.a(USBUART_1.o)
 .debug_line    0x0000108c      0x314 .\CortexM3\ARM_GCC_493\Debug\SAR_SPIM_USB01.a(USBUART_1_cdc.o)
 .debug_line    0x000013a0      0x220 .\CortexM3\ARM_GCC_493\Debug\SAR_SPIM_USB01.a(USBUART_1_drv.o)
 .debug_line    0x000015c0       0xfa .\CortexM3\ARM_GCC_493\Debug\SAR_SPIM_USB01.a(USBUART_1_episr.o)
 .debug_line    0x000016ba      0x186 .\CortexM3\ARM_GCC_493\Debug\SAR_SPIM_USB01.a(USBUART_1_hid.o)
 .debug_line    0x00001840       0xec .\CortexM3\ARM_GCC_493\Debug\SAR_SPIM_USB01.a(USBUART_1_pm.o)
 .debug_line    0x0000192c      0x465 .\CortexM3\ARM_GCC_493\Debug\SAR_SPIM_USB01.a(USBUART_1_std.o)
 .debug_line    0x00001d91       0x97 .\CortexM3\ARM_GCC_493\Debug\SAR_SPIM_USB01.a(USBUART_1_vnd.o)
 .debug_line    0x00001e28      0x1e8 .\CortexM3\ARM_GCC_493\Debug\SAR_SPIM_USB01.a(LCD_Char.o)
 .debug_line    0x00002010      0x213 .\CortexM3\ARM_GCC_493\Debug\SAR_SPIM_USB01.a(ADC_SAR_0.o)
 .debug_line    0x00002223       0x5b .\CortexM3\ARM_GCC_493\Debug\SAR_SPIM_USB01.a(ADC_SAR_0_INT.o)
 .debug_line    0x0000227e       0xcb .\CortexM3\ARM_GCC_493\Debug\SAR_SPIM_USB01.a(AMux_0.o)
 .debug_line    0x00002349      0x1c5 .\CortexM3\ARM_GCC_493\Debug\SAR_SPIM_USB01.a(ADC_SAR_1_theACLK.o)
 .debug_line    0x0000250e       0xc2 .\CortexM3\ARM_GCC_493\Debug\SAR_SPIM_USB01.a(USBUART_1_Dp.o)
 .debug_line    0x000025d0      0x1c5 .\CortexM3\ARM_GCC_493\Debug\SAR_SPIM_USB01.a(ADC_SAR_0_theACLK.o)
 .debug_line    0x00002795       0x68 .\CortexM3\ARM_GCC_493\Debug\SAR_SPIM_USB01.a(CyBootAsmGnu.o)
 .debug_line    0x000027fd      0x872 .\CortexM3\ARM_GCC_493\Debug\SAR_SPIM_USB01.a(CyLib.o)
 .debug_line    0x0000306f      0x381 .\CortexM3\ARM_GCC_493\Debug\SAR_SPIM_USB01.a(cyPm.o)
 .debug_line    0x000033f0       0x9f .\CortexM3\ARM_GCC_493\Debug\SAR_SPIM_USB01.a(USBUART_1_cls.o)
 .debug_line    0x0000348f       0x67 .\CortexM3\ARM_GCC_493\Debug\SAR_SPIM_USB01.a(USBUART_1_descr.o)
 .debug_line    0x000034f6      0x207 .\CortexM3\ARM_GCC_493\Debug\SAR_SPIM_USB01.a(CyFlash.o)
 .debug_line    0x000036fd      0x217 .\CortexM3\ARM_GCC_493\Debug\SAR_SPIM_USB01.a(CySpc.o)

.debug_frame    0x00000000     0x40c4
 *(.debug_frame)
 .debug_frame   0x00000000       0x58 .\CortexM3\ARM_GCC_493\Debug\main.o
 .debug_frame   0x00000058       0xd8 .\CortexM3\ARM_GCC_493\Debug\Cm3Start.o
 .debug_frame   0x00000130      0x2a0 .\CortexM3\ARM_GCC_493\Debug\SAR_SPIM_USB01.a(cyfitter_cfg.o)
 .debug_frame   0x000003d0      0x158 .\CortexM3\ARM_GCC_493\Debug\SAR_SPIM_USB01.a(IDAC8.o)
 .debug_frame   0x00000528      0x2c0 .\CortexM3\ARM_GCC_493\Debug\SAR_SPIM_USB01.a(ADC_SAR_1.o)
 .debug_frame   0x000007e8       0x34 .\CortexM3\ARM_GCC_493\Debug\SAR_SPIM_USB01.a(ADC_SAR_1_INT.o)
 .debug_frame   0x0000081c       0xd8 .\CortexM3\ARM_GCC_493\Debug\SAR_SPIM_USB01.a(AMux_1.o)
 .debug_frame   0x000008f4      0x38c .\CortexM3\ARM_GCC_493\Debug\SAR_SPIM_USB01.a(SPIM.o)
 .debug_frame   0x00000c80      0x380 .\CortexM3\ARM_GCC_493\Debug\SAR_SPIM_USB01.a(USBUART_1.o)
 .debug_frame   0x00001000      0x3ec .\CortexM3\ARM_GCC_493\Debug\SAR_SPIM_USB01.a(USBUART_1_cdc.o)
 .debug_frame   0x000013ec      0x23c .\CortexM3\ARM_GCC_493\Debug\SAR_SPIM_USB01.a(USBUART_1_drv.o)
 .debug_frame   0x00001628       0xbc .\CortexM3\ARM_GCC_493\Debug\SAR_SPIM_USB01.a(USBUART_1_episr.o)
 .debug_frame   0x000016e4      0x100 .\CortexM3\ARM_GCC_493\Debug\SAR_SPIM_USB01.a(USBUART_1_hid.o)
 .debug_frame   0x000017e4       0xbc .\CortexM3\ARM_GCC_493\Debug\SAR_SPIM_USB01.a(USBUART_1_pm.o)
 .debug_frame   0x000018a0      0x224 .\CortexM3\ARM_GCC_493\Debug\SAR_SPIM_USB01.a(USBUART_1_std.o)
 .debug_frame   0x00001ac4       0x38 .\CortexM3\ARM_GCC_493\Debug\SAR_SPIM_USB01.a(USBUART_1_vnd.o)
 .debug_frame   0x00001afc      0x260 .\CortexM3\ARM_GCC_493\Debug\SAR_SPIM_USB01.a(LCD_Char.o)
 .debug_frame   0x00001d5c      0x2c0 .\CortexM3\ARM_GCC_493\Debug\SAR_SPIM_USB01.a(ADC_SAR_0.o)
 .debug_frame   0x0000201c       0x34 .\CortexM3\ARM_GCC_493\Debug\SAR_SPIM_USB01.a(ADC_SAR_0_INT.o)
 .debug_frame   0x00002050       0xd8 .\CortexM3\ARM_GCC_493\Debug\SAR_SPIM_USB01.a(AMux_0.o)
 .debug_frame   0x00002128      0x1b4 .\CortexM3\ARM_GCC_493\Debug\SAR_SPIM_USB01.a(ADC_SAR_1_theACLK.o)
 .debug_frame   0x000022dc       0xf4 .\CortexM3\ARM_GCC_493\Debug\SAR_SPIM_USB01.a(USBUART_1_Dp.o)
 .debug_frame   0x000023d0      0x1b4 .\CortexM3\ARM_GCC_493\Debug\SAR_SPIM_USB01.a(ADC_SAR_0_theACLK.o)
 .debug_frame   0x00002584      0xbe8 .\CortexM3\ARM_GCC_493\Debug\SAR_SPIM_USB01.a(CyLib.o)
 .debug_frame   0x0000316c      0x234 .\CortexM3\ARM_GCC_493\Debug\SAR_SPIM_USB01.a(cyPm.o)
 .debug_frame   0x000033a0       0x38 .\CortexM3\ARM_GCC_493\Debug\SAR_SPIM_USB01.a(USBUART_1_cls.o)
 .debug_frame   0x000033d8      0x210 .\CortexM3\ARM_GCC_493\Debug\SAR_SPIM_USB01.a(CyFlash.o)
 .debug_frame   0x000035e8      0x1f8 .\CortexM3\ARM_GCC_493\Debug\SAR_SPIM_USB01.a(CySpc.o)
 .debug_frame   0x000037e0       0x28 c:/program files (x86)/cypress/psoc creator/3.3/psoc creator/import/gnu/arm/4.9.3/bin/../lib/gcc/arm-none-eabi/4.9.3/armv7-m\libgcc.a(_aeabi_ldivmod.o)
 .debug_frame   0x00003808       0x54 c:/program files (x86)/cypress/psoc creator/3.3/psoc creator/import/gnu/arm/4.9.3/bin/../lib/gcc/arm-none-eabi/4.9.3/armv7-m\libgcc.a(bpabi.o)
 .debug_frame   0x0000385c       0x34 c:/program files (x86)/cypress/psoc creator/3.3/psoc creator/import/gnu/arm/4.9.3/bin/../lib/gcc/arm-none-eabi/4.9.3/armv7-m\libgcc.a(_divdi3.o)
 .debug_frame   0x00003890       0x34 c:/program files (x86)/cypress/psoc creator/3.3/psoc creator/import/gnu/arm/4.9.3/bin/../lib/gcc/arm-none-eabi/4.9.3/armv7-m\libgcc.a(_udivdi3.o)
 .debug_frame   0x000038c4       0x20 c:/program files (x86)/cypress/psoc creator/3.3/psoc creator/import/gnu/arm/4.9.3/bin/../lib/gcc/arm-none-eabi/4.9.3/../../../../arm-none-eabi/lib/armv7-m\libg_nano.a(lib_a-errno.o)
 .debug_frame   0x000038e4       0x28 c:/program files (x86)/cypress/psoc creator/3.3/psoc creator/import/gnu/arm/4.9.3/bin/../lib/gcc/arm-none-eabi/4.9.3/../../../../arm-none-eabi/lib/armv7-m\libg_nano.a(lib_a-exit.o)
 .debug_frame   0x0000390c       0x2c c:/program files (x86)/cypress/psoc creator/3.3/psoc creator/import/gnu/arm/4.9.3/bin/../lib/gcc/arm-none-eabi/4.9.3/../../../../arm-none-eabi/lib/armv7-m\libg_nano.a(lib_a-init.o)
 .debug_frame   0x00003938       0x28 c:/program files (x86)/cypress/psoc creator/3.3/psoc creator/import/gnu/arm/4.9.3/bin/../lib/gcc/arm-none-eabi/4.9.3/../../../../arm-none-eabi/lib/armv7-m\libg_nano.a(lib_a-memcpy.o)
 .debug_frame   0x00003960       0x20 c:/program files (x86)/cypress/psoc creator/3.3/psoc creator/import/gnu/arm/4.9.3/bin/../lib/gcc/arm-none-eabi/4.9.3/../../../../arm-none-eabi/lib/armv7-m\libg_nano.a(lib_a-memset.o)
 .debug_frame   0x00003980       0x8c c:/program files (x86)/cypress/psoc creator/3.3/psoc creator/import/gnu/arm/4.9.3/bin/../lib/gcc/arm-none-eabi/4.9.3/../../../../arm-none-eabi/lib/armv7-m\libg_nano.a(lib_a-nano-vfprintf_float.o)
 .debug_frame   0x00003a0c       0x58 c:/program files (x86)/cypress/psoc creator/3.3/psoc creator/import/gnu/arm/4.9.3/bin/../lib/gcc/arm-none-eabi/4.9.3/../../../../arm-none-eabi/lib/armv7-m\libg_nano.a(lib_a-nano-vfprintf_i.o)
 .debug_frame   0x00003a64       0x28 c:/program files (x86)/cypress/psoc creator/3.3/psoc creator/import/gnu/arm/4.9.3/bin/../lib/gcc/arm-none-eabi/4.9.3/../../../../arm-none-eabi/lib/armv7-m\libg_nano.a(lib_a-s_fpclassify.o)
 .debug_frame   0x00003a8c       0x70 c:/program files (x86)/cypress/psoc creator/3.3/psoc creator/import/gnu/arm/4.9.3/bin/../lib/gcc/arm-none-eabi/4.9.3/../../../../arm-none-eabi/lib/armv7-m\libg_nano.a(lib_a-sprintf.o)
 .debug_frame   0x00003afc       0x20 c:/program files (x86)/cypress/psoc creator/3.3/psoc creator/import/gnu/arm/4.9.3/bin/../lib/gcc/arm-none-eabi/4.9.3/../../../../arm-none-eabi/lib/armv7-m\libg_nano.a(lib_a-strlen.o)
 .debug_frame   0x00003b1c       0x6c c:/program files (x86)/cypress/psoc creator/3.3/psoc creator/import/gnu/arm/4.9.3/bin/../lib/gcc/arm-none-eabi/4.9.3/../../../../arm-none-eabi/lib/armv7-m\libg_nano.a(lib_a-dtoa.o)
 .debug_frame   0x00003b88       0x98 c:/program files (x86)/cypress/psoc creator/3.3/psoc creator/import/gnu/arm/4.9.3/bin/../lib/gcc/arm-none-eabi/4.9.3/../../../../arm-none-eabi/lib/armv7-m\libg_nano.a(lib_a-locale.o)
 .debug_frame   0x00003c20       0x30 c:/program files (x86)/cypress/psoc creator/3.3/psoc creator/import/gnu/arm/4.9.3/bin/../lib/gcc/arm-none-eabi/4.9.3/../../../../arm-none-eabi/lib/armv7-m\libg_nano.a(lib_a-malloc.o)
 .debug_frame   0x00003c50       0x28 c:/program files (x86)/cypress/psoc creator/3.3/psoc creator/import/gnu/arm/4.9.3/bin/../lib/gcc/arm-none-eabi/4.9.3/../../../../arm-none-eabi/lib/armv7-m\libg_nano.a(lib_a-memchr.o)
 .debug_frame   0x00003c78      0x230 c:/program files (x86)/cypress/psoc creator/3.3/psoc creator/import/gnu/arm/4.9.3/bin/../lib/gcc/arm-none-eabi/4.9.3/../../../../arm-none-eabi/lib/armv7-m\libg_nano.a(lib_a-mprec.o)
 .debug_frame   0x00003ea8       0x2c c:/program files (x86)/cypress/psoc creator/3.3/psoc creator/import/gnu/arm/4.9.3/bin/../lib/gcc/arm-none-eabi/4.9.3/../../../../arm-none-eabi/lib/armv7-m\libg_nano.a(lib_a-nano-callocr.o)
 .debug_frame   0x00003ed4       0x2c c:/program files (x86)/cypress/psoc creator/3.3/psoc creator/import/gnu/arm/4.9.3/bin/../lib/gcc/arm-none-eabi/4.9.3/../../../../arm-none-eabi/lib/armv7-m\libg_nano.a(lib_a-nano-freer.o)
 .debug_frame   0x00003f00       0x2c c:/program files (x86)/cypress/psoc creator/3.3/psoc creator/import/gnu/arm/4.9.3/bin/../lib/gcc/arm-none-eabi/4.9.3/../../../../arm-none-eabi/lib/armv7-m\libg_nano.a(lib_a-nano-mallocr.o)
 .debug_frame   0x00003f2c       0x8c c:/program files (x86)/cypress/psoc creator/3.3/psoc creator/import/gnu/arm/4.9.3/bin/../lib/gcc/arm-none-eabi/4.9.3/../../../../arm-none-eabi/lib/armv7-m\libg_nano.a(lib_a-nano-svfprintf.o)
 .debug_frame   0x00003fb8       0x2c c:/program files (x86)/cypress/psoc creator/3.3/psoc creator/import/gnu/arm/4.9.3/bin/../lib/gcc/arm-none-eabi/4.9.3/../../../../arm-none-eabi/lib/armv7-m\libg_nano.a(lib_a-sbrkr.o)
 .debug_frame   0x00003fe4       0x28 c:/program files (x86)/cypress/psoc creator/3.3/psoc creator/import/gnu/arm/4.9.3/bin/../lib/gcc/arm-none-eabi/4.9.3/../../../../arm-none-eabi/lib/armv7-m\libg_nano.a(lib_a-memmove.o)
 .debug_frame   0x0000400c       0x3c c:/program files (x86)/cypress/psoc creator/3.3/psoc creator/import/gnu/arm/4.9.3/bin/../lib/gcc/arm-none-eabi/4.9.3/../../../../arm-none-eabi/lib/armv7-m\libg_nano.a(lib_a-nano-reallocr.o)
 .debug_frame   0x00004048       0x5c c:/program files (x86)/cypress/psoc creator/3.3/psoc creator/import/gnu/arm/4.9.3/bin/../lib/gcc/arm-none-eabi/4.9.3/../../../../arm-none-eabi/lib/armv7-m\libg_nano.a(lib_a-reent.o)
 .debug_frame   0x000040a4       0x20 c:/program files (x86)/cypress/psoc creator/3.3/psoc creator/import/gnu/arm/4.9.3/bin/../lib/gcc/arm-none-eabi/4.9.3/../../../../arm-none-eabi/lib/armv7-m\libg_nano.a(lib_a-nano-msizer.o)

.debug_str      0x00000000     0x369c
 *(.debug_str)
 .debug_str     0x00000000      0x1bd .\CortexM3\ARM_GCC_493\Debug\main.o
                                0x1fe (size before relaxing)
 .debug_str     0x000001bd       0x77 .\CortexM3\ARM_GCC_493\Debug\cymetadata.o
                                0x1fa (size before relaxing)
 .debug_str     0x00000234      0x139 .\CortexM3\ARM_GCC_493\Debug\Cm3Start.o
                                0x2db (size before relaxing)
 .debug_str     0x0000036d      0x349 .\CortexM3\ARM_GCC_493\Debug\SAR_SPIM_USB01.a(cyfitter_cfg.o)
                                0x4eb (size before relaxing)
 .debug_str     0x000006b6       0xcb .\CortexM3\ARM_GCC_493\Debug\SAR_SPIM_USB01.a(IDAC8.o)
                                0x24a (size before relaxing)
 .debug_str     0x00000781      0x26c .\CortexM3\ARM_GCC_493\Debug\SAR_SPIM_USB01.a(ADC_SAR_1.o)
                                0x44b (size before relaxing)
 .debug_str     0x000009ed       0x37 .\CortexM3\ARM_GCC_493\Debug\SAR_SPIM_USB01.a(ADC_SAR_1_INT.o)
                                0x1ab (size before relaxing)
 .debug_str     0x00000a24       0x88 .\CortexM3\ARM_GCC_493\Debug\SAR_SPIM_USB01.a(AMux_1.o)
                                0x20a (size before relaxing)
 .debug_str     0x00000aac      0x21e .\CortexM3\ARM_GCC_493\Debug\SAR_SPIM_USB01.a(SPIM.o)
                                0x3c9 (size before relaxing)
 .debug_str     0x00000cca      0x484 .\CortexM3\ARM_GCC_493\Debug\SAR_SPIM_USB01.a(USBUART_1.o)
                                0x653 (size before relaxing)
 .debug_str     0x0000114e      0x518 .\CortexM3\ARM_GCC_493\Debug\SAR_SPIM_USB01.a(USBUART_1_cdc.o)
                                0x778 (size before relaxing)
 .debug_str     0x00001666      0x2c8 .\CortexM3\ARM_GCC_493\Debug\SAR_SPIM_USB01.a(USBUART_1_drv.o)
                                0x64c (size before relaxing)
 .debug_str     0x0000192e       0x8e .\CortexM3\ARM_GCC_493\Debug\SAR_SPIM_USB01.a(USBUART_1_episr.o)
                                0x2df (size before relaxing)
 .debug_str     0x000019bc      0x136 .\CortexM3\ARM_GCC_493\Debug\SAR_SPIM_USB01.a(USBUART_1_hid.o)
                                0x3bb (size before relaxing)
 .debug_str     0x00001af2       0xb2 .\CortexM3\ARM_GCC_493\Debug\SAR_SPIM_USB01.a(USBUART_1_pm.o)
                                0x281 (size before relaxing)
 .debug_str     0x00001ba4      0x2c4 .\CortexM3\ARM_GCC_493\Debug\SAR_SPIM_USB01.a(USBUART_1_std.o)
                                0x7b2 (size before relaxing)
 .debug_str     0x00001e68       0x67 .\CortexM3\ARM_GCC_493\Debug\SAR_SPIM_USB01.a(USBUART_1_vnd.o)
                                0x289 (size before relaxing)
 .debug_str     0x00001ecf      0x1ca .\CortexM3\ARM_GCC_493\Debug\SAR_SPIM_USB01.a(LCD_Char.o)
                                0x381 (size before relaxing)
 .debug_str     0x00002099      0x204 .\CortexM3\ARM_GCC_493\Debug\SAR_SPIM_USB01.a(ADC_SAR_0.o)
                                0x44b (size before relaxing)
 .debug_str     0x0000229d       0x37 .\CortexM3\ARM_GCC_493\Debug\SAR_SPIM_USB01.a(ADC_SAR_0_INT.o)
                                0x1ab (size before relaxing)
 .debug_str     0x000022d4       0x83 .\CortexM3\ARM_GCC_493\Debug\SAR_SPIM_USB01.a(AMux_0.o)
                                0x20a (size before relaxing)
 .debug_str     0x00002357      0x1dc .\CortexM3\ARM_GCC_493\Debug\SAR_SPIM_USB01.a(ADC_SAR_1_theACLK.o)
                                0x376 (size before relaxing)
 .debug_str     0x00002533       0xce .\CortexM3\ARM_GCC_493\Debug\SAR_SPIM_USB01.a(USBUART_1_Dp.o)
                                0x25f (size before relaxing)
 .debug_str     0x00002601      0x191 .\CortexM3\ARM_GCC_493\Debug\SAR_SPIM_USB01.a(ADC_SAR_0_theACLK.o)
                                0x376 (size before relaxing)
 .debug_str     0x00002792      0x7c9 .\CortexM3\ARM_GCC_493\Debug\SAR_SPIM_USB01.a(CyLib.o)
                                0x9d6 (size before relaxing)
 .debug_str     0x00002f5b      0x367 .\CortexM3\ARM_GCC_493\Debug\SAR_SPIM_USB01.a(cyPm.o)
                                0x53b (size before relaxing)
 .debug_str     0x000032c2       0x45 .\CortexM3\ARM_GCC_493\Debug\SAR_SPIM_USB01.a(USBUART_1_cls.o)
                                0x29f (size before relaxing)
 .debug_str     0x00003307      0x134 .\CortexM3\ARM_GCC_493\Debug\SAR_SPIM_USB01.a(USBUART_1_descr.o)
                                0x3d4 (size before relaxing)
 .debug_str     0x0000343b      0x140 .\CortexM3\ARM_GCC_493\Debug\SAR_SPIM_USB01.a(CyFlash.o)
                                0x2fa (size before relaxing)
 .debug_str     0x0000357b      0x121 .\CortexM3\ARM_GCC_493\Debug\SAR_SPIM_USB01.a(CySpc.o)
                                0x2f7 (size before relaxing)

.debug_loc
 *(.debug_loc)

.debug_macinfo
 *(.debug_macinfo)

.debug_ranges   0x00000000      0xc50
 *(.debug_ranges)
 .debug_ranges  0x00000000       0x18 .\CortexM3\ARM_GCC_493\Debug\main.o
 .debug_ranges  0x00000018       0x38 .\CortexM3\ARM_GCC_493\Debug\Cm3Start.o
 .debug_ranges  0x00000050       0x90 .\CortexM3\ARM_GCC_493\Debug\SAR_SPIM_USB01.a(cyfitter_cfg.o)
 .debug_ranges  0x000000e0       0x50 .\CortexM3\ARM_GCC_493\Debug\SAR_SPIM_USB01.a(IDAC8.o)
 .debug_ranges  0x00000130       0x98 .\CortexM3\ARM_GCC_493\Debug\SAR_SPIM_USB01.a(ADC_SAR_1.o)
 .debug_ranges  0x000001c8       0x10 .\CortexM3\ARM_GCC_493\Debug\SAR_SPIM_USB01.a(ADC_SAR_1_INT.o)
 .debug_ranges  0x000001d8       0x30 .\CortexM3\ARM_GCC_493\Debug\SAR_SPIM_USB01.a(AMux_1.o)
 .debug_ranges  0x00000208       0xc8 .\CortexM3\ARM_GCC_493\Debug\SAR_SPIM_USB01.a(SPIM.o)
 .debug_ranges  0x000002d0       0xb8 .\CortexM3\ARM_GCC_493\Debug\SAR_SPIM_USB01.a(USBUART_1.o)
 .debug_ranges  0x00000388       0xd8 .\CortexM3\ARM_GCC_493\Debug\SAR_SPIM_USB01.a(USBUART_1_cdc.o)
 .debug_ranges  0x00000460       0x88 .\CortexM3\ARM_GCC_493\Debug\SAR_SPIM_USB01.a(USBUART_1_drv.o)
 .debug_ranges  0x000004e8       0x30 .\CortexM3\ARM_GCC_493\Debug\SAR_SPIM_USB01.a(USBUART_1_episr.o)
 .debug_ranges  0x00000518       0x38 .\CortexM3\ARM_GCC_493\Debug\SAR_SPIM_USB01.a(USBUART_1_hid.o)
 .debug_ranges  0x00000550       0x30 .\CortexM3\ARM_GCC_493\Debug\SAR_SPIM_USB01.a(USBUART_1_pm.o)
 .debug_ranges  0x00000580       0x70 .\CortexM3\ARM_GCC_493\Debug\SAR_SPIM_USB01.a(USBUART_1_std.o)
 .debug_ranges  0x000005f0       0x10 .\CortexM3\ARM_GCC_493\Debug\SAR_SPIM_USB01.a(USBUART_1_vnd.o)
 .debug_ranges  0x00000600       0x88 .\CortexM3\ARM_GCC_493\Debug\SAR_SPIM_USB01.a(LCD_Char.o)
 .debug_ranges  0x00000688       0x98 .\CortexM3\ARM_GCC_493\Debug\SAR_SPIM_USB01.a(ADC_SAR_0.o)
 .debug_ranges  0x00000720       0x10 .\CortexM3\ARM_GCC_493\Debug\SAR_SPIM_USB01.a(ADC_SAR_0_INT.o)
 .debug_ranges  0x00000730       0x30 .\CortexM3\ARM_GCC_493\Debug\SAR_SPIM_USB01.a(AMux_0.o)
 .debug_ranges  0x00000760       0x60 .\CortexM3\ARM_GCC_493\Debug\SAR_SPIM_USB01.a(ADC_SAR_1_theACLK.o)
 .debug_ranges  0x000007c0       0x38 .\CortexM3\ARM_GCC_493\Debug\SAR_SPIM_USB01.a(USBUART_1_Dp.o)
 .debug_ranges  0x000007f8       0x60 .\CortexM3\ARM_GCC_493\Debug\SAR_SPIM_USB01.a(ADC_SAR_0_theACLK.o)