Archive member included because of file (symbol)

.\CortexM3\ARM_GCC_493\Debug\DelSig_I2CS01_Example.a(cyfitter_cfg.o)
                              .\CortexM3\ARM_GCC_493\Debug\Cm3Start.o (cyfitter_cfg)
.\CortexM3\ARM_GCC_493\Debug\DelSig_I2CS01_Example.a(ADC_DelSig.o)
                              .\CortexM3\ARM_GCC_493\Debug\main.o (ADC_DelSig_Start)
.\CortexM3\ARM_GCC_493\Debug\DelSig_I2CS01_Example.a(ADC_DelSig_INT.o)
                              .\CortexM3\ARM_GCC_493\Debug\DelSig_I2CS01_Example.a(ADC_DelSig.o) (ADC_DelSig_ISR1)
.\CortexM3\ARM_GCC_493\Debug\DelSig_I2CS01_Example.a(AMuxSeq.o)
                              .\CortexM3\ARM_GCC_493\Debug\main.o (AMuxSeq_Start)
.\CortexM3\ARM_GCC_493\Debug\DelSig_I2CS01_Example.a(IDAC8.o)
                              .\CortexM3\ARM_GCC_493\Debug\main.o (IDAC8_Start)
.\CortexM3\ARM_GCC_493\Debug\DelSig_I2CS01_Example.a(LCD_Char.o)
                              .\CortexM3\ARM_GCC_493\Debug\main.o (LCD_Char_WriteControl)
.\CortexM3\ARM_GCC_493\Debug\DelSig_I2CS01_Example.a(I2CS.o)
                              .\CortexM3\ARM_GCC_493\Debug\main.o (I2CS_Start)
.\CortexM3\ARM_GCC_493\Debug\DelSig_I2CS01_Example.a(I2CS_INT.o)
                              .\CortexM3\ARM_GCC_493\Debug\DelSig_I2CS01_Example.a(I2CS.o) (I2CS_ISR)
.\CortexM3\ARM_GCC_493\Debug\DelSig_I2CS01_Example.a(I2CS_PM.o)
                              .\CortexM3\ARM_GCC_493\Debug\DelSig_I2CS01_Example.a(I2CS.o) (I2CS_backup)
.\CortexM3\ARM_GCC_493\Debug\DelSig_I2CS01_Example.a(I2CS_SLAVE.o)
                              .\CortexM3\ARM_GCC_493\Debug\DelSig_I2CS01_Example.a(I2CS.o) (I2CS_slStatus)
.\CortexM3\ARM_GCC_493\Debug\DelSig_I2CS01_Example.a(ADC_DelSig_Ext_CP_Clk.o)
                              .\CortexM3\ARM_GCC_493\Debug\DelSig_I2CS01_Example.a(ADC_DelSig.o) (ADC_DelSig_Ext_CP_Clk_SetDividerRegister)
.\CortexM3\ARM_GCC_493\Debug\DelSig_I2CS01_Example.a(ADC_DelSig_theACLK.o)
                              .\CortexM3\ARM_GCC_493\Debug\DelSig_I2CS01_Example.a(ADC_DelSig.o) (ADC_DelSig_theACLK_SetDividerRegister)
.\CortexM3\ARM_GCC_493\Debug\DelSig_I2CS01_Example.a(CyBootAsmGnu.o)
                              .\CortexM3\ARM_GCC_493\Debug\DelSig_I2CS01_Example.a(cyfitter_cfg.o) (CyDelayCycles)
.\CortexM3\ARM_GCC_493\Debug\DelSig_I2CS01_Example.a(CyLib.o)
                              .\CortexM3\ARM_GCC_493\Debug\Cm3Start.o (CyResetStatus)
.\CortexM3\ARM_GCC_493\Debug\DelSig_I2CS01_Example.a(cyPm.o)
                              .\CortexM3\ARM_GCC_493\Debug\DelSig_I2CS01_Example.a(CyLib.o) (CyPmReadStatus)
.\CortexM3\ARM_GCC_493\Debug\DelSig_I2CS01_Example.a(CyFlash.o)
                              .\CortexM3\ARM_GCC_493\Debug\DelSig_I2CS01_Example.a(cyPm.o) (CyFlash_SetWaitCycles)
.\CortexM3\ARM_GCC_493\Debug\DelSig_I2CS01_Example.a(CySpc.o)
                              .\CortexM3\ARM_GCC_493\Debug\DelSig_I2CS01_Example.a(CyFlash.o) (CySpcStart)
c:/program files (x86)/cypress/psoc creator/3.3/psoc creator/import/gnu/arm/4.9.3/bin/../lib/gcc/arm-none-eabi/4.9.3/armv7-m\libgcc.a(_arm_addsubdf3.o)
                              .\CortexM3\ARM_GCC_493\Debug\DelSig_I2CS01_Example.a(ADC_DelSig.o) (__aeabi_f2d)
c:/program files (x86)/cypress/psoc creator/3.3/psoc creator/import/gnu/arm/4.9.3/bin/../lib/gcc/arm-none-eabi/4.9.3/armv7-m\libgcc.a(_arm_cmpdf2.o)
                              .\CortexM3\ARM_GCC_493\Debug\DelSig_I2CS01_Example.a(ADC_DelSig.o) (__aeabi_dcmpgt)
c:/program files (x86)/cypress/psoc creator/3.3/psoc creator/import/gnu/arm/4.9.3/bin/../lib/gcc/arm-none-eabi/4.9.3/armv7-m\libgcc.a(_arm_addsubsf3.o)
                              .\CortexM3\ARM_GCC_493\Debug\DelSig_I2CS01_Example.a(ADC_DelSig.o) (__aeabi_ui2f)
c:/program files (x86)/cypress/psoc creator/3.3/psoc creator/import/gnu/arm/4.9.3/bin/../lib/gcc/arm-none-eabi/4.9.3/armv7-m\libgcc.a(_arm_muldivsf3.o)
                              .\CortexM3\ARM_GCC_493\Debug\DelSig_I2CS01_Example.a(ADC_DelSig.o) (__aeabi_fmul)
c:/program files (x86)/cypress/psoc creator/3.3/psoc creator/import/gnu/arm/4.9.3/bin/../lib/gcc/arm-none-eabi/4.9.3/armv7-m\libgcc.a(_arm_fixunssfsi.o)
                              .\CortexM3\ARM_GCC_493\Debug\DelSig_I2CS01_Example.a(ADC_DelSig.o) (__aeabi_f2uiz)
c:/program files (x86)/cypress/psoc creator/3.3/psoc creator/import/gnu/arm/4.9.3/bin/../lib/gcc/arm-none-eabi/4.9.3/../../../../arm-none-eabi/lib/armv7-m\libg_nano.a(lib_a-errno.o)
                              .\CortexM3\ARM_GCC_493\Debug\Cm3Start.o (__errno)
c:/program files (x86)/cypress/psoc creator/3.3/psoc creator/import/gnu/arm/4.9.3/bin/../lib/gcc/arm-none-eabi/4.9.3/../../../../arm-none-eabi/lib/armv7-m\libg_nano.a(lib_a-exit.o)
                              c:/program files (x86)/cypress/psoc creator/3.3/psoc creator/import/gnu/arm/4.9.3/bin/../lib/gcc/arm-none-eabi/4.9.3/../../../../arm-none-eabi/lib/armv7-m/crt0.o (exit)
[...]
Memory Configuration

Name             Origin             Length             Attributes
rom              0x00000000         0x00040000         xr
ram              0x1fff8000         0x00010000         xrw
*default*        0x00000000         0xffffffff

Linker script and memory map

LOAD c:/program files (x86)/cypress/psoc creator/3.3/psoc creator/import/gnu/arm/4.9.3/bin/../lib/gcc/arm-none-eabi/4.9.3/armv7-m/crti.o
LOAD c:/program files (x86)/cypress/psoc creator/3.3/psoc creator/import/gnu/arm/4.9.3/bin/../lib/gcc/arm-none-eabi/4.9.3/armv7-m/crtbegin.o
LOAD c:/program files (x86)/cypress/psoc creator/3.3/psoc creator/import/gnu/arm/4.9.3/bin/../lib/gcc/arm-none-eabi/4.9.3/../../../../arm-none-eabi/lib/armv7-m/crt0.o
START GROUP
LOAD .\CortexM3\ARM_GCC_493\Debug\main.o
LOAD .\CortexM3\ARM_GCC_493\Debug\cymetadata.o
LOAD .\CortexM3\ARM_GCC_493\Debug\Cm3Start.o
LOAD .\CortexM3\ARM_GCC_493\Debug\DelSig_I2CS01_Example.a
LOAD C:\Program Files (x86)\Cypress\PSoC Creator\3.3\PSoC Creator\psoc\content\cycomponentlibrary\CyComponentLibrary.cylib\CortexM3\ARM_GCC_493\Debug\CyComponentLibrary.a
END GROUP
START GROUP
LOAD c:/program files (x86)/cypress/psoc creator/3.3/psoc creator/import/gnu/arm/4.9.3/bin/../lib/gcc/arm-none-eabi/4.9.3/armv7-m\libgcc.a
LOAD c:/program files (x86)/cypress/psoc creator/3.3/psoc creator/import/gnu/arm/4.9.3/bin/../lib/gcc/arm-none-eabi/4.9.3/../../../../arm-none-eabi/lib/armv7-m\libg_nano.a
LOAD c:/program files (x86)/cypress/psoc creator/3.3/psoc creator/import/gnu/arm/4.9.3/bin/../lib/gcc/arm-none-eabi/4.9.3/../../../../arm-none-eabi/lib/armv7-m\libc_nano.a
END GROUP
START GROUP
LOAD c:/program files (x86)/cypress/psoc creator/3.3/psoc creator/import/gnu/arm/4.9.3/bin/../lib/gcc/arm-none-eabi/4.9.3/armv7-m\libgcc.a
LOAD c:/program files (x86)/cypress/psoc creator/3.3/psoc creator/import/gnu/arm/4.9.3/bin/../lib/gcc/arm-none-eabi/4.9.3/../../../../arm-none-eabi/lib/armv7-m\libc_nano.a
END GROUP
LOAD c:/program files (x86)/cypress/psoc creator/3.3/psoc creator/import/gnu/arm/4.9.3/bin/../lib/gcc/arm-none-eabi/4.9.3/armv7-m/crtend.o
LOAD c:/program files (x86)/cypress/psoc creator/3.3/psoc creator/import/gnu/arm/4.9.3/bin/../lib/gcc/arm-none-eabi/4.9.3/armv7-m/crtn.o
START GROUP
LOAD c:/program files (x86)/cypress/psoc creator/3.3/psoc creator/import/gnu/arm/4.9.3/bin/../lib/gcc/arm-none-eabi/4.9.3/armv7-m\libgcc.a
LOAD c:/program files (x86)/cypress/psoc creator/3.3/psoc creator/import/gnu/arm/4.9.3/bin/../lib/gcc/arm-none-eabi/4.9.3/../../../../arm-none-eabi/lib/armv7-m\libc.a
LOAD c:/program files (x86)/cypress/psoc creator/3.3/psoc creator/import/gnu/arm/4.9.3/bin/../lib/gcc/arm-none-eabi/4.9.3/../../../../arm-none-eabi/lib/armv7-m\libnosys.a
END GROUP
                0x00000000                CY_APPL_ORIGIN = 0x0
                0x00000100                CY_FLASH_ROW_SIZE = 0x100
                0x00000020                CY_ECC_ROW_SIZE = 0x20
                0x00000000                CY_EE_IN_BTLDR = 0x0
                0x00000000                CY_APPL_LOADABLE = 0x0
                0x00000800                CY_EE_SIZE = 0x800
                0x00000001                CY_APPL_NUM = 0x1
                0x00000001                CY_APPL_MAX = 0x1
                0x00000040                CY_METADATA_SIZE = 0x40
                0x00000000                CY_APPL_LOADABLE = 0x0
                0x00000000                CY_CHECKSUM_EXCLUDE_SIZE = ALIGN (0x0, CY_FLASH_ROW_SIZE)
                0x1fff8178                PROVIDE (__cy_heap_start, _end)
                0x00000001                PROVIDE (__cy_region_num, ((__cy_regions_end - __cy_regions) / 0x10))
                0x20008000                PROVIDE (__cy_stack, (ORIGIN (ram) + 0x10000))
                0x20007800                PROVIDE (__cy_heap_end, (__cy_stack - 0x800))

.cybootloader   0x00000000        0x0
 *(.cybootloader)
                0x00000000                appl1_start = CY_APPL_ORIGIN?CY_APPL_ORIGIN:ALIGN (CY_FLASH_ROW_SIZE)
                0x0001ff00                appl2_start = (appl1_start + ALIGN ((((0x40000 - appl1_start) - (0x2 * CY_FLASH_ROW_SIZE)) / 0x2), CY_FLASH_ROW_SIZE))
                0x00000000                appl_start = (CY_APPL_NUM == 0x1)?appl1_start:appl2_start
                0x00000000                ecc_offset = ((appl_start / CY_FLASH_ROW_SIZE) * CY_ECC_ROW_SIZE)
                0x00000000                ee_offset = (CY_APPL_LOADABLE && ! (CY_EE_IN_BTLDR))?((CY_EE_SIZE / CY_APPL_MAX) * (CY_APPL_NUM - 0x1)):0x0
                0x00000800                ee_size = (CY_APPL_LOADABLE && ! (CY_EE_IN_BTLDR))?(CY_EE_SIZE / CY_APPL_MAX):CY_EE_SIZE
                0x00000000                PROVIDE (CY_ECC_OFFSET, ecc_offset)

.text           0x00000000     0x2036
 CREATE_OBJECT_SYMBOLS
                0x00000000                PROVIDE (__cy_interrupt_vector, RomVectors)
 *(.romvectors)
 .romvectors    0x00000000       0x10 .\CortexM3\ARM_GCC_493\Debug\Cm3Start.o
                0x00000000                RomVectors
                0x00000001                ASSERT ((. != __cy_interrupt_vector), No interrupt vector)
                0x00000001                ASSERT (CY_APPL_ORIGIN?(SIZEOF (.cybootloader) <= CY_APPL_ORIGIN):0x1, Wrong image location)
                0x00000010                PROVIDE (__cy_reset, Reset)
 *(.text.Reset)
 .text.Reset    0x00000010       0x18 .\CortexM3\ARM_GCC_493\Debug\Cm3Start.o
                0x00000010                Reset
                0x00000001                ASSERT ((. != __cy_reset), No reset code)
 *(.dma_init)
 .dma_init      0x00000028      0x1b0 .\CortexM3\ARM_GCC_493\Debug\DelSig_I2CS01_Example.a(cyfitter_cfg.o)
                0x00000001                ASSERT ((((appl_start + .) <= 0x10000) || 0x0), DMA Init must be within the first 64k of flash)
 *(.text .text.* .gnu.linkonce.t.*)
 .text          0x000001d8       0x5c c:/program files (x86)/cypress/psoc creator/3.3/psoc creator/import/gnu/arm/4.9.3/bin/../lib/gcc/arm-none-eabi/4.9.3/armv7-m/crtbegin.o
 .text.main     0x00000234       0xb4 .\CortexM3\ARM_GCC_493\Debug\main.o
                0x00000234                main
 .text.IntDefaultHandler
                0x000002e8        0x8 .\CortexM3\ARM_GCC_493\Debug\Cm3Start.o
                0x000002e8                IntDefaultHandler
 .text.Start_c  0x000002f0       0x98 .\CortexM3\ARM_GCC_493\Debug\Cm3Start.o
                0x000002f0                Start_c
 .text.initialize_psoc
                0x00000388       0x8c .\CortexM3\ARM_GCC_493\Debug\Cm3Start.o
                0x00000388                initialize_psoc
 .text.CYCONFIGCPY
                0x00000414       0x1c .\CortexM3\ARM_GCC_493\Debug\DelSig_I2CS01_Example.a(cyfitter_cfg.o)
 .text.CyClockStartupError
                0x00000430        0xc .\CortexM3\ARM_GCC_493\Debug\DelSig_I2CS01_Example.a(cyfitter_cfg.o)
 .text.cfg_dma_init
                0x0000043c      0x174 .\CortexM3\ARM_GCC_493\Debug\DelSig_I2CS01_Example.a(cyfitter_cfg.o)
 .text.ClockSetup
                0x000005b0      0x140 .\CortexM3\ARM_GCC_493\Debug\DelSig_I2CS01_Example.a(cyfitter_cfg.o)
 .text.AnalogSetDefault
                0x000006f0       0x60 .\CortexM3\ARM_GCC_493\Debug\DelSig_I2CS01_Example.a(cyfitter_cfg.o)
 .text.AMuxSeq_CYAMUXSIDE_A_DisconnectAll
                0x00000750       0x34 .\CortexM3\ARM_GCC_493\Debug\DelSig_I2CS01_Example.a(cyfitter_cfg.o)
                0x00000750                AMuxSeq_CYAMUXSIDE_A_DisconnectAll
 .text.AMuxSeq_CYAMUXSIDE_A_Next
                0x00000784       0xcc .\CortexM3\ARM_GCC_493\Debug\DelSig_I2CS01_Example.a(cyfitter_cfg.o)
                0x00000784                AMuxSeq_CYAMUXSIDE_A_Next
 .text.AMuxSeq_CYAMUXSIDE_B_DisconnectAll
                0x00000850       0x2c .\CortexM3\ARM_GCC_493\Debug\DelSig_I2CS01_Example.a(cyfitter_cfg.o)
                0x00000850                AMuxSeq_CYAMUXSIDE_B_DisconnectAll
 .text.AMuxSeq_CYAMUXSIDE_B_Next
                0x0000087c       0x74 .\CortexM3\ARM_GCC_493\Debug\DelSig_I2CS01_Example.a(cyfitter_cfg.o)
                0x0000087c                AMuxSeq_CYAMUXSIDE_B_Next
 .text.cyfitter_cfg
                0x000008f0      0x108 .\CortexM3\ARM_GCC_493\Debug\DelSig_I2CS01_Example.a(cyfitter_cfg.o)
                0x000008f0                cyfitter_cfg
 .text.ADC_DelSig_Init
                0x000009f8      0x11c .\CortexM3\ARM_GCC_493\Debug\DelSig_I2CS01_Example.a(ADC_DelSig.o)
                0x000009f8                ADC_DelSig_Init
 .text.ADC_DelSig_Enable
                0x00000b14      0x158 .\CortexM3\ARM_GCC_493\Debug\DelSig_I2CS01_Example.a(ADC_DelSig.o)
                0x00000b14                ADC_DelSig_Enable
 .text.ADC_DelSig_Start
                0x00000c6c       0x30 .\CortexM3\ARM_GCC_493\Debug\DelSig_I2CS01_Example.a(ADC_DelSig.o)
                0x00000c6c                ADC_DelSig_Start
 .text.ADC_DelSig_StartConvert
                0x00000c9c       0x20 .\CortexM3\ARM_GCC_493\Debug\DelSig_I2CS01_Example.a(ADC_DelSig.o)
                0x00000c9c                ADC_DelSig_StartConvert
 .text.ADC_DelSig_StopConvert
                0x00000cbc       0x20 .\CortexM3\ARM_GCC_493\Debug\DelSig_I2CS01_Example.a(ADC_DelSig.o)
                0x00000cbc                ADC_DelSig_StopConvert
 .text.ADC_DelSig_IsEndConversion
                0x00000cdc       0x50 .\CortexM3\ARM_GCC_493\Debug\DelSig_I2CS01_Example.a(ADC_DelSig.o)
                0x00000cdc                ADC_DelSig_IsEndConversion
 .text.ADC_DelSig_GetResult16
                0x00000d2c       0x7c .\CortexM3\ARM_GCC_493\Debug\DelSig_I2CS01_Example.a(ADC_DelSig.o)
                0x00000d2c                ADC_DelSig_GetResult16
 .text.ADC_DelSig_InitConfig
                0x00000da8      0x15c .\CortexM3\ARM_GCC_493\Debug\DelSig_I2CS01_Example.a(ADC_DelSig.o)
 .text.ADC_DelSig_GainCompensation
                0x00000f04      0x16c .\CortexM3\ARM_GCC_493\Debug\DelSig_I2CS01_Example.a(ADC_DelSig.o)
 .text.ADC_DelSig_SetDSMRef0Reg
                0x00001070       0x78 .\CortexM3\ARM_GCC_493\Debug\DelSig_I2CS01_Example.a(ADC_DelSig.o)
 .text.ADC_DelSig_ISR1
                0x000010e8        0xc .\CortexM3\ARM_GCC_493\Debug\DelSig_I2CS01_Example.a(ADC_DelSig_INT.o)
                0x000010e8                ADC_DelSig_ISR1
 .text.AMuxSeq_Start
                0x000010f4       0x14 .\CortexM3\ARM_GCC_493\Debug\DelSig_I2CS01_Example.a(AMuxSeq.o)
                0x000010f4                AMuxSeq_Start
 .text.AMuxSeq_Next
                0x00001108       0x10 .\CortexM3\ARM_GCC_493\Debug\DelSig_I2CS01_Example.a(AMuxSeq.o)
                0x00001108                AMuxSeq_Next
 .text.AMuxSeq_DisconnectAll
                0x00001118       0x10 .\CortexM3\ARM_GCC_493\Debug\DelSig_I2CS01_Example.a(AMuxSeq.o)
                0x00001118                AMuxSeq_DisconnectAll
 .text.IDAC8_Init
                0x00001128       0x30 .\CortexM3\ARM_GCC_493\Debug\DelSig_I2CS01_Example.a(IDAC8.o)
                0x00001128                IDAC8_Init
 .text.IDAC8_Enable
                0x00001158       0x34 .\CortexM3\ARM_GCC_493\Debug\DelSig_I2CS01_Example.a(IDAC8.o)
                0x00001158                IDAC8_Enable
 .text.IDAC8_Start
                0x0000118c       0x28 .\CortexM3\ARM_GCC_493\Debug\DelSig_I2CS01_Example.a(IDAC8.o)
                0x0000118c                IDAC8_Start
 .text.IDAC8_SetSpeed
                0x000011b4       0x40 .\CortexM3\ARM_GCC_493\Debug\DelSig_I2CS01_Example.a(IDAC8.o)
                0x000011b4                IDAC8_SetSpeed
 .text.IDAC8_SetValue
                0x000011f4       0x20 .\CortexM3\ARM_GCC_493\Debug\DelSig_I2CS01_Example.a(IDAC8.o)
                0x000011f4                IDAC8_SetValue
 .text.IDAC8_DacTrim
                0x00001214       0x54 .\CortexM3\ARM_GCC_493\Debug\DelSig_I2CS01_Example.a(IDAC8.o)
                0x00001214                IDAC8_DacTrim
 .text.LCD_Char_Init
                0x00001268       0x6c .\CortexM3\ARM_GCC_493\Debug\DelSig_I2CS01_Example.a(LCD_Char.o)
                0x00001268                LCD_Char_Init
 .text.LCD_Char_Enable
                0x000012d4       0x18 .\CortexM3\ARM_GCC_493\Debug\DelSig_I2CS01_Example.a(LCD_Char.o)
                0x000012d4                LCD_Char_Enable
 .text.LCD_Char_Start
                0x000012ec       0x20 .\CortexM3\ARM_GCC_493\Debug\DelSig_I2CS01_Example.a(LCD_Char.o)
                0x000012ec                LCD_Char_Start
 .text.LCD_Char_PrintString
                0x0000130c       0x38 .\CortexM3\ARM_GCC_493\Debug\DelSig_I2CS01_Example.a(LCD_Char.o)
                0x0000130c                LCD_Char_PrintString
 .text.LCD_Char_PutChar
                0x00001344       0x18 .\CortexM3\ARM_GCC_493\Debug\DelSig_I2CS01_Example.a(LCD_Char.o)
                0x00001344                LCD_Char_PutChar
 .text.LCD_Char_WriteData
                0x0000135c       0x34 .\CortexM3\ARM_GCC_493\Debug\DelSig_I2CS01_Example.a(LCD_Char.o)
                0x0000135c                LCD_Char_WriteData
 .text.LCD_Char_WriteControl
                0x00001390       0x34 .\CortexM3\ARM_GCC_493\Debug\DelSig_I2CS01_Example.a(LCD_Char.o)
                0x00001390                LCD_Char_WriteControl
 .text.LCD_Char_IsReady
                0x000013c4      0x178 .\CortexM3\ARM_GCC_493\Debug\DelSig_I2CS01_Example.a(LCD_Char.o)
                0x000013c4                LCD_Char_IsReady
 .text.LCD_Char_WrDatNib
                0x0000153c       0x78 .\CortexM3\ARM_GCC_493\Debug\DelSig_I2CS01_Example.a(LCD_Char.o)
 .text.LCD_Char_WrCntrlNib
                0x000015b4       0x60 .\CortexM3\ARM_GCC_493\Debug\DelSig_I2CS01_Example.a(LCD_Char.o)
 .text.LCD_Char_PrintInt8
                0x00001614       0x38 .\CortexM3\ARM_GCC_493\Debug\DelSig_I2CS01_Example.a(LCD_Char.o)
                0x00001614                LCD_Char_PrintInt8
 .text.LCD_Char_PrintInt16
                0x0000164c       0x28 .\CortexM3\ARM_GCC_493\Debug\DelSig_I2CS01_Example.a(LCD_Char.o)
                0x0000164c                LCD_Char_PrintInt16
 .text.I2CS_Init
                0x00001674       0x88 .\CortexM3\ARM_GCC_493\Debug\DelSig_I2CS01_Example.a(I2CS.o)
                0x00001674                I2CS_Init
 .text.I2CS_Enable
                0x000016fc       0x44 .\CortexM3\ARM_GCC_493\Debug\DelSig_I2CS01_Example.a(I2CS.o)
                0x000016fc                I2CS_Enable
 .text.I2CS_Start
                0x00001740       0x2c .\CortexM3\ARM_GCC_493\Debug\DelSig_I2CS01_Example.a(I2CS.o)
                0x00001740                I2CS_Start
 .text.I2CS_ISR
                0x0000176c      0x28c .\CortexM3\ARM_GCC_493\Debug\DelSig_I2CS01_Example.a(I2CS_INT.o)
                0x0000176c                I2CS_ISR
 .text.I2CS_SlaveStatus
                0x000019f8       0x18 .\CortexM3\ARM_GCC_493\Debug\DelSig_I2CS01_Example.a(I2CS_SLAVE.o)
                0x000019f8                I2CS_SlaveStatus
 .text.I2CS_SlaveClearReadStatus
                0x00001a10       0x4c .\CortexM3\ARM_GCC_493\Debug\DelSig_I2CS01_Example.a(I2CS_SLAVE.o)
                0x00001a10                I2CS_SlaveClearReadStatus
 .text.I2CS_SlaveSetAddress
                0x00001a5c       0x24 .\CortexM3\ARM_GCC_493\Debug\DelSig_I2CS01_Example.a(I2CS_SLAVE.o)
                0x00001a5c                I2CS_SlaveSetAddress
 .text.I2CS_SlaveInitReadBuf
                0x00001a80       0x54 .\CortexM3\ARM_GCC_493\Debug\DelSig_I2CS01_Example.a(I2CS_SLAVE.o)
                0x00001a80                I2CS_SlaveInitReadBuf
 .text.I2CS_SlaveGetReadBufSize
                0x00001ad4       0x18 .\CortexM3\ARM_GCC_493\Debug\DelSig_I2CS01_Example.a(I2CS_SLAVE.o)
                0x00001ad4                I2CS_SlaveGetReadBufSize
 .text.I2CS_SlaveClearReadBuf
                0x00001aec       0x18 .\CortexM3\ARM_GCC_493\Debug\DelSig_I2CS01_Example.a(I2CS_SLAVE.o)
                0x00001aec                I2CS_SlaveClearReadBuf
 .text.ADC_DelSig_Ext_CP_Clk_SetDividerRegister
                0x00001b04      0x160 .\CortexM3\ARM_GCC_493\Debug\DelSig_I2CS01_Example.a(ADC_DelSig_Ext_CP_Clk.o)
                0x00001b04                ADC_DelSig_Ext_CP_Clk_SetDividerRegister
 .text.ADC_DelSig_Ext_CP_Clk_GetDividerRegister
                0x00001c64       0x18 .\CortexM3\ARM_GCC_493\Debug\DelSig_I2CS01_Example.a(ADC_DelSig_Ext_CP_Clk.o)
                0x00001c64                ADC_DelSig_Ext_CP_Clk_GetDividerRegister
 .text.ADC_DelSig_Ext_CP_Clk_SetModeRegister
                0x00001c7c       0x34 .\CortexM3\ARM_GCC_493\Debug\DelSig_I2CS01_Example.a(ADC_DelSig_Ext_CP_Clk.o)
                0x00001c7c                ADC_DelSig_Ext_CP_Clk_SetModeRegister
 .text.ADC_DelSig_Ext_CP_Clk_GetSourceRegister
                0x00001cb0       0x20 .\CortexM3\ARM_GCC_493\Debug\DelSig_I2CS01_Example.a(ADC_DelSig_Ext_CP_Clk.o)
                0x00001cb0                ADC_DelSig_Ext_CP_Clk_GetSourceRegister
 .text.ADC_DelSig_theACLK_SetDividerRegister
                0x00001cd0      0x160 .\CortexM3\ARM_GCC_493\Debug\DelSig_I2CS01_Example.a(ADC_DelSig_theACLK.o)
                0x00001cd0                ADC_DelSig_theACLK_SetDividerRegister
 .text.ADC_DelSig_theACLK_GetDividerRegister
                0x00001e30       0x18 .\CortexM3\ARM_GCC_493\Debug\DelSig_I2CS01_Example.a(ADC_DelSig_theACLK.o)
                0x00001e30                ADC_DelSig_theACLK_GetDividerRegister
 .text.ADC_DelSig_theACLK_SetModeRegister
                0x00001e48       0x34 .\CortexM3\ARM_GCC_493\Debug\DelSig_I2CS01_Example.a(ADC_DelSig_theACLK.o)
                0x00001e48                ADC_DelSig_theACLK_SetModeRegister
 .text.ADC_DelSig_theACLK_GetSourceRegister
                0x00001e7c       0x20 .\CortexM3\ARM_GCC_493\Debug\DelSig_I2CS01_Example.a(ADC_DelSig_theACLK.o)
                0x00001e7c                ADC_DelSig_theACLK_GetSourceRegister
 *fill*         0x00001e9c        0x4 
 .text          0x00001ea0       0x20 .\CortexM3\ARM_GCC_493\Debug\DelSig_I2CS01_Example.a(CyBootAsmGnu.o)
                0x00001ea0                CyDelayCycles
                0x00001eb0                CyEnterCriticalSection
                0x00001eb8                CyExitCriticalSection
 .text.CyHalt   0x00001ec0       0x18 .\CortexM3\ARM_GCC_493\Debug\DelSig_I2CS01_Example.a(CyLib.o)
                0x00001ec0                CyHalt
 .text.CyDelay  0x00001ed8       0x44 .\CortexM3\ARM_GCC_493\Debug\DelSig_I2CS01_Example.a(CyLib.o)
                0x00001ed8                CyDelay
 .text.CyDelayUs
                0x00001f1c       0x24 .\CortexM3\ARM_GCC_493\Debug\DelSig_I2CS01_Example.a(CyLib.o)
                0x00001f1c                CyDelayUs
 .text.CyIntSetVector
                0x00001f40       0x50 .\CortexM3\ARM_GCC_493\Debug\DelSig_I2CS01_Example.a(CyLib.o)
                0x00001f40                CyIntSetVector
 .text.CyIntSetPriority
                0x00001f90       0x44 .\CortexM3\ARM_GCC_493\Debug\DelSig_I2CS01_Example.a(CyLib.o)
                0x00001f90                CyIntSetPriority
 .text.__libc_init_array
                0x00001fd4       0x4c c:/program files (x86)/cypress/psoc creator/3.3/psoc creator/import/gnu/arm/4.9.3/bin/../lib/gcc/arm-none-eabi/4.9.3/../../../../arm-none-eabi/lib/armv7-m\libg_nano.a(lib_a-init.o)
                0x00001fd4                __libc_init_array
 .text.memcpy   0x00002020       0x16 c:/program files (x86)/cypress/psoc creator/3.3/psoc creator/import/gnu/arm/4.9.3/bin/../lib/gcc/arm-none-eabi/4.9.3/../../../../arm-none-eabi/lib/armv7-m\libg_nano.a(lib_a-memcpy.o)
                0x00002020                memcpy
 *(.plt)
 *(.gnu.warning)
 *(.glue_7t)
 .glue_7t       0x00000000        0x0 linker stubs
 *(.glue_7)
 .glue_7        0x00000000        0x0 linker stubs
 *(.vfp11_veneer)
 .vfp11_veneer  0x00000000        0x0 linker stubs
 *(.bootloader)
 *(.ARM.extab* .gnu.linkonce.armextab.*)
 *(.gcc_except_table)

.v4_bx          0x00002038        0x0
 .v4_bx         0x00000000        0x0 linker stubs

.iplt           0x00002038        0x0
 .iplt          0x00000000        0x0 c:/program files (x86)/cypress/psoc creator/3.3/psoc creator/import/gnu/arm/4.9.3/bin/../lib/gcc/arm-none-eabi/4.9.3/armv7-m/crtbegin.o

.eh_frame_hdr
 *(.eh_frame_hdr)

.eh_frame       0x00002038        0x4
 *(.eh_frame)
 .eh_frame      0x00002038        0x0 c:/program files (x86)/cypress/psoc creator/3.3/psoc creator/import/gnu/arm/4.9.3/bin/../lib/gcc/arm-none-eabi/4.9.3/armv7-m/crtbegin.o
 .eh_frame      0x00002038        0x4 c:/program files (x86)/cypress/psoc creator/3.3/psoc creator/import/gnu/arm/4.9.3/bin/../lib/gcc/arm-none-eabi/4.9.3/armv7-m/crtend.o
                0x0000203c                PROVIDE (__exidx_start, .)

.ARM.exidx
 *(.ARM.exidx* .gnu.linkonce.armexidx.*)
                0x0000203c                __exidx_end = .

.rodata         0x0000203c      0x11c
 *(.rodata .rodata.* .gnu.linkonce.r.*)
 .rodata        0x0000203c       0x10 .\CortexM3\ARM_GCC_493\Debug\main.o
 .rodata        0x0000204c       0xc4 .\CortexM3\ARM_GCC_493\Debug\DelSig_I2CS01_Example.a(cyfitter_cfg.o)
 .rodata        0x00002110       0x10 .\CortexM3\ARM_GCC_493\Debug\DelSig_I2CS01_Example.a(LCD_Char.o)
                0x00002120                . = ALIGN (0x4)
 *(.init)
 .init          0x00002120        0x4 c:/program files (x86)/cypress/psoc creator/3.3/psoc creator/import/gnu/arm/4.9.3/bin/../lib/gcc/arm-none-eabi/4.9.3/armv7-m/crti.o
                0x00002120                _init
 .init          0x00002124        0x8 c:/program files (x86)/cypress/psoc creator/3.3/psoc creator/import/gnu/arm/4.9.3/bin/../lib/gcc/arm-none-eabi/4.9.3/armv7-m/crtn.o
                0x0000212c                . = ALIGN (0x4)
                0x0000212c                __preinit_array_start = .
 *(.preinit_array)
                0x0000212c                __preinit_array_end = .
                0x0000212c                . = ALIGN (0x4)
                0x0000212c                __init_array_start = .
 *(SORT(.init_array.*))
 *(.init_array)
 .init_array    0x0000212c        0x4 c:/program files (x86)/cypress/psoc creator/3.3/psoc creator/import/gnu/arm/4.9.3/bin/../lib/gcc/arm-none-eabi/4.9.3/armv7-m/crtbegin.o
 .init_array    0x00002130        0x4 .\CortexM3\ARM_GCC_493\Debug\Cm3Start.o
                0x00002134                __init_array_end = .
                0x00002134                . = ALIGN (0x4)
 *(.fini)
 .fini          0x00002134        0x4 c:/program files (x86)/cypress/psoc creator/3.3/psoc creator/import/gnu/arm/4.9.3/bin/../lib/gcc/arm-none-eabi/4.9.3/armv7-m/crti.o
                0x00002134                _fini
 .fini          0x00002138        0x8 c:/program files (x86)/cypress/psoc creator/3.3/psoc creator/import/gnu/arm/4.9.3/bin/../lib/gcc/arm-none-eabi/4.9.3/armv7-m/crtn.o
                0x00002140                . = ALIGN (0x4)
                0x00002140                __fini_array_start = .
 *(.fini_array)
 .fini_array    0x00002140        0x4 c:/program files (x86)/cypress/psoc creator/3.3/psoc creator/import/gnu/arm/4.9.3/bin/../lib/gcc/arm-none-eabi/4.9.3/armv7-m/crtbegin.o
 *(SORT(.fini_array.*))
                0x00002144                __fini_array_end = .
                0x00002144                . = ALIGN (0x4)
 *crtbegin.o(.ctors)
 *(EXCLUDE_FILE(*crtend.o) .ctors)
 *(SORT(.ctors.*))
 *crtend.o(.ctors)
                0x00002144                . = ALIGN (0x4)
 *crtbegin.o(.dtors)
 *(EXCLUDE_FILE(*crtend.o) .dtors)
 *(SORT(.dtors.*))
 *crtend.o(.dtors)
                0x00002144                . = ALIGN (0x4)
                0x00002144                __cy_regions = .
                0x00002144        0x4 LONG 0x2158 __cy_region_init_ram
                0x00002148        0x4 LONG 0x1fff8108 __cy_region_start_data
                0x0000214c        0x4 LONG 0x18 __cy_region_init_size_ram
                0x00002150        0x4 LONG 0x58 __cy_region_zero_size_ram
                0x00002154                __cy_regions_end = .
                0x00002158                . = ALIGN (0x8)
 *fill*         0x00002154        0x4 
                0x00002158                _etext = .

.cy_checksum_exclude
                0x00002158        0x0
 *(.cy_checksum_exclude)

.ramvectors     0x1fff8000      0x100
                0x1fff8000                __cy_region_start_ram = .
 *(.ramvectors)
 .ramvectors    0x1fff8000      0x100 .\CortexM3\ARM_GCC_493\Debug\Cm3Start.o
                0x1fff8000                CyRamVectors

.noinit         0x1fff8100        0x5
 *(.noinit)
 .noinit        0x1fff8100        0x4 .\CortexM3\ARM_GCC_493\Debug\Cm3Start.o
 .noinit        0x1fff8104        0x1 .\CortexM3\ARM_GCC_493\Debug\DelSig_I2CS01_Example.a(CyLib.o)
                0x1fff8104                CyResetStatus

.data           0x1fff8108       0x18 load address 0x00002158
                0x1fff8108                __cy_region_start_data = .
 *(.jcr)
 .jcr           0x1fff8108        0x0 c:/program files (x86)/cypress/psoc creator/3.3/psoc creator/import/gnu/arm/4.9.3/bin/../lib/gcc/arm-none-eabi/4.9.3/armv7-m/crtbegin.o
 .jcr           0x1fff8108        0x4 c:/program files (x86)/cypress/psoc creator/3.3/psoc creator/import/gnu/arm/4.9.3/bin/../lib/gcc/arm-none-eabi/4.9.3/armv7-m/crtend.o
 *(.got.plt)
 *(.got)
 *(.shdata)
 *(.data .data.* .gnu.linkonce.d.*)
 .data          0x1fff810c        0x2 .\CortexM3\ARM_GCC_493\Debug\DelSig_I2CS01_Example.a(cyfitter_cfg.o)
                0x1fff810c                AMuxSeq_CYAMUXSIDE_A_curChannel
                0x1fff810d                AMuxSeq_CYAMUXSIDE_B_curChannel
 .data          0x1fff810e        0x1 .\CortexM3\ARM_GCC_493\Debug\DelSig_I2CS01_Example.a(ADC_DelSig.o)
                0x1fff810e                ADC_DelSig_Config
 *fill*         0x1fff810f        0x1 
 .data          0x1fff8110       0x10 .\CortexM3\ARM_GCC_493\Debug\DelSig_I2CS01_Example.a(CyLib.o)
                0x1fff8110                cydelay_freq_hz
                0x1fff8114                cydelay_freq_khz
                0x1fff8118                cydelay_freq_mhz
                0x1fff811c                cydelay_32k_ms
                0x1fff8120                . = ALIGN (0x8)
 *(.ram)
                0x1fff8120                _edata = .

.igot.plt       0x1fff8120        0x0 load address 0x00002170
 .igot.plt      0x00000000        0x0 c:/program files (x86)/cypress/psoc creator/3.3/psoc creator/import/gnu/arm/4.9.3/bin/../lib/gcc/arm-none-eabi/4.9.3/armv7-m/crtbegin.o

.bss            0x1fff8120       0x58 load address 0x00002170
                0x1fff8120                PROVIDE (__bss_start__, .)
 *(.shbss)
 *(.bss .bss.* .gnu.linkonce.b.*)
 .bss           0x1fff8120       0x1c c:/program files (x86)/cypress/psoc creator/3.3/psoc creator/import/gnu/arm/4.9.3/bin/../lib/gcc/arm-none-eabi/4.9.3/armv7-m/crtbegin.o
 *fill*         0x1fff813c        0x4 
 .bss           0x1fff8140        0x8 .\CortexM3\ARM_GCC_493\Debug\DelSig_I2CS01_Example.a(cyfitter_cfg.o)
 .bss           0x1fff8148        0x8 .\CortexM3\ARM_GCC_493\Debug\DelSig_I2CS01_Example.a(ADC_DelSig.o)
                0x1fff8148                ADC_DelSig_convDone
                0x1fff8149                ADC_DelSig_stopConversion
                0x1fff814a                ADC_DelSig_initVar
                0x1fff814b                ADC_DelSig_started
 .bss           0x1fff8150        0x1 .\CortexM3\ARM_GCC_493\Debug\DelSig_I2CS01_Example.a(AMuxSeq.o)
                0x1fff8150                AMuxSeq_initVar
 .bss           0x1fff8151        0x1 .\CortexM3\ARM_GCC_493\Debug\DelSig_I2CS01_Example.a(IDAC8.o)
                0x1fff8151                IDAC8_initVar
 .bss           0x1fff8152        0x2 .\CortexM3\ARM_GCC_493\Debug\DelSig_I2CS01_Example.a(LCD_Char.o)
                0x1fff8152                LCD_Char_enableState
                0x1fff8153                LCD_Char_initVar
 .bss           0x1fff8154        0x1 .\CortexM3\ARM_GCC_493\Debug\DelSig_I2CS01_Example.a(I2CS.o)
                0x1fff8154                I2CS_initVar
 *(COMMON)
 *fill*         0x1fff8155        0x3 
 COMMON         0x1fff8158        0x8 .\CortexM3\ARM_GCC_493\Debug\DelSig_I2CS01_Example.a(ADC_DelSig.o)
                0x1fff8158                ADC_DelSig_CountsPerVolt
                0x1fff815c                ADC_DelSig_Offset
 COMMON         0x1fff8160        0x1 .\CortexM3\ARM_GCC_493\Debug\DelSig_I2CS01_Example.a(I2CS.o)
                0x1fff8160                I2CS_state
 *fill*         0x1fff8161        0x3 
 COMMON         0x1fff8164       0x10 .\CortexM3\ARM_GCC_493\Debug\DelSig_I2CS01_Example.a(I2CS_SLAVE.o)
                0x1fff8164                I2CS_slRdBufIndex
                0x1fff8165                I2CS_slWrBufIndex
                0x1fff8166                I2CS_slWrBufSize
                0x1fff8167                I2CS_slRdBufSize
                0x1fff8168                I2CS_slRdBufPtr
                0x1fff816c                I2CS_slStatus
                0x1fff8170                I2CS_slWrBufPtr
                0x1fff8178                . = ALIGN (0x8)
 *fill*         0x1fff8174        0x4 
 *(.ram.b)
                0x1fff8178                _end = .
                0x1fff8178                __end = .
                0x1fff8178                PROVIDE (end, .)
                0x1fff8178                PROVIDE (__bss_end__, .)
                0x00002158                __cy_region_init_ram = LOADADDR (.data)
                0x00000018                __cy_region_init_size_ram = (_edata - ADDR (.data))
                0x00000058                __cy_region_zero_size_ram = (_end - _edata)

.heap           0x1fff8178       0x80 load address 0x00002170
                0x1fff8178                . = _end
                0x1fff81f8                . = (. + 0x80)
 *fill*         0x1fff8178       0x80 
                0x1fff81f8                __cy_heap_limit = .

.stack          0x20007800      0x800
                0x20007800                __cy_stack_limit = .
                0x20008000                . = (. + 0x800)
 *fill*         0x20007800      0x800 
                0x00000001                ASSERT ((__cy_stack_limit >= __cy_heap_limit), region RAM overflowed with stack)
                0x00000000                cy_checksum_exclude_size = (CY_APPL_LOADABLE == 0x1)?SIZEOF (.cy_checksum_exclude):0x0
                0x00000001                ASSERT ((cy_checksum_exclude_size <= CY_CHECKSUM_EXCLUDE_SIZE), CY_BOOT: Section .cy_checksum_exclude size exceedes specified limit.)

.cyloadermeta
 *(.cyloadermeta)

.cyloadablemeta
 *(.cyloadablemeta)

.cyconfigecc    0x80000000      0xbb4
 *(.cyconfigecc)
 .cyconfigecc   0x80000000      0xbb4 .\CortexM3\ARM_GCC_493\Debug\cymetadata.o
                0x80000000                cy_meta_configecc

.cycustnvl      0x90000000        0x4
 *(.cycustnvl)
 .cycustnvl     0x90000000        0x4 .\CortexM3\ARM_GCC_493\Debug\cymetadata.o
                0x90000000                cy_meta_custnvl

.cywolatch      0x90100000        0x4
 *(.cywolatch)
 .cywolatch     0x90100000        0x4 .\CortexM3\ARM_GCC_493\Debug\cymetadata.o
                0x90100000                cy_meta_wonvl

.cyeeprom       0x90200000        0x0
 *(.cyeeprom)
                0x00000001                ASSERT ((. <= ((0x90200000 + ee_offset) + ee_size)), .cyeeprom data will not fit in EEPROM)

.cyflashprotect
                0x90400000      0x100
 *(.cyflashprotect)
 .cyflashprotect
                0x90400000      0x100 .\CortexM3\ARM_GCC_493\Debug\cymetadata.o
                0x90400000                cy_meta_flashprotect

.cymeta         0x90500000        0xc
 *(.cymeta)
 .cymeta        0x90500000        0xc .\CortexM3\ARM_GCC_493\Debug\cymetadata.o
                0x90500000                cy_metadata

.rel.dyn        0x00002170        0x0 load address 0x9050000c
 .rel.iplt      0x00000000        0x0 c:/program files (x86)/cypress/psoc creator/3.3/psoc creator/import/gnu/arm/4.9.3/bin/../lib/gcc/arm-none-eabi/4.9.3/armv7-m/crtbegin.o

.stab
 *(.stab)

.stabstr
 *(.stabstr)

.debug
 *(.debug)

.line
 *(.line)

.debug_srcinfo
 *(.debug_srcinfo)

.debug_sfnames
 *(.debug_sfnames)

.debug_aranges  0x00000000      0x990
 *(.debug_aranges)
 .debug_aranges
                0x00000000       0x20 .\CortexM3\ARM_GCC_493\Debug\main.o
 .debug_aranges
                0x00000020       0x18 .\CortexM3\ARM_GCC_493\Debug\cymetadata.o
 .debug_aranges
                0x00000038       0x48 .\CortexM3\ARM_GCC_493\Debug\Cm3Start.o
 .debug_aranges
                0x00000080       0x80 .\CortexM3\ARM_GCC_493\Debug\DelSig_I2CS01_Example.a(cyfitter_cfg.o)
 .debug_aranges
                0x00000100       0xe8 .\CortexM3\ARM_GCC_493\Debug\DelSig_I2CS01_Example.a(ADC_DelSig.o)
 .debug_aranges
                0x000001e8       0x38 .\CortexM3\ARM_GCC_493\Debug\DelSig_I2CS01_Example.a(ADC_DelSig_INT.o)
 .debug_aranges
                0x00000220       0x48 .\CortexM3\ARM_GCC_493\Debug\DelSig_I2CS01_Example.a(AMuxSeq.o)
 .debug_aranges
                0x00000268       0x60 .\CortexM3\ARM_GCC_493\Debug\DelSig_I2CS01_Example.a(IDAC8.o)
 .debug_aranges
                0x000002c8       0x98 .\CortexM3\ARM_GCC_493\Debug\DelSig_I2CS01_Example.a(LCD_Char.o)
 .debug_aranges
                0x00000360       0x38 .\CortexM3\ARM_GCC_493\Debug\DelSig_I2CS01_Example.a(I2CS.o)
 .debug_aranges
                0x00000398       0x20 .\CortexM3\ARM_GCC_493\Debug\DelSig_I2CS01_Example.a(I2CS_INT.o)
 .debug_aranges
                0x000003b8       0x38 .\CortexM3\ARM_GCC_493\Debug\DelSig_I2CS01_Example.a(I2CS_PM.o)
 .debug_aranges
                0x000003f0       0x68 .\CortexM3\ARM_GCC_493\Debug\DelSig_I2CS01_Example.a(I2CS_SLAVE.o)
 .debug_aranges
                0x00000458       0x70 .\CortexM3\ARM_GCC_493\Debug\DelSig_I2CS01_Example.a(ADC_DelSig_Ext_CP_Clk.o)
 .debug_aranges
                0x000004c8       0x80 .\CortexM3\ARM_GCC_493\Debug\DelSig_I2CS01_Example.a(ADC_DelSig_theACLK.o)
 .debug_aranges
                0x00000548       0x20 .\CortexM3\ARM_GCC_493\Debug\DelSig_I2CS01_Example.a(CyBootAsmGnu.o)
 .debug_aranges
                0x00000568      0x298 .\CortexM3\ARM_GCC_493\Debug\DelSig_I2CS01_Example.a(CyLib.o)
 .debug_aranges
                0x00000800       0x98 .\CortexM3\ARM_GCC_493\Debug\DelSig_I2CS01_Example.a(cyPm.o)
 .debug_aranges
                0x00000898       0x80 .\CortexM3\ARM_GCC_493\Debug\DelSig_I2CS01_Example.a(CyFlash.o)
 .debug_aranges
                0x00000918       0x78 .\CortexM3\ARM_GCC_493\Debug\DelSig_I2CS01_Example.a(CySpc.o)

.debug_pubnames
 *(.debug_pubnames)

.debug_info     0x00000000     0x4066
 *(.debug_info .gnu.linkonce.wi.*)
 .debug_info    0x00000000      0x11b .\CortexM3\ARM_GCC_493\Debug\main.o
 .debug_info    0x0000011b      0x13f .\CortexM3\ARM_GCC_493\Debug\cymetadata.o
 .debug_info    0x0000025a      0x319 .\CortexM3\ARM_GCC_493\Debug\Cm3Start.o
 .debug_info    0x00000573      0x430 .\CortexM3\ARM_GCC_493\Debug\DelSig_I2CS01_Example.a(cyfitter_cfg.o)
 .debug_info    0x000009a3      0x725 .\CortexM3\ARM_GCC_493\Debug\DelSig_I2CS01_Example.a(ADC_DelSig.o)
 .debug_info    0x000010c8       0xcc .\CortexM3\ARM_GCC_493\Debug\DelSig_I2CS01_Example.a(ADC_DelSig_INT.o)
 .debug_info    0x00001194      0x11f .\CortexM3\ARM_GCC_493\Debug\DelSig_I2CS01_Example.a(AMuxSeq.o)
 .debug_info    0x000012b3      0x1ad .\CortexM3\ARM_GCC_493\Debug\DelSig_I2CS01_Example.a(IDAC8.o)
 .debug_info    0x00001460      0x3c8 .\CortexM3\ARM_GCC_493\Debug\DelSig_I2CS01_Example.a(LCD_Char.o)
 .debug_info    0x00001828      0x1fa .\CortexM3\ARM_GCC_493\Debug\DelSig_I2CS01_Example.a(I2CS.o)
 .debug_info    0x00001a22      0x135 .\CortexM3\ARM_GCC_493\Debug\DelSig_I2CS01_Example.a(I2CS_INT.o)
 .debug_info    0x00001b57      0x193 .\CortexM3\ARM_GCC_493\Debug\DelSig_I2CS01_Example.a(I2CS_PM.o)
 .debug_info    0x00001cea      0x282 .\CortexM3\ARM_GCC_493\Debug\DelSig_I2CS01_Example.a(I2CS_SLAVE.o)
 .debug_info    0x00001f6c      0x25d .\CortexM3\ARM_GCC_493\Debug\DelSig_I2CS01_Example.a(ADC_DelSig_Ext_CP_Clk.o)
 .debug_info    0x000021c9      0x299 .\CortexM3\ARM_GCC_493\Debug\DelSig_I2CS01_Example.a(ADC_DelSig_theACLK.o)
 .debug_info    0x00002462       0xa7 .\CortexM3\ARM_GCC_493\Debug\DelSig_I2CS01_Example.a(CyBootAsmGnu.o)
 .debug_info    0x00002509      0xe36 .\CortexM3\ARM_GCC_493\Debug\DelSig_I2CS01_Example.a(CyLib.o)
 .debug_info    0x0000333f      0x562 .\CortexM3\ARM_GCC_493\Debug\DelSig_I2CS01_Example.a(cyPm.o)
 .debug_info    0x000038a1      0x36c .\CortexM3\ARM_GCC_493\Debug\DelSig_I2CS01_Example.a(CyFlash.o)
 .debug_info    0x00003c0d      0x459 .\CortexM3\ARM_GCC_493\Debug\DelSig_I2CS01_Example.a(CySpc.o)

.debug_abbrev   0x00000000     0x14b3
 *(.debug_abbrev)
 .debug_abbrev  0x00000000       0x97 .\CortexM3\ARM_GCC_493\Debug\main.o
 .debug_abbrev  0x00000097       0x77 .\CortexM3\ARM_GCC_493\Debug\cymetadata.o
 .debug_abbrev  0x0000010e      0x1b6 .\CortexM3\ARM_GCC_493\Debug\Cm3Start.o
 .debug_abbrev  0x000002c4      0x1ac .\CortexM3\ARM_GCC_493\Debug\DelSig_I2CS01_Example.a(cyfitter_cfg.o)
 .debug_abbrev  0x00000470      0x19d .\CortexM3\ARM_GCC_493\Debug\DelSig_I2CS01_Example.a(ADC_DelSig.o)
 .debug_abbrev  0x0000060d       0x42 .\CortexM3\ARM_GCC_493\Debug\DelSig_I2CS01_Example.a(ADC_DelSig_INT.o)
 .debug_abbrev  0x0000064f       0x8b .\CortexM3\ARM_GCC_493\Debug\DelSig_I2CS01_Example.a(AMuxSeq.o)
 .debug_abbrev  0x000006da      0x114 .\CortexM3\ARM_GCC_493\Debug\DelSig_I2CS01_Example.a(IDAC8.o)
 .debug_abbrev  0x000007ee      0x120 .\CortexM3\ARM_GCC_493\Debug\DelSig_I2CS01_Example.a(LCD_Char.o)
 .debug_abbrev  0x0000090e       0xe2 .\CortexM3\ARM_GCC_493\Debug\DelSig_I2CS01_Example.a(I2CS.o)
 .debug_abbrev  0x000009f0       0x81 .\CortexM3\ARM_GCC_493\Debug\DelSig_I2CS01_Example.a(I2CS_INT.o)
 .debug_abbrev  0x00000a71       0xf8 .\CortexM3\ARM_GCC_493\Debug\DelSig_I2CS01_Example.a(I2CS_PM.o)
 .debug_abbrev  0x00000b69       0xf8 .\CortexM3\ARM_GCC_493\Debug\DelSig_I2CS01_Example.a(I2CS_SLAVE.o)
 .debug_abbrev  0x00000c61      0x11d .\CortexM3\ARM_GCC_493\Debug\DelSig_I2CS01_Example.a(ADC_DelSig_Ext_CP_Clk.o)
 .debug_abbrev  0x00000d7e      0x11d .\CortexM3\ARM_GCC_493\Debug\DelSig_I2CS01_Example.a(ADC_DelSig_theACLK.o)
 .debug_abbrev  0x00000e9b       0x14 .\CortexM3\ARM_GCC_493\Debug\DelSig_I2CS01_Example.a(CyBootAsmGnu.o)
 .debug_abbrev  0x00000eaf      0x217 .\CortexM3\ARM_GCC_493\Debug\DelSig_I2CS01_Example.a(CyLib.o)
 .debug_abbrev  0x000010c6      0x161 .\CortexM3\ARM_GCC_493\Debug\DelSig_I2CS01_Example.a(cyPm.o)
 .debug_abbrev  0x00001227      0x120 .\CortexM3\ARM_GCC_493\Debug\DelSig_I2CS01_Example.a(CyFlash.o)
 .debug_abbrev  0x00001347      0x16c .\CortexM3\ARM_GCC_493\Debug\DelSig_I2CS01_Example.a(CySpc.o)

.debug_line     0x00000000     0x258c
 *(.debug_line)
 .debug_line    0x00000000      0x182 .\CortexM3\ARM_GCC_493\Debug\main.o
 .debug_line    0x00000182       0x53 .\CortexM3\ARM_GCC_493\Debug\cymetadata.o
 .debug_line    0x000001d5      0x1d6 .\CortexM3\ARM_GCC_493\Debug\Cm3Start.o
 .debug_line    0x000003ab      0x293 .\CortexM3\ARM_GCC_493\Debug\DelSig_I2CS01_Example.a(cyfitter_cfg.o)
 .debug_line    0x0000063e      0x360 .\CortexM3\ARM_GCC_493\Debug\DelSig_I2CS01_Example.a(ADC_DelSig.o)
 .debug_line    0x0000099e       0x95 .\CortexM3\ARM_GCC_493\Debug\DelSig_I2CS01_Example.a(ADC_DelSig_INT.o)
 .debug_line    0x00000a33       0xcf .\CortexM3\ARM_GCC_493\Debug\DelSig_I2CS01_Example.a(AMuxSeq.o)
 .debug_line    0x00000b02      0x107 .\CortexM3\ARM_GCC_493\Debug\DelSig_I2CS01_Example.a(IDAC8.o)
 .debug_line    0x00000c09      0x1e8 .\CortexM3\ARM_GCC_493\Debug\DelSig_I2CS01_Example.a(LCD_Char.o)
 .debug_line    0x00000df1       0xdc .\CortexM3\ARM_GCC_493\Debug\DelSig_I2CS01_Example.a(I2CS.o)
 .debug_line    0x00000ecd       0xbf .\CortexM3\ARM_GCC_493\Debug\DelSig_I2CS01_Example.a(I2CS_INT.o)
 .debug_line    0x00000f8c       0xbc .\CortexM3\ARM_GCC_493\Debug\DelSig_I2CS01_Example.a(I2CS_PM.o)
 .debug_line    0x00001048      0x118 .\CortexM3\ARM_GCC_493\Debug\DelSig_I2CS01_Example.a(I2CS_SLAVE.o)
 .debug_line    0x00001160      0x1c9 .\CortexM3\ARM_GCC_493\Debug\DelSig_I2CS01_Example.a(ADC_DelSig_Ext_CP_Clk.o)
 .debug_line    0x00001329      0x1ea .\CortexM3\ARM_GCC_493\Debug\DelSig_I2CS01_Example.a(ADC_DelSig_theACLK.o)
 .debug_line    0x00001513       0x68 .\CortexM3\ARM_GCC_493\Debug\DelSig_I2CS01_Example.a(CyBootAsmGnu.o)
 .debug_line    0x0000157b      0x872 .\CortexM3\ARM_GCC_493\Debug\DelSig_I2CS01_Example.a(CyLib.o)
 .debug_line    0x00001ded      0x381 .\CortexM3\ARM_GCC_493\Debug\DelSig_I2CS01_Example.a(cyPm.o)
 .debug_line    0x0000216e      0x207 .\CortexM3\ARM_GCC_493\Debug\DelSig_I2CS01_Example.a(CyFlash.o)
 .debug_line    0x00002375      0x217 .\CortexM3\ARM_GCC_493\Debug\DelSig_I2CS01_Example.a(CySpc.o)

.debug_frame    0x00000000     0x25a0
 *(.debug_frame)
 .debug_frame   0x00000000       0x30 .\CortexM3\ARM_GCC_493\Debug\main.o
 .debug_frame   0x00000030       0xd8 .\CortexM3\ARM_GCC_493\Debug\Cm3Start.o
 .debug_frame   0x00000108      0x1f0 .\CortexM3\ARM_GCC_493\Debug\DelSig_I2CS01_Example.a(cyfitter_cfg.o)
 .debug_frame   0x000002f8      0x40c .\CortexM3\ARM_GCC_493\Debug\DelSig_I2CS01_Example.a(ADC_DelSig.o)
 .debug_frame   0x00000704       0xa0 .\CortexM3\ARM_GCC_493\Debug\DelSig_I2CS01_Example.a(ADC_DelSig_INT.o)
 .debug_frame   0x000007a4       0xc0 .\CortexM3\ARM_GCC_493\Debug\DelSig_I2CS01_Example.a(AMuxSeq.o)
 .debug_frame   0x00000864      0x158 .\CortexM3\ARM_GCC_493\Debug\DelSig_I2CS01_Example.a(IDAC8.o)
 .debug_frame   0x000009bc      0x260 .\CortexM3\ARM_GCC_493\Debug\DelSig_I2CS01_Example.a(LCD_Char.o)
 .debug_frame   0x00000c1c       0x98 .\CortexM3\ARM_GCC_493\Debug\DelSig_I2CS01_Example.a(I2CS.o)
 .debug_frame   0x00000cb4       0x38 .\CortexM3\ARM_GCC_493\Debug\DelSig_I2CS01_Example.a(I2CS_INT.o)
 .debug_frame   0x00000cec       0x94 .\CortexM3\ARM_GCC_493\Debug\DelSig_I2CS01_Example.a(I2CS_PM.o)
 .debug_frame   0x00000d80      0x18c .\CortexM3\ARM_GCC_493\Debug\DelSig_I2CS01_Example.a(I2CS_SLAVE.o)
 .debug_frame   0x00000f0c      0x1b4 .\CortexM3\ARM_GCC_493\Debug\DelSig_I2CS01_Example.a(ADC_DelSig_Ext_CP_Clk.o)
 .debug_frame   0x000010c0      0x200 .\CortexM3\ARM_GCC_493\Debug\DelSig_I2CS01_Example.a(ADC_DelSig_theACLK.o)
 .debug_frame   0x000012c0      0xbe8 .\CortexM3\ARM_GCC_493\Debug\DelSig_I2CS01_Example.a(CyLib.o)
 .debug_frame   0x00001ea8      0x234 .\CortexM3\ARM_GCC_493\Debug\DelSig_I2CS01_Example.a(cyPm.o)
 .debug_frame   0x000020dc      0x210 .\CortexM3\ARM_GCC_493\Debug\DelSig_I2CS01_Example.a(CyFlash.o)
 .debug_frame   0x000022ec      0x1f8 .\CortexM3\ARM_GCC_493\Debug\DelSig_I2CS01_Example.a(CySpc.o)
 .debug_frame   0x000024e4       0x20 c:/program files (x86)/cypress/psoc creator/3.3/psoc creator/import/gnu/arm/4.9.3/bin/../lib/gcc/arm-none-eabi/4.9.3/../../../../arm-none-eabi/lib/armv7-m\libg_nano.a(lib_a-errno.o)
 .debug_frame   0x00002504       0x28 c:/program files (x86)/cypress/psoc creator/3.3/psoc creator/import/gnu/arm/4.9.3/bin/../lib/gcc/arm-none-eabi/4.9.3/../../../../arm-none-eabi/lib/armv7-m\libg_nano.a(lib_a-exit.o)
 .debug_frame   0x0000252c       0x2c c:/program files (x86)/cypress/psoc creator/3.3/psoc creator/import/gnu/arm/4.9.3/bin/../lib/gcc/arm-none-eabi/4.9.3/../../../../arm-none-eabi/lib/armv7-m\libg_nano.a(lib_a-init.o)
 .debug_frame   0x00002558       0x28 c:/program files (x86)/cypress/psoc creator/3.3/psoc creator/import/gnu/arm/4.9.3/bin/../lib/gcc/arm-none-eabi/4.9.3/../../../../arm-none-eabi/lib/armv7-m\libg_nano.a(lib_a-memcpy.o)
 .debug_frame   0x00002580       0x20 c:/program files (x86)/cypress/psoc creator/3.3/psoc creator/import/gnu/arm/4.9.3/bin/../lib/gcc/arm-none-eabi/4.9.3/../../../../arm-none-eabi/lib/armv7-m\libg_nano.a(lib_a-memset.o)

.debug_str      0x00000000     0x21a7
 *(.debug_str)
 .debug_str     0x00000000      0x1a2 .\CortexM3\ARM_GCC_493\Debug\main.o
                                0x1e3 (size before relaxing)
 .debug_str     0x000001a2       0x77 .\CortexM3\ARM_GCC_493\Debug\cymetadata.o
                                0x201 (size before relaxing)
 .debug_str     0x00000219      0x139 .\CortexM3\ARM_GCC_493\Debug\Cm3Start.o
                                0x2e2 (size before relaxing)
 .debug_str     0x00000352      0x23b .\CortexM3\ARM_GCC_493\Debug\DelSig_I2CS01_Example.a(cyfitter_cfg.o)
                                0x3e9 (size before relaxing)
 .debug_str     0x0000058d      0x405 .\CortexM3\ARM_GCC_493\Debug\DelSig_I2CS01_Example.a(ADC_DelSig.o)
                                0x5e6 (size before relaxing)
 .debug_str     0x00000992       0x6a .\CortexM3\ARM_GCC_493\Debug\DelSig_I2CS01_Example.a(ADC_DelSig_INT.o)
                                0x1ee (size before relaxing)
 .debug_str     0x000009fc       0x91 .\CortexM3\ARM_GCC_493\Debug\DelSig_I2CS01_Example.a(AMuxSeq.o)
                                0x237 (size before relaxing)
 .debug_str     0x00000a8d       0xc5 .\CortexM3\ARM_GCC_493\Debug\DelSig_I2CS01_Example.a(IDAC8.o)
                                0x251 (size before relaxing)
 .debug_str     0x00000b52      0x1dd .\CortexM3\ARM_GCC_493\Debug\DelSig_I2CS01_Example.a(LCD_Char.o)
                                0x388 (size before relaxing)
 .debug_str     0x00000d2f       0xe8 .\CortexM3\ARM_GCC_493\Debug\DelSig_I2CS01_Example.a(I2CS.o)
                                0x297 (size before relaxing)
 .debug_str     0x00000e17       0x7b .\CortexM3\ARM_GCC_493\Debug\DelSig_I2CS01_Example.a(I2CS_INT.o)
                                0x247 (size before relaxing)
 .debug_str     0x00000e92       0x5d .\CortexM3\ARM_GCC_493\Debug\DelSig_I2CS01_Example.a(I2CS_PM.o)
                                0x24e (size before relaxing)
 .debug_str     0x00000eef      0x124 .\CortexM3\ARM_GCC_493\Debug\DelSig_I2CS01_Example.a(I2CS_SLAVE.o)
                                0x343 (size before relaxing)
 .debug_str     0x00001013      0x204 .\CortexM3\ARM_GCC_493\Debug\DelSig_I2CS01_Example.a(ADC_DelSig_Ext_CP_Clk.o)
                                0x3ad (size before relaxing)
 .debug_str     0x00001217      0x1ee .\CortexM3\ARM_GCC_493\Debug\DelSig_I2CS01_Example.a(ADC_DelSig_theACLK.o)
                                0x3da (size before relaxing)
 .debug_str     0x00001405      0x7d3 .\CortexM3\ARM_GCC_493\Debug\DelSig_I2CS01_Example.a(CyLib.o)
                                0x9dd (size before relaxing)
 .debug_str     0x00001bd8      0x367 .\CortexM3\ARM_GCC_493\Debug\DelSig_I2CS01_Example.a(cyPm.o)
                                0x542 (size before relaxing)
 .debug_str     0x00001f3f      0x147 .\CortexM3\ARM_GCC_493\Debug\DelSig_I2CS01_Example.a(CyFlash.o)
                                0x301 (size before relaxing)
 .debug_str     0x00002086      0x121 .\CortexM3\ARM_GCC_493\Debug\DelSig_I2CS01_Example.a(CySpc.o)
                                0x2fe (size before relaxing)

.debug_loc
 *(.debug_loc)

.debug_macinfo
 *(.debug_macinfo)

.debug_ranges   0x00000000      0x838
 *(.debug_ranges)
 .debug_ranges  0x00000000       0x10 .\CortexM3\ARM_GCC_493\Debug\main.o
 .debug_ranges  0x00000010       0x38 .\CortexM3\ARM_GCC_493\Debug\Cm3Start.o
 .debug_ranges  0x00000048       0x70 .\CortexM3\ARM_GCC_493\Debug\DelSig_I2CS01_Example.a(cyfitter_cfg.o)
 .debug_ranges  0x000000b8       0xd8 .\CortexM3\ARM_GCC_493\Debug\DelSig_I2CS01_Example.a(ADC_DelSig.o)
 .debug_ranges  0x00000190       0x28 .\CortexM3\ARM_GCC_493\Debug\DelSig_I2CS01_Example.a(ADC_DelSig_INT.o)
 .debug_ranges  0x000001b8       0x38 .\CortexM3\ARM_GCC_493\Debug\DelSig_I2CS01_Example.a(AMuxSeq.o)
 .debug_ranges  0x000001f0       0x50 .\CortexM3\ARM_GCC_493\Debug\DelSig_I2CS01_Example.a(IDAC8.o)
 .debug_ranges  0x00000240       0x88 .\CortexM3\ARM_GCC_493\Debug\DelSig_I2CS01_Example.a(LCD_Char.o)
 .debug_ranges  0x000002c8       0x28 .\CortexM3\ARM_GCC_493\Debug\DelSig_I2CS01_Example.a(I2CS.o)
 .debug_ranges  0x000002f0       0x10 .\CortexM3\ARM_GCC_493\Debug\DelSig_I2CS01_Example.a(I2CS_INT.o)
 .debug_ranges  0x00000300       0x28 .\CortexM3\ARM_GCC_493\Debug\DelSig_I2CS01_Example.a(I2CS_PM.o)
 .debug_ranges  0x00000328       0x58 .\CortexM3\ARM_GCC_493\Debug\DelSig_I2CS01_Example.a(I2CS_SLAVE.o)
 .debug_ranges  0x00000380       0x60 .\CortexM3\ARM_GCC_493\Debug\DelSig_I2CS01_Example.a(ADC_DelSig_Ext_CP_Clk.o)
 .debug_ranges  0x000003e0       0x70 .\CortexM3\ARM_GCC_493\Debug\DelSig_I2CS01_Example.a(ADC_DelSig_theACLK.o)
 .debug_ranges  0x00000450      0x288 .\CortexM3\ARM_GCC_493\Debug\DelSig_I2CS01_Example.a(CyLib.o)
 .debug_ranges  0x000006d8       0x88 .\CortexM3\ARM_GCC_493\Debug\DelSig_I2CS01_Example.a(cyPm.o)
 .debug_ranges  0x00000760       0x70 .\CortexM3\ARM_GCC_493\Debug\DelSig_I2CS01_Example.a(CyFlash.o)
 .debug_ranges  0x000007d0       0x68 .\CortexM3\ARM_GCC_493\Debug\DelSig_I2CS01_Example.a(CySpc.o)

.comment        0x00000000       0x70
 .comment       0x00000000       0x70 .\CortexM3\ARM_GCC_493\Debug\main.o
                                 0x71 (size before relaxing)
 .comment       0x00000000       0x71 .\CortexM3\ARM_GCC_493\Debug\cymetadata.o
 .comment       0x00000000       0x71 .\CortexM3\ARM_GCC_493\Debug\Cm3Start.o
 .comment       0x00000000       0x71 .\CortexM3\ARM_GCC_493\Debug\DelSig_I2CS01_Example.a(cyfitter_cfg.o)
 .comment       0x00000000       0x71 .\CortexM3\ARM_GCC_493\Debug\DelSig_I2CS01_Example.a(ADC_DelSig.o)
 .comment       0x00000000       0x71 .\CortexM3\ARM_GCC_493\Debug\DelSig_I2CS01_Example.a(ADC_DelSig_INT.o)
 .comment       0x00000000       0x71 .\CortexM3\ARM_GCC_493\Debug\DelSig_I2CS01_Example.a(AMuxSeq.o)
 .comment       0x00000000       0x71 .\CortexM3\ARM_GCC_493\Debug\DelSig_I2CS01_Example.a(IDAC8.o)
 .comment       0x00000000       0x71 .\CortexM3\ARM_GCC_493\Debug\DelSig_I2CS01_Example.a(LCD_Char.o)
 .comment       0x00000000       0x71 .\CortexM3\ARM_GCC_493\Debug\DelSig_I2CS01_Example.a(I2CS.o)
 .comment       0x00000000       0x71 .\CortexM3\ARM_GCC_493\Debug\DelSig_I2CS01_Example.a(I2CS_INT.o)
 .comment       0x00000000       0x71 .\CortexM3\ARM_GCC_493\Debug\DelSig_I2CS01_Example.a(I2CS_PM.o)
 .comment       0x00000000       0x71 .\CortexM3\ARM_GCC_493\Debug\DelSig_I2CS01_Example.a(I2CS_SLAVE.o)
 .comment       0x00000000       0x71 .\CortexM3\ARM_GCC_493\Debug\DelSig_I2CS01_Example.a(ADC_DelSig_Ext_CP_Clk.o)
 .comment       0x00000000       0x71 .\CortexM3\ARM_GCC_493\Debug\DelSig_I2CS01_Example.a(ADC_DelSig_theACLK.o)
 .comment       0x00000000       0x71 .\CortexM3\ARM_GCC_493\Debug\DelSig_I2CS01_Example.a(CyLib.o)
 .comment       0x00000000       0x71 .\CortexM3\ARM_GCC_493\Debug\DelSig_I2CS01_Example.a(cyPm.o)
 .comment       0x00000000       0x71 .\CortexM3\ARM_GCC_493\Debug\DelSig_I2CS01_Example.a(CyFlash.o)
 .comment       0x00000000       0x71 .\CortexM3\ARM_GCC_493\Debug\DelSig_I2CS01_Example.a(CySpc.o)

.debug_weaknames
 *(.debug_weaknames)

.debug_funcnames
 *(.debug_funcnames)

.debug_typenames
 *(.debug_typenames)

.debug_varnames
 *(.debug_varnames)

.note.gnu.arm.ident
 *(.note.gnu.arm.ident)

.ARM.attributes
                0x00000000       0x29
 *(.ARM.attributes)
 .ARM.attributes
                0x00000000       0x1d c:/program files (x86)/cypress/psoc creator/3.3/psoc creator/import/gnu/arm/4.9.3/bin/../lib/gcc/arm-none-eabi/4.9.3/armv7-m/crti.o
 .ARM.attributes
                0x0000001d       0x2d c:/program files (x86)/cypress/psoc creator/3.3/psoc creator/import/gnu/arm/4.9.3/bin/../lib/gcc/arm-none-eabi/4.9.3/armv7-m/crtbegin.o
 .ARM.attributes
                0x0000004a       0x1b c:/program files (x86)/cypress/psoc creator/3.3/psoc creator/import/gnu/arm/4.9.3/bin/../lib/gcc/arm-none-eabi/4.9.3/../../../../arm-none-eabi/lib/armv7-m/crt0.o
 .ARM.attributes
                0x00000065       0x33 .\CortexM3\ARM_GCC_493\Debug\main.o
 .ARM.attributes
                0x00000098       0x33 .\CortexM3\ARM_GCC_493\Debug\cymetadata.o
 .ARM.attributes
                0x000000cb       0x33 .\CortexM3\ARM_GCC_493\Debug\Cm3Start.o
 .ARM.attributes
                0x000000fe       0x33 .\CortexM3\ARM_GCC_493\Debug\DelSig_I2CS01_Example.a(cyfitter_cfg.o)
 .ARM.attributes
                0x00000131       0x33 .\CortexM3\ARM_GCC_493\Debug\DelSig_I2CS01_Example.a(ADC_DelSig.o)
 .ARM.attributes
                0x00000164       0x33 .\CortexM3\ARM_GCC_493\Debug\DelSig_I2CS01_Example.a(ADC_DelSig_INT.o)
 .ARM.attributes
                0x00000197       0x33 .\CortexM3\ARM_GCC_493\Debug\DelSig_I2CS01_Example.a(AMuxSeq.o)
 .ARM.attributes
                0x000001ca       0x33 .\CortexM3\ARM_GCC_493\Debug\DelSig_I2CS01_Example.a(IDAC8.o)
 .ARM.attributes
                0x000001fd       0x33 .\CortexM3\ARM_GCC_493\Debug\DelSig_I2CS01_Example.a(LCD_Char.o)
 .ARM.attributes
                0x00000230       0x33 .\CortexM3\ARM_GCC_493\Debug\DelSig_I2CS01_Example.a(I2CS.o)
 .ARM.attributes
                0x00000263       0x33 .\CortexM3\ARM_GCC_493\Debug\DelSig_I2CS01_Example.a(I2CS_INT.o)
 .ARM.attributes
                0x00000296       0x33 .\CortexM3\ARM_GCC_493\Debug\DelSig_I2CS01_Example.a(I2CS_PM.o)
 .ARM.attributes
                0x000002c9       0x33 .\CortexM3\ARM_GCC_493\Debug\DelSig_I2CS01_Example.a(I2CS_SLAVE.o)
 .ARM.attributes
                0x000002fc       0x33 .\CortexM3\ARM_GCC_493\Debug\DelSig_I2CS01_Example.a(ADC_DelSig_Ext_CP_Clk.o)
 .ARM.attributes
                0x0000032f       0x33 .\CortexM3\ARM_GCC_493\Debug\DelSig_I2CS01_Example.a(ADC_DelSig_theACLK.o)
 .ARM.attributes
                0x00000362       0x21 .\CortexM3\ARM_GCC_493\Debug\DelSig_I2CS01_Example.a(CyBootAsmGnu.o)
 .ARM.attributes
                0x00000383       0x33 .\CortexM3\ARM_GCC_493\Debug\DelSig_I2CS01_Example.a(CyLib.o)
 .ARM.attributes
                0x000003b6       0x33 .\CortexM3\ARM_GCC_493\Debug\DelSig_I2CS01_Example.a(cyPm.o)
 .ARM.attributes
                0x000003e9       0x33 .\CortexM3\ARM_GCC_493\Debug\DelSig_I2CS01_Example.a(CyFlash.o)
 .ARM.attributes
                0x0000041c       0x33 .\CortexM3\ARM_GCC_493\Debug\DelSig_I2CS01_Example.a(CySpc.o)
 .ARM.attributes
                0x0000044f       0x1d c:/program files (x86)/cypress/psoc creator/3.3/psoc creator/import/gnu/arm/4.9.3/bin/../lib/gcc/arm-none-eabi/4.9.3/armv7-m\libgcc.a(_arm_addsubdf3.o)
 .ARM.attributes
                0x0000046c       0x1d c:/program files (x86)/cypress/psoc creator/3.3/psoc creator/import/gnu/arm/4.9.3/bin/../lib/gcc/arm-none-eabi/4.9.3/armv7-m\libgcc.a(_arm_cmpdf2.o)
 .ARM.attributes
                0x00000489       0x1d c:/program files (x86)/cypress/psoc creator/3.3/psoc creator/import/gnu/arm/4.9.3/bin/../lib/gcc/arm-none-eabi/4.9.3/armv7-m\libgcc.a(_arm_addsubsf3.o)
 .ARM.attributes
                0x000004a6       0x1d c:/program files (x86)/cypress/psoc creator/3.3/psoc creator/import/gnu/arm/4.9.3/bin/../lib/gcc/arm-none-eabi/4.9.3/armv7-m\libgcc.a(_arm_muldivsf3.o)
 .ARM.attributes
                0x000004c3       0x1d c:/program files (x86)/cypress/psoc creator/3.3/psoc creator/import/gnu/arm/4.9.3/bin/../lib/gcc/arm-none-eabi/4.9.3/armv7-m\libgcc.a(_arm_fixunssfsi.o)
 .ARM.attributes
                0x000004e0       0x2d c:/program files (x86)/cypress/psoc creator/3.3/psoc creator/import/gnu/arm/4.9.3/bin/../lib/gcc/arm-none-eabi/4.9.3/../../../../arm-none-eabi/lib/armv7-m\libg_nano.a(lib_a-errno.o)
 .ARM.attributes
                0x0000050d       0x2d c:/program files (x86)/cypress/psoc creator/3.3/psoc creator/import/gnu/arm/4.9.3/bin/../lib/gcc/arm-none-eabi/4.9.3/../../../../arm-none-eabi/lib/armv7-m\libg_nano.a(lib_a-exit.o)
 .ARM.attributes
                0x0000053a       0x2d c:/program files (x86)/cypress/psoc creator/3.3/psoc creator/import/gnu/arm/4.9.3/bin/../lib/gcc/arm-none-eabi/4.9.3/../../../../arm-none-eabi/lib/armv7-m\libg_nano.a(lib_a-impure.o)
 .ARM.attributes
                0x00000567       0x2d c:/program files (x86)/cypress/psoc creator/3.3/psoc creator/import/gnu/arm/4.9.3/bin/../lib/gcc/arm-none-eabi/4.9.3/../../../../arm-none-eabi/lib/armv7-m\libg_nano.a(lib_a-init.o)
 .ARM.attributes
                0x00000594       0x2d c:/program files (x86)/cypress/psoc creator/3.3/psoc creator/import/gnu/arm/4.9.3/bin/../lib/gcc/arm-none-eabi/4.9.3/../../../../arm-none-eabi/lib/armv7-m\libg_nano.a(lib_a-memcpy.o)
 .ARM.attributes
                0x000005c1       0x2d c:/program files (x86)/cypress/psoc creator/3.3/psoc creator/import/gnu/arm/4.9.3/bin/../lib/gcc/arm-none-eabi/4.9.3/../../../../arm-none-eabi/lib/armv7-m\libg_nano.a(lib_a-memset.o)
 .ARM.attributes
                0x000005ee       0x2d c:/program files (x86)/cypress/psoc creator/3.3/psoc creator/import/gnu/arm/4.9.3/bin/../lib/gcc/arm-none-eabi/4.9.3/armv7-m/crtend.o
 .ARM.attributes
                0x0000061b       0x1d c:/program files (x86)/cypress/psoc creator/3.3/psoc creator/import/gnu/arm/4.9.3/bin/../lib/gcc/arm-none-eabi/4.9.3/armv7-m/crtn.o

/DISCARD/
 *(.note.GNU-stack)
OUTPUT(.\CortexM3\ARM_GCC_493\Debug\DelSig_I2CS01_Example.elf elf32-littlearm)
