Archive member included because of file (symbol)

.\CortexM3\ARM_GCC_493\Debug\PSoC5_SPI_Master_DSP.a(cyfitter_cfg.o)
                              .\CortexM3\ARM_GCC_493\Debug\Cm3Start.o (cyfitter_cfg)
.\CortexM3\ARM_GCC_493\Debug\PSoC5_SPI_Master_DSP.a(SPIM.o)
                              .\CortexM3\ARM_GCC_493\Debug\spimaster.o (SPIM_ReadTxStatus)
.\CortexM3\ARM_GCC_493\Debug\PSoC5_SPI_Master_DSP.a(SPIM_INT.o)
                              .\CortexM3\ARM_GCC_493\Debug\PSoC5_SPI_Master_DSP.a(SPIM.o) (SPIM_TX_ISR)
.\CortexM3\ARM_GCC_493\Debug\PSoC5_SPI_Master_DSP.a(CyBootAsmGnu.o)
                              .\CortexM3\ARM_GCC_493\Debug\PSoC5_SPI_Master_DSP.a(cyfitter_cfg.o) (CyDelayCycles)
.\CortexM3\ARM_GCC_493\Debug\PSoC5_SPI_Master_DSP.a(CyLib.o)
                              .\CortexM3\ARM_GCC_493\Debug\Cm3Start.o (CyResetStatus)
.\CortexM3\ARM_GCC_493\Debug\PSoC5_SPI_Master_DSP.a(cyPm.o)
                              .\CortexM3\ARM_GCC_493\Debug\PSoC5_SPI_Master_DSP.a(CyLib.o) (CyPmReadStatus)
.\CortexM3\ARM_GCC_493\Debug\PSoC5_SPI_Master_DSP.a(USBUART.o)
                              .\CortexM3\ARM_GCC_493\Debug\uart.o (USBUART_Start)
.\CortexM3\ARM_GCC_493\Debug\PSoC5_SPI_Master_DSP.a(USBUART_cdc.o)
                              .\CortexM3\ARM_GCC_493\Debug\uart.o (USBUART_CDC_Init)
.\CortexM3\ARM_GCC_493\Debug\PSoC5_SPI_Master_DSP.a(USBUART_drv.o)
                              .\CortexM3\ARM_GCC_493\Debug\PSoC5_SPI_Master_DSP.a(USBUART.o) (USBUART_EP)
.\CortexM3\ARM_GCC_493\Debug\PSoC5_SPI_Master_DSP.a(USBUART_episr.o)
                              .\CortexM3\ARM_GCC_493\Debug\PSoC5_SPI_Master_DSP.a(USBUART.o) (USBUART_EP_1_ISR)
.\CortexM3\ARM_GCC_493\Debug\PSoC5_SPI_Master_DSP.a(USBUART_hid.o)
                              .\CortexM3\ARM_GCC_493\Debug\PSoC5_SPI_Master_DSP.a(USBUART.o) (USBUART_hidProtocol)
.\CortexM3\ARM_GCC_493\Debug\PSoC5_SPI_Master_DSP.a(USBUART_pm.o)
                              .\CortexM3\ARM_GCC_493\Debug\PSoC5_SPI_Master_DSP.a(USBUART.o) (USBUART_DP_ISR)
.\CortexM3\ARM_GCC_493\Debug\PSoC5_SPI_Master_DSP.a(USBUART_std.o)
                              .\CortexM3\ARM_GCC_493\Debug\PSoC5_SPI_Master_DSP.a(USBUART_drv.o) (USBUART_HandleStandardRqst)
.\CortexM3\ARM_GCC_493\Debug\PSoC5_SPI_Master_DSP.a(USBUART_vnd.o)
                              .\CortexM3\ARM_GCC_493\Debug\PSoC5_SPI_Master_DSP.a(USBUART_drv.o) (USBUART_HandleVendorRqst)
.\CortexM3\ARM_GCC_493\Debug\PSoC5_SPI_Master_DSP.a(USBUART_Dp.o)
                              .\CortexM3\ARM_GCC_493\Debug\PSoC5_SPI_Master_DSP.a(USBUART_pm.o) (USBUART_Dp_ClearInterrupt)
.\CortexM3\ARM_GCC_493\Debug\PSoC5_SPI_Master_DSP.a(DSP_reset.o)
                              .\CortexM3\ARM_GCC_493\Debug\dsp.o (DSP_reset_Write)
.\CortexM3\ARM_GCC_493\Debug\PSoC5_SPI_Master_DSP.a(CyFlash.o)
                              .\CortexM3\ARM_GCC_493\Debug\PSoC5_SPI_Master_DSP.a(cyPm.o) (CyFlash_SetWaitCycles)
.\CortexM3\ARM_GCC_493\Debug\PSoC5_SPI_Master_DSP.a(CySpc.o)
                              .\CortexM3\ARM_GCC_493\Debug\PSoC5_SPI_Master_DSP.a(CyFlash.o) (CySpcStart)
.\CortexM3\ARM_GCC_493\Debug\PSoC5_SPI_Master_DSP.a(USBUART_cls.o)
                              .\CortexM3\ARM_GCC_493\Debug\PSoC5_SPI_Master_DSP.a(USBUART_drv.o) (USBUART_DispatchClassRqst)
.\CortexM3\ARM_GCC_493\Debug\PSoC5_SPI_Master_DSP.a(USBUART_descr.o)
                              .\CortexM3\ARM_GCC_493\Debug\PSoC5_SPI_Master_DSP.a(USBUART_std.o) (USBUART_DEVICE0_DESCR)
c:/program files (x86)/cypress/psoc creator/3.3/psoc creator/import/gnu/arm/4.9.3/bin/../lib/gcc/arm-none-eabi/4.9.3/../../../../arm-none-eabi/lib/armv7-m\libg_nano.a(lib_a-errno.o)
                              .\CortexM3\ARM_GCC_493\Debug\Cm3Start.o (__errno)
c:/program files (x86)/cypress/psoc creator/3.3/psoc creator/import/gnu/arm/4.9.3/bin/../lib/gcc/arm-none-eabi/4.9.3/../../../../arm-none-eabi/lib/armv7-m\libg_nano.a(lib_a-exit.o)
                              c:/program files (x86)/cypress/psoc creator/3.3/psoc creator/import/gnu/arm/4.9.3/bin/../lib/gcc/arm-none-eabi/4.9.3/../../../../arm-none-eabi/lib/armv7-m/crt0.o (exit)
c:/program files (x86)/cypress/psoc creator/3.3/psoc creator/import/gnu/arm/4.9.3/bin/../lib/gcc/arm-none-eabi/4.9.3/../../../../arm-none-eabi/lib/armv7-m\libg_nano.a(lib_a-impure.o)
                              c:/program files (x86)/cypress/psoc creator/3.3/psoc creator/import/gnu/arm/4.9.3/bin/../lib/gcc/arm-none-eabi/4.9.3/../../../../arm-none-eabi/lib/armv7-m\libg_nano.a(lib_a-exit.o) (_global_impure_ptr)
c:/program files (x86)/cypress/psoc creator/3.3/psoc creator/import/gnu/arm/4.9.3/bin/../lib/gcc/arm-none-eabi/4.9.3/../../../../arm-none-eabi/lib/armv7-m\libg_nano.a(lib_a-init.o)
                              c:/program files (x86)/cypress/psoc creator/3.3/psoc creator/import/gnu/arm/4.9.3/bin/../lib/gcc/arm-none-eabi/4.9.3/../../../../arm-none-eabi/lib/armv7-m/crt0.o (__libc_init_array)
[...]
Memory Configuration

Name             Origin             Length             Attributes
rom              0x00000000         0x00040000         xr
ram              0x1fff8000         0x00010000         xrw
*default*        0x00000000         0xffffffff

Linker script and memory map

LOAD c:/program files (x86)/cypress/psoc creator/3.3/psoc creator/import/gnu/arm/4.9.3/bin/../lib/gcc/arm-none-eabi/4.9.3/armv7-m/crti.o
LOAD c:/program files (x86)/cypress/psoc creator/3.3/psoc creator/import/gnu/arm/4.9.3/bin/../lib/gcc/arm-none-eabi/4.9.3/armv7-m/crtbegin.o
LOAD c:/program files (x86)/cypress/psoc creator/3.3/psoc creator/import/gnu/arm/4.9.3/bin/../lib/gcc/arm-none-eabi/4.9.3/../../../../arm-none-eabi/lib/armv7-m/crt0.o
START GROUP
LOAD .\CortexM3\ARM_GCC_493\Debug\main.o
LOAD .\CortexM3\ARM_GCC_493\Debug\uart.o
LOAD .\CortexM3\ARM_GCC_493\Debug\spimaster.o
LOAD .\CortexM3\ARM_GCC_493\Debug\dsp.o
LOAD .\CortexM3\ARM_GCC_493\Debug\cymetadata.o
LOAD .\CortexM3\ARM_GCC_493\Debug\Cm3Start.o
LOAD .\CortexM3\ARM_GCC_493\Debug\PSoC5_SPI_Master_DSP.a
LOAD C:\Program Files (x86)\Cypress\PSoC Creator\3.3\PSoC Creator\psoc\content\cycomponentlibrary\CyComponentLibrary.cylib\CortexM3\ARM_GCC_493\Debug\CyComponentLibrary.a
END GROUP
START GROUP
LOAD c:/program files (x86)/cypress/psoc creator/3.3/psoc creator/import/gnu/arm/4.9.3/bin/../lib/gcc/arm-none-eabi/4.9.3/armv7-m\libgcc.a
LOAD c:/program files (x86)/cypress/psoc creator/3.3/psoc creator/import/gnu/arm/4.9.3/bin/../lib/gcc/arm-none-eabi/4.9.3/../../../../arm-none-eabi/lib/armv7-m\libg_nano.a
LOAD c:/program files (x86)/cypress/psoc creator/3.3/psoc creator/import/gnu/arm/4.9.3/bin/../lib/gcc/arm-none-eabi/4.9.3/../../../../arm-none-eabi/lib/armv7-m\libc_nano.a
END GROUP
START GROUP
LOAD c:/program files (x86)/cypress/psoc creator/3.3/psoc creator/import/gnu/arm/4.9.3/bin/../lib/gcc/arm-none-eabi/4.9.3/armv7-m\libgcc.a
LOAD c:/program files (x86)/cypress/psoc creator/3.3/psoc creator/import/gnu/arm/4.9.3/bin/../lib/gcc/arm-none-eabi/4.9.3/../../../../arm-none-eabi/lib/armv7-m\libc_nano.a
END GROUP
LOAD c:/program files (x86)/cypress/psoc creator/3.3/psoc creator/import/gnu/arm/4.9.3/bin/../lib/gcc/arm-none-eabi/4.9.3/armv7-m/crtend.o
LOAD c:/program files (x86)/cypress/psoc creator/3.3/psoc creator/import/gnu/arm/4.9.3/bin/../lib/gcc/arm-none-eabi/4.9.3/armv7-m/crtn.o
START GROUP
LOAD c:/program files (x86)/cypress/psoc creator/3.3/psoc creator/import/gnu/arm/4.9.3/bin/../lib/gcc/arm-none-eabi/4.9.3/armv7-m\libgcc.a
LOAD c:/program files (x86)/cypress/psoc creator/3.3/psoc creator/import/gnu/arm/4.9.3/bin/../lib/gcc/arm-none-eabi/4.9.3/../../../../arm-none-eabi/lib/armv7-m\libc.a
LOAD c:/program files (x86)/cypress/psoc creator/3.3/psoc creator/import/gnu/arm/4.9.3/bin/../lib/gcc/arm-none-eabi/4.9.3/../../../../arm-none-eabi/lib/armv7-m\libnosys.a
END GROUP
                0x00000000                CY_APPL_ORIGIN = 0x0
                0x00000100                CY_FLASH_ROW_SIZE = 0x100
                0x00000020                CY_ECC_ROW_SIZE = 0x20
                0x00000000                CY_EE_IN_BTLDR = 0x0
                0x00000000                CY_APPL_LOADABLE = 0x0
                0x00000800                CY_EE_SIZE = 0x800
                0x00000001                CY_APPL_NUM = 0x1
                0x00000001                CY_APPL_MAX = 0x1
                0x00000040                CY_METADATA_SIZE = 0x40
                0x00000000                CY_APPL_LOADABLE = 0x0
                0x00000000                CY_CHECKSUM_EXCLUDE_SIZE = ALIGN (0x0, CY_FLASH_ROW_SIZE)
                0x1fff8720                PROVIDE (__cy_heap_start, _end)
                0x00000001                PROVIDE (__cy_region_num, ((__cy_regions_end - __cy_regions) / 0x10))
                0x20008000                PROVIDE (__cy_stack, (ORIGIN (ram) + 0x10000))
                0x20004000                PROVIDE (__cy_heap_end, (__cy_stack - 0x4000))

.cybootloader   0x00000000        0x0
 *(.cybootloader)
                0x00000000                appl1_start = CY_APPL_ORIGIN?CY_APPL_ORIGIN:ALIGN (CY_FLASH_ROW_SIZE)
                0x0001ff00                appl2_start = (appl1_start + ALIGN ((((0x40000 - appl1_start) - (0x2 * CY_FLASH_ROW_SIZE)) / 0x2), CY_FLASH_ROW_SIZE))
                0x00000000                appl_start = (CY_APPL_NUM == 0x1)?appl1_start:appl2_start
                0x00000000                ecc_offset = ((appl_start / CY_FLASH_ROW_SIZE) * CY_ECC_ROW_SIZE)
                0x00000000                ee_offset = (CY_APPL_LOADABLE && ! (CY_EE_IN_BTLDR))?((CY_EE_SIZE / CY_APPL_MAX) * (CY_APPL_NUM - 0x1)):0x0
                0x00000800                ee_size = (CY_APPL_LOADABLE && ! (CY_EE_IN_BTLDR))?(CY_EE_SIZE / CY_APPL_MAX):CY_EE_SIZE
                0x00000000                PROVIDE (CY_ECC_OFFSET, ecc_offset)

.text           0x00000000     0x612c
 CREATE_OBJECT_SYMBOLS
                0x00000000                PROVIDE (__cy_interrupt_vector, RomVectors)
 *(.romvectors)
 .romvectors    0x00000000       0x10 .\CortexM3\ARM_GCC_493\Debug\Cm3Start.o
                0x00000000                RomVectors
                0x00000001                ASSERT ((. != __cy_interrupt_vector), No interrupt vector)
                0x00000001                ASSERT (CY_APPL_ORIGIN?(SIZEOF (.cybootloader) <= CY_APPL_ORIGIN):0x1, Wrong image location)
                0x00000010                PROVIDE (__cy_reset, Reset)
 *(.text.Reset)
 .text.Reset    0x00000010       0x18 .\CortexM3\ARM_GCC_493\Debug\Cm3Start.o
                0x00000010                Reset
                0x00000001                ASSERT ((. != __cy_reset), No reset code)
 *(.dma_init)
 .dma_init      0x00000028      0x238 .\CortexM3\ARM_GCC_493\Debug\PSoC5_SPI_Master_DSP.a(cyfitter_cfg.o)
                0x00000001                ASSERT ((((appl_start + .) <= 0x10000) || 0x0), DMA Init must be within the first 64k of flash)
 *(.text .text.* .gnu.linkonce.t.*)
 .text          0x00000260       0x5c c:/program files (x86)/cypress/psoc creator/3.3/psoc creator/import/gnu/arm/4.9.3/bin/../lib/gcc/arm-none-eabi/4.9.3/armv7-m/crtbegin.o
 .text.main     0x000002bc       0xd0 .\CortexM3\ARM_GCC_493\Debug\main.o
                0x000002bc                main
 .text.UARTinit
                0x0000038c       0x10 .\CortexM3\ARM_GCC_493\Debug\uart.o
                0x0000038c                UARTinit
 .text.UARTsendString
                0x0000039c       0x44 .\CortexM3\ARM_GCC_493\Debug\uart.o
                0x0000039c                UARTsendString
 .text.SPIinit  0x000003e0        0xc .\CortexM3\ARM_GCC_493\Debug\spimaster.o
                0x000003e0                SPIinit
 .text.SPIsendArray
                0x000003ec       0x74 .\CortexM3\ARM_GCC_493\Debug\spimaster.o
                0x000003ec                SPIsendArray
 .text.DSPinit  0x00000460      0x1b0 .\CortexM3\ARM_GCC_493\Debug\dsp.o
                0x00000460                DSPinit
 .text.DSPisReady
                0x00000610       0x18 .\CortexM3\ARM_GCC_493\Debug\dsp.o
                0x00000610                DSPisReady
 .text.DSPwrite
                0x00000628       0xac .\CortexM3\ARM_GCC_493\Debug\dsp.o
                0x00000628                DSPwrite
 .text.DSPwriteWord
                0x000006d4       0x48 .\CortexM3\ARM_GCC_493\Debug\dsp.o
                0x000006d4                DSPwriteWord
 .text.IntDefaultHandler
                0x0000071c        0x8 .\CortexM3\ARM_GCC_493\Debug\Cm3Start.o
                0x0000071c                IntDefaultHandler
 .text._sbrk    0x00000724       0x54 .\CortexM3\ARM_GCC_493\Debug\Cm3Start.o
                0x00000724                _sbrk
 .text.Start_c  0x00000778       0x98 .\CortexM3\ARM_GCC_493\Debug\Cm3Start.o
                0x00000778                Start_c
 .text.initialize_psoc
                0x00000810       0x8c .\CortexM3\ARM_GCC_493\Debug\Cm3Start.o
                0x00000810                initialize_psoc
 .text.CYCONFIGCPY
                0x0000089c       0x1c .\CortexM3\ARM_GCC_493\Debug\PSoC5_SPI_Master_DSP.a(cyfitter_cfg.o)
 .text.CyClockStartupError
                0x000008b8        0xc .\CortexM3\ARM_GCC_493\Debug\PSoC5_SPI_Master_DSP.a(cyfitter_cfg.o)
 .text.cfg_dma_init
                0x000008c4      0x174 .\CortexM3\ARM_GCC_493\Debug\PSoC5_SPI_Master_DSP.a(cyfitter_cfg.o)
 .text.ClockSetup
                0x00000a38      0x104 .\CortexM3\ARM_GCC_493\Debug\PSoC5_SPI_Master_DSP.a(cyfitter_cfg.o)
 .text.AnalogSetDefault
                0x00000b3c       0x44 .\CortexM3\ARM_GCC_493\Debug\PSoC5_SPI_Master_DSP.a(cyfitter_cfg.o)
 .text.cyfitter_cfg
                0x00000b80       0xf4 .\CortexM3\ARM_GCC_493\Debug\PSoC5_SPI_Master_DSP.a(cyfitter_cfg.o)
                0x00000b80                cyfitter_cfg
 .text.SPIM_Init
                0x00000c74       0x6c .\CortexM3\ARM_GCC_493\Debug\PSoC5_SPI_Master_DSP.a(SPIM.o)
                0x00000c74                SPIM_Init
 .text.SPIM_Enable
                0x00000ce0       0x60 .\CortexM3\ARM_GCC_493\Debug\PSoC5_SPI_Master_DSP.a(SPIM.o)
                0x00000ce0                SPIM_Enable
 .text.SPIM_Start
                0x00000d40       0x20 .\CortexM3\ARM_GCC_493\Debug\PSoC5_SPI_Master_DSP.a(SPIM.o)
                0x00000d40                SPIM_Start
 .text.SPIM_EnableTxInt
                0x00000d60       0x18 .\CortexM3\ARM_GCC_493\Debug\PSoC5_SPI_Master_DSP.a(SPIM.o)
                0x00000d60                SPIM_EnableTxInt
 .text.SPIM_EnableRxInt
                0x00000d78        0xc .\CortexM3\ARM_GCC_493\Debug\PSoC5_SPI_Master_DSP.a(SPIM.o)
                0x00000d78                SPIM_EnableRxInt
 .text.SPIM_DisableTxInt
                0x00000d84       0x18 .\CortexM3\ARM_GCC_493\Debug\PSoC5_SPI_Master_DSP.a(SPIM.o)
                0x00000d84                SPIM_DisableTxInt
 .text.SPIM_ReadTxStatus
                0x00000d9c       0x3c .\CortexM3\ARM_GCC_493\Debug\PSoC5_SPI_Master_DSP.a(SPIM.o)
                0x00000d9c                SPIM_ReadTxStatus
 .text.SPIM_ReadRxStatus
                0x00000dd8       0x20 .\CortexM3\ARM_GCC_493\Debug\PSoC5_SPI_Master_DSP.a(SPIM.o)
                0x00000dd8                SPIM_ReadRxStatus
 .text.SPIM_WriteTxData
                0x00000df8      0x110 .\CortexM3\ARM_GCC_493\Debug\PSoC5_SPI_Master_DSP.a(SPIM.o)
                0x00000df8                SPIM_WriteTxData
 .text.SPIM_PutArray
                0x00000f08       0x38 .\CortexM3\ARM_GCC_493\Debug\PSoC5_SPI_Master_DSP.a(SPIM.o)
                0x00000f08                SPIM_PutArray
 .text.SPIM_ClearFIFO
                0x00000f40       0x5c .\CortexM3\ARM_GCC_493\Debug\PSoC5_SPI_Master_DSP.a(SPIM.o)
                0x00000f40                SPIM_ClearFIFO
 .text.SPIM_TX_ISR
                0x00000f9c       0xd4 .\CortexM3\ARM_GCC_493\Debug\PSoC5_SPI_Master_DSP.a(SPIM_INT.o)
                0x00000f9c                SPIM_TX_ISR
 .text          0x00001070       0x20 .\CortexM3\ARM_GCC_493\Debug\PSoC5_SPI_Master_DSP.a(CyBootAsmGnu.o)
                0x00001070                CyDelayCycles
                0x00001080                CyEnterCriticalSection
                0x00001088                CyExitCriticalSection
 .text.CyHalt   0x00001090       0x18 .\CortexM3\ARM_GCC_493\Debug\PSoC5_SPI_Master_DSP.a(CyLib.o)
                0x00001090                CyHalt
 .text.CyDelay  0x000010a8       0x44 .\CortexM3\ARM_GCC_493\Debug\PSoC5_SPI_Master_DSP.a(CyLib.o)
                0x000010a8                CyDelay
 .text.CyDelayUs
                0x000010ec       0x24 .\CortexM3\ARM_GCC_493\Debug\PSoC5_SPI_Master_DSP.a(CyLib.o)
                0x000010ec                CyDelayUs
 .text.CyIntSetVector
                0x00001110       0x50 .\CortexM3\ARM_GCC_493\Debug\PSoC5_SPI_Master_DSP.a(CyLib.o)
                0x00001110                CyIntSetVector
 .text.CyIntSetPriority
                0x00001160       0x44 .\CortexM3\ARM_GCC_493\Debug\PSoC5_SPI_Master_DSP.a(CyLib.o)
                0x00001160                CyIntSetPriority
 .text.CyGetUniqueId
                0x000011a4       0xc4 .\CortexM3\ARM_GCC_493\Debug\PSoC5_SPI_Master_DSP.a(CyLib.o)
                0x000011a4                CyGetUniqueId
 .text.USBUART_Start
                0x00001268       0x38 .\CortexM3\ARM_GCC_493\Debug\PSoC5_SPI_Master_DSP.a(USBUART.o)
                0x00001268                USBUART_Start
 .text.USBUART_Init
                0x000012a0      0x1a0 .\CortexM3\ARM_GCC_493\Debug\PSoC5_SPI_Master_DSP.a(USBUART.o)
                0x000012a0                USBUART_Init
 .text.USBUART_InitComponent
                0x00001440      0x11c .\CortexM3\ARM_GCC_493\Debug\PSoC5_SPI_Master_DSP.a(USBUART.o)
                0x00001440                USBUART_InitComponent
 .text.USBUART_ReInitComponent
                0x0000155c       0x88 .\CortexM3\ARM_GCC_493\Debug\PSoC5_SPI_Master_DSP.a(USBUART.o)
                0x0000155c                USBUART_ReInitComponent
 .text.USBUART_GetConfiguration
                0x000015e4       0x18 .\CortexM3\ARM_GCC_493\Debug\PSoC5_SPI_Master_DSP.a(USBUART.o)
                0x000015e4                USBUART_GetConfiguration
 .text.USBUART_IsConfigurationChanged
                0x000015fc       0x34 .\CortexM3\ARM_GCC_493\Debug\PSoC5_SPI_Master_DSP.a(USBUART.o)
                0x000015fc                USBUART_IsConfigurationChanged
 .text.USBUART_GetEPState
                0x00001630       0x2c .\CortexM3\ARM_GCC_493\Debug\PSoC5_SPI_Master_DSP.a(USBUART.o)
                0x00001630                USBUART_GetEPState
 .text.USBUART_LoadInEP
                0x0000165c       0xf8 .\CortexM3\ARM_GCC_493\Debug\PSoC5_SPI_Master_DSP.a(USBUART.o)
                0x0000165c                USBUART_LoadInEP
 .text.USBUART_EnableOutEP
                0x00001754       0x54 .\CortexM3\ARM_GCC_493\Debug\PSoC5_SPI_Master_DSP.a(USBUART.o)
                0x00001754                USBUART_EnableOutEP
 .text.USBUART_DispatchCDCClassRqst
                0x000017a8       0xe8 .\CortexM3\ARM_GCC_493\Debug\PSoC5_SPI_Master_DSP.a(USBUART_cdc.o)
                0x000017a8                USBUART_DispatchCDCClassRqst
 .text.USBUART_GetInterfaceComPort
                0x00001890       0x60 .\CortexM3\ARM_GCC_493\Debug\PSoC5_SPI_Master_DSP.a(USBUART_cdc.o)
                0x00001890                USBUART_GetInterfaceComPort
 .text.USBUART_CDC_Init
                0x000018f0       0xa8 .\CortexM3\ARM_GCC_493\Debug\PSoC5_SPI_Master_DSP.a(USBUART_cdc.o)
                0x000018f0                USBUART_CDC_Init
 .text.USBUART_StrLen
                0x00001998       0x30 .\CortexM3\ARM_GCC_493\Debug\PSoC5_SPI_Master_DSP.a(USBUART_cdc.o)
 .text.USBUART_PutString
                0x000019c8       0xdc .\CortexM3\ARM_GCC_493\Debug\PSoC5_SPI_Master_DSP.a(USBUART_cdc.o)
                0x000019c8                USBUART_PutString
 .text.USBUART_CDCIsReady
                0x00001aa4       0x24 .\CortexM3\ARM_GCC_493\Debug\PSoC5_SPI_Master_DSP.a(USBUART_cdc.o)
                0x00001aa4                USBUART_CDCIsReady
 .text.USBUART_Cdc_EpInit
                0x00001ac8       0x94 .\CortexM3\ARM_GCC_493\Debug\PSoC5_SPI_Master_DSP.a(USBUART_cdc.o)
                0x00001ac8                USBUART_Cdc_EpInit
 .text.USBUART_EP_0_ISR
                0x00001b5c       0xf8 .\CortexM3\ARM_GCC_493\Debug\PSoC5_SPI_Master_DSP.a(USBUART_drv.o)
                0x00001b5c                USBUART_EP_0_ISR
 .text.USBUART_HandleSetup
                0x00001c54       0x88 .\CortexM3\ARM_GCC_493\Debug\PSoC5_SPI_Master_DSP.a(USBUART_drv.o)
                0x00001c54                USBUART_HandleSetup
 .text.USBUART_HandleIN
                0x00001cdc       0x4c .\CortexM3\ARM_GCC_493\Debug\PSoC5_SPI_Master_DSP.a(USBUART_drv.o)
                0x00001cdc                USBUART_HandleIN
 .text.USBUART_HandleOUT
                0x00001d28       0x58 .\CortexM3\ARM_GCC_493\Debug\PSoC5_SPI_Master_DSP.a(USBUART_drv.o)
                0x00001d28                USBUART_HandleOUT
 .text.USBUART_LoadEP0
                0x00001d80       0xd0 .\CortexM3\ARM_GCC_493\Debug\PSoC5_SPI_Master_DSP.a(USBUART_drv.o)
                0x00001d80                USBUART_LoadEP0
 .text.USBUART_InitControlRead
                0x00001e50       0x70 .\CortexM3\ARM_GCC_493\Debug\PSoC5_SPI_Master_DSP.a(USBUART_drv.o)
                0x00001e50                USBUART_InitControlRead
 .text.USBUART_InitZeroLengthControlTransfer
                0x00001ec0       0x44 .\CortexM3\ARM_GCC_493\Debug\PSoC5_SPI_Master_DSP.a(USBUART_drv.o)
                0x00001ec0                USBUART_InitZeroLengthControlTransfer
 .text.USBUART_ControlReadDataStage
                0x00001f04        0xc .\CortexM3\ARM_GCC_493\Debug\PSoC5_SPI_Master_DSP.a(USBUART_drv.o)
                0x00001f04                USBUART_ControlReadDataStage
 .text.USBUART_ControlReadStatusStage
                0x00001f10       0x40 .\CortexM3\ARM_GCC_493\Debug\PSoC5_SPI_Master_DSP.a(USBUART_drv.o)
                0x00001f10                USBUART_ControlReadStatusStage
 .text.USBUART_InitControlWrite
                0x00001f50       0x64 .\CortexM3\ARM_GCC_493\Debug\PSoC5_SPI_Master_DSP.a(USBUART_drv.o)
                0x00001f50                USBUART_InitControlWrite
 .text.USBUART_ControlWriteDataStage
                0x00001fb4       0xb4 .\CortexM3\ARM_GCC_493\Debug\PSoC5_SPI_Master_DSP.a(USBUART_drv.o)
                0x00001fb4                USBUART_ControlWriteDataStage
 .text.USBUART_ControlWriteStatusStage
                0x00002068       0x20 .\CortexM3\ARM_GCC_493\Debug\PSoC5_SPI_Master_DSP.a(USBUART_drv.o)
                0x00002068                USBUART_ControlWriteStatusStage
 .text.USBUART_InitNoDataControlTransfer
                0x00002088       0x38 .\CortexM3\ARM_GCC_493\Debug\PSoC5_SPI_Master_DSP.a(USBUART_drv.o)
                0x00002088                USBUART_InitNoDataControlTransfer
 .text.USBUART_NoDataControlStatusStage
                0x000020c0       0x48 .\CortexM3\ARM_GCC_493\Debug\PSoC5_SPI_Master_DSP.a(USBUART_drv.o)
                0x000020c0                USBUART_NoDataControlStatusStage
 .text.USBUART_UpdateStatusBlock
                0x00002108       0x40 .\CortexM3\ARM_GCC_493\Debug\PSoC5_SPI_Master_DSP.a(USBUART_drv.o)
                0x00002108                USBUART_UpdateStatusBlock
 .text.USBUART_InitializeStatusBlock
                0x00002148       0x34 .\CortexM3\ARM_GCC_493\Debug\PSoC5_SPI_Master_DSP.a(USBUART_drv.o)
                0x00002148                USBUART_InitializeStatusBlock
 .text.USBUART_EP_1_ISR
                0x0000217c       0x54 .\CortexM3\ARM_GCC_493\Debug\PSoC5_SPI_Master_DSP.a(USBUART_episr.o)
                0x0000217c                USBUART_EP_1_ISR
 .text.USBUART_EP_2_ISR
                0x000021d0       0x54 .\CortexM3\ARM_GCC_493\Debug\PSoC5_SPI_Master_DSP.a(USBUART_episr.o)
                0x000021d0                USBUART_EP_2_ISR
 .text.USBUART_EP_3_ISR
                0x00002224       0x5c .\CortexM3\ARM_GCC_493\Debug\PSoC5_SPI_Master_DSP.a(USBUART_episr.o)
                0x00002224                USBUART_EP_3_ISR
 .text.USBUART_SOF_ISR
                0x00002280        0xc .\CortexM3\ARM_GCC_493\Debug\PSoC5_SPI_Master_DSP.a(USBUART_episr.o)
                0x00002280                USBUART_SOF_ISR
 .text.USBUART_BUS_RESET_ISR
                0x0000228c        0xc .\CortexM3\ARM_GCC_493\Debug\PSoC5_SPI_Master_DSP.a(USBUART_episr.o)
                0x0000228c                USBUART_BUS_RESET_ISR
 .text.USBUART_DispatchHIDClassRqst
                0x00002298      0x1d0 .\CortexM3\ARM_GCC_493\Debug\PSoC5_SPI_Master_DSP.a(USBUART_hid.o)
                0x00002298                USBUART_DispatchHIDClassRqst
 .text.USBUART_FindHidClassDecriptor
                0x00002468       0x7c .\CortexM3\ARM_GCC_493\Debug\PSoC5_SPI_Master_DSP.a(USBUART_hid.o)
                0x00002468                USBUART_FindHidClassDecriptor
 .text.USBUART_FindReportDescriptor
                0x000024e4       0x90 .\CortexM3\ARM_GCC_493\Debug\PSoC5_SPI_Master_DSP.a(USBUART_hid.o)
                0x000024e4                USBUART_FindReportDescriptor
 .text.USBUART_FindReport
                0x00002574       0xcc .\CortexM3\ARM_GCC_493\Debug\PSoC5_SPI_Master_DSP.a(USBUART_hid.o)
                0x00002574                USBUART_FindReport
 .text.USBUART_DP_ISR
                0x00002640        0xc .\CortexM3\ARM_GCC_493\Debug\PSoC5_SPI_Master_DSP.a(USBUART_pm.o)
                0x00002640                USBUART_DP_ISR
 .text.USBUART_HandleStandardRqst
                0x0000264c      0x48c .\CortexM3\ARM_GCC_493\Debug\PSoC5_SPI_Master_DSP.a(USBUART_std.o)
                0x0000264c                USBUART_HandleStandardRqst
 .text.USBUART_ReadDieID
                0x00002ad8       0xd4 .\CortexM3\ARM_GCC_493\Debug\PSoC5_SPI_Master_DSP.a(USBUART_std.o)
                0x00002ad8                USBUART_ReadDieID
 .text.USBUART_ConfigReg
                0x00002bac      0x11c .\CortexM3\ARM_GCC_493\Debug\PSoC5_SPI_Master_DSP.a(USBUART_std.o)
                0x00002bac                USBUART_ConfigReg
 .text.USBUART_Config
                0x00002cc8      0x3a4 .\CortexM3\ARM_GCC_493\Debug\PSoC5_SPI_Master_DSP.a(USBUART_std.o)
                0x00002cc8                USBUART_Config
 .text.USBUART_ConfigAltChanged
                0x0000306c      0x23c .\CortexM3\ARM_GCC_493\Debug\PSoC5_SPI_Master_DSP.a(USBUART_std.o)
                0x0000306c                USBUART_ConfigAltChanged
 .text.USBUART_GetConfigTablePtr
                0x000032a8       0x54 .\CortexM3\ARM_GCC_493\Debug\PSoC5_SPI_Master_DSP.a(USBUART_std.o)
                0x000032a8                USBUART_GetConfigTablePtr
 .text.USBUART_GetDeviceTablePtr
                0x000032fc       0x24 .\CortexM3\ARM_GCC_493\Debug\PSoC5_SPI_Master_DSP.a(USBUART_std.o)
                0x000032fc                USBUART_GetDeviceTablePtr
 .text.USBUART_GetInterfaceClassTablePtr
                0x00003320       0x4c .\CortexM3\ARM_GCC_493\Debug\PSoC5_SPI_Master_DSP.a(USBUART_std.o)
                0x00003320                USBUART_GetInterfaceClassTablePtr
 .text.USBUART_SetEndpointHalt
                0x0000336c       0xdc .\CortexM3\ARM_GCC_493\Debug\PSoC5_SPI_Master_DSP.a(USBUART_std.o)
                0x0000336c                USBUART_SetEndpointHalt
 .text.USBUART_ClearEndpointHalt
                0x00003448      0x130 .\CortexM3\ARM_GCC_493\Debug\PSoC5_SPI_Master_DSP.a(USBUART_std.o)
                0x00003448                USBUART_ClearEndpointHalt
 .text.USBUART_ValidateAlternateSetting
                0x00003578       0x70 .\CortexM3\ARM_GCC_493\Debug\PSoC5_SPI_Master_DSP.a(USBUART_std.o)
                0x00003578                USBUART_ValidateAlternateSetting
 .text.USBUART_HandleVendorRqst
                0x000035e8       0x54 .\CortexM3\ARM_GCC_493\Debug\PSoC5_SPI_Master_DSP.a(USBUART_vnd.o)
                0x000035e8                USBUART_HandleVendorRqst
 .text.USBUART_Dp_ClearInterrupt
                0x0000363c       0x20 .\CortexM3\ARM_GCC_493\Debug\PSoC5_SPI_Master_DSP.a(USBUART_Dp.o)
                0x0000363c                USBUART_Dp_ClearInterrupt
 .text.DSP_reset_Write
                0x0000365c       0x38 .\CortexM3\ARM_GCC_493\Debug\PSoC5_SPI_Master_DSP.a(DSP_reset.o)
                0x0000365c                DSP_reset_Write
 .text.USBUART_DispatchClassRqst
                0x00003694       0x88 .\CortexM3\ARM_GCC_493\Debug\PSoC5_SPI_Master_DSP.a(USBUART_cls.o)
                0x00003694                USBUART_DispatchClassRqst
 .text.__errno  0x0000371c        0xc c:/program files (x86)/cypress/psoc creator/3.3/psoc creator/import/gnu/arm/4.9.3/bin/../lib/gcc/arm-none-eabi/4.9.3/../../../../arm-none-eabi/lib/armv7-m\libg_nano.a(lib_a-errno.o)
                0x0000371c                __errno
 .text.__libc_init_array
                0x00003728       0x4c c:/program files (x86)/cypress/psoc creator/3.3/psoc creator/import/gnu/arm/4.9.3/bin/../lib/gcc/arm-none-eabi/4.9.3/../../../../arm-none-eabi/lib/armv7-m\libg_nano.a(lib_a-init.o)
                0x00003728                __libc_init_array
 .text.memcpy   0x00003774       0x16 c:/program files (x86)/cypress/psoc creator/3.3/psoc creator/import/gnu/arm/4.9.3/bin/../lib/gcc/arm-none-eabi/4.9.3/../../../../arm-none-eabi/lib/armv7-m\libg_nano.a(lib_a-memcpy.o)
                0x00003774                memcpy
 .text.memset   0x0000378a       0x10 c:/program files (x86)/cypress/psoc creator/3.3/psoc creator/import/gnu/arm/4.9.3/bin/../lib/gcc/arm-none-eabi/4.9.3/../../../../arm-none-eabi/lib/armv7-m\libg_nano.a(lib_a-memset.o)
                0x0000378a                memset
 .text.__cvt    0x0000379a       0xbc c:/program files (x86)/cypress/psoc creator/3.3/psoc creator/import/gnu/arm/4.9.3/bin/../lib/gcc/arm-none-eabi/4.9.3/../../../../arm-none-eabi/lib/armv7-m\libg_nano.a(lib_a-nano-vfprintf_float.o)
                0x0000379a                __cvt
 .text.__exponent
                0x00003856       0x62 c:/program files (x86)/cypress/psoc creator/3.3/psoc creator/import/gnu/arm/4.9.3/bin/../lib/gcc/arm-none-eabi/4.9.3/../../../../arm-none-eabi/lib/armv7-m\libg_nano.a(lib_a-nano-vfprintf_float.o)
                0x00003856                __exponent
 .text._printf_float
                0x000038b8      0x48c c:/program files (x86)/cypress/psoc creator/3.3/psoc creator/import/gnu/arm/4.9.3/bin/../lib/gcc/arm-none-eabi/4.9.3/../../../../arm-none-eabi/lib/armv7-m\libg_nano.a(lib_a-nano-vfprintf_float.o)
                0x000038b8                _printf_float
 .text._printf_common
                0x00003d44       0xea c:/program files (x86)/cypress/psoc creator/3.3/psoc creator/import/gnu/arm/4.9.3/bin/../lib/gcc/arm-none-eabi/4.9.3/../../../../arm-none-eabi/lib/armv7-m\libg_nano.a(lib_a-nano-vfprintf_i.o)
                0x00003d44                _printf_common
 *fill*         0x00003e2e        0x2 
 .text._printf_i
                0x00003e30      0x240 c:/program files (x86)/cypress/psoc creator/3.3/psoc creator/import/gnu/arm/4.9.3/bin/../lib/gcc/arm-none-eabi/4.9.3/../../../../arm-none-eabi/lib/armv7-m\libg_nano.a(lib_a-nano-vfprintf_i.o)
                0x00003e30                _printf_i
 .text.__fpclassifyd
                0x00004070       0x50 c:/program files (x86)/cypress/psoc creator/3.3/psoc creator/import/gnu/arm/4.9.3/bin/../lib/gcc/arm-none-eabi/4.9.3/../../../../arm-none-eabi/lib/armv7-m\libg_nano.a(lib_a-s_fpclassify.o)
                0x00004070                __fpclassifyd
 .text.sprintf  0x000040c0       0x48 c:/program files (x86)/cypress/psoc creator/3.3/psoc creator/import/gnu/arm/4.9.3/bin/../lib/gcc/arm-none-eabi/4.9.3/../../../../arm-none-eabi/lib/armv7-m\libg_nano.a(lib_a-sprintf.o)
                0x000040c0                siprintf
                0x000040c0                sprintf
 .text.strlen   0x00004108       0x10 c:/program files (x86)/cypress/psoc creator/3.3/psoc creator/import/gnu/arm/4.9.3/bin/../lib/gcc/arm-none-eabi/4.9.3/../../../../arm-none-eabi/lib/armv7-m\libg_nano.a(lib_a-strlen.o)
                0x00004108                strlen
 .text.quorem   0x00004118      0x114 c:/program files (x86)/cypress/psoc creator/3.3/psoc creator/import/gnu/arm/4.9.3/bin/../lib/gcc/arm-none-eabi/4.9.3/../../../../arm-none-eabi/lib/armv7-m\libg_nano.a(lib_a-dtoa.o)
 *fill*         0x0000422c        0x4 
 .text._dtoa_r  0x00004230      0xb78 c:/program files (x86)/cypress/psoc creator/3.3/psoc creator/import/gnu/arm/4.9.3/bin/../lib/gcc/arm-none-eabi/4.9.3/../../../../arm-none-eabi/lib/armv7-m\libg_nano.a(lib_a-dtoa.o)
                0x00004230                _dtoa_r
 .text._localeconv_r
                0x00004da8        0x8 c:/program files (x86)/cypress/psoc creator/3.3/psoc creator/import/gnu/arm/4.9.3/bin/../lib/gcc/arm-none-eabi/4.9.3/../../../../arm-none-eabi/lib/armv7-m\libg_nano.a(lib_a-locale.o)
                0x00004da8                _localeconv_r
 .text.malloc   0x00004db0       0x10 c:/program files (x86)/cypress/psoc creator/3.3/psoc creator/import/gnu/arm/4.9.3/bin/../lib/gcc/arm-none-eabi/4.9.3/../../../../arm-none-eabi/lib/armv7-m\libg_nano.a(lib_a-malloc.o)
                0x00004db0                malloc
 .text.memchr   0x00004dc0       0x1c c:/program files (x86)/cypress/psoc creator/3.3/psoc creator/import/gnu/arm/4.9.3/bin/../lib/gcc/arm-none-eabi/4.9.3/../../../../arm-none-eabi/lib/armv7-m\libg_nano.a(lib_a-memchr.o)
                0x00004dc0                memchr
 .text._Balloc  0x00004ddc       0x6a c:/program files (x86)/cypress/psoc creator/3.3/psoc creator/import/gnu/arm/4.9.3/bin/../lib/gcc/arm-none-eabi/4.9.3/../../../../arm-none-eabi/lib/armv7-m\libg_nano.a(lib_a-mprec.o)
                0x00004ddc                _Balloc
 .text._Bfree   0x00004e46       0x2e c:/program files (x86)/cypress/psoc creator/3.3/psoc creator/import/gnu/arm/4.9.3/bin/../lib/gcc/arm-none-eabi/4.9.3/../../../../arm-none-eabi/lib/armv7-m\libg_nano.a(lib_a-mprec.o)
                0x00004e46                _Bfree
 .text.__multadd
                0x00004e74       0x7c c:/program files (x86)/cypress/psoc creator/3.3/psoc creator/import/gnu/arm/4.9.3/bin/../lib/gcc/arm-none-eabi/4.9.3/../../../../arm-none-eabi/lib/armv7-m\libg_nano.a(lib_a-mprec.o)
                0x00004e74                __multadd
 .text.__hi0bits
                0x00004ef0       0x40 c:/program files (x86)/cypress/psoc creator/3.3/psoc creator/import/gnu/arm/4.9.3/bin/../lib/gcc/arm-none-eabi/4.9.3/../../../../arm-none-eabi/lib/armv7-m\libg_nano.a(lib_a-mprec.o)
                0x00004ef0                __hi0bits
 .text.__lo0bits
                0x00004f30       0x5a c:/program files (x86)/cypress/psoc creator/3.3/psoc creator/import/gnu/arm/4.9.3/bin/../lib/gcc/arm-none-eabi/4.9.3/../../../../arm-none-eabi/lib/armv7-m\libg_nano.a(lib_a-mprec.o)
                0x00004f30                __lo0bits
 .text.__i2b    0x00004f8a       0x12 c:/program files (x86)/cypress/psoc creator/3.3/psoc creator/import/gnu/arm/4.9.3/bin/../lib/gcc/arm-none-eabi/4.9.3/../../../../arm-none-eabi/lib/armv7-m\libg_nano.a(lib_a-mprec.o)
                0x00004f8a                __i2b
 .text.__multiply
                0x00004f9c      0x120 c:/program files (x86)/cypress/psoc creator/3.3/psoc creator/import/gnu/arm/4.9.3/bin/../lib/gcc/arm-none-eabi/4.9.3/../../../../arm-none-eabi/lib/armv7-m\libg_nano.a(lib_a-mprec.o)
                0x00004f9c                __multiply
 .text.__pow5mult
                0x000050bc       0x9c c:/program files (x86)/cypress/psoc creator/3.3/psoc creator/import/gnu/arm/4.9.3/bin/../lib/gcc/arm-none-eabi/4.9.3/../../../../arm-none-eabi/lib/armv7-m\libg_nano.a(lib_a-mprec.o)
                0x000050bc                __pow5mult
 .text.__lshift
                0x00005158       0xa6 c:/program files (x86)/cypress/psoc creator/3.3/psoc creator/import/gnu/arm/4.9.3/bin/../lib/gcc/arm-none-eabi/4.9.3/../../../../arm-none-eabi/lib/armv7-m\libg_nano.a(lib_a-mprec.o)
                0x00005158                __lshift
 .text.__mcmp   0x000051fe       0x38 c:/program files (x86)/cypress/psoc creator/3.3/psoc creator/import/gnu/arm/4.9.3/bin/../lib/gcc/arm-none-eabi/4.9.3/../../../../arm-none-eabi/lib/armv7-m\libg_nano.a(lib_a-mprec.o)
                0x000051fe                __mcmp
 .text.__mdiff  0x00005236       0xbe c:/program files (x86)/cypress/psoc creator/3.3/psoc creator/import/gnu/arm/4.9.3/bin/../lib/gcc/arm-none-eabi/4.9.3/../../../../arm-none-eabi/lib/armv7-m\libg_nano.a(lib_a-mprec.o)
                0x00005236                __mdiff
 .text.__d2b    0x000052f4       0xa4 c:/program files (x86)/cypress/psoc creator/3.3/psoc creator/import/gnu/arm/4.9.3/bin/../lib/gcc/arm-none-eabi/4.9.3/../../../../arm-none-eabi/lib/armv7-m\libg_nano.a(lib_a-mprec.o)
                0x000052f4                __d2b
 .text._calloc_r
                0x00005398       0x1c c:/program files (x86)/cypress/psoc creator/3.3/psoc creator/import/gnu/arm/4.9.3/bin/../lib/gcc/arm-none-eabi/4.9.3/../../../../arm-none-eabi/lib/armv7-m\libg_nano.a(lib_a-nano-callocr.o)
                0x00005398                _calloc_r
 .text._free_r  0x000053b4       0x88 c:/program files (x86)/cypress/psoc creator/3.3/psoc creator/import/gnu/arm/4.9.3/bin/../lib/gcc/arm-none-eabi/4.9.3/../../../../arm-none-eabi/lib/armv7-m\libg_nano.a(lib_a-nano-freer.o)
                0x000053b4                _free_r
 .text._malloc_r
                0x0000543c       0xac c:/program files (x86)/cypress/psoc creator/3.3/psoc creator/import/gnu/arm/4.9.3/bin/../lib/gcc/arm-none-eabi/4.9.3/../../../../arm-none-eabi/lib/armv7-m\libg_nano.a(lib_a-nano-mallocr.o)
                0x0000543c                _malloc_r
 .text.__ssputs_r
                0x000054e8       0xb2 c:/program files (x86)/cypress/psoc creator/3.3/psoc creator/import/gnu/arm/4.9.3/bin/../lib/gcc/arm-none-eabi/4.9.3/../../../../arm-none-eabi/lib/armv7-m\libg_nano.a(lib_a-nano-svfprintf.o)
                0x000054e8                __ssputs_r
 *fill*         0x0000559a        0x2 
 .text._svfprintf_r
                0x0000559c      0x1e4 c:/program files (x86)/cypress/psoc creator/3.3/psoc creator/import/gnu/arm/4.9.3/bin/../lib/gcc/arm-none-eabi/4.9.3/../../../../arm-none-eabi/lib/armv7-m\libg_nano.a(lib_a-nano-svfprintf.o)
                0x0000559c                _svfiprintf_r
                0x0000559c                _svfprintf_r
 .text._sbrk_r  0x00005780       0x20 c:/program files (x86)/cypress/psoc creator/3.3/psoc creator/import/gnu/arm/4.9.3/bin/../lib/gcc/arm-none-eabi/4.9.3/../../../../arm-none-eabi/lib/armv7-m\libg_nano.a(lib_a-sbrkr.o)
                0x00005780                _sbrk_r
 .text.memmove  0x000057a0       0x36 c:/program files (x86)/cypress/psoc creator/3.3/psoc creator/import/gnu/arm/4.9.3/bin/../lib/gcc/arm-none-eabi/4.9.3/../../../../arm-none-eabi/lib/armv7-m\libg_nano.a(lib_a-memmove.o)
                0x000057a0                memmove
 .text._realloc_r
                0x000057d6       0x4c c:/program files (x86)/cypress/psoc creator/3.3/psoc creator/import/gnu/arm/4.9.3/bin/../lib/gcc/arm-none-eabi/4.9.3/../../../../arm-none-eabi/lib/armv7-m\libg_nano.a(lib_a-nano-reallocr.o)
                0x000057d6                _realloc_r
 .text._malloc_usable_size_r
                0x00005822       0x14 c:/program files (x86)/cypress/psoc creator/3.3/psoc creator/import/gnu/arm/4.9.3/bin/../lib/gcc/arm-none-eabi/4.9.3/../../../../arm-none-eabi/lib/armv7-m\libg_nano.a(lib_a-nano-msizer.o)
                0x00005822                _malloc_usable_size_r
 *fill*         0x00005836        0x2 
 .text          0x00005838      0x370 c:/program files (x86)/cypress/psoc creator/3.3/psoc creator/import/gnu/arm/4.9.3/bin/../lib/gcc/arm-none-eabi/4.9.3/armv7-m\libgcc.a(_arm_addsubdf3.o)
                0x00005838                __aeabi_drsub
                0x00005840                __aeabi_dsub
                0x00005840                __subdf3
                0x00005844                __aeabi_dadd
                0x00005844                __adddf3
                0x00005abc                __floatunsidf
                0x00005abc                __aeabi_ui2d
                0x00005adc                __floatsidf
                0x00005adc                __aeabi_i2d
                0x00005b00                __aeabi_f2d
                0x00005b00                __extendsfdf2
                0x00005b3c                __floatundidf
                0x00005b3c                __aeabi_ul2d
                0x00005b4c                __floatdidf
                0x00005b4c                __aeabi_l2d
 .text          0x00005ba8      0x424 c:/program files (x86)/cypress/psoc creator/3.3/psoc creator/import/gnu/arm/4.9.3/bin/../lib/gcc/arm-none-eabi/4.9.3/armv7-m\libgcc.a(_arm_muldivdf3.o)
                0x00005ba8                __aeabi_dmul
                0x00005ba8                __muldf3
                0x00005dfc                __divdf3
                0x00005dfc                __aeabi_ddiv
 .text          0x00005fcc      0x110 c:/program files (x86)/cypress/psoc creator/3.3/psoc creator/import/gnu/arm/4.9.3/bin/../lib/gcc/arm-none-eabi/4.9.3/armv7-m\libgcc.a(_arm_cmpdf2.o)
                0x00005fcc                __gtdf2
                0x00005fcc                __gedf2
                0x00005fd4                __ltdf2
                0x00005fd4                __ledf2
                0x00005fdc                __nedf2
                0x00005fdc                __eqdf2
                0x00005fdc                __cmpdf2
                0x00006058                __aeabi_cdrcmple
                0x00006068                __aeabi_cdcmpeq
                0x00006068                __aeabi_cdcmple
                0x00006078                __aeabi_dcmpeq
                0x0000608c                __aeabi_dcmplt
                0x000060a0                __aeabi_dcmple
                0x000060b4                __aeabi_dcmpge
                0x000060c8                __aeabi_dcmpgt
 .text          0x000060dc       0x50 c:/program files (x86)/cypress/psoc creator/3.3/psoc creator/import/gnu/arm/4.9.3/bin/../lib/gcc/arm-none-eabi/4.9.3/armv7-m\libgcc.a(_arm_fixdfsi.o)
                0x000060dc                __aeabi_d2iz
                0x000060dc                __fixdfsi
 *(.plt)
 *(.gnu.warning)
 *(.glue_7t)
 .glue_7t       0x00000000        0x0 linker stubs
 *(.glue_7)
 .glue_7        0x00000000        0x0 linker stubs
 *(.vfp11_veneer)
 .vfp11_veneer  0x00000000        0x0 linker stubs
 *(.bootloader)
 *(.ARM.extab* .gnu.linkonce.armextab.*)
 *(.gcc_except_table)

.v4_bx          0x0000612c        0x0
 .v4_bx         0x00000000        0x0 linker stubs

.iplt           0x0000612c        0x0
 .iplt          0x00000000        0x0 c:/program files (x86)/cypress/psoc creator/3.3/psoc creator/import/gnu/arm/4.9.3/bin/../lib/gcc/arm-none-eabi/4.9.3/armv7-m/crtbegin.o

.eh_frame_hdr
 *(.eh_frame_hdr)

.eh_frame       0x0000612c        0x4
 *(.eh_frame)
 .eh_frame      0x0000612c        0x0 c:/program files (x86)/cypress/psoc creator/3.3/psoc creator/import/gnu/arm/4.9.3/bin/../lib/gcc/arm-none-eabi/4.9.3/armv7-m/crtbegin.o
 .eh_frame      0x0000612c        0x0 c:/program files (x86)/cypress/psoc creator/3.3/psoc creator/import/gnu/arm/4.9.3/bin/../lib/gcc/arm-none-eabi/4.9.3/../../../../arm-none-eabi/lib/armv7-m\libg_nano.a(lib_a-strcmp.o)
                                 0x28 (size before relaxing)
 .eh_frame      0x0000612c        0x4 c:/program files (x86)/cypress/psoc creator/3.3/psoc creator/import/gnu/arm/4.9.3/bin/../lib/gcc/arm-none-eabi/4.9.3/armv7-m/crtend.o
                0x00006130                PROVIDE (__exidx_start, .)

.ARM.exidx
 *(.ARM.exidx* .gnu.linkonce.armexidx.*)
                0x00006130                __exidx_end = .

.rodata         0x00006130      0x4e0
 *(.rodata .rodata.* .gnu.linkonce.r.*)
 .rodata        0x00006130       0x50 .\CortexM3\ARM_GCC_493\Debug\main.o
 .rodata        0x00006180      0x108 .\CortexM3\ARM_GCC_493\Debug\PSoC5_SPI_Master_DSP.a(cyfitter_cfg.o)
 .rodata        0x00006288       0x14 .\CortexM3\ARM_GCC_493\Debug\PSoC5_SPI_Master_DSP.a(USBUART_std.o)
 .rodata        0x0000629c      0x1e0 .\CortexM3\ARM_GCC_493\Debug\PSoC5_SPI_Master_DSP.a(USBUART_descr.o)
                0x0000629c                USBUART_DEVICE0_DESCR
                0x000062b0                USBUART_DEVICE0_CONFIGURATION0_DESCR
                0x000062f4                USBUART_STRING_DESCRIPTORS
                0x000063a0                USBUART_SN_STRING_DESCRIPTOR
                0x000063a4                USBUART_HIDREPORT_DESCRIPTOR1
                0x000063dc                USBUART_DEVICE0_CONFIGURATION0_EP_SETTINGS_TABLE
                0x000063f4                USBUART_DEVICE0_CONFIGURATION0_INTERFACE_CLASS
                0x000063f8                USBUART_DEVICE0_CONFIGURATION0_TABLE
                0x00006420                USBUART_DEVICE0_TABLE
                0x00006438                USBUART_TABLE
                0x00006440                USBUART_MSOS_DESCRIPTOR
                0x00006454                USBUART_MSOS_CONFIGURATION_DESCR
 .rodata.str1.1
                0x0000647c        0x2 c:/program files (x86)/cypress/psoc creator/3.3/psoc creator/import/gnu/arm/4.9.3/bin/../lib/gcc/arm-none-eabi/4.9.3/../../../../arm-none-eabi/lib/armv7-m\libg_nano.a(lib_a-impure.o)
 .rodata.str1.1
                0x0000647e       0x12 c:/program files (x86)/cypress/psoc creator/3.3/psoc creator/import/gnu/arm/4.9.3/bin/../lib/gcc/arm-none-eabi/4.9.3/../../../../arm-none-eabi/lib/armv7-m\libg_nano.a(lib_a-nano-vfprintf_float.o)
 .rodata.str1.1
                0x00006490       0x22 c:/program files (x86)/cypress/psoc creator/3.3/psoc creator/import/gnu/arm/4.9.3/bin/../lib/gcc/arm-none-eabi/4.9.3/../../../../arm-none-eabi/lib/armv7-m\libg_nano.a(lib_a-nano-vfprintf_i.o)
 .rodata.str1.1
                0x000064b2        0xd c:/program files (x86)/cypress/psoc creator/3.3/psoc creator/import/gnu/arm/4.9.3/bin/../lib/gcc/arm-none-eabi/4.9.3/../../../../arm-none-eabi/lib/armv7-m\libg_nano.a(lib_a-dtoa.o)
                                  0xf (size before relaxing)
 .rodata.str1.1
                0x000064bf        0x8 c:/program files (x86)/cypress/psoc creator/3.3/psoc creator/import/gnu/arm/4.9.3/bin/../lib/gcc/arm-none-eabi/4.9.3/../../../../arm-none-eabi/lib/armv7-m\libg_nano.a(lib_a-locale.o)
                                  0xb (size before relaxing)
 *fill*         0x000064c7        0x1 
 .rodata.__mprec_tens
                0x000064c8       0xc8 c:/program files (x86)/cypress/psoc creator/3.3/psoc creator/import/gnu/arm/4.9.3/bin/../lib/gcc/arm-none-eabi/4.9.3/../../../../arm-none-eabi/lib/armv7-m\libg_nano.a(lib_a-mprec.o)
                0x000064c8                __mprec_tens
 .rodata.__mprec_bigtens
                0x00006590       0x28 c:/program files (x86)/cypress/psoc creator/3.3/psoc creator/import/gnu/arm/4.9.3/bin/../lib/gcc/arm-none-eabi/4.9.3/../../../../arm-none-eabi/lib/armv7-m\libg_nano.a(lib_a-mprec.o)
                0x00006590                __mprec_bigtens
 .rodata.p05.5308
                0x000065b8        0xc c:/program files (x86)/cypress/psoc creator/3.3/psoc creator/import/gnu/arm/4.9.3/bin/../lib/gcc/arm-none-eabi/4.9.3/../../../../arm-none-eabi/lib/armv7-m\libg_nano.a(lib_a-mprec.o)
 .rodata.str1.1
                0x000065c4       0x11 c:/program files (x86)/cypress/psoc creator/3.3/psoc creator/import/gnu/arm/4.9.3/bin/../lib/gcc/arm-none-eabi/4.9.3/../../../../arm-none-eabi/lib/armv7-m\libg_nano.a(lib_a-nano-svfprintf.o)
                0x000065d8                . = ALIGN (0x4)
 *fill*         0x000065d5        0x3 
 *(.init)
 .init          0x000065d8        0x4 c:/program files (x86)/cypress/psoc creator/3.3/psoc creator/import/gnu/arm/4.9.3/bin/../lib/gcc/arm-none-eabi/4.9.3/armv7-m/crti.o
                0x000065d8                _init
 .init          0x000065dc        0x8 c:/program files (x86)/cypress/psoc creator/3.3/psoc creator/import/gnu/arm/4.9.3/bin/../lib/gcc/arm-none-eabi/4.9.3/armv7-m/crtn.o
                0x000065e4                . = ALIGN (0x4)
                0x000065e4                __preinit_array_start = .
 *(.preinit_array)
                0x000065e4                __preinit_array_end = .
                0x000065e4                . = ALIGN (0x4)
                0x000065e4                __init_array_start = .
 *(SORT(.init_array.*))
 *(.init_array)
 .init_array    0x000065e4        0x4 c:/program files (x86)/cypress/psoc creator/3.3/psoc creator/import/gnu/arm/4.9.3/bin/../lib/gcc/arm-none-eabi/4.9.3/armv7-m/crtbegin.o
 .init_array    0x000065e8        0x4 .\CortexM3\ARM_GCC_493\Debug\Cm3Start.o
                0x000065ec                __init_array_end = .
                0x000065ec                . = ALIGN (0x4)
 *(.fini)
 .fini          0x000065ec        0x4 c:/program files (x86)/cypress/psoc creator/3.3/psoc creator/import/gnu/arm/4.9.3/bin/../lib/gcc/arm-none-eabi/4.9.3/armv7-m/crti.o
                0x000065ec                _fini
 .fini          0x000065f0        0x8 c:/program files (x86)/cypress/psoc creator/3.3/psoc creator/import/gnu/arm/4.9.3/bin/../lib/gcc/arm-none-eabi/4.9.3/armv7-m/crtn.o
                0x000065f8                . = ALIGN (0x4)
                0x000065f8                __fini_array_start = .
 *(.fini_array)
 .fini_array    0x000065f8        0x4 c:/program files (x86)/cypress/psoc creator/3.3/psoc creator/import/gnu/arm/4.9.3/bin/../lib/gcc/arm-none-eabi/4.9.3/armv7-m/crtbegin.o
 *(SORT(.fini_array.*))
                0x000065fc                __fini_array_end = .
                0x000065fc                . = ALIGN (0x4)
 *crtbegin.o(.ctors)
 *(EXCLUDE_FILE(*crtend.o) .ctors)
 *(SORT(.ctors.*))
 *crtend.o(.ctors)
                0x000065fc                . = ALIGN (0x4)
 *crtbegin.o(.dtors)
 *(EXCLUDE_FILE(*crtend.o) .dtors)
 *(SORT(.dtors.*))
 *crtend.o(.dtors)
                0x000065fc                . = ALIGN (0x4)
                0x000065fc                __cy_regions = .
                0x000065fc        0x4 LONG 0x6610 __cy_region_init_ram
                0x00006600        0x4 LONG 0x1fff8108 __cy_region_start_data
                0x00006604        0x4 LONG 0x388 __cy_region_init_size_ram
                0x00006608        0x4 LONG 0x290 __cy_region_zero_size_ram
                0x0000660c                __cy_regions_end = .
                0x00006610                . = ALIGN (0x8)
 *fill*         0x0000660c        0x4 
                0x00006610                _etext = .

.cy_checksum_exclude
                0x00006610        0x0
 *(.cy_checksum_exclude)

.ramvectors     0x1fff8000      0x100
                0x1fff8000                __cy_region_start_ram = .
 *(.ramvectors)
 .ramvectors    0x1fff8000      0x100 .\CortexM3\ARM_GCC_493\Debug\Cm3Start.o
                0x1fff8000                CyRamVectors

.noinit         0x1fff8100        0x5
 *(.noinit)
 .noinit        0x1fff8100        0x4 .\CortexM3\ARM_GCC_493\Debug\Cm3Start.o
 .noinit        0x1fff8104        0x1 .\CortexM3\ARM_GCC_493\Debug\PSoC5_SPI_Master_DSP.a(CyLib.o)
                0x1fff8104                CyResetStatus

.data           0x1fff8108      0x388 load address 0x00006610
                0x1fff8108                __cy_region_start_data = .
 *(.jcr)
 .jcr           0x1fff8108        0x0 c:/program files (x86)/cypress/psoc creator/3.3/psoc creator/import/gnu/arm/4.9.3/bin/../lib/gcc/arm-none-eabi/4.9.3/armv7-m/crtbegin.o
 .jcr           0x1fff8108        0x4 c:/program files (x86)/cypress/psoc creator/3.3/psoc creator/import/gnu/arm/4.9.3/bin/../lib/gcc/arm-none-eabi/4.9.3/armv7-m/crtend.o
 *(.got.plt)
 *(.got)
 *(.shdata)
 *(.data .data.* .gnu.linkonce.d.*)
 .data          0x1fff810c        0xc .\CortexM3\ARM_GCC_493\Debug\main.o
                0x1fff810c                slew
                0x1fff8110                volumereg
 .data          0x1fff8118      0x2ac .\CortexM3\ARM_GCC_493\Debug\dsp.o
                0x1fff8118                serial_output
                0x1fff8130                program_ram
                0x1fff8310                dm0_ram
                0x1fff83c0                volscale
 .data          0x1fff83c4        0x4 .\CortexM3\ARM_GCC_493\Debug\Cm3Start.o
 .data          0x1fff83c8       0x10 .\CortexM3\ARM_GCC_493\Debug\PSoC5_SPI_Master_DSP.a(CyLib.o)
                0x1fff83c8                cydelay_freq_hz
                0x1fff83cc                cydelay_freq_khz
                0x1fff83d0                cydelay_freq_mhz
                0x1fff83d4                cydelay_32k_ms
 .data          0x1fff83d8       0x1c .\CortexM3\ARM_GCC_493\Debug\PSoC5_SPI_Master_DSP.a(USBUART_cdc.o)
                0x1fff83d8                USBUART_linesCoding
 .data.impure_data
                0x1fff83f4       0x60 c:/program files (x86)/cypress/psoc creator/3.3/psoc creator/import/gnu/arm/4.9.3/bin/../lib/gcc/arm-none-eabi/4.9.3/../../../../arm-none-eabi/lib/armv7-m\libg_nano.a(lib_a-impure.o)
 .data._impure_ptr
                0x1fff8454        0x4 c:/program files (x86)/cypress/psoc creator/3.3/psoc creator/import/gnu/arm/4.9.3/bin/../lib/gcc/arm-none-eabi/4.9.3/../../../../arm-none-eabi/lib/armv7-m\libg_nano.a(lib_a-impure.o)
                0x1fff8454                _impure_ptr
 .data.lconv    0x1fff8458       0x38 c:/program files (x86)/cypress/psoc creator/3.3/psoc creator/import/gnu/arm/4.9.3/bin/../lib/gcc/arm-none-eabi/4.9.3/../../../../arm-none-eabi/lib/armv7-m\libg_nano.a(lib_a-locale.o)
                0x1fff8490                . = ALIGN (0x8)
 *(.ram)
                0x1fff8490                _edata = .

.igot.plt       0x1fff8490        0x0 load address 0x00006998
 .igot.plt      0x00000000        0x0 c:/program files (x86)/cypress/psoc creator/3.3/psoc creator/import/gnu/arm/4.9.3/bin/../lib/gcc/arm-none-eabi/4.9.3/armv7-m/crtbegin.o

.bss            0x1fff8490      0x290 load address 0x00006998
                0x1fff8490                PROVIDE (__bss_start__, .)
 *(.shbss)
 *(.bss .bss.* .gnu.linkonce.b.*)
 .bss           0x1fff8490       0x1c c:/program files (x86)/cypress/psoc creator/3.3/psoc creator/import/gnu/arm/4.9.3/bin/../lib/gcc/arm-none-eabi/4.9.3/armv7-m/crtbegin.o
 .bss           0x1fff84ac        0x4 .\CortexM3\ARM_GCC_493\Debug\main.o
                0x1fff84ac                volumetosend
 .bss           0x1fff84b0       0x28 .\CortexM3\ARM_GCC_493\Debug\dsp.o
                0x1fff84b0                dummy
                0x1fff84b4                dm1_ram
                0x1fff84d4                volumearray
 .bss           0x1fff84d8        0x8 .\CortexM3\ARM_GCC_493\Debug\PSoC5_SPI_Master_DSP.a(cyfitter_cfg.o)
 .bss           0x1fff84e0        0x1 .\CortexM3\ARM_GCC_493\Debug\PSoC5_SPI_Master_DSP.a(SPIM.o)
                0x1fff84e0                SPIM_initVar
 .bss           0x1fff84e1        0x1 .\CortexM3\ARM_GCC_493\Debug\PSoC5_SPI_Master_DSP.a(USBUART.o)
                0x1fff84e1                USBUART_initVar
 .bss           0x1fff84e2        0x1 .\CortexM3\ARM_GCC_493\Debug\PSoC5_SPI_Master_DSP.a(USBUART_cdc.o)
 *fill*         0x1fff84e3        0x1 
 .bss           0x1fff84e4        0x4 .\CortexM3\ARM_GCC_493\Debug\PSoC5_SPI_Master_DSP.a(USBUART_std.o)
 .bss.__malloc_sbrk_start
                0x1fff84e8        0x4 c:/program files (x86)/cypress/psoc creator/3.3/psoc creator/import/gnu/arm/4.9.3/bin/../lib/gcc/arm-none-eabi/4.9.3/../../../../arm-none-eabi/lib/armv7-m\libg_nano.a(lib_a-nano-mallocr.o)
                0x1fff84e8                __malloc_sbrk_start
 .bss.__malloc_free_list
                0x1fff84ec        0x4 c:/program files (x86)/cypress/psoc creator/3.3/psoc creator/import/gnu/arm/4.9.3/bin/../lib/gcc/arm-none-eabi/4.9.3/../../../../arm-none-eabi/lib/armv7-m\libg_nano.a(lib_a-nano-mallocr.o)
                0x1fff84ec                __malloc_free_list
 *(COMMON)
 COMMON         0x1fff84f0       0x44 .\CortexM3\ARM_GCC_493\Debug\main.o
                0x1fff84f0                temp
                0x1fff84f4                wrBuffer
 COMMON         0x1fff8534      0x104 .\CortexM3\ARM_GCC_493\Debug\PSoC5_SPI_Master_DSP.a(SPIM.o)
                0x1fff8534                SPIM_txBuffer
                0x1fff8633                SPIM_swStatusTx
                0x1fff8634                SPIM_txBufferFull
                0x1fff8635                SPIM_txBufferRead
                0x1fff8636                SPIM_txBufferWrite
                0x1fff8637                SPIM_swStatusRx
 COMMON         0x1fff8638       0x18 .\CortexM3\ARM_GCC_493\Debug\PSoC5_SPI_Master_DSP.a(USBUART_cdc.o)
                0x1fff8638                USBUART_linesChanged
                0x1fff863c                USBUART_cdcDataInEp
                0x1fff8640                USBUART_cdcCommInInterruptEp
                0x1fff8644                USBUART_cdcDataOutEp
                0x1fff8648                USBUART_serialStateBitmap
                0x1fff864c                USBUART_linesControlBitmap
 COMMON         0x1fff8650       0x9a .\CortexM3\ARM_GCC_493\Debug\PSoC5_SPI_Master_DSP.a(USBUART_drv.o)
                0x1fff8650                USBUART_lastPacketSize
                0x1fff8651                USBUART_device
                0x1fff8652                USBUART_transferByteCount
                0x1fff8654                USBUART_transferState
                0x1fff8658                USBUART_interfaceSettingLast
                0x1fff865c                USBUART_currentTD
                0x1fff8668                USBUART_interfaceNumber
                0x1fff866c                USBUART_interfaceClass
                0x1fff8670                USBUART_configurationChanged
                0x1fff8671                USBUART_ep0Mode
                0x1fff8672                USBUART_deviceAddress
                0x1fff8673                USBUART_configuration
                0x1fff8674                USBUART_ep0Count
                0x1fff8675                USBUART_deviceStatus
                0x1fff8678                USBUART_EP
                0x1fff86e4                USBUART_interfaceSetting
                0x1fff86e6                USBUART_ep0Toggle
                0x1fff86e8                USBUART_interfaceStatus
 *fill*         0x1fff86ea        0x2 
 COMMON         0x1fff86ec        0xa .\CortexM3\ARM_GCC_493\Debug\PSoC5_SPI_Master_DSP.a(USBUART_hid.o)
                0x1fff86ec                USBUART_hidProtocol
                0x1fff86f0                USBUART_hidIdleTimer
                0x1fff86f4                USBUART_hidIdleRate
 *fill*         0x1fff86f6        0x2 
 COMMON         0x1fff86f8       0x22 .\CortexM3\ARM_GCC_493\Debug\PSoC5_SPI_Master_DSP.a(USBUART_descr.o)
                0x1fff86f8                USBUART_idSerialNumberStringDescriptor
 *fill*         0x1fff871a        0x2 
 COMMON         0x1fff871c        0x4 c:/program files (x86)/cypress/psoc creator/3.3/psoc creator/import/gnu/arm/4.9.3/bin/../lib/gcc/arm-none-eabi/4.9.3/../../../../arm-none-eabi/lib/armv7-m\libg_nano.a(lib_a-reent.o)
                0x1fff871c                errno
                0x1fff8720                . = ALIGN (0x8)
 *(.ram.b)
                0x1fff8720                _end = .
                0x1fff8720                __end = .
                0x1fff8720                PROVIDE (end, .)
                0x1fff8720                PROVIDE (__bss_end__, .)
                0x00006610                __cy_region_init_ram = LOADADDR (.data)
                0x00000388                __cy_region_init_size_ram = (_edata - ADDR (.data))
                0x00000290                __cy_region_zero_size_ram = (_end - _edata)

.heap           0x1fff8720     0x1000 load address 0x00006998
                0x1fff8720                . = _end
                0x1fff9720                . = (. + 0x1000)
 *fill*         0x1fff8720     0x1000 
                0x1fff9720                __cy_heap_limit = .

.stack          0x20004000     0x4000
                0x20004000                __cy_stack_limit = .
                0x20008000                . = (. + 0x4000)
 *fill*         0x20004000     0x4000 
                0x00000001                ASSERT ((__cy_stack_limit >= __cy_heap_limit), region RAM overflowed with stack)
                0x00000000                cy_checksum_exclude_size = (CY_APPL_LOADABLE == 0x1)?SIZEOF (.cy_checksum_exclude):0x0
                0x00000001                ASSERT ((cy_checksum_exclude_size <= CY_CHECKSUM_EXCLUDE_SIZE), CY_BOOT: Section .cy_checksum_exclude size exceedes specified limit.)

.cyloadermeta
 *(.cyloadermeta)

.cyloadablemeta
 *(.cyloadablemeta)

.cyconfigecc    0x80000000      0xf0c
 *(.cyconfigecc)
 .cyconfigecc   0x80000000      0xf0c .\CortexM3\ARM_GCC_493\Debug\cymetadata.o
                0x80000000                cy_meta_configecc

.cycustnvl      0x90000000        0x4
 *(.cycustnvl)
 .cycustnvl     0x90000000        0x4 .\CortexM3\ARM_GCC_493\Debug\cymetadata.o
                0x90000000                cy_meta_custnvl

.cywolatch      0x90100000        0x4
 *(.cywolatch)
 .cywolatch     0x90100000        0x4 .\CortexM3\ARM_GCC_493\Debug\cymetadata.o
                0x90100000                cy_meta_wonvl

.cyeeprom       0x90200000        0x0
 *(.cyeeprom)
                0x00000001                ASSERT ((. <= ((0x90200000 + ee_offset) + ee_size)), .cyeeprom data will not fit in EEPROM)

.cyflashprotect
                0x90400000      0x100
 *(.cyflashprotect)
 .cyflashprotect
                0x90400000      0x100 .\CortexM3\ARM_GCC_493\Debug\cymetadata.o
                0x90400000                cy_meta_flashprotect

.cymeta         0x90500000        0xc
 *(.cymeta)
 .cymeta        0x90500000        0xc .\CortexM3\ARM_GCC_493\Debug\cymetadata.o
                0x90500000                cy_metadata

.rel.dyn        0x00006998        0x0 load address 0x9050000c
 .rel.iplt      0x00000000        0x0 c:/program files (x86)/cypress/psoc creator/3.3/psoc creator/import/gnu/arm/4.9.3/bin/../lib/gcc/arm-none-eabi/4.9.3/armv7-m/crtbegin.o

.stab
 *(.stab)

.stabstr
 *(.stabstr)

.debug
 *(.debug)

.line
 *(.line)

.debug_srcinfo
 *(.debug_srcinfo)

.debug_sfnames
 *(.debug_sfnames)

.debug_aranges  0x00000000      0xb40
 *(.debug_aranges)
 .debug_aranges
                0x00000000       0x20 .\CortexM3\ARM_GCC_493\Debug\main.o
 .debug_aranges
                0x00000020       0x30 .\CortexM3\ARM_GCC_493\Debug\uart.o
 .debug_aranges
                0x00000050       0x40 .\CortexM3\ARM_GCC_493\Debug\spimaster.o
 .debug_aranges
                0x00000090       0x40 .\CortexM3\ARM_GCC_493\Debug\dsp.o
 .debug_aranges
                0x000000d0       0x18 .\CortexM3\ARM_GCC_493\Debug\cymetadata.o
 .debug_aranges
                0x000000e8       0x48 .\CortexM3\ARM_GCC_493\Debug\Cm3Start.o
 .debug_aranges
                0x00000130       0x60 .\CortexM3\ARM_GCC_493\Debug\PSoC5_SPI_Master_DSP.a(cyfitter_cfg.o)
 .debug_aranges
                0x00000190       0xd8 .\CortexM3\ARM_GCC_493\Debug\PSoC5_SPI_Master_DSP.a(SPIM.o)
 .debug_aranges
                0x00000268       0x28 .\CortexM3\ARM_GCC_493\Debug\PSoC5_SPI_Master_DSP.a(SPIM_INT.o)
 .debug_aranges
                0x00000290       0x20 .\CortexM3\ARM_GCC_493\Debug\PSoC5_SPI_Master_DSP.a(CyBootAsmGnu.o)
 .debug_aranges
                0x000002b0      0x298 .\CortexM3\ARM_GCC_493\Debug\PSoC5_SPI_Master_DSP.a(CyLib.o)
 .debug_aranges
                0x00000548       0x98 .\CortexM3\ARM_GCC_493\Debug\PSoC5_SPI_Master_DSP.a(cyPm.o)
 .debug_aranges
                0x000005e0       0xc8 .\CortexM3\ARM_GCC_493\Debug\PSoC5_SPI_Master_DSP.a(USBUART.o)
 .debug_aranges
                0x000006a8       0xe8 .\CortexM3\ARM_GCC_493\Debug\PSoC5_SPI_Master_DSP.a(USBUART_cdc.o)
 .debug_aranges
                0x00000790       0x98 .\CortexM3\ARM_GCC_493\Debug\PSoC5_SPI_Master_DSP.a(USBUART_drv.o)
 .debug_aranges
                0x00000828       0x40 .\CortexM3\ARM_GCC_493\Debug\PSoC5_SPI_Master_DSP.a(USBUART_episr.o)
 .debug_aranges
                0x00000868       0x48 .\CortexM3\ARM_GCC_493\Debug\PSoC5_SPI_Master_DSP.a(USBUART_hid.o)
 .debug_aranges
                0x000008b0       0x40 .\CortexM3\ARM_GCC_493\Debug\PSoC5_SPI_Master_DSP.a(USBUART_pm.o)
 .debug_aranges
                0x000008f0       0x80 .\CortexM3\ARM_GCC_493\Debug\PSoC5_SPI_Master_DSP.a(USBUART_std.o)
 .debug_aranges
                0x00000970       0x20 .\CortexM3\ARM_GCC_493\Debug\PSoC5_SPI_Master_DSP.a(USBUART_vnd.o)
 .debug_aranges
                0x00000990       0x48 .\CortexM3\ARM_GCC_493\Debug\PSoC5_SPI_Master_DSP.a(USBUART_Dp.o)
 .debug_aranges
                0x000009d8       0x38 .\CortexM3\ARM_GCC_493\Debug\PSoC5_SPI_Master_DSP.a(DSP_reset.o)
 .debug_aranges
                0x00000a10       0x80 .\CortexM3\ARM_GCC_493\Debug\PSoC5_SPI_Master_DSP.a(CyFlash.o)
 .debug_aranges
                0x00000a90       0x78 .\CortexM3\ARM_GCC_493\Debug\PSoC5_SPI_Master_DSP.a(CySpc.o)
 .debug_aranges
                0x00000b08       0x20 .\CortexM3\ARM_GCC_493\Debug\PSoC5_SPI_Master_DSP.a(USBUART_cls.o)
 .debug_aranges
                0x00000b28       0x18 .\CortexM3\ARM_GCC_493\Debug\PSoC5_SPI_Master_DSP.a(USBUART_descr.o)

.debug_pubnames
 *(.debug_pubnames)

.debug_info     0x00000000     0x6067
 *(.debug_info .gnu.linkonce.wi.*)
 .debug_info    0x00000000      0x17e .\CortexM3\ARM_GCC_493\Debug\main.o
 .debug_info    0x0000017e      0x1a5 .\CortexM3\ARM_GCC_493\Debug\uart.o
 .debug_info    0x00000323      0x1b1 .\CortexM3\ARM_GCC_493\Debug\spimaster.o
 .debug_info    0x000004d4      0x324 .\CortexM3\ARM_GCC_493\Debug\dsp.o
 .debug_info    0x000007f8      0x13f .\CortexM3\ARM_GCC_493\Debug\cymetadata.o
 .debug_info    0x00000937      0x319 .\CortexM3\ARM_GCC_493\Debug\Cm3Start.o
 .debug_info    0x00000c50      0x3b8 .\CortexM3\ARM_GCC_493\Debug\PSoC5_SPI_Master_DSP.a(cyfitter_cfg.o)
 .debug_info    0x00001008      0x481 .\CortexM3\ARM_GCC_493\Debug\PSoC5_SPI_Master_DSP.a(SPIM.o)
 .debug_info    0x00001489      0x126 .\CortexM3\ARM_GCC_493\Debug\PSoC5_SPI_Master_DSP.a(SPIM_INT.o)
 .debug_info    0x000015af       0xa6 .\CortexM3\ARM_GCC_493\Debug\PSoC5_SPI_Master_DSP.a(CyBootAsmGnu.o)
 .debug_info    0x00001655      0xe36 .\CortexM3\ARM_GCC_493\Debug\PSoC5_SPI_Master_DSP.a(CyLib.o)
 .debug_info    0x0000248b      0x562 .\CortexM3\ARM_GCC_493\Debug\PSoC5_SPI_Master_DSP.a(cyPm.o)
 .debug_info    0x000029ed      0x73b .\CortexM3\ARM_GCC_493\Debug\PSoC5_SPI_Master_DSP.a(USBUART.o)
 .debug_info    0x00003128      0x903 .\CortexM3\ARM_GCC_493\Debug\PSoC5_SPI_Master_DSP.a(USBUART_cdc.o)
 .debug_info    0x00003a2b      0x521 .\CortexM3\ARM_GCC_493\Debug\PSoC5_SPI_Master_DSP.a(USBUART_drv.o)
 .debug_info    0x00003f4c      0x22f .\CortexM3\ARM_GCC_493\Debug\PSoC5_SPI_Master_DSP.a(USBUART_episr.o)
 .debug_info    0x0000417b      0x374 .\CortexM3\ARM_GCC_493\Debug\PSoC5_SPI_Master_DSP.a(USBUART_hid.o)
 .debug_info    0x000044ef      0x186 .\CortexM3\ARM_GCC_493\Debug\PSoC5_SPI_Master_DSP.a(USBUART_pm.o)
 .debug_info    0x00004675      0x950 .\CortexM3\ARM_GCC_493\Debug\PSoC5_SPI_Master_DSP.a(USBUART_std.o)
 .debug_info    0x00004fc5      0x19d .\CortexM3\ARM_GCC_493\Debug\PSoC5_SPI_Master_DSP.a(USBUART_vnd.o)
 .debug_info    0x00005162      0x171 .\CortexM3\ARM_GCC_493\Debug\PSoC5_SPI_Master_DSP.a(USBUART_Dp.o)
 .debug_info    0x000052d3      0x11e .\CortexM3\ARM_GCC_493\Debug\PSoC5_SPI_Master_DSP.a(DSP_reset.o)
 .debug_info    0x000053f1      0x36c .\CortexM3\ARM_GCC_493\Debug\PSoC5_SPI_Master_DSP.a(CyFlash.o)
 .debug_info    0x0000575d      0x459 .\CortexM3\ARM_GCC_493\Debug\PSoC5_SPI_Master_DSP.a(CySpc.o)
 .debug_info    0x00005bb6      0x1bc .\CortexM3\ARM_GCC_493\Debug\PSoC5_SPI_Master_DSP.a(USBUART_cls.o)
 .debug_info    0x00005d72      0x2f5 .\CortexM3\ARM_GCC_493\Debug\PSoC5_SPI_Master_DSP.a(USBUART_descr.o)

.debug_abbrev   0x00000000     0x1d6a
 *(.debug_abbrev)
 .debug_abbrev  0x00000000       0xb1 .\CortexM3\ARM_GCC_493\Debug\main.o
 .debug_abbrev  0x000000b1       0xdf .\CortexM3\ARM_GCC_493\Debug\uart.o
 .debug_abbrev  0x00000190      0x108 .\CortexM3\ARM_GCC_493\Debug\spimaster.o
 .debug_abbrev  0x00000298      0x111 .\CortexM3\ARM_GCC_493\Debug\dsp.o
 .debug_abbrev  0x000003a9       0x77 .\CortexM3\ARM_GCC_493\Debug\cymetadata.o
 .debug_abbrev  0x00000420      0x1b6 .\CortexM3\ARM_GCC_493\Debug\Cm3Start.o
 .debug_abbrev  0x000005d6      0x183 .\CortexM3\ARM_GCC_493\Debug\PSoC5_SPI_Master_DSP.a(cyfitter_cfg.o)
 .debug_abbrev  0x00000759      0x184 .\CortexM3\ARM_GCC_493\Debug\PSoC5_SPI_Master_DSP.a(SPIM.o)
 .debug_abbrev  0x000008dd       0xa2 .\CortexM3\ARM_GCC_493\Debug\PSoC5_SPI_Master_DSP.a(SPIM_INT.o)
 .debug_abbrev  0x0000097f       0x14 .\CortexM3\ARM_GCC_493\Debug\PSoC5_SPI_Master_DSP.a(CyBootAsmGnu.o)
 .debug_abbrev  0x00000993      0x217 .\CortexM3\ARM_GCC_493\Debug\PSoC5_SPI_Master_DSP.a(CyLib.o)
 .debug_abbrev  0x00000baa      0x161 .\CortexM3\ARM_GCC_493\Debug\PSoC5_SPI_Master_DSP.a(cyPm.o)
 .debug_abbrev  0x00000d0b      0x1f3 .\CortexM3\ARM_GCC_493\Debug\PSoC5_SPI_Master_DSP.a(USBUART.o)
 .debug_abbrev  0x00000efe      0x233 .\CortexM3\ARM_GCC_493\Debug\PSoC5_SPI_Master_DSP.a(USBUART_cdc.o)
 .debug_abbrev  0x00001131      0x161 .\CortexM3\ARM_GCC_493\Debug\PSoC5_SPI_Master_DSP.a(USBUART_drv.o)
 .debug_abbrev  0x00001292       0xfd .\CortexM3\ARM_GCC_493\Debug\PSoC5_SPI_Master_DSP.a(USBUART_episr.o)
 .debug_abbrev  0x0000138f      0x15e .\CortexM3\ARM_GCC_493\Debug\PSoC5_SPI_Master_DSP.a(USBUART_hid.o)
 .debug_abbrev  0x000014ed       0xd1 .\CortexM3\ARM_GCC_493\Debug\PSoC5_SPI_Master_DSP.a(USBUART_pm.o)
 .debug_abbrev  0x000015be      0x1c2 .\CortexM3\ARM_GCC_493\Debug\PSoC5_SPI_Master_DSP.a(USBUART_std.o)
 .debug_abbrev  0x00001780       0xc5 .\CortexM3\ARM_GCC_493\Debug\PSoC5_SPI_Master_DSP.a(USBUART_vnd.o)
 .debug_abbrev  0x00001845       0x90 .\CortexM3\ARM_GCC_493\Debug\PSoC5_SPI_Master_DSP.a(USBUART_Dp.o)
 .debug_abbrev  0x000018d5       0x90 .\CortexM3\ARM_GCC_493\Debug\PSoC5_SPI_Master_DSP.a(DSP_reset.o)
 .debug_abbrev  0x00001965      0x120 .\CortexM3\ARM_GCC_493\Debug\PSoC5_SPI_Master_DSP.a(CyFlash.o)
 .debug_abbrev  0x00001a85      0x16c .\CortexM3\ARM_GCC_493\Debug\PSoC5_SPI_Master_DSP.a(CySpc.o)
 .debug_abbrev  0x00001bf1       0xc5 .\CortexM3\ARM_GCC_493\Debug\PSoC5_SPI_Master_DSP.a(USBUART_cls.o)
 .debug_abbrev  0x00001cb6       0xb4 .\CortexM3\ARM_GCC_493\Debug\PSoC5_SPI_Master_DSP.a(USBUART_descr.o)

.debug_line     0x00000000     0x321e
 *(.debug_line)
 .debug_line    0x00000000      0x1c6 .\CortexM3\ARM_GCC_493\Debug\main.o
 .debug_line    0x000001c6      0x1a3 .\CortexM3\ARM_GCC_493\Debug\uart.o
 .debug_line    0x00000369      0x1dc .\CortexM3\ARM_GCC_493\Debug\spimaster.o
 .debug_line    0x00000545      0x20b .\CortexM3\ARM_GCC_493\Debug\dsp.o
 .debug_line    0x00000750       0x53 .\CortexM3\ARM_GCC_493\Debug\cymetadata.o
 .debug_line    0x000007a3      0x1d6 .\CortexM3\ARM_GCC_493\Debug\Cm3Start.o
 .debug_line    0x00000979      0x219 .\CortexM3\ARM_GCC_493\Debug\PSoC5_SPI_Master_DSP.a(cyfitter_cfg.o)
 .debug_line    0x00000b92      0x28b .\CortexM3\ARM_GCC_493\Debug\PSoC5_SPI_Master_DSP.a(SPIM.o)
 .debug_line    0x00000e1d       0x98 .\CortexM3\ARM_GCC_493\Debug\PSoC5_SPI_Master_DSP.a(SPIM_INT.o)
 .debug_line    0x00000eb5       0x68 .\CortexM3\ARM_GCC_493\Debug\PSoC5_SPI_Master_DSP.a(CyBootAsmGnu.o)
 .debug_line    0x00000f1d      0x872 .\CortexM3\ARM_GCC_493\Debug\PSoC5_SPI_Master_DSP.a(CyLib.o)
 .debug_line    0x0000178f      0x381 .\CortexM3\ARM_GCC_493\Debug\PSoC5_SPI_Master_DSP.a(cyPm.o)
 .debug_line    0x00001b10      0x324 .\CortexM3\ARM_GCC_493\Debug\PSoC5_SPI_Master_DSP.a(USBUART.o)
 .debug_line    0x00001e34      0x30e .\CortexM3\ARM_GCC_493\Debug\PSoC5_SPI_Master_DSP.a(USBUART_cdc.o)
 .debug_line    0x00002142      0x21c .\CortexM3\ARM_GCC_493\Debug\PSoC5_SPI_Master_DSP.a(USBUART_drv.o)
 .debug_line    0x0000235e       0xf4 .\CortexM3\ARM_GCC_493\Debug\PSoC5_SPI_Master_DSP.a(USBUART_episr.o)
 .debug_line    0x00002452      0x180 .\CortexM3\ARM_GCC_493\Debug\PSoC5_SPI_Master_DSP.a(USBUART_hid.o)
 .debug_line    0x000025d2       0xe8 .\CortexM3\ARM_GCC_493\Debug\PSoC5_SPI_Master_DSP.a(USBUART_pm.o)
 .debug_line    0x000026ba      0x45f .\CortexM3\ARM_GCC_493\Debug\PSoC5_SPI_Master_DSP.a(USBUART_std.o)
 .debug_line    0x00002b19       0x91 .\CortexM3\ARM_GCC_493\Debug\PSoC5_SPI_Master_DSP.a(USBUART_vnd.o)
 .debug_line    0x00002baa       0xc0 .\CortexM3\ARM_GCC_493\Debug\PSoC5_SPI_Master_DSP.a(USBUART_Dp.o)
 .debug_line    0x00002c6a       0x9a .\CortexM3\ARM_GCC_493\Debug\PSoC5_SPI_Master_DSP.a(DSP_reset.o)
 .debug_line    0x00002d04      0x207 .\CortexM3\ARM_GCC_493\Debug\PSoC5_SPI_Master_DSP.a(CyFlash.o)
 .debug_line    0x00002f0b      0x217 .\CortexM3\ARM_GCC_493\Debug\PSoC5_SPI_Master_DSP.a(CySpc.o)
 .debug_line    0x00003122       0x99 .\CortexM3\ARM_GCC_493\Debug\PSoC5_SPI_Master_DSP.a(USBUART_cls.o)
 .debug_line    0x000031bb       0x63 .\CortexM3\ARM_GCC_493\Debug\PSoC5_SPI_Master_DSP.a(USBUART_descr.o)

.debug_frame    0x00000000     0x32dc
 *(.debug_frame)
 .debug_frame   0x00000000       0x30 .\CortexM3\ARM_GCC_493\Debug\main.o
 .debug_frame   0x00000030       0x7c .\CortexM3\ARM_GCC_493\Debug\uart.o
 .debug_frame   0x000000ac       0xc0 .\CortexM3\ARM_GCC_493\Debug\spimaster.o
 .debug_frame   0x0000016c       0xdc .\CortexM3\ARM_GCC_493\Debug\dsp.o
 .debug_frame   0x00000248       0xd8 .\CortexM3\ARM_GCC_493\Debug\Cm3Start.o
 .debug_frame   0x00000320      0x160 .\CortexM3\ARM_GCC_493\Debug\PSoC5_SPI_Master_DSP.a(cyfitter_cfg.o)
 .debug_frame   0x00000480      0x38c .\CortexM3\ARM_GCC_493\Debug\PSoC5_SPI_Master_DSP.a(SPIM.o)
 .debug_frame   0x0000080c       0x5c .\CortexM3\ARM_GCC_493\Debug\PSoC5_SPI_Master_DSP.a(SPIM_INT.o)
 .debug_frame   0x00000868      0xbe8 .\CortexM3\ARM_GCC_493\Debug\PSoC5_SPI_Master_DSP.a(CyLib.o)
 .debug_frame   0x00001450      0x234 .\CortexM3\ARM_GCC_493\Debug\PSoC5_SPI_Master_DSP.a(cyPm.o)
 .debug_frame   0x00001684      0x380 .\CortexM3\ARM_GCC_493\Debug\PSoC5_SPI_Master_DSP.a(USBUART.o)
 .debug_frame   0x00001a04      0x3ec .\CortexM3\ARM_GCC_493\Debug\PSoC5_SPI_Master_DSP.a(USBUART_cdc.o)
 .debug_frame   0x00001df0      0x23c .\CortexM3\ARM_GCC_493\Debug\PSoC5_SPI_Master_DSP.a(USBUART_drv.o)
 .debug_frame   0x0000202c       0xbc .\CortexM3\ARM_GCC_493\Debug\PSoC5_SPI_Master_DSP.a(USBUART_episr.o)
 .debug_frame   0x000020e8      0x100 .\CortexM3\ARM_GCC_493\Debug\PSoC5_SPI_Master_DSP.a(USBUART_hid.o)
 .debug_frame   0x000021e8       0xbc .\CortexM3\ARM_GCC_493\Debug\PSoC5_SPI_Master_DSP.a(USBUART_pm.o)
 .debug_frame   0x000022a4      0x224 .\CortexM3\ARM_GCC_493\Debug\PSoC5_SPI_Master_DSP.a(USBUART_std.o)
 .debug_frame   0x000024c8       0x38 .\CortexM3\ARM_GCC_493\Debug\PSoC5_SPI_Master_DSP.a(USBUART_vnd.o)
 .debug_frame   0x00002500       0xf4 .\CortexM3\ARM_GCC_493\Debug\PSoC5_SPI_Master_DSP.a(USBUART_Dp.o)
 .debug_frame   0x000025f4       0xa8 .\CortexM3\ARM_GCC_493\Debug\PSoC5_SPI_Master_DSP.a(DSP_reset.o)
 .debug_frame   0x0000269c      0x210 .\CortexM3\ARM_GCC_493\Debug\PSoC5_SPI_Master_DSP.a(CyFlash.o)
 .debug_frame   0x000028ac      0x1f8 .\CortexM3\ARM_GCC_493\Debug\PSoC5_SPI_Master_DSP.a(CySpc.o)
 .debug_frame   0x00002aa4       0x38 .\CortexM3\ARM_GCC_493\Debug\PSoC5_SPI_Master_DSP.a(USBUART_cls.o)
 .debug_frame   0x00002adc       0x20 c:/program files (x86)/cypress/psoc creator/3.3/psoc creator/import/gnu/arm/4.9.3/bin/../lib/gcc/arm-none-eabi/4.9.3/../../../../arm-none-eabi/lib/armv7-m\libg_nano.a(lib_a-errno.o)
 .debug_frame   0x00002afc       0x28 c:/program files (x86)/cypress/psoc creator/3.3/psoc creator/import/gnu/arm/4.9.3/bin/../lib/gcc/arm-none-eabi/4.9.3/../../../../arm-none-eabi/lib/armv7-m\libg_nano.a(lib_a-exit.o)
 .debug_frame   0x00002b24       0x2c c:/program files (x86)/cypress/psoc creator/3.3/psoc creator/import/gnu/arm/4.9.3/bin/../lib/gcc/arm-none-eabi/4.9.3/../../../../arm-none-eabi/lib/armv7-m\libg_nano.a(lib_a-init.o)
 .debug_frame   0x00002b50       0x28 c:/program files (x86)/cypress/psoc creator/3.3/psoc creator/import/gnu/arm/4.9.3/bin/../lib/gcc/arm-none-eabi/4.9.3/../../../../arm-none-eabi/lib/armv7-m\libg_nano.a(lib_a-memcpy.o)
 .debug_frame   0x00002b78       0x20 c:/program files (x86)/cypress/psoc creator/3.3/psoc creator/import/gnu/arm/4.9.3/bin/../lib/gcc/arm-none-eabi/4.9.3/../../../../arm-none-eabi/lib/armv7-m\libg_nano.a(lib_a-memset.o)
 .debug_frame   0x00002b98       0x8c c:/program files (x86)/cypress/psoc creator/3.3/psoc creator/import/gnu/arm/4.9.3/bin/../lib/gcc/arm-none-eabi/4.9.3/../../../../arm-none-eabi/lib/armv7-m\libg_nano.a(lib_a-nano-vfprintf_float.o)
 .debug_frame   0x00002c24       0x58 c:/program files (x86)/cypress/psoc creator/3.3/psoc creator/import/gnu/arm/4.9.3/bin/../lib/gcc/arm-none-eabi/4.9.3/../../../../arm-none-eabi/lib/armv7-m\libg_nano.a(lib_a-nano-vfprintf_i.o)
 .debug_frame   0x00002c7c       0x28 c:/program files (x86)/cypress/psoc creator/3.3/psoc creator/import/gnu/arm/4.9.3/bin/../lib/gcc/arm-none-eabi/4.9.3/../../../../arm-none-eabi/lib/armv7-m\libg_nano.a(lib_a-s_fpclassify.o)
 .debug_frame   0x00002ca4       0x70 c:/program files (x86)/cypress/psoc creator/3.3/psoc creator/import/gnu/arm/4.9.3/bin/../lib/gcc/arm-none-eabi/4.9.3/../../../../arm-none-eabi/lib/armv7-m\libg_nano.a(lib_a-sprintf.o)
 .debug_frame   0x00002d14       0x20 c:/program files (x86)/cypress/psoc creator/3.3/psoc creator/import/gnu/arm/4.9.3/bin/../lib/gcc/arm-none-eabi/4.9.3/../../../../arm-none-eabi/lib/armv7-m\libg_nano.a(lib_a-strlen.o)
 .debug_frame   0x00002d34       0x6c c:/program files (x86)/cypress/psoc creator/3.3/psoc creator/import/gnu/arm/4.9.3/bin/../lib/gcc/arm-none-eabi/4.9.3/../../../../arm-none-eabi/lib/armv7-m\libg_nano.a(lib_a-dtoa.o)
 .debug_frame   0x00002da0       0x98 c:/program files (x86)/cypress/psoc creator/3.3/psoc creator/import/gnu/arm/4.9.3/bin/../lib/gcc/arm-none-eabi/4.9.3/../../../../arm-none-eabi/lib/armv7-m\libg_nano.a(lib_a-locale.o)
 .debug_frame   0x00002e38       0x30 c:/program files (x86)/cypress/psoc creator/3.3/psoc creator/import/gnu/arm/4.9.3/bin/../lib/gcc/arm-none-eabi/4.9.3/../../../../arm-none-eabi/lib/armv7-m\libg_nano.a(lib_a-malloc.o)
 .debug_frame   0x00002e68       0x28 c:/program files (x86)/cypress/psoc creator/3.3/psoc creator/import/gnu/arm/4.9.3/bin/../lib/gcc/arm-none-eabi/4.9.3/../../../../arm-none-eabi/lib/armv7-m\libg_nano.a(lib_a-memchr.o)
 .debug_frame   0x00002e90      0x230 c:/program files (x86)/cypress/psoc creator/3.3/psoc creator/import/gnu/arm/4.9.3/bin/../lib/gcc/arm-none-eabi/4.9.3/../../../../arm-none-eabi/lib/armv7-m\libg_nano.a(lib_a-mprec.o)
 .debug_frame   0x000030c0       0x2c c:/program files (x86)/cypress/psoc creator/3.3/psoc creator/import/gnu/arm/4.9.3/bin/../lib/gcc/arm-none-eabi/4.9.3/../../../../arm-none-eabi/lib/armv7-m\libg_nano.a(lib_a-nano-callocr.o)
 .debug_frame   0x000030ec       0x2c c:/program files (x86)/cypress/psoc creator/3.3/psoc creator/import/gnu/arm/4.9.3/bin/../lib/gcc/arm-none-eabi/4.9.3/../../../../arm-none-eabi/lib/armv7-m\libg_nano.a(lib_a-nano-freer.o)
 .debug_frame   0x00003118       0x2c c:/program files (x86)/cypress/psoc creator/3.3/psoc creator/import/gnu/arm/4.9.3/bin/../lib/gcc/arm-none-eabi/4.9.3/../../../../arm-none-eabi/lib/armv7-m\libg_nano.a(lib_a-nano-mallocr.o)
 .debug_frame   0x00003144       0x8c c:/program files (x86)/cypress/psoc creator/3.3/psoc creator/import/gnu/arm/4.9.3/bin/../lib/gcc/arm-none-eabi/4.9.3/../../../../arm-none-eabi/lib/armv7-m\libg_nano.a(lib_a-nano-svfprintf.o)
 .debug_frame   0x000031d0       0x2c c:/program files (x86)/cypress/psoc creator/3.3/psoc creator/import/gnu/arm/4.9.3/bin/../lib/gcc/arm-none-eabi/4.9.3/../../../../arm-none-eabi/lib/armv7-m\libg_nano.a(lib_a-sbrkr.o)
 .debug_frame   0x000031fc       0x28 c:/program files (x86)/cypress/psoc creator/3.3/psoc creator/import/gnu/arm/4.9.3/bin/../lib/gcc/arm-none-eabi/4.9.3/../../../../arm-none-eabi/lib/armv7-m\libg_nano.a(lib_a-memmove.o)
 .debug_frame   0x00003224       0x3c c:/program files (x86)/cypress/psoc creator/3.3/psoc creator/import/gnu/arm/4.9.3/bin/../lib/gcc/arm-none-eabi/4.9.3/../../../../arm-none-eabi/lib/armv7-m\libg_nano.a(lib_a-nano-reallocr.o)
 .debug_frame   0x00003260       0x5c c:/program files (x86)/cypress/psoc creator/3.3/psoc creator/import/gnu/arm/4.9.3/bin/../lib/gcc/arm-none-eabi/4.9.3/../../../../arm-none-eabi/lib/armv7-m\libg_nano.a(lib_a-reent.o)
 .debug_frame   0x000032bc       0x20 c:/program files (x86)/cypress/psoc creator/3.3/psoc creator/import/gnu/arm/4.9.3/bin/../lib/gcc/arm-none-eabi/4.9.3/../../../../arm-none-eabi/lib/armv7-m\libg_nano.a(lib_a-nano-msizer.o)

.debug_str      0x00000000     0x2a3f
 *(.debug_str)
 .debug_str     0x00000000      0x1ac .\CortexM3\ARM_GCC_493\Debug\main.o
                                0x1ed (size before relaxing)
 .debug_str     0x000001ac       0x67 .\CortexM3\ARM_GCC_493\Debug\uart.o
                                0x20f (size before relaxing)
 .debug_str     0x00000213       0x81 .\CortexM3\ARM_GCC_493\Debug\spimaster.o
                                0x23e (size before relaxing)
 .debug_str     0x00000294       0xa3 .\CortexM3\ARM_GCC_493\Debug\dsp.o
                                0x274 (size before relaxing)
 .debug_str     0x00000337       0x77 .\CortexM3\ARM_GCC_493\Debug\cymetadata.o
                                0x200 (size before relaxing)
 .debug_str     0x000003ae      0x132 .\CortexM3\ARM_GCC_493\Debug\Cm3Start.o
                                0x2e1 (size before relaxing)
 .debug_str     0x000004e0      0x181 .\CortexM3\ARM_GCC_493\Debug\PSoC5_SPI_Master_DSP.a(cyfitter_cfg.o)
                                0x329 (size before relaxing)
 .debug_str     0x00000661      0x28f .\CortexM3\ARM_GCC_493\Debug\PSoC5_SPI_Master_DSP.a(SPIM.o)
                                0x42f (size before relaxing)
 .debug_str     0x000008f0       0x3c .\CortexM3\ARM_GCC_493\Debug\PSoC5_SPI_Master_DSP.a(SPIM_INT.o)
                                0x229 (size before relaxing)
 .debug_str     0x0000092c      0x7eb .\CortexM3\ARM_GCC_493\Debug\PSoC5_SPI_Master_DSP.a(CyLib.o)
                                0x9dc (size before relaxing)
 .debug_str     0x00001117      0x367 .\CortexM3\ARM_GCC_493\Debug\PSoC5_SPI_Master_DSP.a(cyPm.o)
                                0x541 (size before relaxing)
 .debug_str     0x0000147e      0x434 .\CortexM3\ARM_GCC_493\Debug\PSoC5_SPI_Master_DSP.a(USBUART.o)
                                0x609 (size before relaxing)
 .debug_str     0x000018b2      0x4b7 .\CortexM3\ARM_GCC_493\Debug\PSoC5_SPI_Master_DSP.a(USBUART_cdc.o)
                                0x724 (size before relaxing)
 .debug_str     0x00001d69      0x298 .\CortexM3\ARM_GCC_493\Debug\PSoC5_SPI_Master_DSP.a(USBUART_drv.o)
                                0x604 (size before relaxing)
 .debug_str     0x00002001       0x82 .\CortexM3\ARM_GCC_493\Debug\PSoC5_SPI_Master_DSP.a(USBUART_episr.o)
                                0x2d1 (size before relaxing)
 .debug_str     0x00002083      0x122 .\CortexM3\ARM_GCC_493\Debug\PSoC5_SPI_Master_DSP.a(USBUART_hid.o)
                                0x39f (size before relaxing)
 .debug_str     0x000021a5       0xae .\CortexM3\ARM_GCC_493\Debug\PSoC5_SPI_Master_DSP.a(USBUART_pm.o)
                                0x275 (size before relaxing)
 .debug_str     0x00002253      0x293 .\CortexM3\ARM_GCC_493\Debug\PSoC5_SPI_Master_DSP.a(USBUART_std.o)
                                0x764 (size before relaxing)
 .debug_str     0x000024e6       0x61 .\CortexM3\ARM_GCC_493\Debug\PSoC5_SPI_Master_DSP.a(USBUART_vnd.o)
                                0x281 (size before relaxing)
 .debug_str     0x00002547       0xc0 .\CortexM3\ARM_GCC_493\Debug\PSoC5_SPI_Master_DSP.a(USBUART_Dp.o)
                                0x257 (size before relaxing)
 .debug_str     0x00002607       0x71 .\CortexM3\ARM_GCC_493\Debug\PSoC5_SPI_Master_DSP.a(DSP_reset.o)
                                0x20c (size before relaxing)
 .debug_str     0x00002678      0x140 .\CortexM3\ARM_GCC_493\Debug\PSoC5_SPI_Master_DSP.a(CyFlash.o)
                                0x300 (size before relaxing)
 .debug_str     0x000027b8      0x122 .\CortexM3\ARM_GCC_493\Debug\PSoC5_SPI_Master_DSP.a(CySpc.o)
                                0x2fd (size before relaxing)
 .debug_str     0x000028da       0x41 .\CortexM3\ARM_GCC_493\Debug\PSoC5_SPI_Master_DSP.a(USBUART_cls.o)
                                0x299 (size before relaxing)
 .debug_str     0x0000291b      0x124 .\CortexM3\ARM_GCC_493\Debug\PSoC5_SPI_Master_DSP.a(USBUART_descr.o)
                                0x3ba (size before relaxing)

.debug_loc
 *(.debug_loc)

.debug_macinfo
 *(.debug_macinfo)

.debug_ranges   0x00000000      0x980
 *(.debug_ranges)
 .debug_ranges  0x00000000       0x10 .\CortexM3\ARM_GCC_493\Debug\main.o
 .debug_ranges  0x00000010       0x20 .\CortexM3\ARM_GCC_493\Debug\uart.o
 .debug_ranges  0x00000030       0x30 .\CortexM3\ARM_GCC_493\Debug\spimaster.o
 .debug_ranges  0x00000060       0x30 .\CortexM3\ARM_GCC_493\Debug\dsp.o
 .debug_ranges  0x00000090       0x38 .\CortexM3\ARM_GCC_493\Debug\Cm3Start.o
 .debug_ranges  0x000000c8       0x50 .\CortexM3\ARM_GCC_493\Debug\PSoC5_SPI_Master_DSP.a(cyfitter_cfg.o)
 .debug_ranges  0x00000118       0xc8 .\CortexM3\ARM_GCC_493\Debug\PSoC5_SPI_Master_DSP.a(SPIM.o)
 .debug_ranges  0x000001e0       0x18 .\CortexM3\ARM_GCC_493\Debug\PSoC5_SPI_Master_DSP.a(SPIM_INT.o)
 .debug_ranges  0x000001f8      0x288 .\CortexM3\ARM_GCC_493\Debug\PSoC5_SPI_Master_DSP.a(CyLib.o)
 .debug_ranges  0x00000480       0x88 .\CortexM3\ARM_GCC_493\Debug\PSoC5_SPI_Master_DSP.a(cyPm.o)
 .debug_ranges  0x00000508       0xb8 .\CortexM3\ARM_GCC_493\Debug\PSoC5_SPI_Master_DSP.a(USBUART.o)
 .debug_ranges  0x000005c0       0xd8 .\CortexM3\ARM_GCC_493\Debug\PSoC5_SPI_Master_DSP.a(USBUART_cdc.o)
 .debug_ranges  0x00000698       0x88 .\CortexM3\ARM_GCC_493\Debug\PSoC5_SPI_Master_DSP.a(USBUART_drv.o)
 .debug_ranges  0x00000720       0x30 .\CortexM3\ARM_GCC_493\Debug\PSoC5_SPI_Master_DSP.a(USBUART_episr.o)
 .debug_ranges  0x00000750       0x38 .\CortexM3\ARM_GCC_493\Debug\PSoC5_SPI_Master_DSP.a(USBUART_hid.o)
 .debug_ranges  0x00000788       0x30 .\CortexM3\ARM_GCC_493\Debug\PSoC5_SPI_Master_DSP.a(USBUART_pm.o)
 .debug_ranges  0x000007b8       0x70 .\CortexM3\ARM_GCC_493\Debug\PSoC5_SPI_Master_DSP.a(USBUART_std.o)
 .debug_ranges  0x00000828       0x10 .\CortexM3\ARM_GCC_493\Debug\PSoC5_SPI_Master_DSP.a(USBUART_vnd.o)
 .debug_ranges  0x00000838       0x38 .\CortexM3\ARM_GCC_493\Debug\PSoC5_SPI_Master_DSP.a(USBUART_Dp.o)
 .debug_ranges  0x00000870       0x28 .\CortexM3\ARM_GCC_493\Debug\PSoC5_SPI_Master_DSP.a(DSP_reset.o)
 .debug_ranges  0x00000898       0x70 .\CortexM3\ARM_GCC_493\Debug\PSoC5_SPI_Master_DSP.a(CyFlash.o)
 .debug_ranges  0x00000908       0x68 .\CortexM3\ARM_GCC_493\Debug\PSoC5_SPI_Master_DSP.a(CySpc.o)
 .debug_ranges  0x00000970       0x10 .\CortexM3\ARM_GCC_493\Debug\PSoC5_SPI_Master_DSP.a(USBUART_cls.o)

.comment        0x00000000       0x70
 .comment       0x00000000       0x70 .\CortexM3\ARM_GCC_493\Debug\main.o
                                 0x71 (size before relaxing)
 .comment       0x00000000       0x71 .\CortexM3\ARM_GCC_493\Debug\uart.o
 .comment       0x00000000       0x71 .\CortexM3\ARM_GCC_493\Debug\spimaster.o
 .comment       0x00000000       0x71 .\CortexM3\ARM_GCC_493\Debug\dsp.o
 .comment       0x00000000       0x71 .\CortexM3\ARM_GCC_493\Debug\cymetadata.o
 .comment       0x00000000       0x71 .\CortexM3\ARM_GCC_493\Debug\Cm3Start.o
 .comment       0x00000000       0x71 .\CortexM3\ARM_GCC_493\Debug\PSoC5_SPI_Master_DSP.a(cyfitter_cfg.o)
 .comment       0x00000000       0x71 .\CortexM3\ARM_GCC_493\Debug\PSoC5_SPI_Master_DSP.a(SPIM.o)
 .comment       0x00000000       0x71 .\CortexM3\ARM_GCC_493\Debug\PSoC5_SPI_Master_DSP.a(SPIM_INT.o)
 .comment       0x00000000       0x71 .\CortexM3\ARM_GCC_493\Debug\PSoC5_SPI_Master_DSP.a(CyLib.o)
 .comment       0x00000000       0x71 .\CortexM3\ARM_GCC_493\Debug\PSoC5_SPI_Master_DSP.a(cyPm.o)
 .comment       0x00000000       0x71 .\CortexM3\ARM_GCC_493\Debug\PSoC5_SPI_Master_DSP.a(USBUART.o)
 .comment       0x00000000       0x71 .\CortexM3\ARM_GCC_493\Debug\PSoC5_SPI_Master_DSP.a(USBUART_cdc.o)
 .comment       0x00000000       0x71 .\CortexM3\ARM_GCC_493\Debug\PSoC5_SPI_Master_DSP.a(USBUART_drv.o)
 .comment       0x00000000       0x71 .\CortexM3\ARM_GCC_493\Debug\PSoC5_SPI_Master_DSP.a(USBUART_episr.o)
 .comment       0x00000000       0x71 .\CortexM3\ARM_GCC_493\Debug\PSoC5_SPI_Master_DSP.a(USBUART_hid.o)
 .comment       0x00000000       0x71 .\CortexM3\ARM_GCC_493\Debug\PSoC5_SPI_Master_DSP.a(USBUART_pm.o)
 .comment       0x00000000       0x71 .\CortexM3\ARM_GCC_493\Debug\PSoC5_SPI_Master_DSP.a(USBUART_std.o)
 .comment       0x00000000       0x71 .\CortexM3\ARM_GCC_493\Debug\PSoC5_SPI_Master_DSP.a(USBUART_vnd.o)
 .comment       0x00000000       0x71 .\CortexM3\ARM_GCC_493\Debug\PSoC5_SPI_Master_DSP.a(USBUART_Dp.o)
 .comment       0x00000000       0x71 .\CortexM3\ARM_GCC_493\Debug\PSoC5_SPI_Master_DSP.a(DSP_reset.o)
 .comment       0x00000000       0x71 .\CortexM3\ARM_GCC_493\Debug\PSoC5_SPI_Master_DSP.a(CyFlash.o)
 .comment       0x00000000       0x71 .\CortexM3\ARM_GCC_493\Debug\PSoC5_SPI_Master_DSP.a(CySpc.o)
 .comment       0x00000000       0x71 .\CortexM3\ARM_GCC_493\Debug\PSoC5_SPI_Master_DSP.a(USBUART_cls.o)
 .comment       0x00000000       0x71 .\CortexM3\ARM_GCC_493\Debug\PSoC5_SPI_Master_DSP.a(USBUART_descr.o)

.debug_weaknames
 *(.debug_weaknames)

.debug_funcnames
 *(.debug_funcnames)

.debug_typenames
 *(.debug_typenames)

.debug_varnames
 *(.debug_varnames)

.note.gnu.arm.ident
 *(.note.gnu.arm.ident)

.ARM.attributes
                0x00000000       0x29
 *(.ARM.attributes)
 .ARM.attributes
                0x00000000       0x1d c:/program files (x86)/cypress/psoc creator/3.3/psoc creator/import/gnu/arm/4.9.3/bin/../lib/gcc/arm-none-eabi/4.9.3/armv7-m/crti.o
 .ARM.attributes
                0x0000001d       0x2d c:/program files (x86)/cypress/psoc creator/3.3/psoc creator/import/gnu/arm/4.9.3/bin/../lib/gcc/arm-none-eabi/4.9.3/armv7-m/crtbegin.o
 .ARM.attributes
                0x0000004a       0x1b c:/program files (x86)/cypress/psoc creator/3.3/psoc creator/import/gnu/arm/4.9.3/bin/../lib/gcc/arm-none-eabi/4.9.3/../../../../arm-none-eabi/lib/armv7-m/crt0.o
 .ARM.attributes
                0x00000065       0x33 .\CortexM3\ARM_GCC_493\Debug\main.o
 .ARM.attributes
                0x00000098       0x33 .\CortexM3\ARM_GCC_493\Debug\uart.o
 .ARM.attributes
                0x000000cb       0x33 .\CortexM3\ARM_GCC_493\Debug\spimaster.o
 .ARM.attributes
                0x000000fe       0x33 .\CortexM3\ARM_GCC_493\Debug\dsp.o
 .ARM.attributes
                0x00000131       0x33 .\CortexM3\ARM_GCC_493\Debug\cymetadata.o
 .ARM.attributes
                0x00000164       0x33 .\CortexM3\ARM_GCC_493\Debug\Cm3Start.o
 .ARM.attributes
                0x00000197       0x33 .\CortexM3\ARM_GCC_493\Debug\PSoC5_SPI_Master_DSP.a(cyfitter_cfg.o)
 .ARM.attributes
                0x000001ca       0x33 .\CortexM3\ARM_GCC_493\Debug\PSoC5_SPI_Master_DSP.a(SPIM.o)
 .ARM.attributes
                0x000001fd       0x33 .\CortexM3\ARM_GCC_493\Debug\PSoC5_SPI_Master_DSP.a(SPIM_INT.o)
 .ARM.attributes
                0x00000230       0x21 .\CortexM3\ARM_GCC_493\Debug\PSoC5_SPI_Master_DSP.a(CyBootAsmGnu.o)
 .ARM.attributes
                0x00000251       0x33 .\CortexM3\ARM_GCC_493\Debug\PSoC5_SPI_Master_DSP.a(CyLib.o)
 .ARM.attributes
                0x00000284       0x33 .\CortexM3\ARM_GCC_493\Debug\PSoC5_SPI_Master_DSP.a(cyPm.o)
 .ARM.attributes
                0x000002b7       0x33 .\CortexM3\ARM_GCC_493\Debug\PSoC5_SPI_Master_DSP.a(USBUART.o)
 .ARM.attributes
                0x000002ea       0x33 .\CortexM3\ARM_GCC_493\Debug\PSoC5_SPI_Master_DSP.a(USBUART_cdc.o)
 .ARM.attributes
                0x0000031d       0x33 .\CortexM3\ARM_GCC_493\Debug\PSoC5_SPI_Master_DSP.a(USBUART_drv.o)
 .ARM.attributes
                0x00000350       0x33 .\CortexM3\ARM_GCC_493\Debug\PSoC5_SPI_Master_DSP.a(USBUART_episr.o)
 .ARM.attributes
                0x00000383       0x33 .\CortexM3\ARM_GCC_493\Debug\PSoC5_SPI_Master_DSP.a(USBUART_hid.o)
 .ARM.attributes
                0x000003b6       0x33 .\CortexM3\ARM_GCC_493\Debug\PSoC5_SPI_Master_DSP.a(USBUART_pm.o)
 .ARM.attributes
                0x000003e9       0x33 .\CortexM3\ARM_GCC_493\Debug\PSoC5_SPI_Master_DSP.a(USBUART_std.o)
 .ARM.attributes
                0x0000041c       0x33 .\CortexM3\ARM_GCC_493\Debug\PSoC5_SPI_Master_DSP.a(USBUART_vnd.o)
 .ARM.attributes
                0x0000044f       0x33 .\CortexM3\ARM_GCC_493\Debug\PSoC5_SPI_Master_DSP.a(USBUART_Dp.o)
 .ARM.attributes
                0x00000482       0x33 .\CortexM3\ARM_GCC_493\Debug\PSoC5_SPI_Master_DSP.a(DSP_reset.o)
 .ARM.attributes
                0x000004b5       0x33 .\CortexM3\ARM_GCC_493\Debug\PSoC5_SPI_Master_DSP.a(CyFlash.o)
 .ARM.attributes
                0x000004e8       0x33 .\CortexM3\ARM_GCC_493\Debug\PSoC5_SPI_Master_DSP.a(CySpc.o)
 .ARM.attributes
                0x0000051b       0x33 .\CortexM3\ARM_GCC_493\Debug\PSoC5_SPI_Master_DSP.a(USBUART_cls.o)
 .ARM.attributes
                0x0000054e       0x33 .\CortexM3\ARM_GCC_493\Debug\PSoC5_SPI_Master_DSP.a(USBUART_descr.o)
 .ARM.attributes
                0x00000581       0x2d c:/program files (x86)/cypress/psoc creator/3.3/psoc creator/import/gnu/arm/4.9.3/bin/../lib/gcc/arm-none-eabi/4.9.3/../../../../arm-none-eabi/lib/armv7-m\libg_nano.a(lib_a-errno.o)
 .ARM.attributes
                0x000005ae       0x2d c:/program files (x86)/cypress/psoc creator/3.3/psoc creator/import/gnu/arm/4.9.3/bin/../lib/gcc/arm-none-eabi/4.9.3/../../../../arm-none-eabi/lib/armv7-m\libg_nano.a(lib_a-exit.o)
 .ARM.attributes
                0x000005db       0x2d c:/program files (x86)/cypress/psoc creator/3.3/psoc creator/import/gnu/arm/4.9.3/bin/../lib/gcc/arm-none-eabi/4.9.3/../../../../arm-none-eabi/lib/armv7-m\libg_nano.a(lib_a-impure.o)
 .ARM.attributes
                0x00000608       0x2d c:/program files (x86)/cypress/psoc creator/3.3/psoc creator/import/gnu/arm/4.9.3/bin/../lib/gcc/arm-none-eabi/4.9.3/../../../../arm-none-eabi/lib/armv7-m\libg_nano.a(lib_a-init.o)
 .ARM.attributes
                0x00000635       0x2d c:/program files (x86)/cypress/psoc creator/3.3/psoc creator/import/gnu/arm/4.9.3/bin/../lib/gcc/arm-none-eabi/4.9.3/../../../../arm-none-eabi/lib/armv7-m\libg_nano.a(lib_a-memcpy.o)
 .ARM.attributes
                0x00000662       0x2d c:/program files (x86)/cypress/psoc creator/3.3/psoc creator/import/gnu/arm/4.9.3/bin/../lib/gcc/arm-none-eabi/4.9.3/../../../../arm-none-eabi/lib/armv7-m\libg_nano.a(lib_a-memset.o)
 .ARM.attributes
                0x0000068f       0x2d c:/program files (x86)/cypress/psoc creator/3.3/psoc creator/import/gnu/arm/4.9.3/bin/../lib/gcc/arm-none-eabi/4.9.3/../../../../arm-none-eabi/lib/armv7-m\libg_nano.a(lib_a-nano-vfprintf_float.o)
 .ARM.attributes
                0x000006bc       0x2d c:/program files (x86)/cypress/psoc creator/3.3/psoc creator/import/gnu/arm/4.9.3/bin/../lib/gcc/arm-none-eabi/4.9.3/../../../../arm-none-eabi/lib/armv7-m\libg_nano.a(lib_a-nano-vfprintf_i.o)
 .ARM.attributes
                0x000006e9       0x2d c:/program files (x86)/cypress/psoc creator/3.3/psoc creator/import/gnu/arm/4.9.3/bin/../lib/gcc/arm-none-eabi/4.9.3/../../../../arm-none-eabi/lib/armv7-m\libg_nano.a(lib_a-s_fpclassify.o)
 .ARM.attributes
                0x00000716       0x2d c:/program files (x86)/cypress/psoc creator/3.3/psoc creator/import/gnu/arm/4.9.3/bin/../lib/gcc/arm-none-eabi/4.9.3/../../../../arm-none-eabi/lib/armv7-m\libg_nano.a(lib_a-sprintf.o)
 .ARM.attributes
                0x00000743       0x2d c:/program files (x86)/cypress/psoc creator/3.3/psoc creator/import/gnu/arm/4.9.3/bin/../lib/gcc/arm-none-eabi/4.9.3/../../../../arm-none-eabi/lib/armv7-m\libg_nano.a(lib_a-strlen.o)
 .ARM.attributes
                0x00000770       0x2d c:/program files (x86)/cypress/psoc creator/3.3/psoc creator/import/gnu/arm/4.9.3/bin/../lib/gcc/arm-none-eabi/4.9.3/../../../../arm-none-eabi/lib/armv7-m\libg_nano.a(lib_a-dtoa.o)
 .ARM.attributes
                0x0000079d       0x2d c:/program files (x86)/cypress/psoc creator/3.3/psoc creator/import/gnu/arm/4.9.3/bin/../lib/gcc/arm-none-eabi/4.9.3/../../../../arm-none-eabi/lib/armv7-m\libg_nano.a(lib_a-locale.o)
 .ARM.attributes
                0x000007ca       0x2d c:/program files (x86)/cypress/psoc creator/3.3/psoc creator/import/gnu/arm/4.9.3/bin/../lib/gcc/arm-none-eabi/4.9.3/../../../../arm-none-eabi/lib/armv7-m\libg_nano.a(lib_a-malloc.o)
 .ARM.attributes
                0x000007f7       0x2d c:/program files (x86)/cypress/psoc creator/3.3/psoc creator/import/gnu/arm/4.9.3/bin/../lib/gcc/arm-none-eabi/4.9.3/../../../../arm-none-eabi/lib/armv7-m\libg_nano.a(lib_a-memchr.o)
 .ARM.attributes
                0x00000824       0x2d c:/program files (x86)/cypress/psoc creator/3.3/psoc creator/import/gnu/arm/4.9.3/bin/../lib/gcc/arm-none-eabi/4.9.3/../../../../arm-none-eabi/lib/armv7-m\libg_nano.a(lib_a-mprec.o)
 .ARM.attributes
                0x00000851       0x2d c:/program files (x86)/cypress/psoc creator/3.3/psoc creator/import/gnu/arm/4.9.3/bin/../lib/gcc/arm-none-eabi/4.9.3/../../../../arm-none-eabi/lib/armv7-m\libg_nano.a(lib_a-nano-callocr.o)
 .ARM.attributes
                0x0000087e       0x2d c:/program files (x86)/cypress/psoc creator/3.3/psoc creator/import/gnu/arm/4.9.3/bin/../lib/gcc/arm-none-eabi/4.9.3/../../../../arm-none-eabi/lib/armv7-m\libg_nano.a(lib_a-nano-freer.o)
 .ARM.attributes
                0x000008ab       0x2d c:/program files (x86)/cypress/psoc creator/3.3/psoc creator/import/gnu/arm/4.9.3/bin/../lib/gcc/arm-none-eabi/4.9.3/../../../../arm-none-eabi/lib/armv7-m\libg_nano.a(lib_a-nano-mallocr.o)
 .ARM.attributes
                0x000008d8       0x2d c:/program files (x86)/cypress/psoc creator/3.3/psoc creator/import/gnu/arm/4.9.3/bin/../lib/gcc/arm-none-eabi/4.9.3/../../../../arm-none-eabi/lib/armv7-m\libg_nano.a(lib_a-nano-svfprintf.o)
 .ARM.attributes
                0x00000905       0x2d c:/program files (x86)/cypress/psoc creator/3.3/psoc creator/import/gnu/arm/4.9.3/bin/../lib/gcc/arm-none-eabi/4.9.3/../../../../arm-none-eabi/lib/armv7-m\libg_nano.a(lib_a-sbrkr.o)
 .ARM.attributes
                0x00000932       0x1b c:/program files (x86)/cypress/psoc creator/3.3/psoc creator/import/gnu/arm/4.9.3/bin/../lib/gcc/arm-none-eabi/4.9.3/../../../../arm-none-eabi/lib/armv7-m\libg_nano.a(lib_a-strcmp.o)
 .ARM.attributes
                0x0000094d       0x2d c:/program files (x86)/cypress/psoc creator/3.3/psoc creator/import/gnu/arm/4.9.3/bin/../lib/gcc/arm-none-eabi/4.9.3/../../../../arm-none-eabi/lib/armv7-m\libg_nano.a(lib_a-memmove.o)
 .ARM.attributes
                0x0000097a       0x2d c:/program files (x86)/cypress/psoc creator/3.3/psoc creator/import/gnu/arm/4.9.3/bin/../lib/gcc/arm-none-eabi/4.9.3/../../../../arm-none-eabi/lib/armv7-m\libg_nano.a(lib_a-nano-reallocr.o)
 .ARM.attributes
                0x000009a7       0x2d c:/program files (x86)/cypress/psoc creator/3.3/psoc creator/import/gnu/arm/4.9.3/bin/../lib/gcc/arm-none-eabi/4.9.3/../../../../arm-none-eabi/lib/armv7-m\libg_nano.a(lib_a-reent.o)
 .ARM.attributes
                0x000009d4       0x2d c:/program files (x86)/cypress/psoc creator/3.3/psoc creator/import/gnu/arm/4.9.3/bin/../lib/gcc/arm-none-eabi/4.9.3/../../../../arm-none-eabi/lib/armv7-m\libg_nano.a(lib_a-nano-msizer.o)
 .ARM.attributes
                0x00000a01       0x1d c:/program files (x86)/cypress/psoc creator/3.3/psoc creator/import/gnu/arm/4.9.3/bin/../lib/gcc/arm-none-eabi/4.9.3/armv7-m\libgcc.a(_arm_addsubdf3.o)
 .ARM.attributes