Archive member included because of file (symbol)

.\CortexM3\ARM_GCC_493\Debug\SPIS_Example01.a(cyfitter_cfg.o)
                              .\CortexM3\ARM_GCC_493\Debug\Cm3Start.o (cyfitter_cfg)
.\CortexM3\ARM_GCC_493\Debug\SPIS_Example01.a(DMA_RX_dma.o)
                              .\CortexM3\ARM_GCC_493\Debug\main.o (DMA_RX_DmaInitialize)
.\CortexM3\ARM_GCC_493\Debug\SPIS_Example01.a(SPIS.o)
                              .\CortexM3\ARM_GCC_493\Debug\main.o (SPIS_ReadTxStatus)
.\CortexM3\ARM_GCC_493\Debug\SPIS_Example01.a(DMA_TX_dma.o)
                              .\CortexM3\ARM_GCC_493\Debug\main.o (DMA_TX_DmaInitialize)
.\CortexM3\ARM_GCC_493\Debug\SPIS_Example01.a(CyBootAsmGnu.o)
                              .\CortexM3\ARM_GCC_493\Debug\SPIS_Example01.a(cyfitter_cfg.o) (CyDelayCycles)
.\CortexM3\ARM_GCC_493\Debug\SPIS_Example01.a(CyDmac.o)
                              .\CortexM3\ARM_GCC_493\Debug\Cm3Start.o (CyDmacConfigure)
.\CortexM3\ARM_GCC_493\Debug\SPIS_Example01.a(CyLib.o)
                              .\CortexM3\ARM_GCC_493\Debug\Cm3Start.o (CyResetStatus)
.\CortexM3\ARM_GCC_493\Debug\SPIS_Example01.a(cyPm.o)
                              .\CortexM3\ARM_GCC_493\Debug\SPIS_Example01.a(CyLib.o) (CyPmReadStatus)
.\CortexM3\ARM_GCC_493\Debug\SPIS_Example01.a(USBUART.o)
                              .\CortexM3\ARM_GCC_493\Debug\uart.o (USBUART_Start)
.\CortexM3\ARM_GCC_493\Debug\SPIS_Example01.a(USBUART_cdc.o)
                              .\CortexM3\ARM_GCC_493\Debug\uart.o (USBUART_CDC_Init)
.\CortexM3\ARM_GCC_493\Debug\SPIS_Example01.a(USBUART_drv.o)
                              .\CortexM3\ARM_GCC_493\Debug\SPIS_Example01.a(USBUART.o) (USBUART_EP)
.\CortexM3\ARM_GCC_493\Debug\SPIS_Example01.a(USBUART_episr.o)
                              .\CortexM3\ARM_GCC_493\Debug\SPIS_Example01.a(USBUART.o) (USBUART_EP_1_ISR)
.\CortexM3\ARM_GCC_493\Debug\SPIS_Example01.a(USBUART_pm.o)
                              .\CortexM3\ARM_GCC_493\Debug\SPIS_Example01.a(USBUART.o) (USBUART_DP_ISR)
.\CortexM3\ARM_GCC_493\Debug\SPIS_Example01.a(USBUART_std.o)
                              .\CortexM3\ARM_GCC_493\Debug\SPIS_Example01.a(USBUART_drv.o) (USBUART_HandleStandardRqst)
.\CortexM3\ARM_GCC_493\Debug\SPIS_Example01.a(USBUART_vnd.o)
                              .\CortexM3\ARM_GCC_493\Debug\SPIS_Example01.a(USBUART_drv.o) (USBUART_HandleVendorRqst)
.\CortexM3\ARM_GCC_493\Debug\SPIS_Example01.a(USBUART_Dp.o)
                              .\CortexM3\ARM_GCC_493\Debug\SPIS_Example01.a(USBUART_pm.o) (USBUART_Dp_ClearInterrupt)
.\CortexM3\ARM_GCC_493\Debug\SPIS_Example01.a(CyFlash.o)
                              .\CortexM3\ARM_GCC_493\Debug\SPIS_Example01.a(cyPm.o) (CyFlash_SetWaitCycles)
.\CortexM3\ARM_GCC_493\Debug\SPIS_Example01.a(CySpc.o)
                              .\CortexM3\ARM_GCC_493\Debug\SPIS_Example01.a(CyFlash.o) (CySpcStart)
.\CortexM3\ARM_GCC_493\Debug\SPIS_Example01.a(USBUART_cls.o)
                              .\CortexM3\ARM_GCC_493\Debug\SPIS_Example01.a(USBUART_drv.o) (USBUART_DispatchClassRqst)
.\CortexM3\ARM_GCC_493\Debug\SPIS_Example01.a(USBUART_descr.o)
                              .\CortexM3\ARM_GCC_493\Debug\SPIS_Example01.a(USBUART_std.o) (USBUART_DEVICE0_DESCR)
c:/program files (x86)/cypress/psoc creator/3.3/psoc creator/import/gnu/arm/4.9.3/bin/../lib/gcc/arm-none-eabi/4.9.3/../../../../arm-none-eabi/lib/armv7-m\libg_nano.a(lib_a-errno.o)
                              .\CortexM3\ARM_GCC_493\Debug\Cm3Start.o (__errno)
c:/program files (x86)/cypress/psoc creator/3.3/psoc creator/import/gnu/arm/4.9.3/bin/../lib/gcc/arm-none-eabi/4.9.3/../../../../arm-none-eabi/lib/armv7-m\libg_nano.a(lib_a-exit.o)
                              c:/program files (x86)/cypress/psoc creator/3.3/psoc creator/import/gnu/arm/4.9.3/bin/../lib/gcc/arm-none-eabi/4.9.3/../../../../arm-none-eabi/lib/armv7-m/crt0.o (exit)
c:/program files (x86)/cypress/psoc creator/3.3/psoc creator/import/gnu/arm/4.9.3/bin/../lib/gcc/arm-none-eabi/4.9.3/../../../../arm-none-eabi/lib/armv7-m\libg_nano.a(lib_a-impure.o)
                              c:/program files (x86)/cypress/psoc creator/3.3/psoc creator/import/gnu/arm/4.9.3/bin/../lib/gcc/arm-none-eabi/4.9.3/../../../../arm-none-eabi/lib/armv7-m\libg_nano.a(lib_a-exit.o) (_global_impure_ptr)
c:/program files (x86)/cypress/psoc creator/3.3/psoc creator/import/gnu/arm/4.9.3/bin/../lib/gcc/arm-none-eabi/4.9.3/../../../../arm-none-eabi/lib/armv7-m\libg_nano.a(lib_a-init.o)
                              c:/program files (x86)/cypress/psoc creator/3.3/psoc creator/import/gnu/arm/4.9.3/bin/../lib/gcc/arm-none-eabi/4.9.3/../../../../arm-none-eabi/lib/armv7-m/crt0.o (__libc_init_array)
c:/program files (x86)/cypress/psoc creator/3.3/psoc creator/import/gnu/arm/4.9.3/bin/../lib/gcc/arm-none-eabi/4.9.3/../../../../arm-none-eabi/lib/armv7-m\libg_nano.a(lib_a-memcpy.o)
                              .\CortexM3\ARM_GCC_493\Debug\SPIS_Example01.a(cyfitter_cfg.o) (memcpy)
[...]
Memory Configuration

Name             Origin             Length             Attributes
rom              0x00000000         0x00040000         xr
ram              0x1fff8000         0x00010000         xrw
*default*        0x00000000         0xffffffff

Linker script and memory map

LOAD c:/program files (x86)/cypress/psoc creator/3.3/psoc creator/import/gnu/arm/4.9.3/bin/../lib/gcc/arm-none-eabi/4.9.3/armv7-m/crti.o
LOAD c:/program files (x86)/cypress/psoc creator/3.3/psoc creator/import/gnu/arm/4.9.3/bin/../lib/gcc/arm-none-eabi/4.9.3/armv7-m/crtbegin.o
LOAD c:/program files (x86)/cypress/psoc creator/3.3/psoc creator/import/gnu/arm/4.9.3/bin/../lib/gcc/arm-none-eabi/4.9.3/../../../../arm-none-eabi/lib/armv7-m/crt0.o
START GROUP
LOAD .\CortexM3\ARM_GCC_493\Debug\main.o
LOAD .\CortexM3\ARM_GCC_493\Debug\uart.o
LOAD .\CortexM3\ARM_GCC_493\Debug\cymetadata.o
LOAD .\CortexM3\ARM_GCC_493\Debug\Cm3Start.o
LOAD .\CortexM3\ARM_GCC_493\Debug\SPIS_Example01.a
LOAD C:\Program Files (x86)\Cypress\PSoC Creator\3.3\PSoC Creator\psoc\content\cycomponentlibrary\CyComponentLibrary.cylib\CortexM3\ARM_GCC_493\Debug\CyComponentLibrary.a
END GROUP
START GROUP
LOAD c:/program files (x86)/cypress/psoc creator/3.3/psoc creator/import/gnu/arm/4.9.3/bin/../lib/gcc/arm-none-eabi/4.9.3/armv7-m\libgcc.a
LOAD c:/program files (x86)/cypress/psoc creator/3.3/psoc creator/import/gnu/arm/4.9.3/bin/../lib/gcc/arm-none-eabi/4.9.3/../../../../arm-none-eabi/lib/armv7-m\libg_nano.a
LOAD c:/program files (x86)/cypress/psoc creator/3.3/psoc creator/import/gnu/arm/4.9.3/bin/../lib/gcc/arm-none-eabi/4.9.3/../../../../arm-none-eabi/lib/armv7-m\libc_nano.a
END GROUP
START GROUP
LOAD c:/program files (x86)/cypress/psoc creator/3.3/psoc creator/import/gnu/arm/4.9.3/bin/../lib/gcc/arm-none-eabi/4.9.3/armv7-m\libgcc.a
LOAD c:/program files (x86)/cypress/psoc creator/3.3/psoc creator/import/gnu/arm/4.9.3/bin/../lib/gcc/arm-none-eabi/4.9.3/../../../../arm-none-eabi/lib/armv7-m\libc_nano.a
END GROUP
LOAD c:/program files (x86)/cypress/psoc creator/3.3/psoc creator/import/gnu/arm/4.9.3/bin/../lib/gcc/arm-none-eabi/4.9.3/armv7-m/crtend.o
LOAD c:/program files (x86)/cypress/psoc creator/3.3/psoc creator/import/gnu/arm/4.9.3/bin/../lib/gcc/arm-none-eabi/4.9.3/armv7-m/crtn.o
START GROUP
LOAD c:/program files (x86)/cypress/psoc creator/3.3/psoc creator/import/gnu/arm/4.9.3/bin/../lib/gcc/arm-none-eabi/4.9.3/armv7-m\libgcc.a
LOAD c:/program files (x86)/cypress/psoc creator/3.3/psoc creator/import/gnu/arm/4.9.3/bin/../lib/gcc/arm-none-eabi/4.9.3/../../../../arm-none-eabi/lib/armv7-m\libc.a
LOAD c:/program files (x86)/cypress/psoc creator/3.3/psoc creator/import/gnu/arm/4.9.3/bin/../lib/gcc/arm-none-eabi/4.9.3/../../../../arm-none-eabi/lib/armv7-m\libnosys.a
END GROUP
                0x00000000                CY_APPL_ORIGIN = 0x0
                0x00000100                CY_FLASH_ROW_SIZE = 0x100
                0x00000020                CY_ECC_ROW_SIZE = 0x20
                0x00000000                CY_EE_IN_BTLDR = 0x0
                0x00000000                CY_APPL_LOADABLE = 0x0
                0x00000800                CY_EE_SIZE = 0x800
                0x00000001                CY_APPL_NUM = 0x1
                0x00000001                CY_APPL_MAX = 0x1
                0x00000040                CY_METADATA_SIZE = 0x40
                0x00000000                CY_APPL_LOADABLE = 0x0
                0x00000000                CY_CHECKSUM_EXCLUDE_SIZE = ALIGN (0x0, CY_FLASH_ROW_SIZE)
                0x1fff8318                PROVIDE (__cy_heap_start, _end)
                0x00000001                PROVIDE (__cy_region_num, ((__cy_regions_end - __cy_regions) / 0x10))
                0x20008000                PROVIDE (__cy_stack, (ORIGIN (ram) + 0x10000))
                0x20007800                PROVIDE (__cy_heap_end, (__cy_stack - 0x800))

.cybootloader   0x00000000        0x0
 *(.cybootloader)
                0x00000000                appl1_start = CY_APPL_ORIGIN?CY_APPL_ORIGIN:ALIGN (CY_FLASH_ROW_SIZE)
                0x0001ff00                appl2_start = (appl1_start + ALIGN ((((0x40000 - appl1_start) - (0x2 * CY_FLASH_ROW_SIZE)) / 0x2), CY_FLASH_ROW_SIZE))
                0x00000000                appl_start = (CY_APPL_NUM == 0x1)?appl1_start:appl2_start
                0x00000000                ecc_offset = ((appl_start / CY_FLASH_ROW_SIZE) * CY_ECC_ROW_SIZE)
                0x00000000                ee_offset = (CY_APPL_LOADABLE && ! (CY_EE_IN_BTLDR))?((CY_EE_SIZE / CY_APPL_MAX) * (CY_APPL_NUM - 0x1)):0x0
                0x00000800                ee_size = (CY_APPL_LOADABLE && ! (CY_EE_IN_BTLDR))?(CY_EE_SIZE / CY_APPL_MAX):CY_EE_SIZE
                0x00000000                PROVIDE (CY_ECC_OFFSET, ecc_offset)

.text           0x00000000     0x5c6c
 CREATE_OBJECT_SYMBOLS
                0x00000000                PROVIDE (__cy_interrupt_vector, RomVectors)
 *(.romvectors)
 .romvectors    0x00000000       0x10 .\CortexM3\ARM_GCC_493\Debug\Cm3Start.o
                0x00000000                RomVectors
                0x00000001                ASSERT ((. != __cy_interrupt_vector), No interrupt vector)
                0x00000001                ASSERT (CY_APPL_ORIGIN?(SIZEOF (.cybootloader) <= CY_APPL_ORIGIN):0x1, Wrong image location)
                0x00000010                PROVIDE (__cy_reset, Reset)
 *(.text.Reset)
 .text.Reset    0x00000010       0x18 .\CortexM3\ARM_GCC_493\Debug\Cm3Start.o
                0x00000010                Reset
                0x00000001                ASSERT ((. != __cy_reset), No reset code)
 *(.dma_init)
 .dma_init      0x00000028      0x1e8 .\CortexM3\ARM_GCC_493\Debug\SPIS_Example01.a(cyfitter_cfg.o)
                0x00000001                ASSERT ((((appl_start + .) <= 0x10000) || 0x0), DMA Init must be within the first 64k of flash)
 *(.text .text.* .gnu.linkonce.t.*)
 .text          0x00000210       0x5c c:/program files (x86)/cypress/psoc creator/3.3/psoc creator/import/gnu/arm/4.9.3/bin/../lib/gcc/arm-none-eabi/4.9.3/armv7-m/crtbegin.o
 .text.main     0x0000026c       0x90 .\CortexM3\ARM_GCC_493\Debug\main.o
                0x0000026c                main
 .text.DmaTxConfiguration
                0x000002fc       0x6c .\CortexM3\ARM_GCC_493\Debug\main.o
                0x000002fc                DmaTxConfiguration
 .text.DmaRxConfiguration
                0x00000368       0x6c .\CortexM3\ARM_GCC_493\Debug\main.o
                0x00000368                DmaRxConfiguration
 .text.UARTinit
                0x000003d4       0x10 .\CortexM3\ARM_GCC_493\Debug\uart.o
                0x000003d4                UARTinit
 .text.UARTsendString
                0x000003e4       0x44 .\CortexM3\ARM_GCC_493\Debug\uart.o
                0x000003e4                UARTsendString
 .text.UARTsendNumber
                0x00000428       0x88 .\CortexM3\ARM_GCC_493\Debug\uart.o
                0x00000428                UARTsendNumber
 .text.IntDefaultHandler
                0x000004b0        0x8 .\CortexM3\ARM_GCC_493\Debug\Cm3Start.o
                0x000004b0                IntDefaultHandler
 .text._sbrk    0x000004b8       0x50 .\CortexM3\ARM_GCC_493\Debug\Cm3Start.o
                0x000004b8                _sbrk
 .text.Start_c  0x00000508       0x98 .\CortexM3\ARM_GCC_493\Debug\Cm3Start.o
                0x00000508                Start_c
 .text.initialize_psoc
                0x000005a0       0x90 .\CortexM3\ARM_GCC_493\Debug\Cm3Start.o
                0x000005a0                initialize_psoc
 .text.CYMEMZERO
                0x00000630       0x1c .\CortexM3\ARM_GCC_493\Debug\SPIS_Example01.a(cyfitter_cfg.o)
 .text.CYCONFIGCPY
                0x0000064c       0x1c .\CortexM3\ARM_GCC_493\Debug\SPIS_Example01.a(cyfitter_cfg.o)
 .text.CyClockStartupError
                0x00000668        0xc .\CortexM3\ARM_GCC_493\Debug\SPIS_Example01.a(cyfitter_cfg.o)
 .text.cfg_dma_init
                0x00000674      0x180 .\CortexM3\ARM_GCC_493\Debug\SPIS_Example01.a(cyfitter_cfg.o)
 .text.ClockSetup
                0x000007f4      0x100 .\CortexM3\ARM_GCC_493\Debug\SPIS_Example01.a(cyfitter_cfg.o)
 .text.AnalogSetDefault
                0x000008f4       0x44 .\CortexM3\ARM_GCC_493\Debug\SPIS_Example01.a(cyfitter_cfg.o)
 .text.cyfitter_cfg
                0x00000938      0x104 .\CortexM3\ARM_GCC_493\Debug\SPIS_Example01.a(cyfitter_cfg.o)
                0x00000938                cyfitter_cfg
 .text.DMA_RX_DmaInitialize
                0x00000a3c       0x68 .\CortexM3\ARM_GCC_493\Debug\SPIS_Example01.a(DMA_RX_dma.o)
                0x00000a3c                DMA_RX_DmaInitialize
 .text.SPIS_Init
                0x00000aa4       0x30 .\CortexM3\ARM_GCC_493\Debug\SPIS_Example01.a(SPIS.o)
                0x00000aa4                SPIS_Init
 .text.SPIS_Enable
                0x00000ad4       0x58 .\CortexM3\ARM_GCC_493\Debug\SPIS_Example01.a(SPIS.o)
                0x00000ad4                SPIS_Enable
 .text.SPIS_Start
                0x00000b2c       0x20 .\CortexM3\ARM_GCC_493\Debug\SPIS_Example01.a(SPIS.o)
                0x00000b2c                SPIS_Start
 .text.SPIS_ReadTxStatus
                0x00000b4c       0x20 .\CortexM3\ARM_GCC_493\Debug\SPIS_Example01.a(SPIS.o)
                0x00000b4c                SPIS_ReadTxStatus
 .text.SPIS_ReadRxStatus
                0x00000b6c       0x20 .\CortexM3\ARM_GCC_493\Debug\SPIS_Example01.a(SPIS.o)
                0x00000b6c                SPIS_ReadRxStatus
 .text.SPIS_WriteTxDataZero
                0x00000b8c       0x20 .\CortexM3\ARM_GCC_493\Debug\SPIS_Example01.a(SPIS.o)
                0x00000b8c                SPIS_WriteTxDataZero
 .text.SPIS_ClearFIFO
                0x00000bac       0x5c .\CortexM3\ARM_GCC_493\Debug\SPIS_Example01.a(SPIS.o)
                0x00000bac                SPIS_ClearFIFO
 .text.DMA_TX_DmaInitialize
                0x00000c08       0x68 .\CortexM3\ARM_GCC_493\Debug\SPIS_Example01.a(DMA_TX_dma.o)
                0x00000c08                DMA_TX_DmaInitialize
 .text          0x00000c70       0x20 .\CortexM3\ARM_GCC_493\Debug\SPIS_Example01.a(CyBootAsmGnu.o)
                0x00000c70                CyDelayCycles
                0x00000c80                CyEnterCriticalSection
                0x00000c88                CyExitCriticalSection
 .text.CyDmacConfigure
                0x00000c90       0x5c .\CortexM3\ARM_GCC_493\Debug\SPIS_Example01.a(CyDmac.o)
                0x00000c90                CyDmacConfigure
 .text.CyDmaChEnable
                0x00000cec       0x8c .\CortexM3\ARM_GCC_493\Debug\SPIS_Example01.a(CyDmac.o)
                0x00000cec                CyDmaChEnable
 .text.CyDmaChPriority
                0x00000d78       0x60 .\CortexM3\ARM_GCC_493\Debug\SPIS_Example01.a(CyDmac.o)
                0x00000d78                CyDmaChPriority
 .text.CyDmaChSetExtendedAddress
                0x00000dd8       0x7c .\CortexM3\ARM_GCC_493\Debug\SPIS_Example01.a(CyDmac.o)
                0x00000dd8                CyDmaChSetExtendedAddress
 .text.CyDmaChSetInitialTd
                0x00000e54       0x3c .\CortexM3\ARM_GCC_493\Debug\SPIS_Example01.a(CyDmac.o)
                0x00000e54                CyDmaChSetInitialTd
 .text.CyDmaChSetConfiguration
                0x00000e90       0xa0 .\CortexM3\ARM_GCC_493\Debug\SPIS_Example01.a(CyDmac.o)
                0x00000e90                CyDmaChSetConfiguration
 .text.CyDmaTdAllocate
                0x00000f30       0x5c .\CortexM3\ARM_GCC_493\Debug\SPIS_Example01.a(CyDmac.o)
                0x00000f30                CyDmaTdAllocate
 .text.CyDmaTdSetConfiguration
                0x00000f8c       0x80 .\CortexM3\ARM_GCC_493\Debug\SPIS_Example01.a(CyDmac.o)
                0x00000f8c                CyDmaTdSetConfiguration
 .text.CyDmaTdSetAddress
                0x0000100c       0x5c .\CortexM3\ARM_GCC_493\Debug\SPIS_Example01.a(CyDmac.o)
                0x0000100c                CyDmaTdSetAddress
 .text.CyHalt   0x00001068       0x18 .\CortexM3\ARM_GCC_493\Debug\SPIS_Example01.a(CyLib.o)
                0x00001068                CyHalt
 .text.CyDelayUs
                0x00001080       0x24 .\CortexM3\ARM_GCC_493\Debug\SPIS_Example01.a(CyLib.o)
                0x00001080                CyDelayUs
 .text.CyIntSetVector
                0x000010a4       0x50 .\CortexM3\ARM_GCC_493\Debug\SPIS_Example01.a(CyLib.o)
                0x000010a4                CyIntSetVector
 .text.CyIntSetPriority
                0x000010f4       0x44 .\CortexM3\ARM_GCC_493\Debug\SPIS_Example01.a(CyLib.o)
                0x000010f4                CyIntSetPriority
 .text.CyGetUniqueId
                0x00001138       0xc4 .\CortexM3\ARM_GCC_493\Debug\SPIS_Example01.a(CyLib.o)
                0x00001138                CyGetUniqueId
 .text.USBUART_Start
                0x000011fc       0x38 .\CortexM3\ARM_GCC_493\Debug\SPIS_Example01.a(USBUART.o)
                0x000011fc                USBUART_Start
 .text.USBUART_Init
                0x00001234      0x1a0 .\CortexM3\ARM_GCC_493\Debug\SPIS_Example01.a(USBUART.o)
                0x00001234                USBUART_Init
 .text.USBUART_InitComponent
                0x000013d4      0x100 .\CortexM3\ARM_GCC_493\Debug\SPIS_Example01.a(USBUART.o)
                0x000013d4                USBUART_InitComponent
 .text.USBUART_ReInitComponent
                0x000014d4       0x68 .\CortexM3\ARM_GCC_493\Debug\SPIS_Example01.a(USBUART.o)
                0x000014d4                USBUART_ReInitComponent
 .text.USBUART_GetConfiguration
                0x0000153c       0x18 .\CortexM3\ARM_GCC_493\Debug\SPIS_Example01.a(USBUART.o)
                0x0000153c                USBUART_GetConfiguration
 .text.USBUART_IsConfigurationChanged
                0x00001554       0x34 .\CortexM3\ARM_GCC_493\Debug\SPIS_Example01.a(USBUART.o)
                0x00001554                USBUART_IsConfigurationChanged
 .text.USBUART_GetEPState
                0x00001588       0x2c .\CortexM3\ARM_GCC_493\Debug\SPIS_Example01.a(USBUART.o)
                0x00001588                USBUART_GetEPState
 .text.USBUART_LoadInEP
                0x000015b4       0xf8 .\CortexM3\ARM_GCC_493\Debug\SPIS_Example01.a(USBUART.o)
                0x000015b4                USBUART_LoadInEP
 .text.USBUART_EnableOutEP
                0x000016ac       0x54 .\CortexM3\ARM_GCC_493\Debug\SPIS_Example01.a(USBUART.o)
                0x000016ac                USBUART_EnableOutEP
 .text.USBUART_DispatchCDCClassRqst
                0x00001700       0xe8 .\CortexM3\ARM_GCC_493\Debug\SPIS_Example01.a(USBUART_cdc.o)
                0x00001700                USBUART_DispatchCDCClassRqst
 .text.USBUART_GetInterfaceComPort
                0x000017e8       0x60 .\CortexM3\ARM_GCC_493\Debug\SPIS_Example01.a(USBUART_cdc.o)
                0x000017e8                USBUART_GetInterfaceComPort
 .text.USBUART_CDC_Init
                0x00001848       0xa8 .\CortexM3\ARM_GCC_493\Debug\SPIS_Example01.a(USBUART_cdc.o)
                0x00001848                USBUART_CDC_Init
 .text.USBUART_StrLen
                0x000018f0       0x30 .\CortexM3\ARM_GCC_493\Debug\SPIS_Example01.a(USBUART_cdc.o)
 .text.USBUART_PutString
                0x00001920       0xdc .\CortexM3\ARM_GCC_493\Debug\SPIS_Example01.a(USBUART_cdc.o)
                0x00001920                USBUART_PutString
 .text.USBUART_CDCIsReady
                0x000019fc       0x24 .\CortexM3\ARM_GCC_493\Debug\SPIS_Example01.a(USBUART_cdc.o)
                0x000019fc                USBUART_CDCIsReady
 .text.USBUART_Cdc_EpInit
                0x00001a20       0x94 .\CortexM3\ARM_GCC_493\Debug\SPIS_Example01.a(USBUART_cdc.o)
                0x00001a20                USBUART_Cdc_EpInit
 .text.USBUART_EP_0_ISR
                0x00001ab4       0xf8 .\CortexM3\ARM_GCC_493\Debug\SPIS_Example01.a(USBUART_drv.o)
                0x00001ab4                USBUART_EP_0_ISR
 .text.USBUART_HandleSetup
                0x00001bac       0x88 .\CortexM3\ARM_GCC_493\Debug\SPIS_Example01.a(USBUART_drv.o)
                0x00001bac                USBUART_HandleSetup
 .text.USBUART_HandleIN
                0x00001c34       0x4c .\CortexM3\ARM_GCC_493\Debug\SPIS_Example01.a(USBUART_drv.o)
                0x00001c34                USBUART_HandleIN
 .text.USBUART_HandleOUT
                0x00001c80       0x58 .\CortexM3\ARM_GCC_493\Debug\SPIS_Example01.a(USBUART_drv.o)
                0x00001c80                USBUART_HandleOUT
 .text.USBUART_LoadEP0
                0x00001cd8       0xd0 .\CortexM3\ARM_GCC_493\Debug\SPIS_Example01.a(USBUART_drv.o)
                0x00001cd8                USBUART_LoadEP0
 .text.USBUART_InitControlRead
                0x00001da8       0x70 .\CortexM3\ARM_GCC_493\Debug\SPIS_Example01.a(USBUART_drv.o)
                0x00001da8                USBUART_InitControlRead
 .text.USBUART_InitZeroLengthControlTransfer
                0x00001e18       0x44 .\CortexM3\ARM_GCC_493\Debug\SPIS_Example01.a(USBUART_drv.o)
                0x00001e18                USBUART_InitZeroLengthControlTransfer
 .text.USBUART_ControlReadDataStage
                0x00001e5c        0xc .\CortexM3\ARM_GCC_493\Debug\SPIS_Example01.a(USBUART_drv.o)
                0x00001e5c                USBUART_ControlReadDataStage
 .text.USBUART_ControlReadStatusStage
                0x00001e68       0x40 .\CortexM3\ARM_GCC_493\Debug\SPIS_Example01.a(USBUART_drv.o)
                0x00001e68                USBUART_ControlReadStatusStage
 .text.USBUART_InitControlWrite
                0x00001ea8       0x64 .\CortexM3\ARM_GCC_493\Debug\SPIS_Example01.a(USBUART_drv.o)
                0x00001ea8                USBUART_InitControlWrite
 .text.USBUART_ControlWriteDataStage
                0x00001f0c       0xb4 .\CortexM3\ARM_GCC_493\Debug\SPIS_Example01.a(USBUART_drv.o)
                0x00001f0c                USBUART_ControlWriteDataStage
 .text.USBUART_ControlWriteStatusStage
                0x00001fc0       0x20 .\CortexM3\ARM_GCC_493\Debug\SPIS_Example01.a(USBUART_drv.o)
                0x00001fc0                USBUART_ControlWriteStatusStage
 .text.USBUART_InitNoDataControlTransfer
                0x00001fe0       0x38 .\CortexM3\ARM_GCC_493\Debug\SPIS_Example01.a(USBUART_drv.o)
                0x00001fe0                USBUART_InitNoDataControlTransfer
 .text.USBUART_NoDataControlStatusStage
                0x00002018       0x48 .\CortexM3\ARM_GCC_493\Debug\SPIS_Example01.a(USBUART_drv.o)
                0x00002018                USBUART_NoDataControlStatusStage
 .text.USBUART_UpdateStatusBlock
                0x00002060       0x40 .\CortexM3\ARM_GCC_493\Debug\SPIS_Example01.a(USBUART_drv.o)
                0x00002060                USBUART_UpdateStatusBlock
 .text.USBUART_InitializeStatusBlock
                0x000020a0       0x34 .\CortexM3\ARM_GCC_493\Debug\SPIS_Example01.a(USBUART_drv.o)
                0x000020a0                USBUART_InitializeStatusBlock
 .text.USBUART_EP_1_ISR
                0x000020d4       0x54 .\CortexM3\ARM_GCC_493\Debug\SPIS_Example01.a(USBUART_episr.o)
                0x000020d4                USBUART_EP_1_ISR
 .text.USBUART_EP_2_ISR
                0x00002128       0x54 .\CortexM3\ARM_GCC_493\Debug\SPIS_Example01.a(USBUART_episr.o)
                0x00002128                USBUART_EP_2_ISR
 .text.USBUART_EP_3_ISR
                0x0000217c       0x5c .\CortexM3\ARM_GCC_493\Debug\SPIS_Example01.a(USBUART_episr.o)
                0x0000217c                USBUART_EP_3_ISR
 .text.USBUART_SOF_ISR
                0x000021d8        0xc .\CortexM3\ARM_GCC_493\Debug\SPIS_Example01.a(USBUART_episr.o)
                0x000021d8                USBUART_SOF_ISR
 .text.USBUART_BUS_RESET_ISR
                0x000021e4        0xc .\CortexM3\ARM_GCC_493\Debug\SPIS_Example01.a(USBUART_episr.o)
                0x000021e4                USBUART_BUS_RESET_ISR
 .text.USBUART_DP_ISR
                0x000021f0        0xc .\CortexM3\ARM_GCC_493\Debug\SPIS_Example01.a(USBUART_pm.o)
                0x000021f0                USBUART_DP_ISR
 .text.USBUART_HandleStandardRqst
                0x000021fc      0x47c .\CortexM3\ARM_GCC_493\Debug\SPIS_Example01.a(USBUART_std.o)
                0x000021fc                USBUART_HandleStandardRqst
 .text.USBUART_ReadDieID
                0x00002678       0xd4 .\CortexM3\ARM_GCC_493\Debug\SPIS_Example01.a(USBUART_std.o)
                0x00002678                USBUART_ReadDieID
 .text.USBUART_ConfigReg
                0x0000274c      0x11c .\CortexM3\ARM_GCC_493\Debug\SPIS_Example01.a(USBUART_std.o)
                0x0000274c                USBUART_ConfigReg
 .text.USBUART_Config
                0x00002868      0x3a4 .\CortexM3\ARM_GCC_493\Debug\SPIS_Example01.a(USBUART_std.o)
                0x00002868                USBUART_Config
 .text.USBUART_ConfigAltChanged
                0x00002c0c      0x23c .\CortexM3\ARM_GCC_493\Debug\SPIS_Example01.a(USBUART_std.o)
                0x00002c0c                USBUART_ConfigAltChanged
 .text.USBUART_GetConfigTablePtr
                0x00002e48       0x54 .\CortexM3\ARM_GCC_493\Debug\SPIS_Example01.a(USBUART_std.o)
                0x00002e48                USBUART_GetConfigTablePtr
 .text.USBUART_GetDeviceTablePtr
                0x00002e9c       0x24 .\CortexM3\ARM_GCC_493\Debug\SPIS_Example01.a(USBUART_std.o)
                0x00002e9c                USBUART_GetDeviceTablePtr
 .text.USBUART_GetInterfaceClassTablePtr
                0x00002ec0       0x4c .\CortexM3\ARM_GCC_493\Debug\SPIS_Example01.a(USBUART_std.o)
                0x00002ec0                USBUART_GetInterfaceClassTablePtr
 .text.USBUART_SetEndpointHalt
                0x00002f0c       0xdc .\CortexM3\ARM_GCC_493\Debug\SPIS_Example01.a(USBUART_std.o)
                0x00002f0c                USBUART_SetEndpointHalt
 .text.USBUART_ClearEndpointHalt
                0x00002fe8      0x130 .\CortexM3\ARM_GCC_493\Debug\SPIS_Example01.a(USBUART_std.o)
                0x00002fe8                USBUART_ClearEndpointHalt
 .text.USBUART_ValidateAlternateSetting
                0x00003118       0x70 .\CortexM3\ARM_GCC_493\Debug\SPIS_Example01.a(USBUART_std.o)
                0x00003118                USBUART_ValidateAlternateSetting
 .text.USBUART_HandleVendorRqst
                0x00003188       0x38 .\CortexM3\ARM_GCC_493\Debug\SPIS_Example01.a(USBUART_vnd.o)
                0x00003188                USBUART_HandleVendorRqst
 .text.USBUART_Dp_ClearInterrupt
                0x000031c0       0x20 .\CortexM3\ARM_GCC_493\Debug\SPIS_Example01.a(USBUART_Dp.o)
                0x000031c0                USBUART_Dp_ClearInterrupt
 .text.USBUART_DispatchClassRqst
                0x000031e0       0x7c .\CortexM3\ARM_GCC_493\Debug\SPIS_Example01.a(USBUART_cls.o)
                0x000031e0                USBUART_DispatchClassRqst
 .text.__errno  0x0000325c        0xc c:/program files (x86)/cypress/psoc creator/3.3/psoc creator/import/gnu/arm/4.9.3/bin/../lib/gcc/arm-none-eabi/4.9.3/../../../../arm-none-eabi/lib/armv7-m\libg_nano.a(lib_a-errno.o)
                0x0000325c                __errno
 .text.__libc_init_array
                0x00003268       0x4c c:/program files (x86)/cypress/psoc creator/3.3/psoc creator/import/gnu/arm/4.9.3/bin/../lib/gcc/arm-none-eabi/4.9.3/../../../../arm-none-eabi/lib/armv7-m\libg_nano.a(lib_a-init.o)
                0x00003268                __libc_init_array
 .text.memcpy   0x000032b4       0x16 c:/program files (x86)/cypress/psoc creator/3.3/psoc creator/import/gnu/arm/4.9.3/bin/../lib/gcc/arm-none-eabi/4.9.3/../../../../arm-none-eabi/lib/armv7-m\libg_nano.a(lib_a-memcpy.o)
                0x000032b4                memcpy
 .text.memset   0x000032ca       0x10 c:/program files (x86)/cypress/psoc creator/3.3/psoc creator/import/gnu/arm/4.9.3/bin/../lib/gcc/arm-none-eabi/4.9.3/../../../../arm-none-eabi/lib/armv7-m\libg_nano.a(lib_a-memset.o)
                0x000032ca                memset
 .text.__cvt    0x000032da       0xbc c:/program files (x86)/cypress/psoc creator/3.3/psoc creator/import/gnu/arm/4.9.3/bin/../lib/gcc/arm-none-eabi/4.9.3/../../../../arm-none-eabi/lib/armv7-m\libg_nano.a(lib_a-nano-vfprintf_float.o)
                0x000032da                __cvt
 .text.__exponent
                0x00003396       0x62 c:/program files (x86)/cypress/psoc creator/3.3/psoc creator/import/gnu/arm/4.9.3/bin/../lib/gcc/arm-none-eabi/4.9.3/../../../../arm-none-eabi/lib/armv7-m\libg_nano.a(lib_a-nano-vfprintf_float.o)
                0x00003396                __exponent
 .text._printf_float
                0x000033f8      0x48c c:/program files (x86)/cypress/psoc creator/3.3/psoc creator/import/gnu/arm/4.9.3/bin/../lib/gcc/arm-none-eabi/4.9.3/../../../../arm-none-eabi/lib/armv7-m\libg_nano.a(lib_a-nano-vfprintf_float.o)
                0x000033f8                _printf_float
 .text._printf_common
                0x00003884       0xea c:/program files (x86)/cypress/psoc creator/3.3/psoc creator/import/gnu/arm/4.9.3/bin/../lib/gcc/arm-none-eabi/4.9.3/../../../../arm-none-eabi/lib/armv7-m\libg_nano.a(lib_a-nano-vfprintf_i.o)
                0x00003884                _printf_common
 *fill*         0x0000396e        0x2 
 .text._printf_i
                0x00003970      0x240 c:/program files (x86)/cypress/psoc creator/3.3/psoc creator/import/gnu/arm/4.9.3/bin/../lib/gcc/arm-none-eabi/4.9.3/../../../../arm-none-eabi/lib/armv7-m\libg_nano.a(lib_a-nano-vfprintf_i.o)
                0x00003970                _printf_i
 .text.__fpclassifyd
                0x00003bb0       0x50 c:/program files (x86)/cypress/psoc creator/3.3/psoc creator/import/gnu/arm/4.9.3/bin/../lib/gcc/arm-none-eabi/4.9.3/../../../../arm-none-eabi/lib/armv7-m\libg_nano.a(lib_a-s_fpclassify.o)
                0x00003bb0                __fpclassifyd
 .text.sprintf  0x00003c00       0x48 c:/program files (x86)/cypress/psoc creator/3.3/psoc creator/import/gnu/arm/4.9.3/bin/../lib/gcc/arm-none-eabi/4.9.3/../../../../arm-none-eabi/lib/armv7-m\libg_nano.a(lib_a-sprintf.o)
                0x00003c00                siprintf
                0x00003c00                sprintf
 .text.strlen   0x00003c48       0x10 c:/program files (x86)/cypress/psoc creator/3.3/psoc creator/import/gnu/arm/4.9.3/bin/../lib/gcc/arm-none-eabi/4.9.3/../../../../arm-none-eabi/lib/armv7-m\libg_nano.a(lib_a-strlen.o)
                0x00003c48                strlen
 .text.quorem   0x00003c58      0x114 c:/program files (x86)/cypress/psoc creator/3.3/psoc creator/import/gnu/arm/4.9.3/bin/../lib/gcc/arm-none-eabi/4.9.3/../../../../arm-none-eabi/lib/armv7-m\libg_nano.a(lib_a-dtoa.o)
 *fill*         0x00003d6c        0x4 
 .text._dtoa_r  0x00003d70      0xb78 c:/program files (x86)/cypress/psoc creator/3.3/psoc creator/import/gnu/arm/4.9.3/bin/../lib/gcc/arm-none-eabi/4.9.3/../../../../arm-none-eabi/lib/armv7-m\libg_nano.a(lib_a-dtoa.o)
                0x00003d70                _dtoa_r
 .text._localeconv_r
                0x000048e8        0x8 c:/program files (x86)/cypress/psoc creator/3.3/psoc creator/import/gnu/arm/4.9.3/bin/../lib/gcc/arm-none-eabi/4.9.3/../../../../arm-none-eabi/lib/armv7-m\libg_nano.a(lib_a-locale.o)
                0x000048e8                _localeconv_r
 .text.malloc   0x000048f0       0x10 c:/program files (x86)/cypress/psoc creator/3.3/psoc creator/import/gnu/arm/4.9.3/bin/../lib/gcc/arm-none-eabi/4.9.3/../../../../arm-none-eabi/lib/armv7-m\libg_nano.a(lib_a-malloc.o)
                0x000048f0                malloc
 .text.memchr   0x00004900       0x1c c:/program files (x86)/cypress/psoc creator/3.3/psoc creator/import/gnu/arm/4.9.3/bin/../lib/gcc/arm-none-eabi/4.9.3/../../../../arm-none-eabi/lib/armv7-m\libg_nano.a(lib_a-memchr.o)
                0x00004900                memchr
 .text._Balloc  0x0000491c       0x6a c:/program files (x86)/cypress/psoc creator/3.3/psoc creator/import/gnu/arm/4.9.3/bin/../lib/gcc/arm-none-eabi/4.9.3/../../../../arm-none-eabi/lib/armv7-m\libg_nano.a(lib_a-mprec.o)
                0x0000491c                _Balloc
 .text._Bfree   0x00004986       0x2e c:/program files (x86)/cypress/psoc creator/3.3/psoc creator/import/gnu/arm/4.9.3/bin/../lib/gcc/arm-none-eabi/4.9.3/../../../../arm-none-eabi/lib/armv7-m\libg_nano.a(lib_a-mprec.o)
                0x00004986                _Bfree
 .text.__multadd
                0x000049b4       0x7c c:/program files (x86)/cypress/psoc creator/3.3/psoc creator/import/gnu/arm/4.9.3/bin/../lib/gcc/arm-none-eabi/4.9.3/../../../../arm-none-eabi/lib/armv7-m\libg_nano.a(lib_a-mprec.o)
                0x000049b4                __multadd
 .text.__hi0bits
                0x00004a30       0x40 c:/program files (x86)/cypress/psoc creator/3.3/psoc creator/import/gnu/arm/4.9.3/bin/../lib/gcc/arm-none-eabi/4.9.3/../../../../arm-none-eabi/lib/armv7-m\libg_nano.a(lib_a-mprec.o)
                0x00004a30                __hi0bits
 .text.__lo0bits
                0x00004a70       0x5a c:/program files (x86)/cypress/psoc creator/3.3/psoc creator/import/gnu/arm/4.9.3/bin/../lib/gcc/arm-none-eabi/4.9.3/../../../../arm-none-eabi/lib/armv7-m\libg_nano.a(lib_a-mprec.o)
                0x00004a70                __lo0bits
 .text.__i2b    0x00004aca       0x12 c:/program files (x86)/cypress/psoc creator/3.3/psoc creator/import/gnu/arm/4.9.3/bin/../lib/gcc/arm-none-eabi/4.9.3/../../../../arm-none-eabi/lib/armv7-m\libg_nano.a(lib_a-mprec.o)
                0x00004aca                __i2b
 .text.__multiply
                0x00004adc      0x120 c:/program files (x86)/cypress/psoc creator/3.3/psoc creator/import/gnu/arm/4.9.3/bin/../lib/gcc/arm-none-eabi/4.9.3/../../../../arm-none-eabi/lib/armv7-m\libg_nano.a(lib_a-mprec.o)
                0x00004adc                __multiply
 .text.__pow5mult
                0x00004bfc       0x9c c:/program files (x86)/cypress/psoc creator/3.3/psoc creator/import/gnu/arm/4.9.3/bin/../lib/gcc/arm-none-eabi/4.9.3/../../../../arm-none-eabi/lib/armv7-m\libg_nano.a(lib_a-mprec.o)
                0x00004bfc                __pow5mult
 .text.__lshift
                0x00004c98       0xa6 c:/program files (x86)/cypress/psoc creator/3.3/psoc creator/import/gnu/arm/4.9.3/bin/../lib/gcc/arm-none-eabi/4.9.3/../../../../arm-none-eabi/lib/armv7-m\libg_nano.a(lib_a-mprec.o)
                0x00004c98                __lshift
 .text.__mcmp   0x00004d3e       0x38 c:/program files (x86)/cypress/psoc creator/3.3/psoc creator/import/gnu/arm/4.9.3/bin/../lib/gcc/arm-none-eabi/4.9.3/../../../../arm-none-eabi/lib/armv7-m\libg_nano.a(lib_a-mprec.o)
                0x00004d3e                __mcmp
 .text.__mdiff  0x00004d76       0xbe c:/program files (x86)/cypress/psoc creator/3.3/psoc creator/import/gnu/arm/4.9.3/bin/../lib/gcc/arm-none-eabi/4.9.3/../../../../arm-none-eabi/lib/armv7-m\libg_nano.a(lib_a-mprec.o)
                0x00004d76                __mdiff
 .text.__d2b    0x00004e34       0xa4 c:/program files (x86)/cypress/psoc creator/3.3/psoc creator/import/gnu/arm/4.9.3/bin/../lib/gcc/arm-none-eabi/4.9.3/../../../../arm-none-eabi/lib/armv7-m\libg_nano.a(lib_a-mprec.o)
                0x00004e34                __d2b
 .text._calloc_r
                0x00004ed8       0x1c c:/program files (x86)/cypress/psoc creator/3.3/psoc creator/import/gnu/arm/4.9.3/bin/../lib/gcc/arm-none-eabi/4.9.3/../../../../arm-none-eabi/lib/armv7-m\libg_nano.a(lib_a-nano-callocr.o)
                0x00004ed8                _calloc_r
 .text._free_r  0x00004ef4       0x88 c:/program files (x86)/cypress/psoc creator/3.3/psoc creator/import/gnu/arm/4.9.3/bin/../lib/gcc/arm-none-eabi/4.9.3/../../../../arm-none-eabi/lib/armv7-m\libg_nano.a(lib_a-nano-freer.o)
                0x00004ef4                _free_r
 .text._malloc_r
                0x00004f7c       0xac c:/program files (x86)/cypress/psoc creator/3.3/psoc creator/import/gnu/arm/4.9.3/bin/../lib/gcc/arm-none-eabi/4.9.3/../../../../arm-none-eabi/lib/armv7-m\libg_nano.a(lib_a-nano-mallocr.o)
                0x00004f7c                _malloc_r
 .text.__ssputs_r
                0x00005028       0xb2 c:/program files (x86)/cypress/psoc creator/3.3/psoc creator/import/gnu/arm/4.9.3/bin/../lib/gcc/arm-none-eabi/4.9.3/../../../../arm-none-eabi/lib/armv7-m\libg_nano.a(lib_a-nano-svfprintf.o)
                0x00005028                __ssputs_r
 *fill*         0x000050da        0x2 
 .text._svfprintf_r
                0x000050dc      0x1e4 c:/program files (x86)/cypress/psoc creator/3.3/psoc creator/import/gnu/arm/4.9.3/bin/../lib/gcc/arm-none-eabi/4.9.3/../../../../arm-none-eabi/lib/armv7-m\libg_nano.a(lib_a-nano-svfprintf.o)
                0x000050dc                _svfiprintf_r
                0x000050dc                _svfprintf_r
 .text._sbrk_r  0x000052c0       0x20 c:/program files (x86)/cypress/psoc creator/3.3/psoc creator/import/gnu/arm/4.9.3/bin/../lib/gcc/arm-none-eabi/4.9.3/../../../../arm-none-eabi/lib/armv7-m\libg_nano.a(lib_a-sbrkr.o)
                0x000052c0                _sbrk_r
 .text.memmove  0x000052e0       0x36 c:/program files (x86)/cypress/psoc creator/3.3/psoc creator/import/gnu/arm/4.9.3/bin/../lib/gcc/arm-none-eabi/4.9.3/../../../../arm-none-eabi/lib/armv7-m\libg_nano.a(lib_a-memmove.o)
                0x000052e0                memmove
 .text._realloc_r
                0x00005316       0x4c c:/program files (x86)/cypress/psoc creator/3.3/psoc creator/import/gnu/arm/4.9.3/bin/../lib/gcc/arm-none-eabi/4.9.3/../../../../arm-none-eabi/lib/armv7-m\libg_nano.a(lib_a-nano-reallocr.o)
                0x00005316                _realloc_r
 .text._malloc_usable_size_r
                0x00005362       0x14 c:/program files (x86)/cypress/psoc creator/3.3/psoc creator/import/gnu/arm/4.9.3/bin/../lib/gcc/arm-none-eabi/4.9.3/../../../../arm-none-eabi/lib/armv7-m\libg_nano.a(lib_a-nano-msizer.o)
                0x00005362                _malloc_usable_size_r
 *fill*         0x00005376        0x2 
 .text          0x00005378      0x370 c:/program files (x86)/cypress/psoc creator/3.3/psoc creator/import/gnu/arm/4.9.3/bin/../lib/gcc/arm-none-eabi/4.9.3/armv7-m\libgcc.a(_arm_addsubdf3.o)
                0x00005378                __aeabi_drsub
                0x00005380                __aeabi_dsub
                0x00005380                __subdf3
                0x00005384                __aeabi_dadd
                0x00005384                __adddf3
                0x000055fc                __floatunsidf
                0x000055fc                __aeabi_ui2d
                0x0000561c                __floatsidf
                0x0000561c                __aeabi_i2d
                0x00005640                __aeabi_f2d
                0x00005640                __extendsfdf2
                0x0000567c                __floatundidf
                0x0000567c                __aeabi_ul2d
                0x0000568c                __floatdidf
                0x0000568c                __aeabi_l2d
 .text          0x000056e8      0x424 c:/program files (x86)/cypress/psoc creator/3.3/psoc creator/import/gnu/arm/4.9.3/bin/../lib/gcc/arm-none-eabi/4.9.3/armv7-m\libgcc.a(_arm_muldivdf3.o)
                0x000056e8                __aeabi_dmul
                0x000056e8                __muldf3
                0x0000593c                __divdf3
                0x0000593c                __aeabi_ddiv
 .text          0x00005b0c      0x110 c:/program files (x86)/cypress/psoc creator/3.3/psoc creator/import/gnu/arm/4.9.3/bin/../lib/gcc/arm-none-eabi/4.9.3/armv7-m\libgcc.a(_arm_cmpdf2.o)
                0x00005b0c                __gtdf2
                0x00005b0c                __gedf2
                0x00005b14                __ltdf2
                0x00005b14                __ledf2
                0x00005b1c                __nedf2
                0x00005b1c                __eqdf2
                0x00005b1c                __cmpdf2
                0x00005b98                __aeabi_cdrcmple
                0x00005ba8                __aeabi_cdcmpeq
                0x00005ba8                __aeabi_cdcmple
                0x00005bb8                __aeabi_dcmpeq
                0x00005bcc                __aeabi_dcmplt
                0x00005be0                __aeabi_dcmple
                0x00005bf4                __aeabi_dcmpge
                0x00005c08                __aeabi_dcmpgt
 .text          0x00005c1c       0x50 c:/program files (x86)/cypress/psoc creator/3.3/psoc creator/import/gnu/arm/4.9.3/bin/../lib/gcc/arm-none-eabi/4.9.3/armv7-m\libgcc.a(_arm_fixdfsi.o)
                0x00005c1c                __aeabi_d2iz
                0x00005c1c                __fixdfsi
 *(.plt)
 *(.gnu.warning)
 *(.glue_7t)
 .glue_7t       0x00000000        0x0 linker stubs
 *(.glue_7)
 .glue_7        0x00000000        0x0 linker stubs
 *(.vfp11_veneer)
 .vfp11_veneer  0x00000000        0x0 linker stubs
 *(.bootloader)
 *(.ARM.extab* .gnu.linkonce.armextab.*)
 *(.gcc_except_table)

.v4_bx          0x00005c6c        0x0
 .v4_bx         0x00000000        0x0 linker stubs

.iplt           0x00005c6c        0x0
 .iplt          0x00000000        0x0 c:/program files (x86)/cypress/psoc creator/3.3/psoc creator/import/gnu/arm/4.9.3/bin/../lib/gcc/arm-none-eabi/4.9.3/armv7-m/crtbegin.o

.eh_frame_hdr
 *(.eh_frame_hdr)

.eh_frame       0x00005c6c        0x4
 *(.eh_frame)
 .eh_frame      0x00005c6c        0x0 c:/program files (x86)/cypress/psoc creator/3.3/psoc creator/import/gnu/arm/4.9.3/bin/../lib/gcc/arm-none-eabi/4.9.3/armv7-m/crtbegin.o
 .eh_frame      0x00005c6c        0x0 c:/program files (x86)/cypress/psoc creator/3.3/psoc creator/import/gnu/arm/4.9.3/bin/../lib/gcc/arm-none-eabi/4.9.3/../../../../arm-none-eabi/lib/armv7-m\libg_nano.a(lib_a-strcmp.o)
                                 0x28 (size before relaxing)
 .eh_frame      0x00005c6c        0x4 c:/program files (x86)/cypress/psoc creator/3.3/psoc creator/import/gnu/arm/4.9.3/bin/../lib/gcc/arm-none-eabi/4.9.3/armv7-m/crtend.o
                0x00005c70                PROVIDE (__exidx_start, .)

.ARM.exidx
 *(.ARM.exidx* .gnu.linkonce.armexidx.*)
                0x00005c70                __exidx_end = .

.rodata         0x00005c70      0x448
 *(.rodata .rodata.* .gnu.linkonce.r.*)
 .rodata        0x00005c70       0x28 .\CortexM3\ARM_GCC_493\Debug\main.o
 .rodata        0x00005c98       0x34 .\CortexM3\ARM_GCC_493\Debug\uart.o
 .rodata        0x00005ccc       0xe0 .\CortexM3\ARM_GCC_493\Debug\SPIS_Example01.a(cyfitter_cfg.o)
 .rodata        0x00005dac       0x14 .\CortexM3\ARM_GCC_493\Debug\SPIS_Example01.a(USBUART_std.o)
 .rodata        0x00005dc0      0x160 .\CortexM3\ARM_GCC_493\Debug\SPIS_Example01.a(USBUART_descr.o)
                0x00005dc0                USBUART_DEVICE0_DESCR
                0x00005dd4                USBUART_DEVICE0_CONFIGURATION0_DESCR
                0x00005e18                USBUART_STRING_DESCRIPTORS
                0x00005eb8                USBUART_SN_STRING_DESCRIPTOR
                0x00005ebc                USBUART_DEVICE0_CONFIGURATION0_EP_SETTINGS_TABLE
                0x00005ed4                USBUART_DEVICE0_CONFIGURATION0_INTERFACE_CLASS
                0x00005ed8                USBUART_DEVICE0_CONFIGURATION0_TABLE
                0x00005f00                USBUART_DEVICE0_TABLE
                0x00005f18                USBUART_TABLE
 .rodata.str1.1
                0x00005f20        0x2 c:/program files (x86)/cypress/psoc creator/3.3/psoc creator/import/gnu/arm/4.9.3/bin/../lib/gcc/arm-none-eabi/4.9.3/../../../../arm-none-eabi/lib/armv7-m\libg_nano.a(lib_a-impure.o)
 .rodata.str1.1
                0x00005f22       0x12 c:/program files (x86)/cypress/psoc creator/3.3/psoc creator/import/gnu/arm/4.9.3/bin/../lib/gcc/arm-none-eabi/4.9.3/../../../../arm-none-eabi/lib/armv7-m\libg_nano.a(lib_a-nano-vfprintf_float.o)
 .rodata.str1.1
                0x00005f34       0x22 c:/program files (x86)/cypress/psoc creator/3.3/psoc creator/import/gnu/arm/4.9.3/bin/../lib/gcc/arm-none-eabi/4.9.3/../../../../arm-none-eabi/lib/armv7-m\libg_nano.a(lib_a-nano-vfprintf_i.o)
 .rodata.str1.1
                0x00005f56        0xd c:/program files (x86)/cypress/psoc creator/3.3/psoc creator/import/gnu/arm/4.9.3/bin/../lib/gcc/arm-none-eabi/4.9.3/../../../../arm-none-eabi/lib/armv7-m\libg_nano.a(lib_a-dtoa.o)
                                  0xf (size before relaxing)
 .rodata.str1.1
                0x00005f63        0x8 c:/program files (x86)/cypress/psoc creator/3.3/psoc creator/import/gnu/arm/4.9.3/bin/../lib/gcc/arm-none-eabi/4.9.3/../../../../arm-none-eabi/lib/armv7-m\libg_nano.a(lib_a-locale.o)
                                  0xb (size before relaxing)
 *fill*         0x00005f6b        0x5 
 .rodata.__mprec_tens
                0x00005f70       0xc8 c:/program files (x86)/cypress/psoc creator/3.3/psoc creator/import/gnu/arm/4.9.3/bin/../lib/gcc/arm-none-eabi/4.9.3/../../../../arm-none-eabi/lib/armv7-m\libg_nano.a(lib_a-mprec.o)
                0x00005f70                __mprec_tens
 .rodata.__mprec_bigtens
                0x00006038       0x28 c:/program files (x86)/cypress/psoc creator/3.3/psoc creator/import/gnu/arm/4.9.3/bin/../lib/gcc/arm-none-eabi/4.9.3/../../../../arm-none-eabi/lib/armv7-m\libg_nano.a(lib_a-mprec.o)
                0x00006038                __mprec_bigtens
 .rodata.p05.5308
                0x00006060        0xc c:/program files (x86)/cypress/psoc creator/3.3/psoc creator/import/gnu/arm/4.9.3/bin/../lib/gcc/arm-none-eabi/4.9.3/../../../../arm-none-eabi/lib/armv7-m\libg_nano.a(lib_a-mprec.o)
 .rodata.str1.1
                0x0000606c       0x11 c:/program files (x86)/cypress/psoc creator/3.3/psoc creator/import/gnu/arm/4.9.3/bin/../lib/gcc/arm-none-eabi/4.9.3/../../../../arm-none-eabi/lib/armv7-m\libg_nano.a(lib_a-nano-svfprintf.o)
                0x00006080                . = ALIGN (0x4)
 *fill*         0x0000607d        0x3 
 *(.init)
 .init          0x00006080        0x4 c:/program files (x86)/cypress/psoc creator/3.3/psoc creator/import/gnu/arm/4.9.3/bin/../lib/gcc/arm-none-eabi/4.9.3/armv7-m/crti.o
                0x00006080                _init
 .init          0x00006084        0x8 c:/program files (x86)/cypress/psoc creator/3.3/psoc creator/import/gnu/arm/4.9.3/bin/../lib/gcc/arm-none-eabi/4.9.3/armv7-m/crtn.o
                0x0000608c                . = ALIGN (0x4)
                0x0000608c                __preinit_array_start = .
 *(.preinit_array)
                0x0000608c                __preinit_array_end = .
                0x0000608c                . = ALIGN (0x4)
                0x0000608c                __init_array_start = .
 *(SORT(.init_array.*))
 *(.init_array)
 .init_array    0x0000608c        0x4 c:/program files (x86)/cypress/psoc creator/3.3/psoc creator/import/gnu/arm/4.9.3/bin/../lib/gcc/arm-none-eabi/4.9.3/armv7-m/crtbegin.o
 .init_array    0x00006090        0x4 .\CortexM3\ARM_GCC_493\Debug\Cm3Start.o
                0x00006094                __init_array_end = .
                0x00006094                . = ALIGN (0x4)
 *(.fini)
 .fini          0x00006094        0x4 c:/program files (x86)/cypress/psoc creator/3.3/psoc creator/import/gnu/arm/4.9.3/bin/../lib/gcc/arm-none-eabi/4.9.3/armv7-m/crti.o
                0x00006094                _fini
 .fini          0x00006098        0x8 c:/program files (x86)/cypress/psoc creator/3.3/psoc creator/import/gnu/arm/4.9.3/bin/../lib/gcc/arm-none-eabi/4.9.3/armv7-m/crtn.o
                0x000060a0                . = ALIGN (0x4)
                0x000060a0                __fini_array_start = .
 *(.fini_array)
 .fini_array    0x000060a0        0x4 c:/program files (x86)/cypress/psoc creator/3.3/psoc creator/import/gnu/arm/4.9.3/bin/../lib/gcc/arm-none-eabi/4.9.3/armv7-m/crtbegin.o
 *(SORT(.fini_array.*))
                0x000060a4                __fini_array_end = .
                0x000060a4                . = ALIGN (0x4)
 *crtbegin.o(.ctors)
 *(EXCLUDE_FILE(*crtend.o) .ctors)
 *(SORT(.ctors.*))
 *crtend.o(.ctors)
                0x000060a4                . = ALIGN (0x4)
 *crtbegin.o(.dtors)
 *(EXCLUDE_FILE(*crtend.o) .dtors)
 *(SORT(.dtors.*))
 *crtend.o(.dtors)
                0x000060a4                . = ALIGN (0x4)
                0x000060a4                __cy_regions = .
                0x000060a4        0x4 LONG 0x60b8 __cy_region_init_ram
                0x000060a8        0x4 LONG 0x1fff8108 __cy_region_start_data
                0x000060ac        0x4 LONG 0xe8 __cy_region_init_size_ram
                0x000060b0        0x4 LONG 0x128 __cy_region_zero_size_ram
                0x000060b4                __cy_regions_end = .
                0x000060b8                . = ALIGN (0x8)
 *fill*         0x000060b4        0x4 
                0x000060b8                _etext = .

.cy_checksum_exclude
                0x000060b8        0x0
 *(.cy_checksum_exclude)

.ramvectors     0x1fff8000      0x100
                0x1fff8000                __cy_region_start_ram = .
 *(.ramvectors)
 .ramvectors    0x1fff8000      0x100 .\CortexM3\ARM_GCC_493\Debug\Cm3Start.o
                0x1fff8000                CyRamVectors

.noinit         0x1fff8100        0x5
 *(.noinit)
 .noinit        0x1fff8100        0x4 .\CortexM3\ARM_GCC_493\Debug\Cm3Start.o
 .noinit        0x1fff8104        0x1 .\CortexM3\ARM_GCC_493\Debug\SPIS_Example01.a(CyLib.o)
                0x1fff8104                CyResetStatus

.data           0x1fff8108       0xe8 load address 0x000060b8
                0x1fff8108                __cy_region_start_data = .
 *(.jcr)
 .jcr           0x1fff8108        0x0 c:/program files (x86)/cypress/psoc creator/3.3/psoc creator/import/gnu/arm/4.9.3/bin/../lib/gcc/arm-none-eabi/4.9.3/armv7-m/crtbegin.o
 .jcr           0x1fff8108        0x4 c:/program files (x86)/cypress/psoc creator/3.3/psoc creator/import/gnu/arm/4.9.3/bin/../lib/gcc/arm-none-eabi/4.9.3/armv7-m/crtend.o
 *(.got.plt)
 *(.got)
 *(.shdata)
 *(.data .data.* .gnu.linkonce.d.*)
 .data          0x1fff810c        0x8 .\CortexM3\ARM_GCC_493\Debug\main.o
                0x1fff810c                txBuffer
 .data          0x1fff8114        0x4 .\CortexM3\ARM_GCC_493\Debug\Cm3Start.o
 .data          0x1fff8118        0x1 .\CortexM3\ARM_GCC_493\Debug\SPIS_Example01.a(DMA_RX_dma.o)
                0x1fff8118                DMA_RX_DmaHandle
 .data          0x1fff8119        0x1 .\CortexM3\ARM_GCC_493\Debug\SPIS_Example01.a(DMA_TX_dma.o)
                0x1fff8119                DMA_TX_DmaHandle
 *fill*         0x1fff811a        0x2 
 .data          0x1fff811c        0x8 .\CortexM3\ARM_GCC_493\Debug\SPIS_Example01.a(CyDmac.o)
 .data          0x1fff8124       0x10 .\CortexM3\ARM_GCC_493\Debug\SPIS_Example01.a(CyLib.o)
                0x1fff8124                cydelay_freq_hz
                0x1fff8128                cydelay_freq_khz
                0x1fff812c                cydelay_freq_mhz
                0x1fff8130                cydelay_32k_ms
 .data          0x1fff8134       0x1c .\CortexM3\ARM_GCC_493\Debug\SPIS_Example01.a(USBUART_cdc.o)
                0x1fff8134                USBUART_linesCoding
 .data.impure_data
                0x1fff8150       0x60 c:/program files (x86)/cypress/psoc creator/3.3/psoc creator/import/gnu/arm/4.9.3/bin/../lib/gcc/arm-none-eabi/4.9.3/../../../../arm-none-eabi/lib/armv7-m\libg_nano.a(lib_a-impure.o)
 .data._impure_ptr
                0x1fff81b0        0x4 c:/program files (x86)/cypress/psoc creator/3.3/psoc creator/import/gnu/arm/4.9.3/bin/../lib/gcc/arm-none-eabi/4.9.3/../../../../arm-none-eabi/lib/armv7-m\libg_nano.a(lib_a-impure.o)
                0x1fff81b0                _impure_ptr
 .data.lconv    0x1fff81b4       0x38 c:/program files (x86)/cypress/psoc creator/3.3/psoc creator/import/gnu/arm/4.9.3/bin/../lib/gcc/arm-none-eabi/4.9.3/../../../../arm-none-eabi/lib/armv7-m\libg_nano.a(lib_a-locale.o)
                0x1fff81f0                . = ALIGN (0x8)
 *fill*         0x1fff81ec        0x4 
 *(.ram)
                0x1fff81f0                _edata = .

.igot.plt       0x1fff81f0        0x0 load address 0x000061a0
 .igot.plt      0x00000000        0x0 c:/program files (x86)/cypress/psoc creator/3.3/psoc creator/import/gnu/arm/4.9.3/bin/../lib/gcc/arm-none-eabi/4.9.3/armv7-m/crtbegin.o

.bss            0x1fff81f0      0x128 load address 0x000061a0
                0x1fff81f0                PROVIDE (__bss_start__, .)
 *(.shbss)
 *(.bss .bss.* .gnu.linkonce.b.*)
 .bss           0x1fff81f0       0x1c c:/program files (x86)/cypress/psoc creator/3.3/psoc creator/import/gnu/arm/4.9.3/bin/../lib/gcc/arm-none-eabi/4.9.3/armv7-m/crtbegin.o
 *fill*         0x1fff820c        0x4 
 .bss           0x1fff8210        0x8 .\CortexM3\ARM_GCC_493\Debug\SPIS_Example01.a(cyfitter_cfg.o)
 .bss           0x1fff8218        0x1 .\CortexM3\ARM_GCC_493\Debug\SPIS_Example01.a(SPIS.o)
                0x1fff8218                SPIS_initVar
 .bss           0x1fff8219        0x1 .\CortexM3\ARM_GCC_493\Debug\SPIS_Example01.a(USBUART.o)
                0x1fff8219                USBUART_initVar
 .bss           0x1fff821a        0x1 .\CortexM3\ARM_GCC_493\Debug\SPIS_Example01.a(USBUART_cdc.o)
 *fill*         0x1fff821b        0x1 
 .bss           0x1fff821c        0x4 .\CortexM3\ARM_GCC_493\Debug\SPIS_Example01.a(USBUART_std.o)
 .bss.__malloc_sbrk_start
                0x1fff8220        0x4 c:/program files (x86)/cypress/psoc creator/3.3/psoc creator/import/gnu/arm/4.9.3/bin/../lib/gcc/arm-none-eabi/4.9.3/../../../../arm-none-eabi/lib/armv7-m\libg_nano.a(lib_a-nano-mallocr.o)
                0x1fff8220                __malloc_sbrk_start
 .bss.__malloc_free_list
                0x1fff8224        0x4 c:/program files (x86)/cypress/psoc creator/3.3/psoc creator/import/gnu/arm/4.9.3/bin/../lib/gcc/arm-none-eabi/4.9.3/../../../../arm-none-eabi/lib/armv7-m\libg_nano.a(lib_a-nano-mallocr.o)
                0x1fff8224                __malloc_free_list
 *(COMMON)
 COMMON         0x1fff8228        0xe .\CortexM3\ARM_GCC_493\Debug\main.o
                0x1fff8228                txChannel
                0x1fff8229                rxTD
                0x1fff822c                rxBuffer
                0x1fff8234                txTD
                0x1fff8235                rxChannel
 *fill*         0x1fff8236        0x2 
 COMMON         0x1fff8238       0x18 .\CortexM3\ARM_GCC_493\Debug\SPIS_Example01.a(USBUART_cdc.o)
                0x1fff8238                USBUART_linesChanged
                0x1fff823c                USBUART_cdcDataInEp
                0x1fff8240                USBUART_cdcCommInInterruptEp
                0x1fff8244                USBUART_cdcDataOutEp
                0x1fff8248                USBUART_serialStateBitmap
                0x1fff824c                USBUART_linesControlBitmap
 COMMON         0x1fff8250       0x9a .\CortexM3\ARM_GCC_493\Debug\SPIS_Example01.a(USBUART_drv.o)
                0x1fff8250                USBUART_lastPacketSize
                0x1fff8251                USBUART_device
                0x1fff8252                USBUART_transferByteCount
                0x1fff8254                USBUART_transferState
                0x1fff8258                USBUART_interfaceSettingLast
                0x1fff825c                USBUART_currentTD
                0x1fff8268                USBUART_interfaceNumber
                0x1fff826c                USBUART_interfaceClass
                0x1fff8270                USBUART_configurationChanged
                0x1fff8271                USBUART_ep0Mode
                0x1fff8272                USBUART_deviceAddress
                0x1fff8273                USBUART_configuration
                0x1fff8274                USBUART_ep0Count
                0x1fff8275                USBUART_deviceStatus
                0x1fff8278                USBUART_EP
                0x1fff82e4                USBUART_interfaceSetting
                0x1fff82e6                USBUART_ep0Toggle
                0x1fff82e8                USBUART_interfaceStatus
 *fill*         0x1fff82ea        0x2 
 COMMON         0x1fff82ec       0x22 .\CortexM3\ARM_GCC_493\Debug\SPIS_Example01.a(USBUART_descr.o)
                0x1fff82ec                USBUART_idSerialNumberStringDescriptor
 *fill*         0x1fff830e        0x2 
 COMMON         0x1fff8310        0x4 c:/program files (x86)/cypress/psoc creator/3.3/psoc creator/import/gnu/arm/4.9.3/bin/../lib/gcc/arm-none-eabi/4.9.3/../../../../arm-none-eabi/lib/armv7-m\libg_nano.a(lib_a-reent.o)
                0x1fff8310                errno
                0x1fff8318                . = ALIGN (0x8)
 *fill*         0x1fff8314        0x4 
 *(.ram.b)
                0x1fff8318                _end = .
                0x1fff8318                __end = .
                0x1fff8318                PROVIDE (end, .)
                0x1fff8318                PROVIDE (__bss_end__, .)
                0x000060b8                __cy_region_init_ram = LOADADDR (.data)
                0x000000e8                __cy_region_init_size_ram = (_edata - ADDR (.data))
                0x00000128                __cy_region_zero_size_ram = (_end - _edata)

.heap           0x1fff8318       0x80 load address 0x000061a0
                0x1fff8318                . = _end
                0x1fff8398                . = (. + 0x80)
 *fill*         0x1fff8318       0x80 
                0x1fff8398                __cy_heap_limit = .

.stack          0x20007800      0x800
                0x20007800                __cy_stack_limit = .
                0x20008000                . = (. + 0x800)
 *fill*         0x20007800      0x800 
                0x00000001                ASSERT ((__cy_stack_limit >= __cy_heap_limit), region RAM overflowed with stack)
                0x00000000                cy_checksum_exclude_size = (CY_APPL_LOADABLE == 0x1)?SIZEOF (.cy_checksum_exclude):0x0
                0x00000001                ASSERT ((cy_checksum_exclude_size <= CY_CHECKSUM_EXCLUDE_SIZE), CY_BOOT: Section .cy_checksum_exclude size exceedes specified limit.)

.cyloadermeta
 *(.cyloadermeta)

.cyloadablemeta
 *(.cyloadablemeta)

.cyconfigecc    0x80000000      0xc6c
 *(.cyconfigecc)
 .cyconfigecc   0x80000000      0xc6c .\CortexM3\ARM_GCC_493\Debug\cymetadata.o
                0x80000000                cy_meta_configecc

.cycustnvl      0x90000000        0x4
 *(.cycustnvl)
 .cycustnvl     0x90000000        0x4 .\CortexM3\ARM_GCC_493\Debug\cymetadata.o
                0x90000000                cy_meta_custnvl

.cywolatch      0x90100000        0x4
 *(.cywolatch)
 .cywolatch     0x90100000        0x4 .\CortexM3\ARM_GCC_493\Debug\cymetadata.o
                0x90100000                cy_meta_wonvl

.cyeeprom       0x90200000        0x0
 *(.cyeeprom)
                0x00000001                ASSERT ((. <= ((0x90200000 + ee_offset) + ee_size)), .cyeeprom data will not fit in EEPROM)

.cyflashprotect
                0x90400000      0x100
 *(.cyflashprotect)
 .cyflashprotect
                0x90400000      0x100 .\CortexM3\ARM_GCC_493\Debug\cymetadata.o
                0x90400000                cy_meta_flashprotect

.cymeta         0x90500000        0xc
 *(.cymeta)
 .cymeta        0x90500000        0xc .\CortexM3\ARM_GCC_493\Debug\cymetadata.o
                0x90500000                cy_metadata

.rel.dyn        0x000061a0        0x0 load address 0x9050000c
 .rel.iplt      0x00000000        0x0 c:/program files (x86)/cypress/psoc creator/3.3/psoc creator/import/gnu/arm/4.9.3/bin/../lib/gcc/arm-none-eabi/4.9.3/armv7-m/crtbegin.o

.stab
 *(.stab)

.stabstr
 *(.stabstr)

.debug
 *(.debug)

.line
 *(.line)

.debug_srcinfo
 *(.debug_srcinfo)

.debug_sfnames
 *(.debug_sfnames)

.debug_aranges  0x00000000      0xb58
 *(.debug_aranges)
 .debug_aranges
                0x00000000       0x30 .\CortexM3\ARM_GCC_493\Debug\main.o
 .debug_aranges
                0x00000030       0x30 .\CortexM3\ARM_GCC_493\Debug\uart.o
 .debug_aranges
                0x00000060       0x18 .\CortexM3\ARM_GCC_493\Debug\cymetadata.o
 .debug_aranges
                0x00000078       0x48 .\CortexM3\ARM_GCC_493\Debug\Cm3Start.o
 .debug_aranges
                0x000000c0       0x60 .\CortexM3\ARM_GCC_493\Debug\SPIS_Example01.a(cyfitter_cfg.o)
 .debug_aranges
                0x00000120       0x28 .\CortexM3\ARM_GCC_493\Debug\SPIS_Example01.a(DMA_RX_dma.o)
 .debug_aranges
                0x00000148       0xe0 .\CortexM3\ARM_GCC_493\Debug\SPIS_Example01.a(SPIS.o)
 .debug_aranges
                0x00000228       0x28 .\CortexM3\ARM_GCC_493\Debug\SPIS_Example01.a(DMA_TX_dma.o)
 .debug_aranges
                0x00000250       0x20 .\CortexM3\ARM_GCC_493\Debug\SPIS_Example01.a(CyBootAsmGnu.o)
 .debug_aranges
                0x00000270       0xd8 .\CortexM3\ARM_GCC_493\Debug\SPIS_Example01.a(CyDmac.o)
 .debug_aranges
                0x00000348      0x298 .\CortexM3\ARM_GCC_493\Debug\SPIS_Example01.a(CyLib.o)
 .debug_aranges
                0x000005e0       0x98 .\CortexM3\ARM_GCC_493\Debug\SPIS_Example01.a(cyPm.o)
 .debug_aranges
                0x00000678       0xc8 .\CortexM3\ARM_GCC_493\Debug\SPIS_Example01.a(USBUART.o)
 .debug_aranges
                0x00000740       0xe8 .\CortexM3\ARM_GCC_493\Debug\SPIS_Example01.a(USBUART_cdc.o)
 .debug_aranges
                0x00000828       0x98 .\CortexM3\ARM_GCC_493\Debug\SPIS_Example01.a(USBUART_drv.o)
 .debug_aranges
                0x000008c0       0x40 .\CortexM3\ARM_GCC_493\Debug\SPIS_Example01.a(USBUART_episr.o)
 .debug_aranges
                0x00000900       0x40 .\CortexM3\ARM_GCC_493\Debug\SPIS_Example01.a(USBUART_pm.o)
 .debug_aranges
                0x00000940       0x80 .\CortexM3\ARM_GCC_493\Debug\SPIS_Example01.a(USBUART_std.o)
 .debug_aranges
                0x000009c0       0x20 .\CortexM3\ARM_GCC_493\Debug\SPIS_Example01.a(USBUART_vnd.o)
 .debug_aranges
                0x000009e0       0x48 .\CortexM3\ARM_GCC_493\Debug\SPIS_Example01.a(USBUART_Dp.o)
 .debug_aranges
                0x00000a28       0x80 .\CortexM3\ARM_GCC_493\Debug\SPIS_Example01.a(CyFlash.o)
 .debug_aranges
                0x00000aa8       0x78 .\CortexM3\ARM_GCC_493\Debug\SPIS_Example01.a(CySpc.o)
 .debug_aranges
                0x00000b20       0x20 .\CortexM3\ARM_GCC_493\Debug\SPIS_Example01.a(USBUART_cls.o)
 .debug_aranges
                0x00000b40       0x18 .\CortexM3\ARM_GCC_493\Debug\SPIS_Example01.a(USBUART_descr.o)

.debug_pubnames
 *(.debug_pubnames)

.debug_info     0x00000000     0x5f1a
 *(.debug_info .gnu.linkonce.wi.*)
 .debug_info    0x00000000      0x1b2 .\CortexM3\ARM_GCC_493\Debug\main.o
 .debug_info    0x000001b2      0x1a5 .\CortexM3\ARM_GCC_493\Debug\uart.o
 .debug_info    0x00000357      0x13f .\CortexM3\ARM_GCC_493\Debug\cymetadata.o
 .debug_info    0x00000496      0x319 .\CortexM3\ARM_GCC_493\Debug\Cm3Start.o
 .debug_info    0x000007af      0x3b8 .\CortexM3\ARM_GCC_493\Debug\SPIS_Example01.a(cyfitter_cfg.o)
 .debug_info    0x00000b67      0x114 .\CortexM3\ARM_GCC_493\Debug\SPIS_Example01.a(DMA_RX_dma.o)
 .debug_info    0x00000c7b      0x414 .\CortexM3\ARM_GCC_493\Debug\SPIS_Example01.a(SPIS.o)
 .debug_info    0x0000108f      0x114 .\CortexM3\ARM_GCC_493\Debug\SPIS_Example01.a(DMA_TX_dma.o)
 .debug_info    0x000011a3       0xa0 .\CortexM3\ARM_GCC_493\Debug\SPIS_Example01.a(CyBootAsmGnu.o)
 .debug_info    0x00001243      0x8b4 .\CortexM3\ARM_GCC_493\Debug\SPIS_Example01.a(CyDmac.o)
 .debug_info    0x00001af7      0xe36 .\CortexM3\ARM_GCC_493\Debug\SPIS_Example01.a(CyLib.o)
 .debug_info    0x0000292d      0x562 .\CortexM3\ARM_GCC_493\Debug\SPIS_Example01.a(cyPm.o)
 .debug_info    0x00002e8f      0x70b .\CortexM3\ARM_GCC_493\Debug\SPIS_Example01.a(USBUART.o)
 .debug_info    0x0000359a      0x903 .\CortexM3\ARM_GCC_493\Debug\SPIS_Example01.a(USBUART_cdc.o)
 .debug_info    0x00003e9d      0x521 .\CortexM3\ARM_GCC_493\Debug\SPIS_Example01.a(USBUART_drv.o)
 .debug_info    0x000043be      0x22f .\CortexM3\ARM_GCC_493\Debug\SPIS_Example01.a(USBUART_episr.o)
 .debug_info    0x000045ed      0x186 .\CortexM3\ARM_GCC_493\Debug\SPIS_Example01.a(USBUART_pm.o)
 .debug_info    0x00004773      0x940 .\CortexM3\ARM_GCC_493\Debug\SPIS_Example01.a(USBUART_std.o)
 .debug_info    0x000050b3       0xe8 .\CortexM3\ARM_GCC_493\Debug\SPIS_Example01.a(USBUART_vnd.o)
 .debug_info    0x0000519b      0x171 .\CortexM3\ARM_GCC_493\Debug\SPIS_Example01.a(USBUART_Dp.o)
 .debug_info    0x0000530c      0x36c .\CortexM3\ARM_GCC_493\Debug\SPIS_Example01.a(CyFlash.o)
 .debug_info    0x00005678      0x459 .\CortexM3\ARM_GCC_493\Debug\SPIS_Example01.a(CySpc.o)
 .debug_info    0x00005ad1      0x1bc .\CortexM3\ARM_GCC_493\Debug\SPIS_Example01.a(USBUART_cls.o)
 .debug_info    0x00005c8d      0x28d .\CortexM3\ARM_GCC_493\Debug\SPIS_Example01.a(USBUART_descr.o)

.debug_abbrev   0x00000000     0x1b0a
 *(.debug_abbrev)
 .debug_abbrev  0x00000000       0xc0 .\CortexM3\ARM_GCC_493\Debug\main.o
 .debug_abbrev  0x000000c0       0xdf .\CortexM3\ARM_GCC_493\Debug\uart.o
 .debug_abbrev  0x0000019f       0x77 .\CortexM3\ARM_GCC_493\Debug\cymetadata.o
 .debug_abbrev  0x00000216      0x1b6 .\CortexM3\ARM_GCC_493\Debug\Cm3Start.o
 .debug_abbrev  0x000003cc      0x183 .\CortexM3\ARM_GCC_493\Debug\SPIS_Example01.a(cyfitter_cfg.o)
 .debug_abbrev  0x0000054f       0x8b .\CortexM3\ARM_GCC_493\Debug\SPIS_Example01.a(DMA_RX_dma.o)
 .debug_abbrev  0x000005da      0x13e .\CortexM3\ARM_GCC_493\Debug\SPIS_Example01.a(SPIS.o)
 .debug_abbrev  0x00000718       0x8b .\CortexM3\ARM_GCC_493\Debug\SPIS_Example01.a(DMA_TX_dma.o)
 .debug_abbrev  0x000007a3       0x14 .\CortexM3\ARM_GCC_493\Debug\SPIS_Example01.a(CyBootAsmGnu.o)
 .debug_abbrev  0x000007b7      0x194 .\CortexM3\ARM_GCC_493\Debug\SPIS_Example01.a(CyDmac.o)
 .debug_abbrev  0x0000094b      0x217 .\CortexM3\ARM_GCC_493\Debug\SPIS_Example01.a(CyLib.o)
 .debug_abbrev  0x00000b62      0x161 .\CortexM3\ARM_GCC_493\Debug\SPIS_Example01.a(cyPm.o)
 .debug_abbrev  0x00000cc3      0x1f3 .\CortexM3\ARM_GCC_493\Debug\SPIS_Example01.a(USBUART.o)
 .debug_abbrev  0x00000eb6      0x233 .\CortexM3\ARM_GCC_493\Debug\SPIS_Example01.a(USBUART_cdc.o)
 .debug_abbrev  0x000010e9      0x161 .\CortexM3\ARM_GCC_493\Debug\SPIS_Example01.a(USBUART_drv.o)
 .debug_abbrev  0x0000124a       0xfd .\CortexM3\ARM_GCC_493\Debug\SPIS_Example01.a(USBUART_episr.o)
 .debug_abbrev  0x00001347       0xd1 .\CortexM3\ARM_GCC_493\Debug\SPIS_Example01.a(USBUART_pm.o)
 .debug_abbrev  0x00001418      0x1c2 .\CortexM3\ARM_GCC_493\Debug\SPIS_Example01.a(USBUART_std.o)
 .debug_abbrev  0x000015da       0x9b .\CortexM3\ARM_GCC_493\Debug\SPIS_Example01.a(USBUART_vnd.o)
 .debug_abbrev  0x00001675       0x90 .\CortexM3\ARM_GCC_493\Debug\SPIS_Example01.a(USBUART_Dp.o)
 .debug_abbrev  0x00001705      0x120 .\CortexM3\ARM_GCC_493\Debug\SPIS_Example01.a(CyFlash.o)
 .debug_abbrev  0x00001825      0x16c .\CortexM3\ARM_GCC_493\Debug\SPIS_Example01.a(CySpc.o)
 .debug_abbrev  0x00001991       0xc5 .\CortexM3\ARM_GCC_493\Debug\SPIS_Example01.a(USBUART_cls.o)
 .debug_abbrev  0x00001a56       0xb4 .\CortexM3\ARM_GCC_493\Debug\SPIS_Example01.a(USBUART_descr.o)

.debug_line     0x00000000     0x2f02
 *(.debug_line)
 .debug_line    0x00000000      0x1b8 .\CortexM3\ARM_GCC_493\Debug\main.o
 .debug_line    0x000001b8      0x1a3 .\CortexM3\ARM_GCC_493\Debug\uart.o
 .debug_line    0x0000035b       0x53 .\CortexM3\ARM_GCC_493\Debug\cymetadata.o
 .debug_line    0x000003ae      0x1d5 .\CortexM3\ARM_GCC_493\Debug\Cm3Start.o
 .debug_line    0x00000583      0x21c .\CortexM3\ARM_GCC_493\Debug\SPIS_Example01.a(cyfitter_cfg.o)
 .debug_line    0x0000079f       0x92 .\CortexM3\ARM_GCC_493\Debug\SPIS_Example01.a(DMA_RX_dma.o)
 .debug_line    0x00000831      0x273 .\CortexM3\ARM_GCC_493\Debug\SPIS_Example01.a(SPIS.o)
 .debug_line    0x00000aa4       0x92 .\CortexM3\ARM_GCC_493\Debug\SPIS_Example01.a(DMA_TX_dma.o)
 .debug_line    0x00000b36       0x68 .\CortexM3\ARM_GCC_493\Debug\SPIS_Example01.a(CyBootAsmGnu.o)
 .debug_line    0x00000b9e      0x2b7 .\CortexM3\ARM_GCC_493\Debug\SPIS_Example01.a(CyDmac.o)
 .debug_line    0x00000e55      0x872 .\CortexM3\ARM_GCC_493\Debug\SPIS_Example01.a(CyLib.o)
 .debug_line    0x000016c7      0x381 .\CortexM3\ARM_GCC_493\Debug\SPIS_Example01.a(cyPm.o)
 .debug_line    0x00001a48      0x304 .\CortexM3\ARM_GCC_493\Debug\SPIS_Example01.a(USBUART.o)
 .debug_line    0x00001d4c      0x30e .\CortexM3\ARM_GCC_493\Debug\SPIS_Example01.a(USBUART_cdc.o)
 .debug_line    0x0000205a      0x21c .\CortexM3\ARM_GCC_493\Debug\SPIS_Example01.a(USBUART_drv.o)
 .debug_line    0x00002276       0xf4 .\CortexM3\ARM_GCC_493\Debug\SPIS_Example01.a(USBUART_episr.o)
 .debug_line    0x0000236a       0xe8 .\CortexM3\ARM_GCC_493\Debug\SPIS_Example01.a(USBUART_pm.o)
 .debug_line    0x00002452      0x45d .\CortexM3\ARM_GCC_493\Debug\SPIS_Example01.a(USBUART_std.o)
 .debug_line    0x000028af       0x7b .\CortexM3\ARM_GCC_493\Debug\SPIS_Example01.a(USBUART_vnd.o)
 .debug_line    0x0000292a       0xc0 .\CortexM3\ARM_GCC_493\Debug\SPIS_Example01.a(USBUART_Dp.o)
 .debug_line    0x000029ea      0x207 .\CortexM3\ARM_GCC_493\Debug\SPIS_Example01.a(CyFlash.o)
 .debug_line    0x00002bf1      0x217 .\CortexM3\ARM_GCC_493\Debug\SPIS_Example01.a(CySpc.o)
 .debug_line    0x00002e08       0x97 .\CortexM3\ARM_GCC_493\Debug\SPIS_Example01.a(USBUART_cls.o)
 .debug_line    0x00002e9f       0x63 .\CortexM3\ARM_GCC_493\Debug\SPIS_Example01.a(USBUART_descr.o)

.debug_frame    0x00000000     0x3428
 *(.debug_frame)
 .debug_frame   0x00000000       0x68 .\CortexM3\ARM_GCC_493\Debug\main.o
 .debug_frame   0x00000068       0x7c .\CortexM3\ARM_GCC_493\Debug\uart.o
 .debug_frame   0x000000e4       0xd8 .\CortexM3\ARM_GCC_493\Debug\Cm3Start.o
 .debug_frame   0x000001bc      0x160 .\CortexM3\ARM_GCC_493\Debug\SPIS_Example01.a(cyfitter_cfg.o)
 .debug_frame   0x0000031c       0x58 .\CortexM3\ARM_GCC_493\Debug\SPIS_Example01.a(DMA_RX_dma.o)
 .debug_frame   0x00000374      0x3c4 .\CortexM3\ARM_GCC_493\Debug\SPIS_Example01.a(SPIS.o)
 .debug_frame   0x00000738       0x58 .\CortexM3\ARM_GCC_493\Debug\SPIS_Example01.a(DMA_TX_dma.o)
 .debug_frame   0x00000790      0x3d0 .\CortexM3\ARM_GCC_493\Debug\SPIS_Example01.a(CyDmac.o)
 .debug_frame   0x00000b60      0xbe8 .\CortexM3\ARM_GCC_493\Debug\SPIS_Example01.a(CyLib.o)
 .debug_frame   0x00001748      0x234 .\CortexM3\ARM_GCC_493\Debug\SPIS_Example01.a(cyPm.o)
 .debug_frame   0x0000197c      0x37c .\CortexM3\ARM_GCC_493\Debug\SPIS_Example01.a(USBUART.o)
 .debug_frame   0x00001cf8      0x3ec .\CortexM3\ARM_GCC_493\Debug\SPIS_Example01.a(USBUART_cdc.o)
 .debug_frame   0x000020e4      0x23c .\CortexM3\ARM_GCC_493\Debug\SPIS_Example01.a(USBUART_drv.o)
 .debug_frame   0x00002320       0xbc .\CortexM3\ARM_GCC_493\Debug\SPIS_Example01.a(USBUART_episr.o)
 .debug_frame   0x000023dc       0xbc .\CortexM3\ARM_GCC_493\Debug\SPIS_Example01.a(USBUART_pm.o)
 .debug_frame   0x00002498      0x224 .\CortexM3\ARM_GCC_493\Debug\SPIS_Example01.a(USBUART_std.o)
 .debug_frame   0x000026bc       0x38 .\CortexM3\ARM_GCC_493\Debug\SPIS_Example01.a(USBUART_vnd.o)
 .debug_frame   0x000026f4       0xf4 .\CortexM3\ARM_GCC_493\Debug\SPIS_Example01.a(USBUART_Dp.o)
 .debug_frame   0x000027e8      0x210 .\CortexM3\ARM_GCC_493\Debug\SPIS_Example01.a(CyFlash.o)
 .debug_frame   0x000029f8      0x1f8 .\CortexM3\ARM_GCC_493\Debug\SPIS_Example01.a(CySpc.o)
 .debug_frame   0x00002bf0       0x38 .\CortexM3\ARM_GCC_493\Debug\SPIS_Example01.a(USBUART_cls.o)
 .debug_frame   0x00002c28       0x20 c:/program files (x86)/cypress/psoc creator/3.3/psoc creator/import/gnu/arm/4.9.3/bin/../lib/gcc/arm-none-eabi/4.9.3/../../../../arm-none-eabi/lib/armv7-m\libg_nano.a(lib_a-errno.o)
 .debug_frame   0x00002c48       0x28 c:/program files (x86)/cypress/psoc creator/3.3/psoc creator/import/gnu/arm/4.9.3/bin/../lib/gcc/arm-none-eabi/4.9.3/../../../../arm-none-eabi/lib/armv7-m\libg_nano.a(lib_a-exit.o)
 .debug_frame   0x00002c70       0x2c c:/program files (x86)/cypress/psoc creator/3.3/psoc creator/import/gnu/arm/4.9.3/bin/../lib/gcc/arm-none-eabi/4.9.3/../../../../arm-none-eabi/lib/armv7-m\libg_nano.a(lib_a-init.o)
 .debug_frame   0x00002c9c       0x28 c:/program files (x86)/cypress/psoc creator/3.3/psoc creator/import/gnu/arm/4.9.3/bin/../lib/gcc/arm-none-eabi/4.9.3/../../../../arm-none-eabi/lib/armv7-m\libg_nano.a(lib_a-memcpy.o)
 .debug_frame   0x00002cc4       0x20 c:/program files (x86)/cypress/psoc creator/3.3/psoc creator/import/gnu/arm/4.9.3/bin/../lib/gcc/arm-none-eabi/4.9.3/../../../../arm-none-eabi/lib/armv7-m\libg_nano.a(lib_a-memset.o)
 .debug_frame   0x00002ce4       0x8c c:/program files (x86)/cypress/psoc creator/3.3/psoc creator/import/gnu/arm/4.9.3/bin/../lib/gcc/arm-none-eabi/4.9.3/../../../../arm-none-eabi/lib/armv7-m\libg_nano.a(lib_a-nano-vfprintf_float.o)
 .debug_frame   0x00002d70       0x58 c:/program files (x86)/cypress/psoc creator/3.3/psoc creator/import/gnu/arm/4.9.3/bin/../lib/gcc/arm-none-eabi/4.9.3/../../../../arm-none-eabi/lib/armv7-m\libg_nano.a(lib_a-nano-vfprintf_i.o)
 .debug_frame   0x00002dc8       0x28 c:/program files (x86)/cypress/psoc creator/3.3/psoc creator/import/gnu/arm/4.9.3/bin/../lib/gcc/arm-none-eabi/4.9.3/../../../../arm-none-eabi/lib/armv7-m\libg_nano.a(lib_a-s_fpclassify.o)
 .debug_frame   0x00002df0       0x70 c:/program files (x86)/cypress/psoc creator/3.3/psoc creator/import/gnu/arm/4.9.3/bin/../lib/gcc/arm-none-eabi/4.9.3/../../../../arm-none-eabi/lib/armv7-m\libg_nano.a(lib_a-sprintf.o)
 .debug_frame   0x00002e60       0x20 c:/program files (x86)/cypress/psoc creator/3.3/psoc creator/import/gnu/arm/4.9.3/bin/../lib/gcc/arm-none-eabi/4.9.3/../../../../arm-none-eabi/lib/armv7-m\libg_nano.a(lib_a-strlen.o)
 .debug_frame   0x00002e80       0x6c c:/program files (x86)/cypress/psoc creator/3.3/psoc creator/import/gnu/arm/4.9.3/bin/../lib/gcc/arm-none-eabi/4.9.3/../../../../arm-none-eabi/lib/armv7-m\libg_nano.a(lib_a-dtoa.o)
 .debug_frame   0x00002eec       0x98 c:/program files (x86)/cypress/psoc creator/3.3/psoc creator/import/gnu/arm/4.9.3/bin/../lib/gcc/arm-none-eabi/4.9.3/../../../../arm-none-eabi/lib/armv7-m\libg_nano.a(lib_a-locale.o)
 .debug_frame   0x00002f84       0x30 c:/program files (x86)/cypress/psoc creator/3.3/psoc creator/import/gnu/arm/4.9.3/bin/../lib/gcc/arm-none-eabi/4.9.3/../../../../arm-none-eabi/lib/armv7-m\libg_nano.a(lib_a-malloc.o)
 .debug_frame   0x00002fb4       0x28 c:/program files (x86)/cypress/psoc creator/3.3/psoc creator/import/gnu/arm/4.9.3/bin/../lib/gcc/arm-none-eabi/4.9.3/../../../../arm-none-eabi/lib/armv7-m\libg_nano.a(lib_a-memchr.o)
 .debug_frame   0x00002fdc      0x230 c:/program files (x86)/cypress/psoc creator/3.3/psoc creator/import/gnu/arm/4.9.3/bin/../lib/gcc/arm-none-eabi/4.9.3/../../../../arm-none-eabi/lib/armv7-m\libg_nano.a(lib_a-mprec.o)
 .debug_frame   0x0000320c       0x2c c:/program files (x86)/cypress/psoc creator/3.3/psoc creator/import/gnu/arm/4.9.3/bin/../lib/gcc/arm-none-eabi/4.9.3/../../../../arm-none-eabi/lib/armv7-m\libg_nano.a(lib_a-nano-callocr.o)
 .debug_frame   0x00003238       0x2c c:/program files (x86)/cypress/psoc creator/3.3/psoc creator/import/gnu/arm/4.9.3/bin/../lib/gcc/arm-none-eabi/4.9.3/../../../../arm-none-eabi/lib/armv7-m\libg_nano.a(lib_a-nano-freer.o)
 .debug_frame   0x00003264       0x2c c:/program files (x86)/cypress/psoc creator/3.3/psoc creator/import/gnu/arm/4.9.3/bin/../lib/gcc/arm-none-eabi/4.9.3/../../../../arm-none-eabi/lib/armv7-m\libg_nano.a(lib_a-nano-mallocr.o)
 .debug_frame   0x00003290       0x8c c:/program files (x86)/cypress/psoc creator/3.3/psoc creator/import/gnu/arm/4.9.3/bin/../lib/gcc/arm-none-eabi/4.9.3/../../../../arm-none-eabi/lib/armv7-m\libg_nano.a(lib_a-nano-svfprintf.o)
 .debug_frame   0x0000331c       0x2c c:/program files (x86)/cypress/psoc creator/3.3/psoc creator/import/gnu/arm/4.9.3/bin/../lib/gcc/arm-none-eabi/4.9.3/../../../../arm-none-eabi/lib/armv7-m\libg_nano.a(lib_a-sbrkr.o)
 .debug_frame   0x00003348       0x28 c:/program files (x86)/cypress/psoc creator/3.3/psoc creator/import/gnu/arm/4.9.3/bin/../lib/gcc/arm-none-eabi/4.9.3/../../../../arm-none-eabi/lib/armv7-m\libg_nano.a(lib_a-memmove.o)
 .debug_frame   0x00003370       0x3c c:/program files (x86)/cypress/psoc creator/3.3/psoc creator/import/gnu/arm/4.9.3/bin/../lib/gcc/arm-none-eabi/4.9.3/../../../../arm-none-eabi/lib/armv7-m\libg_nano.a(lib_a-nano-reallocr.o)
 .debug_frame   0x000033ac       0x5c c:/program files (x86)/cypress/psoc creator/3.3/psoc creator/import/gnu/arm/4.9.3/bin/../lib/gcc/arm-none-eabi/4.9.3/../../../../arm-none-eabi/lib/armv7-m\libg_nano.a(lib_a-reent.o)
 .debug_frame   0x00003408       0x20 c:/program files (x86)/cypress/psoc creator/3.3/psoc creator/import/gnu/arm/4.9.3/bin/../lib/gcc/arm-none-eabi/4.9.3/../../../../arm-none-eabi/lib/armv7-m\libg_nano.a(lib_a-nano-msizer.o)

.debug_str      0x00000000     0x2b0c
 *(.debug_str)
 .debug_str     0x00000000      0x1d8 .\CortexM3\ARM_GCC_493\Debug\main.o
                                0x219 (size before relaxing)
 .debug_str     0x000001d8       0x66 .\CortexM3\ARM_GCC_493\Debug\uart.o
                                0x209 (size before relaxing)
 .debug_str     0x0000023e       0x77 .\CortexM3\ARM_GCC_493\Debug\cymetadata.o
                                0x1fa (size before relaxing)
 .debug_str     0x000002b5      0x12d .\CortexM3\ARM_GCC_493\Debug\Cm3Start.o
                                0x2db (size before relaxing)
 .debug_str     0x000003e2      0x181 .\CortexM3\ARM_GCC_493\Debug\SPIS_Example01.a(cyfitter_cfg.o)
                                0x323 (size before relaxing)
 .debug_str     0x00000563       0x99 .\CortexM3\ARM_GCC_493\Debug\SPIS_Example01.a(DMA_RX_dma.o)
                                0x223 (size before relaxing)
 .debug_str     0x000005fc      0x24f .\CortexM3\ARM_GCC_493\Debug\SPIS_Example01.a(SPIS.o)
                                0x3dc (size before relaxing)
 .debug_str     0x0000084b       0x5e .\CortexM3\ARM_GCC_493\Debug\SPIS_Example01.a(DMA_TX_dma.o)
                                0x223 (size before relaxing)
 .debug_str     0x000008a9      0x36f .\CortexM3\ARM_GCC_493\Debug\SPIS_Example01.a(CyDmac.o)
                                0x521 (size before relaxing)
 .debug_str     0x00000c18      0x7b7 .\CortexM3\ARM_GCC_493\Debug\SPIS_Example01.a(CyLib.o)
                                0x9d6 (size before relaxing)
 .debug_str     0x000013cf      0x367 .\CortexM3\ARM_GCC_493\Debug\SPIS_Example01.a(cyPm.o)
                                0x53b (size before relaxing)
 .debug_str     0x00001736      0x417 .\CortexM3\ARM_GCC_493\Debug\SPIS_Example01.a(USBUART.o)
                                0x5ef (size before relaxing)
 .debug_str     0x00001b4d      0x4ac .\CortexM3\ARM_GCC_493\Debug\SPIS_Example01.a(USBUART_cdc.o)
                                0x71e (size before relaxing)
 .debug_str     0x00001ff9      0x298 .\CortexM3\ARM_GCC_493\Debug\SPIS_Example01.a(USBUART_drv.o)
                                0x5fe (size before relaxing)
 .debug_str     0x00002291       0x82 .\CortexM3\ARM_GCC_493\Debug\SPIS_Example01.a(USBUART_episr.o)
                                0x2cb (size before relaxing)
 .debug_str     0x00002313       0xae .\CortexM3\ARM_GCC_493\Debug\SPIS_Example01.a(USBUART_pm.o)
                                0x26f (size before relaxing)
 .debug_str     0x000023c1      0x29c .\CortexM3\ARM_GCC_493\Debug\SPIS_Example01.a(USBUART_std.o)
                                0x746 (size before relaxing)
 .debug_str     0x0000265d       0x40 .\CortexM3\ARM_GCC_493\Debug\SPIS_Example01.a(USBUART_vnd.o)
                                0x1f1 (size before relaxing)
 .debug_str     0x0000269d       0xc0 .\CortexM3\ARM_GCC_493\Debug\SPIS_Example01.a(USBUART_Dp.o)
                                0x251 (size before relaxing)
 .debug_str     0x0000275d      0x140 .\CortexM3\ARM_GCC_493\Debug\SPIS_Example01.a(CyFlash.o)
                                0x2fa (size before relaxing)
 .debug_str     0x0000289d      0x128 .\CortexM3\ARM_GCC_493\Debug\SPIS_Example01.a(CySpc.o)
                                0x2f7 (size before relaxing)
 .debug_str     0x000029c5       0x41 .\CortexM3\ARM_GCC_493\Debug\SPIS_Example01.a(USBUART_cls.o)
                                0x293 (size before relaxing)
 .debug_str     0x00002a06      0x106 .\CortexM3\ARM_GCC_493\Debug\SPIS_Example01.a(USBUART_descr.o)
                                0x35d (size before relaxing)

.debug_loc
 *(.debug_loc)

.debug_macinfo
 *(.debug_macinfo)

.debug_ranges   0x00000000      0x9b8
 *(.debug_ranges)
 .debug_ranges  0x00000000       0x20 .\CortexM3\ARM_GCC_493\Debug\main.o
 .debug_ranges  0x00000020       0x20 .\CortexM3\ARM_GCC_493\Debug\uart.o
 .debug_ranges  0x00000040       0x38 .\CortexM3\ARM_GCC_493\Debug\Cm3Start.o
 .debug_ranges  0x00000078       0x50 .\CortexM3\ARM_GCC_493\Debug\SPIS_Example01.a(cyfitter_cfg.o)
 .debug_ranges  0x000000c8       0x18 .\CortexM3\ARM_GCC_493\Debug\SPIS_Example01.a(DMA_RX_dma.o)
 .debug_ranges  0x000000e0       0xd0 .\CortexM3\ARM_GCC_493\Debug\SPIS_Example01.a(SPIS.o)
 .debug_ranges  0x000001b0       0x18 .\CortexM3\ARM_GCC_493\Debug\SPIS_Example01.a(DMA_TX_dma.o)
 .debug_ranges  0x000001c8       0xc8 .\CortexM3\ARM_GCC_493\Debug\SPIS_Example01.a(CyDmac.o)
 .debug_ranges  0x00000290      0x288 .\CortexM3\ARM_GCC_493\Debug\SPIS_Example01.a(CyLib.o)
 .debug_ranges  0x00000518       0x88 .\CortexM3\ARM_GCC_493\Debug\SPIS_Example01.a(cyPm.o)
 .debug_ranges  0x000005a0       0xb8 .\CortexM3\ARM_GCC_493\Debug\SPIS_Example01.a(USBUART.o)
 .debug_ranges  0x00000658       0xd8 .\CortexM3\ARM_GCC_493\Debug\SPIS_Example01.a(USBUART_cdc.o)
 .debug_ranges  0x00000730       0x88 .\CortexM3\ARM_GCC_493\Debug\SPIS_Example01.a(USBUART_drv.o)
 .debug_ranges  0x000007b8       0x30 .\CortexM3\ARM_GCC_493\Debug\SPIS_Example01.a(USBUART_episr.o)
 .debug_ranges  0x000007e8       0x30 .\CortexM3\ARM_GCC_493\Debug\SPIS_Example01.a(USBUART_pm.o)
 .debug_ranges  0x00000818       0x70 .\CortexM3\ARM_GCC_493\Debug\SPIS_Example01.a(USBUART_std.o)
 .debug_ranges  0x00000888       0x10 .\CortexM3\ARM_GCC_493\Debug\SPIS_Example01.a(USBUART_vnd.o)
 .debug_ranges  0x00000898       0x38 .\CortexM3\ARM_GCC_493\Debug\SPIS_Example01.a(USBUART_Dp.o)
 .debug_ranges  0x000008d0       0x70 .\CortexM3\ARM_GCC_493\Debug\SPIS_Example01.a(CyFlash.o)
 .debug_ranges  0x00000940       0x68 .\CortexM3\ARM_GCC_493\Debug\SPIS_Example01.a(CySpc.o)
 .debug_ranges  0x000009a8       0x10 .\CortexM3\ARM_GCC_493\Debug\SPIS_Example01.a(USBUART_cls.o)

.comment        0x00000000       0x70
 .comment       0x00000000       0x70 .\CortexM3\ARM_GCC_493\Debug\main.o
                                 0x71 (size before relaxing)
 .comment       0x00000000       0x71 .\CortexM3\ARM_GCC_493\Debug\uart.o
 .comment       0x00000000       0x71 .\CortexM3\ARM_GCC_493\Debug\cymetadata.o
 .comment       0x00000000       0x71 .\CortexM3\ARM_GCC_493\Debug\Cm3Start.o
 .comment       0x00000000       0x71 .\CortexM3\ARM_GCC_493\Debug\SPIS_Example01.a(cyfitter_cfg.o)
 .comment       0x00000000       0x71 .\CortexM3\ARM_GCC_493\Debug\SPIS_Example01.a(DMA_RX_dma.o)
 .comment       0x00000000       0x71 .\CortexM3\ARM_GCC_493\Debug\SPIS_Example01.a(SPIS.o)
 .comment       0x00000000       0x71 .\CortexM3\ARM_GCC_493\Debug\SPIS_Example01.a(DMA_TX_dma.o)
 .comment       0x00000000       0x71 .\CortexM3\ARM_GCC_493\Debug\SPIS_Example01.a(CyDmac.o)
 .comment       0x00000000       0x71 .\CortexM3\ARM_GCC_493\Debug\SPIS_Example01.a(CyLib.o)
 .comment       0x00000000       0x71 .\CortexM3\ARM_GCC_493\Debug\SPIS_Example01.a(cyPm.o)
 .comment       0x00000000       0x71 .\CortexM3\ARM_GCC_493\Debug\SPIS_Example01.a(USBUART.o)
 .comment       0x00000000       0x71 .\CortexM3\ARM_GCC_493\Debug\SPIS_Example01.a(USBUART_cdc.o)
 .comment       0x00000000       0x71 .\CortexM3\ARM_GCC_493\Debug\SPIS_Example01.a(USBUART_drv.o)
 .comment       0x00000000       0x71 .\CortexM3\ARM_GCC_493\Debug\SPIS_Example01.a(USBUART_episr.o)
 .comment       0x00000000       0x71 .\CortexM3\ARM_GCC_493\Debug\SPIS_Example01.a(USBUART_pm.o)
 .comment       0x00000000       0x71 .\CortexM3\ARM_GCC_493\Debug\SPIS_Example01.a(USBUART_std.o)
 .comment       0x00000000       0x71 .\CortexM3\ARM_GCC_493\Debug\SPIS_Example01.a(USBUART_vnd.o)
 .comment       0x00000000       0x71 .\CortexM3\ARM_GCC_493\Debug\SPIS_Example01.a(USBUART_Dp.o)
 .comment       0x00000000       0x71 .\CortexM3\ARM_GCC_493\Debug\SPIS_Example01.a(CyFlash.o)
 .comment       0x00000000       0x71 .\CortexM3\ARM_GCC_493\Debug\SPIS_Example01.a(CySpc.o)
 .comment       0x00000000       0x71 .\CortexM3\ARM_GCC_493\Debug\SPIS_Example01.a(USBUART_cls.o)
 .comment       0x00000000       0x71 .\CortexM3\ARM_GCC_493\Debug\SPIS_Example01.a(USBUART_descr.o)

.debug_weaknames
 *(.debug_weaknames)

.debug_funcnames
 *(.debug_funcnames)

.debug_typenames
 *(.debug_typenames)

.debug_varnames
 *(.debug_varnames)

.note.gnu.arm.ident
 *(.note.gnu.arm.ident)

.ARM.attributes
                0x00000000       0x29
 *(.ARM.attributes)
 .ARM.attributes
                0x00000000       0x1d c:/program files (x86)/cypress/psoc creator/3.3/psoc creator/import/gnu/arm/4.9.3/bin/../lib/gcc/arm-none-eabi/4.9.3/armv7-m/crti.o
 .ARM.attributes
                0x0000001d       0x2d c:/program files (x86)/cypress/psoc creator/3.3/psoc creator/import/gnu/arm/4.9.3/bin/../lib/gcc/arm-none-eabi/4.9.3/armv7-m/crtbegin.o
 .ARM.attributes
                0x0000004a       0x1b c:/program files (x86)/cypress/psoc creator/3.3/psoc creator/import/gnu/arm/4.9.3/bin/../lib/gcc/arm-none-eabi/4.9.3/../../../../arm-none-eabi/lib/armv7-m/crt0.o
 .ARM.attributes
                0x00000065       0x33 .\CortexM3\ARM_GCC_493\Debug\main.o
 .ARM.attributes
                0x00000098       0x33 .\CortexM3\ARM_GCC_493\Debug\uart.o
 .ARM.attributes
                0x000000cb       0x33 .\CortexM3\ARM_GCC_493\Debug\cymetadata.o
 .ARM.attributes
                0x000000fe       0x33 .\CortexM3\ARM_GCC_493\Debug\Cm3Start.o
 .ARM.attributes
                0x00000131       0x33 .\CortexM3\ARM_GCC_493\Debug\SPIS_Example01.a(cyfitter_cfg.o)
 .ARM.attributes
                0x00000164       0x33 .\CortexM3\ARM_GCC_493\Debug\SPIS_Example01.a(DMA_RX_dma.o)
 .ARM.attributes
                0x00000197       0x33 .\CortexM3\ARM_GCC_493\Debug\SPIS_Example01.a(SPIS.o)
 .ARM.attributes
                0x000001ca       0x33 .\CortexM3\ARM_GCC_493\Debug\SPIS_Example01.a(DMA_TX_dma.o)
 .ARM.attributes
                0x000001fd       0x21 .\CortexM3\ARM_GCC_493\Debug\SPIS_Example01.a(CyBootAsmGnu.o)
 .ARM.attributes
                0x0000021e       0x33 .\CortexM3\ARM_GCC_493\Debug\SPIS_Example01.a(CyDmac.o)
 .ARM.attributes
                0x00000251       0x33 .\CortexM3\ARM_GCC_493\Debug\SPIS_Example01.a(CyLib.o)
 .ARM.attributes
                0x00000284       0x33 .\CortexM3\ARM_GCC_493\Debug\SPIS_Example01.a(cyPm.o)
 .ARM.attributes
                0x000002b7       0x33 .\CortexM3\ARM_GCC_493\Debug\SPIS_Example01.a(USBUART.o)
 .ARM.attributes
                0x000002ea       0x33 .\CortexM3\ARM_GCC_493\Debug\SPIS_Example01.a(USBUART_cdc.o)
 .ARM.attributes
                0x0000031d       0x33 .\CortexM3\ARM_GCC_493\Debug\SPIS_Example01.a(USBUART_drv.o)
 .ARM.attributes
                0x00000350       0x33 .\CortexM3\ARM_GCC_493\Debug\SPIS_Example01.a(USBUART_episr.o)
 .ARM.attributes
                0x00000383       0x33 .\CortexM3\ARM_GCC_493\Debug\SPIS_Example01.a(USBUART_pm.o)
 .ARM.attributes
                0x000003b6       0x33 .\CortexM3\ARM_GCC_493\Debug\SPIS_Example01.a(USBUART_std.o)
 .ARM.attributes
                0x000003e9       0x33 .\CortexM3\ARM_GCC_493\Debug\SPIS_Example01.a(USBUART_vnd.o)
 .ARM.attributes
                0x0000041c       0x33 .\CortexM3\ARM_GCC_493\Debug\SPIS_Example01.a(USBUART_Dp.o)
 .ARM.attributes
                0x0000044f       0x33 .\CortexM3\ARM_GCC_493\Debug\SPIS_Example01.a(CyFlash.o)
 .ARM.attributes
                0x00000482       0x33 .\CortexM3\ARM_GCC_493\Debug\SPIS_Example01.a(CySpc.o)
 .ARM.attributes
                0x000004b5       0x33 .\CortexM3\ARM_GCC_493\Debug\SPIS_Example01.a(USBUART_cls.o)
 .ARM.attributes
                0x000004e8       0x33 .\CortexM3\ARM_GCC_493\Debug\SPIS_Example01.a(USBUART_descr.o)
 .ARM.attributes
                0x0000051b       0x2d c:/program files (x86)/cypress/psoc creator/3.3/psoc creator/import/gnu/arm/4.9.3/bin/../lib/gcc/arm-none-eabi/4.9.3/../../../../arm-none-eabi/lib/armv7-m\libg_nano.a(lib_a-errno.o)
 .ARM.attributes
                0x00000548       0x2d c:/program files (x86)/cypress/psoc creator/3.3/psoc creator/import/gnu/arm/4.9.3/bin/../lib/gcc/arm-none-eabi/4.9.3/../../../../arm-none-eabi/lib/armv7-m\libg_nano.a(lib_a-exit.o)
 .ARM.attributes
                0x00000575       0x2d c:/program files (x86)/cypress/psoc creator/3.3/psoc creator/import/gnu/arm/4.9.3/bin/../lib/gcc/arm-none-eabi/4.9.3/../../../../arm-none-eabi/lib/armv7-m\libg_nano.a(lib_a-impure.o)
 .ARM.attributes
                0x000005a2       0x2d c:/program files (x86)/cypress/psoc creator/3.3/psoc creator/import/gnu/arm/4.9.3/bin/../lib/gcc/arm-none-eabi/4.9.3/../../../../arm-none-eabi/lib/armv7-m\libg_nano.a(lib_a-init.o)
 .ARM.attributes
                0x000005cf       0x2d c:/program files (x86)/cypress/psoc creator/3.3/psoc creator/import/gnu/arm/4.9.3/bin/../lib/gcc/arm-none-eabi/4.9.3/../../../../arm-none-eabi/lib/armv7-m\libg_nano.a(lib_a-memcpy.o)
 .ARM.attributes
                0x000005fc       0x2d c:/program files (x86)/cypress/psoc creator/3.3/psoc creator/import/gnu/arm/4.9.3/bin/../lib/gcc/arm-none-eabi/4.9.3/../../../../arm-none-eabi/lib/armv7-m\libg_nano.a(lib_a-memset.o)
 .ARM.attributes
                0x00000629       0x2d c:/program files (x86)/cypress/psoc creator/3.3/psoc creator/import/gnu/arm/4.9.3/bin/../lib/gcc/arm-none-eabi/4.9.3/../../../../arm-none-eabi/lib/armv7-m\libg_nano.a(lib_a-nano-vfprintf_float.o)
 .ARM.attributes
                0x00000656       0x2d c:/program files (x86)/cypress/psoc creator/3.3/psoc creator/import/gnu/arm/4.9.3/bin/../lib/gcc/arm-none-eabi/4.9.3/../../../../arm-none-eabi/lib/armv7-m\libg_nano.a(lib_a-nano-vfprintf_i.o)
 .ARM.attributes
                0x00000683       0x2d c:/program files (x86)/cypress/psoc creator/3.3/psoc creator/import/gnu/arm/4.9.3/bin/../lib/gcc/arm-none-eabi/4.9.3/../../../../arm-none-eabi/lib/armv7-m\libg_nano.a(lib_a-s_fpclassify.o)
 .ARM.attributes
                0x000006b0       0x2d c:/program files (x86)/cypress/psoc creator/3.3/psoc creator/import/gnu/arm/4.9.3/bin/../lib/gcc/arm-none-eabi/4.9.3/../../../../arm-none-eabi/lib/armv7-m\libg_nano.a(lib_a-sprintf.o)
 .ARM.attributes
                0x000006dd       0x2d c:/program files (x86)/cypress/psoc creator/3.3/psoc creator/import/gnu/arm/4.9.3/bin/../lib/gcc/arm-none-eabi/4.9.3/../../../../arm-none-eabi/lib/armv7-m\libg_nano.a(lib_a-strlen.o)
 .ARM.attributes
                0x0000070a       0x2d c:/program files (x86)/cypress/psoc creator/3.3/psoc creator/import/gnu/arm/4.9.3/bin/../lib/gcc/arm-none-eabi/4.9.3/../../../../arm-none-eabi/lib/armv7-m\libg_nano.a(lib_a-dtoa.o)
 .ARM.attributes
                0x00000737       0x2d c:/program files (x86)/cypress/psoc creator/3.3/psoc creator/import/gnu/arm/4.9.3/bin/../lib/gcc/arm-none-eabi/4.9.3/../../../../arm-none-eabi/lib/armv7-m\libg_nano.a(lib_a-locale.o)
 .ARM.attributes
                0x00000764       0x2d c:/program files (x86)/cypress/psoc creator/3.3/psoc creator/import/gnu/arm/4.9.3/bin/../lib/gcc/arm-none-eabi/4.9.3/../../../../arm-none-eabi/lib/armv7-m\libg_nano.a(lib_a-malloc.o)
 .ARM.attributes
                0x00000791       0x2d c:/program files (x86)/cypress/psoc creator/3.3/psoc creator/import/gnu/arm/4.9.3/bin/../lib/gcc/arm-none-eabi/4.9.3/../../../../arm-none-eabi/lib/armv7-m\libg_nano.a(lib_a-memchr.o)
 .ARM.attributes
                0x000007be       0x2d c:/program files (x86)/cypress/psoc creator/3.3/psoc creator/import/gnu/arm/4.9.3/bin/../lib/gcc/arm-none-eabi/4.9.3/../../../../arm-none-eabi/lib/armv7-m\libg_nano.a(lib_a-mprec.o)
 .ARM.attributes
                0x000007eb       0x2d c:/program files (x86)/cypress/psoc creator/3.3/psoc creator/import/gnu/arm/4.9.3/bin/../lib/gcc/arm-none-eabi/4.9.3/../../../../arm-none-eabi/lib/armv7-m\libg_nano.a(lib_a-nano-callocr.o)
 .ARM.attributes
                0x00000818       0x2d c:/program files (x86)/cypress/psoc creator/3.3/psoc creator/import/gnu/arm/4.9.3/bin/../lib/gcc/arm-none-eabi/4.9.3/../../../../arm-none-eabi/lib/armv7-m\libg_nano.a(lib_a-nano-freer.o)
 .ARM.attributes
                0x00000845       0x2d c:/program files (x86)/cypress/psoc creator/3.3/psoc creator/import/gnu/arm/4.9.3/bin/../lib/gcc/arm-none-eabi/4.9.3/../../../../arm-none-eabi/lib/armv7-m\libg_nano.a(lib_a-nano-mallocr.o)
 .ARM.attributes
                0x00000872       0x2d c:/program files (x86)/cypress/psoc creator/3.3/psoc creator/import/gnu/arm/4.9.3/bin/../lib/gcc/arm-none-eabi/4.9.3/../../../../arm-none-eabi/lib/armv7-m\libg_nano.a(lib_a-nano-svfprintf.o)
 .ARM.attributes
                0x0000089f       0x2d c:/program files (x86)/cypress/psoc creator/3.3/psoc creator/import/gnu/arm/4.9.3/bin/../lib/gcc/arm-none-eabi/4.9.3/../../../../arm-none-eabi/lib/armv7-m\libg_nano.a(lib_a-sbrkr.o)
 .ARM.attributes
                0x000008cc       0x1b c:/program files (x86)/cypress/psoc creator/3.3/psoc creator/import/gnu/arm/4.9.3/bin/../lib/gcc/arm-none-eabi/4.9.3/../../../../arm-none-eabi/lib/armv7-m\libg_nano.a(lib_a-strcmp.o)
 .ARM.attributes
                0x000008e7       0x2d c:/program files (x86)/cypress/psoc creator/3.3/psoc creator/import/gnu/arm/4.9.3/bin/../lib/gcc/arm-none-eabi/4.9.3/../../../../arm-none-eabi/lib/armv7-m\libg_nano.a(lib_a-memmove.o)
 .ARM.attributes
                0x00000914       0x2d c:/program files (x86)/cypress/psoc creator/3.3/psoc creator/import/gnu/arm/4.9.3/bin/../lib/gcc/arm-none-eabi/4.9.3/../../../../arm-none-eabi/lib/armv7-m\libg_nano.a(lib_a-nano-reallocr.o)
 .ARM.attributes
                0x00000941       0x2d c:/program files (x86)/cypress/psoc creator/3.3/psoc creator/import/gnu/arm/4.9.3/bin/../lib/gcc/arm-none-eabi/4.9.3/../../../../arm-none-eabi/lib/armv7-m\libg_nano.a(lib_a-reent.o)
 .ARM.attributes
                0x0000096e       0x2d c:/program files (x86)/cypress/psoc creator/3.3/psoc creator/import/gnu/arm/4.9.3/bin/../lib/gcc/arm-none-eabi/4.9.3/../../../../arm-none-eabi/lib/armv7-m\libg_nano.a(lib_a-nano-msizer.o)
 .ARM.attributes
                0x0000099b       0x1d c:/program files (x86)/cypress/psoc creator/3.3/psoc creator/import/gnu/arm/4.9.3/bin/../lib/gcc/arm-none-eabi/4.9.3/armv7-m\libgcc.a(_arm_addsubdf3.o)
 .ARM.attributes
                0x000009b8       0x1d c:/program files (x86)/cypress/psoc creator/3.3/psoc creator/import/gnu/arm/4.9.3/bin/../lib/gcc/arm-none-eabi/4.9.3/armv7-m\libgcc.a(_arm_muldivdf3.o)
 .ARM.attributes
                0x000009d5       0x1d c:/program files (x86)/cypress/psoc creator/3.3/psoc creator/import/gnu/arm/4.9.3/bin/../lib/gcc/arm-none-eabi/4.9.3/armv7-m\libgcc.a(_arm_cmpdf2.o)
 .ARM.attributes
                0x000009f2       0x1d c:/program files (x86)/cypress/psoc creator/3.3/psoc creator/import/gnu/arm/4.9.3/bin/../lib/gcc/arm-none-eabi/4.9.3/armv7-m\libgcc.a(_arm_fixdfsi.o)
 .ARM.attributes
                0x00000a0f       0x2d c:/program files (x86)/cypress/psoc creator/3.3/psoc creator/import/gnu/arm/4.9.3/bin/../lib/gcc/arm-none-eabi/4.9.3/armv7-m/crtend.o
 .ARM.attributes
                0x00000a3c       0x1d c:/program files (x86)/cypress/psoc creator/3.3/psoc creator/import/gnu/arm/4.9.3/bin/../lib/gcc/arm-none-eabi/4.9.3/armv7-m/crtn.o

/DISCARD/
 *(.note.GNU-stack)
OUTPUT(.\CortexM3\ARM_GCC_493\Debug\SPIS_Example01.elf elf32-littlearm)
