ARM GAS  C:\Users\LUKASC~1\AppData\Local\Temp\cc8jZhO9.s 			page 1


   1              		.syntax unified
   2              		.cpu cortex-m3
   3              		.fpu softvfp
   4              		.eabi_attribute 20, 1
   5              		.eabi_attribute 21, 1
   6              		.eabi_attribute 23, 3
   7              		.eabi_attribute 24, 1
   8              		.eabi_attribute 25, 1
   9              		.eabi_attribute 26, 1
  10              		.eabi_attribute 30, 6
  11              		.eabi_attribute 34, 1
  12              		.eabi_attribute 18, 4
  13              		.thumb
  14              		.file	"PWM_1_PM.c"
  15              		.text
  16              	.Ltext0:
  17              		.cfi_sections	.debug_frame
  18              		.bss
  19              		.align	2
  20              	PWM_1_backup:
  21 0000 00       		.space	1
  22 0001 000000   		.section	.text.PWM_1_SaveConfig,"ax",%progbits
  23              		.align	2
  24              		.global	PWM_1_SaveConfig
  25              		.thumb
  26              		.thumb_func
  27              		.type	PWM_1_SaveConfig, %function
  28              	PWM_1_SaveConfig:
  29              	.LFB0:
  30              		.file 1 ".\\Generated_Source\\PSoC5\\PWM_1_PM.c"
   1:.\Generated_Source\PSoC5/PWM_1_PM.c **** /*******************************************************************************
   2:.\Generated_Source\PSoC5/PWM_1_PM.c **** * File Name: PWM_1_PM.c
   3:.\Generated_Source\PSoC5/PWM_1_PM.c **** * Version 3.30
   4:.\Generated_Source\PSoC5/PWM_1_PM.c **** *
   5:.\Generated_Source\PSoC5/PWM_1_PM.c **** * Description:
   6:.\Generated_Source\PSoC5/PWM_1_PM.c **** *  This file provides the power management source code to API for the
   7:.\Generated_Source\PSoC5/PWM_1_PM.c **** *  PWM.
   8:.\Generated_Source\PSoC5/PWM_1_PM.c **** *
   9:.\Generated_Source\PSoC5/PWM_1_PM.c **** * Note:
  10:.\Generated_Source\PSoC5/PWM_1_PM.c **** *
  11:.\Generated_Source\PSoC5/PWM_1_PM.c **** ********************************************************************************
  12:.\Generated_Source\PSoC5/PWM_1_PM.c **** * Copyright 2008-2014, Cypress Semiconductor Corporation.  All rights reserved.
  13:.\Generated_Source\PSoC5/PWM_1_PM.c **** * You may use this file only in accordance with the license, terms, conditions,
  14:.\Generated_Source\PSoC5/PWM_1_PM.c **** * disclaimers, and limitations in the end user license agreement accompanying
  15:.\Generated_Source\PSoC5/PWM_1_PM.c **** * the software package with which this file was provided.
  16:.\Generated_Source\PSoC5/PWM_1_PM.c **** *******************************************************************************/
  17:.\Generated_Source\PSoC5/PWM_1_PM.c **** 
  18:.\Generated_Source\PSoC5/PWM_1_PM.c **** #include "PWM_1.h"
  19:.\Generated_Source\PSoC5/PWM_1_PM.c **** 
  20:.\Generated_Source\PSoC5/PWM_1_PM.c **** static PWM_1_backupStruct PWM_1_backup;
  21:.\Generated_Source\PSoC5/PWM_1_PM.c **** 
  22:.\Generated_Source\PSoC5/PWM_1_PM.c **** 
  23:.\Generated_Source\PSoC5/PWM_1_PM.c **** /*******************************************************************************
  24:.\Generated_Source\PSoC5/PWM_1_PM.c **** * Function Name: PWM_1_SaveConfig
  25:.\Generated_Source\PSoC5/PWM_1_PM.c **** ********************************************************************************
  26:.\Generated_Source\PSoC5/PWM_1_PM.c **** *
  27:.\Generated_Source\PSoC5/PWM_1_PM.c **** * Summary:
ARM GAS  C:\Users\LUKASC~1\AppData\Local\Temp\cc8jZhO9.s 			page 2


  28:.\Generated_Source\PSoC5/PWM_1_PM.c **** *  Saves the current user configuration of the component.
  29:.\Generated_Source\PSoC5/PWM_1_PM.c **** *
  30:.\Generated_Source\PSoC5/PWM_1_PM.c **** * Parameters:
  31:.\Generated_Source\PSoC5/PWM_1_PM.c **** *  None
  32:.\Generated_Source\PSoC5/PWM_1_PM.c **** *
  33:.\Generated_Source\PSoC5/PWM_1_PM.c **** * Return:
  34:.\Generated_Source\PSoC5/PWM_1_PM.c **** *  None
  35:.\Generated_Source\PSoC5/PWM_1_PM.c **** *
  36:.\Generated_Source\PSoC5/PWM_1_PM.c **** * Global variables:
  37:.\Generated_Source\PSoC5/PWM_1_PM.c **** *  PWM_1_backup:  Variables of this global structure are modified to
  38:.\Generated_Source\PSoC5/PWM_1_PM.c **** *  store the values of non retention configuration registers when Sleep() API is
  39:.\Generated_Source\PSoC5/PWM_1_PM.c **** *  called.
  40:.\Generated_Source\PSoC5/PWM_1_PM.c **** *
  41:.\Generated_Source\PSoC5/PWM_1_PM.c **** *******************************************************************************/
  42:.\Generated_Source\PSoC5/PWM_1_PM.c **** void PWM_1_SaveConfig(void) 
  43:.\Generated_Source\PSoC5/PWM_1_PM.c **** {
  31              		.loc 1 43 0
  32              		.cfi_startproc
  33              		@ args = 0, pretend = 0, frame = 0
  34              		@ frame_needed = 1, uses_anonymous_args = 0
  35              		@ link register save eliminated.
  36 0000 80B4     		push	{r7}
  37              		.cfi_def_cfa_offset 4
  38              		.cfi_offset 7, -4
  39 0002 00AF     		add	r7, sp, #0
  40              		.cfi_def_cfa_register 7
  44:.\Generated_Source\PSoC5/PWM_1_PM.c **** 
  45:.\Generated_Source\PSoC5/PWM_1_PM.c ****     #if(!PWM_1_UsingFixedFunction)
  46:.\Generated_Source\PSoC5/PWM_1_PM.c ****         #if(!PWM_1_PWMModeIsCenterAligned)
  47:.\Generated_Source\PSoC5/PWM_1_PM.c ****             PWM_1_backup.PWMPeriod = PWM_1_ReadPeriod();
  48:.\Generated_Source\PSoC5/PWM_1_PM.c ****         #endif /* (!PWM_1_PWMModeIsCenterAligned) */
  49:.\Generated_Source\PSoC5/PWM_1_PM.c ****         PWM_1_backup.PWMUdb = PWM_1_ReadCounter();
  50:.\Generated_Source\PSoC5/PWM_1_PM.c ****         #if (PWM_1_UseStatus)
  51:.\Generated_Source\PSoC5/PWM_1_PM.c ****             PWM_1_backup.InterruptMaskValue = PWM_1_STATUS_MASK;
  52:.\Generated_Source\PSoC5/PWM_1_PM.c ****         #endif /* (PWM_1_UseStatus) */
  53:.\Generated_Source\PSoC5/PWM_1_PM.c **** 
  54:.\Generated_Source\PSoC5/PWM_1_PM.c ****         #if(PWM_1_DeadBandMode == PWM_1__B_PWM__DBM_256_CLOCKS || \
  55:.\Generated_Source\PSoC5/PWM_1_PM.c ****             PWM_1_DeadBandMode == PWM_1__B_PWM__DBM_2_4_CLOCKS)
  56:.\Generated_Source\PSoC5/PWM_1_PM.c ****             PWM_1_backup.PWMdeadBandValue = PWM_1_ReadDeadTime();
  57:.\Generated_Source\PSoC5/PWM_1_PM.c ****         #endif /*  deadband count is either 2-4 clocks or 256 clocks */
  58:.\Generated_Source\PSoC5/PWM_1_PM.c **** 
  59:.\Generated_Source\PSoC5/PWM_1_PM.c ****         #if(PWM_1_KillModeMinTime)
  60:.\Generated_Source\PSoC5/PWM_1_PM.c ****              PWM_1_backup.PWMKillCounterPeriod = PWM_1_ReadKillTime();
  61:.\Generated_Source\PSoC5/PWM_1_PM.c ****         #endif /* (PWM_1_KillModeMinTime) */
  62:.\Generated_Source\PSoC5/PWM_1_PM.c **** 
  63:.\Generated_Source\PSoC5/PWM_1_PM.c ****         #if(PWM_1_UseControl)
  64:.\Generated_Source\PSoC5/PWM_1_PM.c ****             PWM_1_backup.PWMControlRegister = PWM_1_ReadControlRegister();
  65:.\Generated_Source\PSoC5/PWM_1_PM.c ****         #endif /* (PWM_1_UseControl) */
  66:.\Generated_Source\PSoC5/PWM_1_PM.c ****     #endif  /* (!PWM_1_UsingFixedFunction) */
  67:.\Generated_Source\PSoC5/PWM_1_PM.c **** }
  41              		.loc 1 67 0
  42 0004 BD46     		mov	sp, r7
  43              		.cfi_def_cfa_register 13
  44              		@ sp needed
  45 0006 5DF8047B 		ldr	r7, [sp], #4
  46              		.cfi_restore 7
  47              		.cfi_def_cfa_offset 0
ARM GAS  C:\Users\LUKASC~1\AppData\Local\Temp\cc8jZhO9.s 			page 3


  48 000a 7047     		bx	lr
  49              		.cfi_endproc
  50              	.LFE0:
  51              		.size	PWM_1_SaveConfig, .-PWM_1_SaveConfig
  52              		.section	.text.PWM_1_RestoreConfig,"ax",%progbits
  53              		.align	2
  54              		.global	PWM_1_RestoreConfig
  55              		.thumb
  56              		.thumb_func
  57              		.type	PWM_1_RestoreConfig, %function
  58              	PWM_1_RestoreConfig:
  59              	.LFB1:
  68:.\Generated_Source\PSoC5/PWM_1_PM.c **** 
  69:.\Generated_Source\PSoC5/PWM_1_PM.c **** 
  70:.\Generated_Source\PSoC5/PWM_1_PM.c **** /*******************************************************************************
  71:.\Generated_Source\PSoC5/PWM_1_PM.c **** * Function Name: PWM_1_RestoreConfig
  72:.\Generated_Source\PSoC5/PWM_1_PM.c **** ********************************************************************************
  73:.\Generated_Source\PSoC5/PWM_1_PM.c **** *
  74:.\Generated_Source\PSoC5/PWM_1_PM.c **** * Summary:
  75:.\Generated_Source\PSoC5/PWM_1_PM.c **** *  Restores the current user configuration of the component.
  76:.\Generated_Source\PSoC5/PWM_1_PM.c **** *
  77:.\Generated_Source\PSoC5/PWM_1_PM.c **** * Parameters:
  78:.\Generated_Source\PSoC5/PWM_1_PM.c **** *  None
  79:.\Generated_Source\PSoC5/PWM_1_PM.c **** *
  80:.\Generated_Source\PSoC5/PWM_1_PM.c **** * Return:
  81:.\Generated_Source\PSoC5/PWM_1_PM.c **** *  None
  82:.\Generated_Source\PSoC5/PWM_1_PM.c **** *
  83:.\Generated_Source\PSoC5/PWM_1_PM.c **** * Global variables:
  84:.\Generated_Source\PSoC5/PWM_1_PM.c **** *  PWM_1_backup:  Variables of this global structure are used to
  85:.\Generated_Source\PSoC5/PWM_1_PM.c **** *  restore the values of non retention registers on wakeup from sleep mode.
  86:.\Generated_Source\PSoC5/PWM_1_PM.c **** *
  87:.\Generated_Source\PSoC5/PWM_1_PM.c **** *******************************************************************************/
  88:.\Generated_Source\PSoC5/PWM_1_PM.c **** void PWM_1_RestoreConfig(void) 
  89:.\Generated_Source\PSoC5/PWM_1_PM.c **** {
  60              		.loc 1 89 0
  61              		.cfi_startproc
  62              		@ args = 0, pretend = 0, frame = 0
  63              		@ frame_needed = 1, uses_anonymous_args = 0
  64              		@ link register save eliminated.
  65 0000 80B4     		push	{r7}
  66              		.cfi_def_cfa_offset 4
  67              		.cfi_offset 7, -4
  68 0002 00AF     		add	r7, sp, #0
  69              		.cfi_def_cfa_register 7
  90:.\Generated_Source\PSoC5/PWM_1_PM.c ****         #if(!PWM_1_UsingFixedFunction)
  91:.\Generated_Source\PSoC5/PWM_1_PM.c ****             #if(!PWM_1_PWMModeIsCenterAligned)
  92:.\Generated_Source\PSoC5/PWM_1_PM.c ****                 PWM_1_WritePeriod(PWM_1_backup.PWMPeriod);
  93:.\Generated_Source\PSoC5/PWM_1_PM.c ****             #endif /* (!PWM_1_PWMModeIsCenterAligned) */
  94:.\Generated_Source\PSoC5/PWM_1_PM.c **** 
  95:.\Generated_Source\PSoC5/PWM_1_PM.c ****             PWM_1_WriteCounter(PWM_1_backup.PWMUdb);
  96:.\Generated_Source\PSoC5/PWM_1_PM.c **** 
  97:.\Generated_Source\PSoC5/PWM_1_PM.c ****             #if (PWM_1_UseStatus)
  98:.\Generated_Source\PSoC5/PWM_1_PM.c ****                 PWM_1_STATUS_MASK = PWM_1_backup.InterruptMaskValue;
  99:.\Generated_Source\PSoC5/PWM_1_PM.c ****             #endif /* (PWM_1_UseStatus) */
 100:.\Generated_Source\PSoC5/PWM_1_PM.c **** 
 101:.\Generated_Source\PSoC5/PWM_1_PM.c ****             #if(PWM_1_DeadBandMode == PWM_1__B_PWM__DBM_256_CLOCKS || \
 102:.\Generated_Source\PSoC5/PWM_1_PM.c ****                 PWM_1_DeadBandMode == PWM_1__B_PWM__DBM_2_4_CLOCKS)
ARM GAS  C:\Users\LUKASC~1\AppData\Local\Temp\cc8jZhO9.s 			page 4


 103:.\Generated_Source\PSoC5/PWM_1_PM.c ****                 PWM_1_WriteDeadTime(PWM_1_backup.PWMdeadBandValue);
 104:.\Generated_Source\PSoC5/PWM_1_PM.c ****             #endif /* deadband count is either 2-4 clocks or 256 clocks */
 105:.\Generated_Source\PSoC5/PWM_1_PM.c **** 
 106:.\Generated_Source\PSoC5/PWM_1_PM.c ****             #if(PWM_1_KillModeMinTime)
 107:.\Generated_Source\PSoC5/PWM_1_PM.c ****                 PWM_1_WriteKillTime(PWM_1_backup.PWMKillCounterPeriod);
 108:.\Generated_Source\PSoC5/PWM_1_PM.c ****             #endif /* (PWM_1_KillModeMinTime) */
 109:.\Generated_Source\PSoC5/PWM_1_PM.c **** 
 110:.\Generated_Source\PSoC5/PWM_1_PM.c ****             #if(PWM_1_UseControl)
 111:.\Generated_Source\PSoC5/PWM_1_PM.c ****                 PWM_1_WriteControlRegister(PWM_1_backup.PWMControlRegister);
 112:.\Generated_Source\PSoC5/PWM_1_PM.c ****             #endif /* (PWM_1_UseControl) */
 113:.\Generated_Source\PSoC5/PWM_1_PM.c ****         #endif  /* (!PWM_1_UsingFixedFunction) */
 114:.\Generated_Source\PSoC5/PWM_1_PM.c ****     }
  70              		.loc 1 114 0
  71 0004 BD46     		mov	sp, r7
  72              		.cfi_def_cfa_register 13
  73              		@ sp needed
  74 0006 5DF8047B 		ldr	r7, [sp], #4
  75              		.cfi_restore 7
  76              		.cfi_def_cfa_offset 0
  77 000a 7047     		bx	lr
  78              		.cfi_endproc
  79              	.LFE1:
  80              		.size	PWM_1_RestoreConfig, .-PWM_1_RestoreConfig
  81              		.section	.text.PWM_1_Sleep,"ax",%progbits
  82              		.align	2
  83              		.global	PWM_1_Sleep
  84              		.thumb
  85              		.thumb_func
  86              		.type	PWM_1_Sleep, %function
  87              	PWM_1_Sleep:
  88              	.LFB2:
 115:.\Generated_Source\PSoC5/PWM_1_PM.c **** 
 116:.\Generated_Source\PSoC5/PWM_1_PM.c **** 
 117:.\Generated_Source\PSoC5/PWM_1_PM.c **** /*******************************************************************************
 118:.\Generated_Source\PSoC5/PWM_1_PM.c **** * Function Name: PWM_1_Sleep
 119:.\Generated_Source\PSoC5/PWM_1_PM.c **** ********************************************************************************
 120:.\Generated_Source\PSoC5/PWM_1_PM.c **** *
 121:.\Generated_Source\PSoC5/PWM_1_PM.c **** * Summary:
 122:.\Generated_Source\PSoC5/PWM_1_PM.c **** *  Disables block's operation and saves the user configuration. Should be called
 123:.\Generated_Source\PSoC5/PWM_1_PM.c **** *  just prior to entering sleep.
 124:.\Generated_Source\PSoC5/PWM_1_PM.c **** *
 125:.\Generated_Source\PSoC5/PWM_1_PM.c **** * Parameters:
 126:.\Generated_Source\PSoC5/PWM_1_PM.c **** *  None
 127:.\Generated_Source\PSoC5/PWM_1_PM.c **** *
 128:.\Generated_Source\PSoC5/PWM_1_PM.c **** * Return:
 129:.\Generated_Source\PSoC5/PWM_1_PM.c **** *  None
 130:.\Generated_Source\PSoC5/PWM_1_PM.c **** *
 131:.\Generated_Source\PSoC5/PWM_1_PM.c **** * Global variables:
 132:.\Generated_Source\PSoC5/PWM_1_PM.c **** *  PWM_1_backup.PWMEnableState:  Is modified depending on the enable
 133:.\Generated_Source\PSoC5/PWM_1_PM.c **** *  state of the block before entering sleep mode.
 134:.\Generated_Source\PSoC5/PWM_1_PM.c **** *
 135:.\Generated_Source\PSoC5/PWM_1_PM.c **** *******************************************************************************/
 136:.\Generated_Source\PSoC5/PWM_1_PM.c **** void PWM_1_Sleep(void) 
 137:.\Generated_Source\PSoC5/PWM_1_PM.c **** {
  89              		.loc 1 137 0
  90              		.cfi_startproc
  91              		@ args = 0, pretend = 0, frame = 0
ARM GAS  C:\Users\LUKASC~1\AppData\Local\Temp\cc8jZhO9.s 			page 5


  92              		@ frame_needed = 1, uses_anonymous_args = 0
  93 0000 80B5     		push	{r7, lr}
  94              		.cfi_def_cfa_offset 8
  95              		.cfi_offset 7, -8
  96              		.cfi_offset 14, -4
  97 0002 00AF     		add	r7, sp, #0
  98              		.cfi_def_cfa_register 7
 138:.\Generated_Source\PSoC5/PWM_1_PM.c ****     #if(PWM_1_UseControl)
 139:.\Generated_Source\PSoC5/PWM_1_PM.c ****         if(PWM_1_CTRL_ENABLE == (PWM_1_CONTROL & PWM_1_CTRL_ENABLE))
  99              		.loc 1 139 0
 100 0004 094B     		ldr	r3, .L6
 101 0006 1B78     		ldrb	r3, [r3]
 102 0008 DBB2     		uxtb	r3, r3
 103 000a 03F00103 		and	r3, r3, #1
 104 000e 002B     		cmp	r3, #0
 105 0010 03D0     		beq	.L4
 140:.\Generated_Source\PSoC5/PWM_1_PM.c ****         {
 141:.\Generated_Source\PSoC5/PWM_1_PM.c ****             /*Component is enabled */
 142:.\Generated_Source\PSoC5/PWM_1_PM.c ****             PWM_1_backup.PWMEnableState = 1u;
 106              		.loc 1 142 0
 107 0012 074B     		ldr	r3, .L6+4
 108 0014 0122     		movs	r2, #1
 109 0016 1A70     		strb	r2, [r3]
 110 0018 02E0     		b	.L5
 111              	.L4:
 143:.\Generated_Source\PSoC5/PWM_1_PM.c ****         }
 144:.\Generated_Source\PSoC5/PWM_1_PM.c ****         else
 145:.\Generated_Source\PSoC5/PWM_1_PM.c ****         {
 146:.\Generated_Source\PSoC5/PWM_1_PM.c ****             /* Component is disabled */
 147:.\Generated_Source\PSoC5/PWM_1_PM.c ****             PWM_1_backup.PWMEnableState = 0u;
 112              		.loc 1 147 0
 113 001a 054B     		ldr	r3, .L6+4
 114 001c 0022     		movs	r2, #0
 115 001e 1A70     		strb	r2, [r3]
 116              	.L5:
 148:.\Generated_Source\PSoC5/PWM_1_PM.c ****         }
 149:.\Generated_Source\PSoC5/PWM_1_PM.c ****     #endif /* (PWM_1_UseControl) */
 150:.\Generated_Source\PSoC5/PWM_1_PM.c **** 
 151:.\Generated_Source\PSoC5/PWM_1_PM.c ****     /* Stop component */
 152:.\Generated_Source\PSoC5/PWM_1_PM.c ****     PWM_1_Stop();
 117              		.loc 1 152 0
 118 0020 FFF7FEFF 		bl	PWM_1_Stop
 153:.\Generated_Source\PSoC5/PWM_1_PM.c **** 
 154:.\Generated_Source\PSoC5/PWM_1_PM.c ****     /* Save registers configuration */
 155:.\Generated_Source\PSoC5/PWM_1_PM.c ****     PWM_1_SaveConfig();
 119              		.loc 1 155 0
 120 0024 FFF7FEFF 		bl	PWM_1_SaveConfig
 156:.\Generated_Source\PSoC5/PWM_1_PM.c **** }
 121              		.loc 1 156 0
 122 0028 80BD     		pop	{r7, pc}
 123              	.L7:
 124 002a 00BF     		.align	2
 125              	.L6:
 126 002c 004F0040 		.word	1073762048
 127 0030 00000000 		.word	PWM_1_backup
 128              		.cfi_endproc
 129              	.LFE2:
ARM GAS  C:\Users\LUKASC~1\AppData\Local\Temp\cc8jZhO9.s 			page 6


 130              		.size	PWM_1_Sleep, .-PWM_1_Sleep
 131              		.section	.text.PWM_1_Wakeup,"ax",%progbits
 132              		.align	2
 133              		.global	PWM_1_Wakeup
 134              		.thumb
 135              		.thumb_func
 136              		.type	PWM_1_Wakeup, %function
 137              	PWM_1_Wakeup:
 138              	.LFB3:
 157:.\Generated_Source\PSoC5/PWM_1_PM.c **** 
 158:.\Generated_Source\PSoC5/PWM_1_PM.c **** 
 159:.\Generated_Source\PSoC5/PWM_1_PM.c **** /*******************************************************************************
 160:.\Generated_Source\PSoC5/PWM_1_PM.c **** * Function Name: PWM_1_Wakeup
 161:.\Generated_Source\PSoC5/PWM_1_PM.c **** ********************************************************************************
 162:.\Generated_Source\PSoC5/PWM_1_PM.c **** *
 163:.\Generated_Source\PSoC5/PWM_1_PM.c **** * Summary:
 164:.\Generated_Source\PSoC5/PWM_1_PM.c **** *  Restores and enables the user configuration. Should be called just after
 165:.\Generated_Source\PSoC5/PWM_1_PM.c **** *  awaking from sleep.
 166:.\Generated_Source\PSoC5/PWM_1_PM.c **** *
 167:.\Generated_Source\PSoC5/PWM_1_PM.c **** * Parameters:
 168:.\Generated_Source\PSoC5/PWM_1_PM.c **** *  None
 169:.\Generated_Source\PSoC5/PWM_1_PM.c **** *
 170:.\Generated_Source\PSoC5/PWM_1_PM.c **** * Return:
 171:.\Generated_Source\PSoC5/PWM_1_PM.c **** *  None
 172:.\Generated_Source\PSoC5/PWM_1_PM.c **** *
 173:.\Generated_Source\PSoC5/PWM_1_PM.c **** * Global variables:
 174:.\Generated_Source\PSoC5/PWM_1_PM.c **** *  PWM_1_backup.pwmEnable:  Is used to restore the enable state of
 175:.\Generated_Source\PSoC5/PWM_1_PM.c **** *  block on wakeup from sleep mode.
 176:.\Generated_Source\PSoC5/PWM_1_PM.c **** *
 177:.\Generated_Source\PSoC5/PWM_1_PM.c **** *******************************************************************************/
 178:.\Generated_Source\PSoC5/PWM_1_PM.c **** void PWM_1_Wakeup(void) 
 179:.\Generated_Source\PSoC5/PWM_1_PM.c **** {
 139              		.loc 1 179 0
 140              		.cfi_startproc
 141              		@ args = 0, pretend = 0, frame = 0
 142              		@ frame_needed = 1, uses_anonymous_args = 0
 143 0000 80B5     		push	{r7, lr}
 144              		.cfi_def_cfa_offset 8
 145              		.cfi_offset 7, -8
 146              		.cfi_offset 14, -4
 147 0002 00AF     		add	r7, sp, #0
 148              		.cfi_def_cfa_register 7
 180:.\Generated_Source\PSoC5/PWM_1_PM.c ****      /* Restore registers values */
 181:.\Generated_Source\PSoC5/PWM_1_PM.c ****     PWM_1_RestoreConfig();
 149              		.loc 1 181 0
 150 0004 FFF7FEFF 		bl	PWM_1_RestoreConfig
 182:.\Generated_Source\PSoC5/PWM_1_PM.c **** 
 183:.\Generated_Source\PSoC5/PWM_1_PM.c ****     if(PWM_1_backup.PWMEnableState != 0u)
 151              		.loc 1 183 0
 152 0008 034B     		ldr	r3, .L10
 153 000a 1B78     		ldrb	r3, [r3]	@ zero_extendqisi2
 154 000c 002B     		cmp	r3, #0
 155 000e 01D0     		beq	.L8
 184:.\Generated_Source\PSoC5/PWM_1_PM.c ****     {
 185:.\Generated_Source\PSoC5/PWM_1_PM.c ****         /* Enable component's operation */
 186:.\Generated_Source\PSoC5/PWM_1_PM.c ****         PWM_1_Enable();
 156              		.loc 1 186 0
ARM GAS  C:\Users\LUKASC~1\AppData\Local\Temp\cc8jZhO9.s 			page 7


 157 0010 FFF7FEFF 		bl	PWM_1_Enable
 158              	.L8:
 187:.\Generated_Source\PSoC5/PWM_1_PM.c ****     } /* Do nothing if component's block was disabled before */
 188:.\Generated_Source\PSoC5/PWM_1_PM.c **** 
 189:.\Generated_Source\PSoC5/PWM_1_PM.c **** }
 159              		.loc 1 189 0
 160 0014 80BD     		pop	{r7, pc}
 161              	.L11:
 162 0016 00BF     		.align	2
 163              	.L10:
 164 0018 00000000 		.word	PWM_1_backup
 165              		.cfi_endproc
 166              	.LFE3:
 167              		.size	PWM_1_Wakeup, .-PWM_1_Wakeup
 168              		.text
 169              	.Letext0:
 170              		.file 2 ".\\Generated_Source\\PSoC5\\cytypes.h"
 171              		.file 3 ".\\Generated_Source\\PSoC5\\PWM_1.h"
 172              		.section	.debug_info,"",%progbits
 173              	.Ldebug_info0:
 174 0000 16010000 		.4byte	0x116
 175 0004 0400     		.2byte	0x4
 176 0006 00000000 		.4byte	.Ldebug_abbrev0
 177 000a 04       		.byte	0x4
 178 000b 01       		.uleb128 0x1
 179 000c 30010000 		.4byte	.LASF20
 180 0010 01       		.byte	0x1
 181 0011 D2000000 		.4byte	.LASF21
 182 0015 3B000000 		.4byte	.LASF22
 183 0019 00000000 		.4byte	.Ldebug_ranges0+0
 184 001d 00000000 		.4byte	0
 185 0021 00000000 		.4byte	.Ldebug_line0
 186 0025 02       		.uleb128 0x2
 187 0026 01       		.byte	0x1
 188 0027 06       		.byte	0x6
 189 0028 E1010000 		.4byte	.LASF0
 190 002c 02       		.uleb128 0x2
 191 002d 01       		.byte	0x1
 192 002e 08       		.byte	0x8
 193 002f 0A010000 		.4byte	.LASF1
 194 0033 02       		.uleb128 0x2
 195 0034 02       		.byte	0x2
 196 0035 05       		.byte	0x5
 197 0036 0C020000 		.4byte	.LASF2
 198 003a 02       		.uleb128 0x2
 199 003b 02       		.byte	0x2
 200 003c 07       		.byte	0x7
 201 003d CE010000 		.4byte	.LASF3
 202 0041 02       		.uleb128 0x2
 203 0042 04       		.byte	0x4
 204 0043 05       		.byte	0x5
 205 0044 C5010000 		.4byte	.LASF4
 206 0048 02       		.uleb128 0x2
 207 0049 04       		.byte	0x4
 208 004a 07       		.byte	0x7
 209 004b 9C000000 		.4byte	.LASF5
 210 004f 02       		.uleb128 0x2
ARM GAS  C:\Users\LUKASC~1\AppData\Local\Temp\cc8jZhO9.s 			page 8


 211 0050 08       		.byte	0x8
 212 0051 05       		.byte	0x5
 213 0052 00000000 		.4byte	.LASF6
 214 0056 02       		.uleb128 0x2
 215 0057 08       		.byte	0x8
 216 0058 07       		.byte	0x7
 217 0059 AE000000 		.4byte	.LASF7
 218 005d 03       		.uleb128 0x3
 219 005e 04       		.byte	0x4
 220 005f 05       		.byte	0x5
 221 0060 696E7400 		.ascii	"int\000"
 222 0064 02       		.uleb128 0x2
 223 0065 04       		.byte	0x4
 224 0066 07       		.byte	0x7
 225 0067 0E000000 		.4byte	.LASF8
 226 006b 04       		.uleb128 0x4
 227 006c 96000000 		.4byte	.LASF12
 228 0070 02       		.byte	0x2
 229 0071 3801     		.2byte	0x138
 230 0073 2C000000 		.4byte	0x2c
 231 0077 02       		.uleb128 0x2
 232 0078 04       		.byte	0x4
 233 0079 04       		.byte	0x4
 234 007a FA010000 		.4byte	.LASF9
 235 007e 02       		.uleb128 0x2
 236 007f 08       		.byte	0x8
 237 0080 04       		.byte	0x4
 238 0081 BE010000 		.4byte	.LASF10
 239 0085 02       		.uleb128 0x2
 240 0086 01       		.byte	0x1
 241 0087 08       		.byte	0x8
 242 0088 18010000 		.4byte	.LASF11
 243 008c 04       		.uleb128 0x4
 244 008d 16020000 		.4byte	.LASF13
 245 0091 02       		.byte	0x2
 246 0092 E201     		.2byte	0x1e2
 247 0094 98000000 		.4byte	0x98
 248 0098 05       		.uleb128 0x5
 249 0099 6B000000 		.4byte	0x6b
 250 009d 02       		.uleb128 0x2
 251 009e 04       		.byte	0x4
 252 009f 07       		.byte	0x7
 253 00a0 1B020000 		.4byte	.LASF14
 254 00a4 06       		.uleb128 0x6
 255 00a5 01       		.byte	0x1
 256 00a6 03       		.byte	0x3
 257 00a7 6B       		.byte	0x6b
 258 00a8 B9000000 		.4byte	0xb9
 259 00ac 07       		.uleb128 0x7
 260 00ad 1B000000 		.4byte	.LASF23
 261 00b1 03       		.byte	0x3
 262 00b2 6E       		.byte	0x6e
 263 00b3 6B000000 		.4byte	0x6b
 264 00b7 00       		.byte	0
 265 00b8 00       		.byte	0
 266 00b9 08       		.uleb128 0x8
 267 00ba 1D010000 		.4byte	.LASF15
ARM GAS  C:\Users\LUKASC~1\AppData\Local\Temp\cc8jZhO9.s 			page 9


 268 00be 03       		.byte	0x3
 269 00bf 8B       		.byte	0x8b
 270 00c0 A4000000 		.4byte	0xa4
 271 00c4 09       		.uleb128 0x9
 272 00c5 2A000000 		.4byte	.LASF16
 273 00c9 01       		.byte	0x1
 274 00ca 2A       		.byte	0x2a
 275 00cb 00000000 		.4byte	.LFB0
 276 00cf 0C000000 		.4byte	.LFE0-.LFB0
 277 00d3 01       		.uleb128 0x1
 278 00d4 9C       		.byte	0x9c
 279 00d5 09       		.uleb128 0x9
 280 00d6 F6000000 		.4byte	.LASF17
 281 00da 01       		.byte	0x1
 282 00db 58       		.byte	0x58
 283 00dc 00000000 		.4byte	.LFB1
 284 00e0 0C000000 		.4byte	.LFE1-.LFB1
 285 00e4 01       		.uleb128 0x1
 286 00e5 9C       		.byte	0x9c
 287 00e6 0A       		.uleb128 0xa
 288 00e7 00020000 		.4byte	.LASF18
 289 00eb 01       		.byte	0x1
 290 00ec 88       		.byte	0x88
 291 00ed 00000000 		.4byte	.LFB2
 292 00f1 34000000 		.4byte	.LFE2-.LFB2
 293 00f5 01       		.uleb128 0x1
 294 00f6 9C       		.byte	0x9c
 295 00f7 0A       		.uleb128 0xa
 296 00f8 ED010000 		.4byte	.LASF19
 297 00fc 01       		.byte	0x1
 298 00fd B2       		.byte	0xb2
 299 00fe 00000000 		.4byte	.LFB3
 300 0102 1C000000 		.4byte	.LFE3-.LFB3
 301 0106 01       		.uleb128 0x1
 302 0107 9C       		.byte	0x9c
 303 0108 0B       		.uleb128 0xb
 304 0109 C5000000 		.4byte	.LASF24
 305 010d 01       		.byte	0x1
 306 010e 14       		.byte	0x14
 307 010f B9000000 		.4byte	0xb9
 308 0113 05       		.uleb128 0x5
 309 0114 03       		.byte	0x3
 310 0115 00000000 		.4byte	PWM_1_backup
 311 0119 00       		.byte	0
 312              		.section	.debug_abbrev,"",%progbits
 313              	.Ldebug_abbrev0:
 314 0000 01       		.uleb128 0x1
 315 0001 11       		.uleb128 0x11
 316 0002 01       		.byte	0x1
 317 0003 25       		.uleb128 0x25
 318 0004 0E       		.uleb128 0xe
 319 0005 13       		.uleb128 0x13
 320 0006 0B       		.uleb128 0xb
 321 0007 03       		.uleb128 0x3
 322 0008 0E       		.uleb128 0xe
 323 0009 1B       		.uleb128 0x1b
 324 000a 0E       		.uleb128 0xe
ARM GAS  C:\Users\LUKASC~1\AppData\Local\Temp\cc8jZhO9.s 			page 10


 325 000b 55       		.uleb128 0x55
 326 000c 17       		.uleb128 0x17
 327 000d 11       		.uleb128 0x11
 328 000e 01       		.uleb128 0x1
 329 000f 10       		.uleb128 0x10
 330 0010 17       		.uleb128 0x17
 331 0011 00       		.byte	0
 332 0012 00       		.byte	0
 333 0013 02       		.uleb128 0x2
 334 0014 24       		.uleb128 0x24
 335 0015 00       		.byte	0
 336 0016 0B       		.uleb128 0xb
 337 0017 0B       		.uleb128 0xb
 338 0018 3E       		.uleb128 0x3e
 339 0019 0B       		.uleb128 0xb
 340 001a 03       		.uleb128 0x3
 341 001b 0E       		.uleb128 0xe
 342 001c 00       		.byte	0
 343 001d 00       		.byte	0
 344 001e 03       		.uleb128 0x3
 345 001f 24       		.uleb128 0x24
 346 0020 00       		.byte	0
 347 0021 0B       		.uleb128 0xb
 348 0022 0B       		.uleb128 0xb
 349 0023 3E       		.uleb128 0x3e
 350 0024 0B       		.uleb128 0xb
 351 0025 03       		.uleb128 0x3
 352 0026 08       		.uleb128 0x8
 353 0027 00       		.byte	0
 354 0028 00       		.byte	0
 355 0029 04       		.uleb128 0x4
 356 002a 16       		.uleb128 0x16
 357 002b 00       		.byte	0
 358 002c 03       		.uleb128 0x3
 359 002d 0E       		.uleb128 0xe
 360 002e 3A       		.uleb128 0x3a
 361 002f 0B       		.uleb128 0xb
 362 0030 3B       		.uleb128 0x3b
 363 0031 05       		.uleb128 0x5
 364 0032 49       		.uleb128 0x49
 365 0033 13       		.uleb128 0x13
 366 0034 00       		.byte	0
 367 0035 00       		.byte	0
 368 0036 05       		.uleb128 0x5
 369 0037 35       		.uleb128 0x35
 370 0038 00       		.byte	0
 371 0039 49       		.uleb128 0x49
 372 003a 13       		.uleb128 0x13
 373 003b 00       		.byte	0
 374 003c 00       		.byte	0
 375 003d 06       		.uleb128 0x6
 376 003e 13       		.uleb128 0x13
 377 003f 01       		.byte	0x1
 378 0040 0B       		.uleb128 0xb
 379 0041 0B       		.uleb128 0xb
 380 0042 3A       		.uleb128 0x3a
 381 0043 0B       		.uleb128 0xb
ARM GAS  C:\Users\LUKASC~1\AppData\Local\Temp\cc8jZhO9.s 			page 11


 382 0044 3B       		.uleb128 0x3b
 383 0045 0B       		.uleb128 0xb
 384 0046 01       		.uleb128 0x1
 385 0047 13       		.uleb128 0x13
 386 0048 00       		.byte	0
 387 0049 00       		.byte	0
 388 004a 07       		.uleb128 0x7
 389 004b 0D       		.uleb128 0xd
 390 004c 00       		.byte	0
 391 004d 03       		.uleb128 0x3
 392 004e 0E       		.uleb128 0xe
 393 004f 3A       		.uleb128 0x3a
 394 0050 0B       		.uleb128 0xb
 395 0051 3B       		.uleb128 0x3b
 396 0052 0B       		.uleb128 0xb
 397 0053 49       		.uleb128 0x49
 398 0054 13       		.uleb128 0x13
 399 0055 38       		.uleb128 0x38
 400 0056 0B       		.uleb128 0xb
 401 0057 00       		.byte	0
 402 0058 00       		.byte	0
 403 0059 08       		.uleb128 0x8
 404 005a 16       		.uleb128 0x16
 405 005b 00       		.byte	0
 406 005c 03       		.uleb128 0x3
 407 005d 0E       		.uleb128 0xe
 408 005e 3A       		.uleb128 0x3a
 409 005f 0B       		.uleb128 0xb
 410 0060 3B       		.uleb128 0x3b
 411 0061 0B       		.uleb128 0xb
 412 0062 49       		.uleb128 0x49
 413 0063 13       		.uleb128 0x13
 414 0064 00       		.byte	0
 415 0065 00       		.byte	0
 416 0066 09       		.uleb128 0x9
 417 0067 2E       		.uleb128 0x2e
 418 0068 00       		.byte	0
 419 0069 3F       		.uleb128 0x3f
 420 006a 19       		.uleb128 0x19
 421 006b 03       		.uleb128 0x3
 422 006c 0E       		.uleb128 0xe
 423 006d 3A       		.uleb128 0x3a
 424 006e 0B       		.uleb128 0xb
 425 006f 3B       		.uleb128 0x3b
 426 0070 0B       		.uleb128 0xb
 427 0071 27       		.uleb128 0x27
 428 0072 19       		.uleb128 0x19
 429 0073 11       		.uleb128 0x11
 430 0074 01       		.uleb128 0x1
 431 0075 12       		.uleb128 0x12
 432 0076 06       		.uleb128 0x6
 433 0077 40       		.uleb128 0x40
 434 0078 18       		.uleb128 0x18
 435 0079 9742     		.uleb128 0x2117
 436 007b 19       		.uleb128 0x19
 437 007c 00       		.byte	0
 438 007d 00       		.byte	0
ARM GAS  C:\Users\LUKASC~1\AppData\Local\Temp\cc8jZhO9.s 			page 12


 439 007e 0A       		.uleb128 0xa
 440 007f 2E       		.uleb128 0x2e
 441 0080 00       		.byte	0
 442 0081 3F       		.uleb128 0x3f
 443 0082 19       		.uleb128 0x19
 444 0083 03       		.uleb128 0x3
 445 0084 0E       		.uleb128 0xe
 446 0085 3A       		.uleb128 0x3a
 447 0086 0B       		.uleb128 0xb
 448 0087 3B       		.uleb128 0x3b
 449 0088 0B       		.uleb128 0xb
 450 0089 27       		.uleb128 0x27
 451 008a 19       		.uleb128 0x19
 452 008b 11       		.uleb128 0x11
 453 008c 01       		.uleb128 0x1
 454 008d 12       		.uleb128 0x12
 455 008e 06       		.uleb128 0x6
 456 008f 40       		.uleb128 0x40
 457 0090 18       		.uleb128 0x18
 458 0091 9642     		.uleb128 0x2116
 459 0093 19       		.uleb128 0x19
 460 0094 00       		.byte	0
 461 0095 00       		.byte	0
 462 0096 0B       		.uleb128 0xb
 463 0097 34       		.uleb128 0x34
 464 0098 00       		.byte	0
 465 0099 03       		.uleb128 0x3
 466 009a 0E       		.uleb128 0xe
 467 009b 3A       		.uleb128 0x3a
 468 009c 0B       		.uleb128 0xb
 469 009d 3B       		.uleb128 0x3b
 470 009e 0B       		.uleb128 0xb
 471 009f 49       		.uleb128 0x49
 472 00a0 13       		.uleb128 0x13
 473 00a1 02       		.uleb128 0x2
 474 00a2 18       		.uleb128 0x18
 475 00a3 00       		.byte	0
 476 00a4 00       		.byte	0
 477 00a5 00       		.byte	0
 478              		.section	.debug_aranges,"",%progbits
 479 0000 34000000 		.4byte	0x34
 480 0004 0200     		.2byte	0x2
 481 0006 00000000 		.4byte	.Ldebug_info0
 482 000a 04       		.byte	0x4
 483 000b 00       		.byte	0
 484 000c 0000     		.2byte	0
 485 000e 0000     		.2byte	0
 486 0010 00000000 		.4byte	.LFB0
 487 0014 0C000000 		.4byte	.LFE0-.LFB0
 488 0018 00000000 		.4byte	.LFB1
 489 001c 0C000000 		.4byte	.LFE1-.LFB1
 490 0020 00000000 		.4byte	.LFB2
 491 0024 34000000 		.4byte	.LFE2-.LFB2
 492 0028 00000000 		.4byte	.LFB3
 493 002c 1C000000 		.4byte	.LFE3-.LFB3
 494 0030 00000000 		.4byte	0
 495 0034 00000000 		.4byte	0
ARM GAS  C:\Users\LUKASC~1\AppData\Local\Temp\cc8jZhO9.s 			page 13


 496              		.section	.debug_ranges,"",%progbits
 497              	.Ldebug_ranges0:
 498 0000 00000000 		.4byte	.LFB0
 499 0004 0C000000 		.4byte	.LFE0
 500 0008 00000000 		.4byte	.LFB1
 501 000c 0C000000 		.4byte	.LFE1
 502 0010 00000000 		.4byte	.LFB2
 503 0014 34000000 		.4byte	.LFE2
 504 0018 00000000 		.4byte	.LFB3
 505 001c 1C000000 		.4byte	.LFE3
 506 0020 00000000 		.4byte	0
 507 0024 00000000 		.4byte	0
 508              		.section	.debug_line,"",%progbits
 509              	.Ldebug_line0:
 510 0000 A7000000 		.section	.debug_str,"MS",%progbits,1
 510      02005200 
 510      00000201 
 510      FB0E0D00 
 510      01010101 
 511              	.LASF6:
 512 0000 6C6F6E67 		.ascii	"long long int\000"
 512      206C6F6E 
 512      6720696E 
 512      7400
 513              	.LASF8:
 514 000e 756E7369 		.ascii	"unsigned int\000"
 514      676E6564 
 514      20696E74 
 514      00
 515              	.LASF23:
 516 001b 50574D45 		.ascii	"PWMEnableState\000"
 516      6E61626C 
 516      65537461 
 516      746500
 517              	.LASF16:
 518 002a 50574D5F 		.ascii	"PWM_1_SaveConfig\000"
 518      315F5361 
 518      7665436F 
 518      6E666967 
 518      00
 519              	.LASF22:
 520 003b 433A5C55 		.ascii	"C:\\Users\\Lukas Creutzburg\\Documents\\GitHub\\fre"
 520      73657273 
 520      5C4C756B 
 520      61732043 
 520      72657574 
 521 0069 65445350 		.ascii	"eDSPPSoC-I2C\\PSoC5_SPI_Master_CapSense.cydsn\000"
 521      50536F43 
 521      2D493243 
 521      5C50536F 
 521      43355F53 
 522              	.LASF12:
 523 0096 75696E74 		.ascii	"uint8\000"
 523      3800
 524              	.LASF5:
 525 009c 6C6F6E67 		.ascii	"long unsigned int\000"
 525      20756E73 
ARM GAS  C:\Users\LUKASC~1\AppData\Local\Temp\cc8jZhO9.s 			page 14


 525      69676E65 
 525      6420696E 
 525      7400
 526              	.LASF7:
 527 00ae 6C6F6E67 		.ascii	"long long unsigned int\000"
 527      206C6F6E 
 527      6720756E 
 527      7369676E 
 527      65642069 
 528              	.LASF24:
 529 00c5 50574D5F 		.ascii	"PWM_1_backup\000"
 529      315F6261 
 529      636B7570 
 529      00
 530              	.LASF21:
 531 00d2 2E5C4765 		.ascii	".\\Generated_Source\\PSoC5\\PWM_1_PM.c\000"
 531      6E657261 
 531      7465645F 
 531      536F7572 
 531      63655C50 
 532              	.LASF17:
 533 00f6 50574D5F 		.ascii	"PWM_1_RestoreConfig\000"
 533      315F5265 
 533      73746F72 
 533      65436F6E 
 533      66696700 
 534              	.LASF1:
 535 010a 756E7369 		.ascii	"unsigned char\000"
 535      676E6564 
 535      20636861 
 535      7200
 536              	.LASF11:
 537 0118 63686172 		.ascii	"char\000"
 537      00
 538              	.LASF15:
 539 011d 50574D5F 		.ascii	"PWM_1_backupStruct\000"
 539      315F6261 
 539      636B7570 
 539      53747275 
 539      637400
 540              	.LASF20:
 541 0130 474E5520 		.ascii	"GNU C 4.9.3 20150303 (release) [ARM/embedded-4_9-br"
 541      4320342E 
 541      392E3320 
 541      32303135 
 541      30333033 
 542 0163 616E6368 		.ascii	"anch revision 221220] -mcpu=cortex-m3 -mthumb -g -O"
 542      20726576 
 542      6973696F 
 542      6E203232 
 542      31323230 
 543 0196 30202D66 		.ascii	"0 -ffunction-sections -ffat-lto-objects\000"
 543      66756E63 
 543      74696F6E 
 543      2D736563 
 543      74696F6E 
 544              	.LASF10:
ARM GAS  C:\Users\LUKASC~1\AppData\Local\Temp\cc8jZhO9.s 			page 15


 545 01be 646F7562 		.ascii	"double\000"
 545      6C6500
 546              	.LASF4:
 547 01c5 6C6F6E67 		.ascii	"long int\000"
 547      20696E74 
 547      00
 548              	.LASF3:
 549 01ce 73686F72 		.ascii	"short unsigned int\000"
 549      7420756E 
 549      7369676E 
 549      65642069 
 549      6E7400
 550              	.LASF0:
 551 01e1 7369676E 		.ascii	"signed char\000"
 551      65642063 
 551      68617200 
 552              	.LASF19:
 553 01ed 50574D5F 		.ascii	"PWM_1_Wakeup\000"
 553      315F5761 
 553      6B657570 
 553      00
 554              	.LASF9:
 555 01fa 666C6F61 		.ascii	"float\000"
 555      7400
 556              	.LASF18:
 557 0200 50574D5F 		.ascii	"PWM_1_Sleep\000"
 557      315F536C 
 557      65657000 
 558              	.LASF2:
 559 020c 73686F72 		.ascii	"short int\000"
 559      7420696E 
 559      7400
 560              	.LASF13:
 561 0216 72656738 		.ascii	"reg8\000"
 561      00
 562              	.LASF14:
 563 021b 73697A65 		.ascii	"sizetype\000"
 563      74797065 
 563      00
 564              		.ident	"GCC: (GNU Tools for ARM Embedded Processors) 4.9.3 20150303 (release) [ARM/embedded-4_9-br
